2025-09-03 14:03:58 | INFO     | conftest:162 | 已删除旧文件: VIDEO_test_input_account_name_delete__u4e2d_u6587_u540d__20250902_113854.mp4
2025-09-03 14:03:58 | INFO     | conftest:162 | 已删除旧文件: VIDEO_test_input_account_name_delete__u57fa_u7840_u91cd__20250902_113842.mp4
2025-09-03 14:03:58 | INFO     | conftest:162 | 已删除旧文件: VIDEO_test_click_account_sure_button_20250902_113834.mp4
2025-09-03 14:03:58 | INFO     | conftest:162 | 已删除旧文件: VIDEO_test_click_account_cancel_button_20250902_113825.mp4
2025-09-03 14:03:58 | INFO     | conftest:162 | 已删除旧文件: VIDEO_test_input_account_name__u8d85_u957f_u540d_u79f0_u_20250902_113811.mp4
2025-09-03 14:03:58 | INFO     | conftest:162 | 已删除旧文件: VIDEO_test_input_account_name__u7279_u6b8a_u5b57_u7b26_u_20250902_113757.mp4
2025-09-03 14:03:58 | INFO     | conftest:162 | 已删除旧文件: VIDEO_test_input_account_name__u4e2d_u6587_u540d_u79f0_u_20250902_113743.mp4
2025-09-03 14:03:58 | INFO     | conftest:162 | 已删除旧文件: VIDEO_test_input_account_name__u57fa_u7840_u91cd_u547d_u_20250902_113729.mp4
2025-09-03 14:03:58 | INFO     | conftest:162 | 已删除旧文件: VIDEO_test_click_unbind_sure_button_20250902_113552.mp4
2025-09-03 14:03:58 | INFO     | conftest:162 | 已删除旧文件: VIDEO_test_click_unbind_cancel_button_20250902_113544.mp4
2025-09-03 14:03:58 | INFO     | conftest:162 | 已删除旧文件: VIDEO_test_click_unbind_button_20250902_113535.mp4
2025-09-03 14:03:58 | INFO     | conftest:162 | 已删除旧文件: VIDEO_test_click_edit_button_20250902_113525.mp4
2025-09-03 14:03:58 | INFO     | conftest:162 | 已删除旧文件: VIDEO_test_click_return_button_20250902_113456.mp4
2025-09-03 14:03:58 | INFO     | conftest:162 | 已删除旧文件: VIDEO_test_click_delete_button_20250902_113449.mp4
2025-09-03 14:03:58 | INFO     | conftest:162 | 已删除旧文件: VIDEO_test_input_account_name_delete__u8d85_u957f_u540d__20250902_113437.mp4
2025-09-03 14:03:58 | INFO     | conftest:162 | 已删除旧文件: VIDEO_test_input_account_name_delete__u7279_u6b8a_u5b57__20250902_113424.mp4
2025-09-03 14:03:58 | INFO     | utils.test_data_loader:13 | 项目根目录: D:\clear6Trubo
2025-09-03 14:03:58 | INFO     | utils.test_data_loader:19 | 完整文件路径: D:\clear6Trubo\data\test_data\positive_rename.json
2025-09-03 14:03:58 | INFO     | utils.test_data_loader:20 | 文件存在: True
2025-09-03 14:03:58 | INFO     | conftest:413 | ✅ 成功删除数据库文件: /storage/emulated/0/hwsys/database/clouds.db
2025-09-03 14:04:09 | WARNING  | conftest:335 | 未找到可用的driver实例，无法为失败测试截图: testcase/nut_cloud/positive/account_rename/test_account_rename_positive.py::TestAccountRenamePositive::test_input_account_name[\u57fa\u7840\u91cd\u547d\u540d\u6d41\u7a0b]
2025-09-03 14:04:09 | WARNING  | conftest:335 | 未找到可用的driver实例，无法为失败测试截图: testcase/nut_cloud/positive/account_rename/test_account_rename_positive.py::TestAccountRenamePositive::test_input_account_name[\u4e2d\u6587\u540d\u79f0\u91cd\u547d\u540d]
2025-09-03 14:04:09 | WARNING  | conftest:335 | 未找到可用的driver实例，无法为失败测试截图: testcase/nut_cloud/positive/account_rename/test_account_rename_positive.py::TestAccountRenamePositive::test_input_account_name[\u7279\u6b8a\u5b57\u7b26\u540d\u79f0\u91cd\u547d\u540d]
2025-09-03 14:04:09 | WARNING  | conftest:335 | 未找到可用的driver实例，无法为失败测试截图: testcase/nut_cloud/positive/account_rename/test_account_rename_positive.py::TestAccountRenamePositive::test_input_account_name[\u8d85\u957f\u540d\u79f0\u91cd\u547d\u540d]
2025-09-03 14:04:09 | INFO     | conftest:381 | ==================================================
2025-09-03 14:04:09 | INFO     | conftest:382 | 测试会话结束状态: 1
2025-09-03 14:04:09 | INFO     | conftest:383 | ==================================================
2025-09-03 14:04:22 | INFO     | utils.test_data_loader:13 | 项目根目录: D:\clear6Trubo
2025-09-03 14:04:22 | INFO     | utils.test_data_loader:19 | 完整文件路径: D:\clear6Trubo\data\test_data\positive_rename.json
2025-09-03 14:04:22 | INFO     | utils.test_data_loader:20 | 文件存在: True
2025-09-03 14:04:22 | INFO     | conftest:419 | ℹ️ 数据库文件不存在，无需删除: /storage/emulated/0/hwsys/database/clouds.db
2025-09-03 14:04:32 | INFO     | base.base_page:53 | 自动生成配置路径: data/locators/home_clouds_page.yaml
2025-09-03 14:04:32 | INFO     | base.base_page:69 | 已加载配置文件: D:\clear6Trubo\data\locators\home_clouds_page.yaml (for HomeCloudsPage)
2025-09-03 14:04:32 | INFO     | base.base_page:53 | 自动生成配置路径: data/locators/home_clouds_page.yaml
2025-09-03 14:04:32 | INFO     | base.base_page:107 | 初始化页面: HomeCloudsPage | 平台: android
2025-09-03 14:04:32 | INFO     | base.base_page:202 | 获取定位器：home-aliyun_home_id = com.Hanovn.HanovnBrowser:id/content_frame
2025-09-03 14:04:32 | INFO     | base.base_page:180 | 处理完整资源ID: com.Hanovn.HanovnBrowser:id/content_frame
2025-09-03 14:04:32 | INFO     | base.base_page:202 | 获取定位器：home-baidu_home_cloud_id = hanvon.aebr.hanvondrive:id/tv_drive
2025-09-03 14:04:32 | INFO     | base.base_page:180 | 处理完整资源ID: hanvon.aebr.hanvondrive:id/tv_drive
2025-09-03 14:04:32 | INFO     | base.base_page:202 | 获取定位器：home-nut_webdav_home_cloud_id = hanvon.aebr.hanvondrive:id/bt_back
2025-09-03 14:04:32 | INFO     | base.base_page:180 | 处理完整资源ID: hanvon.aebr.hanvondrive:id/bt_back
2025-09-03 14:04:32 | INFO     | base.base_page:202 | 获取定位器：home-onedrive_home_id = android:id/content
2025-09-03 14:04:32 | INFO     | base.base_page:180 | 处理完整资源ID: android:id/content
2025-09-03 14:04:32 | INFO     | base.base_page:202 | 获取定位器：home-public_resource_id = hanvon.aebr.hanvondrive:id/detailFileLayout
2025-09-03 14:04:32 | INFO     | base.base_page:180 | 处理完整资源ID: hanvon.aebr.hanvondrive:id/detailFileLayout
2025-09-03 14:04:32 | INFO     | base.base_page:53 | 自动生成配置路径: data/locators/home_clouds_page.yaml
2025-09-03 14:04:32 | INFO     | base.base_page:53 | 自动生成配置路径: data/locators/home_clouds_page.yaml
2025-09-03 14:04:32 | INFO     | base.base_page:107 | 初始化页面: HomeCloudsPage | 平台: android
2025-09-03 14:04:32 | INFO     | base.base_page:202 | 获取定位器：home-aliyun_home_id = com.Hanovn.HanovnBrowser:id/content_frame
2025-09-03 14:04:32 | INFO     | base.base_page:180 | 处理完整资源ID: com.Hanovn.HanovnBrowser:id/content_frame
2025-09-03 14:04:32 | INFO     | base.base_page:202 | 获取定位器：home-baidu_home_cloud_id = hanvon.aebr.hanvondrive:id/tv_drive
2025-09-03 14:04:32 | INFO     | base.base_page:180 | 处理完整资源ID: hanvon.aebr.hanvondrive:id/tv_drive
2025-09-03 14:04:32 | INFO     | base.base_page:202 | 获取定位器：home-nut_webdav_home_cloud_id = hanvon.aebr.hanvondrive:id/bt_back
2025-09-03 14:04:32 | INFO     | base.base_page:180 | 处理完整资源ID: hanvon.aebr.hanvondrive:id/bt_back
2025-09-03 14:04:32 | INFO     | base.base_page:202 | 获取定位器：home-onedrive_home_id = android:id/content
2025-09-03 14:04:32 | INFO     | base.base_page:180 | 处理完整资源ID: android:id/content
2025-09-03 14:04:32 | INFO     | base.base_page:202 | 获取定位器：home-public_resource_id = hanvon.aebr.hanvondrive:id/detailFileLayout
2025-09-03 14:04:32 | INFO     | base.base_page:180 | 处理完整资源ID: hanvon.aebr.hanvondrive:id/detailFileLayout
2025-09-03 14:04:32 | INFO     | base.base_page:202 | 获取定位器：home-public_resource_id = hanvon.aebr.hanvondrive:id/detailFileLayout
2025-09-03 14:04:32 | INFO     | base.base_page:180 | 处理完整资源ID: hanvon.aebr.hanvondrive:id/detailFileLayout
2025-09-03 14:04:34 | INFO     | base.base_page:342 | 点击元素：('id', 'hanvon.aebr.hanvondrive:id/detailFileLayout') [索引： 1]
2025-09-03 14:04:34 | INFO     | base.base_page:53 | 自动生成配置路径: data/locators/nut_login_page.yaml
2025-09-03 14:04:34 | INFO     | base.base_page:69 | 已加载配置文件: D:\clear6Trubo\data\locators\nut_login_page.yaml (for NutLoginPage)
2025-09-03 14:04:34 | INFO     | base.base_page:53 | 自动生成配置路径: data/locators/nut_login_page.yaml
2025-09-03 14:04:34 | INFO     | base.base_page:107 | 初始化页面: NutLoginPage | 平台: android
2025-09-03 14:04:34 | INFO     | base.base_page:202 | 获取定位器：nut_login_page-cancel_button = hanvon.aebr.hanvondrive:id/janCancel
2025-09-03 14:04:34 | INFO     | base.base_page:180 | 处理完整资源ID: hanvon.aebr.hanvondrive:id/janCancel
2025-09-03 14:04:34 | INFO     | base.base_page:202 | 获取定位器：nut_login_page-home_bind = hanvon.aebr.hanvondrive:id/drive_gridview
2025-09-03 14:04:34 | INFO     | base.base_page:180 | 处理完整资源ID: hanvon.aebr.hanvondrive:id/drive_gridview
2025-09-03 14:04:34 | INFO     | base.base_page:202 | 获取定位器：nut_login_page-item_name = hanvon.aebr.hanvondrive:id/itemNameTv
2025-09-03 14:04:34 | INFO     | base.base_page:180 | 处理完整资源ID: hanvon.aebr.hanvondrive:id/itemNameTv
2025-09-03 14:04:34 | INFO     | base.base_page:202 | 获取定位器：nut_login_page-password_field = hanvon.aebr.hanvondrive:id/passEt
2025-09-03 14:04:34 | INFO     | base.base_page:180 | 处理完整资源ID: hanvon.aebr.hanvondrive:id/passEt
2025-09-03 14:04:34 | INFO     | base.base_page:202 | 获取定位器：nut_login_page-return_button = hanvon.aebr.hanvondrive:id/bt_back
2025-09-03 14:04:34 | INFO     | base.base_page:180 | 处理完整资源ID: hanvon.aebr.hanvondrive:id/bt_back
2025-09-03 14:04:34 | INFO     | base.base_page:202 | 获取定位器：nut_login_page-show_password = hanvon.aebr.hanvondrive:id/showPass
2025-09-03 14:04:34 | INFO     | base.base_page:180 | 处理完整资源ID: hanvon.aebr.hanvondrive:id/showPass
2025-09-03 14:04:34 | INFO     | base.base_page:202 | 获取定位器：nut_login_page-sure_button = hanvon.aebr.hanvondrive:id/janSure
2025-09-03 14:04:34 | INFO     | base.base_page:180 | 处理完整资源ID: hanvon.aebr.hanvondrive:id/janSure
2025-09-03 14:04:34 | INFO     | base.base_page:202 | 获取定位器：nut_login_page-username_field = hanvon.aebr.hanvondrive:id/userEt
2025-09-03 14:04:34 | INFO     | base.base_page:180 | 处理完整资源ID: hanvon.aebr.hanvondrive:id/userEt
2025-09-03 14:04:34 | INFO     | utils.test_data_loader:13 | 项目根目录: D:\clear6Trubo
2025-09-03 14:04:34 | INFO     | utils.test_data_loader:19 | 完整文件路径: D:\clear6Trubo\data\test_data\login_data_positive.json
2025-09-03 14:04:34 | INFO     | utils.test_data_loader:20 | 文件存在: True
2025-09-03 14:04:34 | INFO     | base.base_page:202 | 获取定位器：nut_login_page-username_field = hanvon.aebr.hanvondrive:id/userEt
2025-09-03 14:04:34 | INFO     | base.base_page:180 | 处理完整资源ID: hanvon.aebr.hanvondrive:id/userEt
2025-09-03 14:04:35 | INFO     | base.base_page:288 | 输入文本到 ('id', 'hanvon.aebr.hanvondrive:id/userEt')：'liuxuefeng@hanwang.com.cn'
2025-09-03 14:04:35 | INFO     | base.base_page:202 | 获取定位器：nut_login_page-password_field = hanvon.aebr.hanvondrive:id/passEt
2025-09-03 14:04:35 | INFO     | base.base_page:180 | 处理完整资源ID: hanvon.aebr.hanvondrive:id/passEt
2025-09-03 14:04:37 | INFO     | base.base_page:288 | 输入文本到 ('id', 'hanvon.aebr.hanvondrive:id/passEt')：'ani2k9vrmac7epjp'
2025-09-03 14:04:37 | INFO     | base.base_page:202 | 获取定位器：nut_login_page-sure_button = hanvon.aebr.hanvondrive:id/janSure
2025-09-03 14:04:37 | INFO     | base.base_page:180 | 处理完整资源ID: hanvon.aebr.hanvondrive:id/janSure
2025-09-03 14:04:37 | INFO     | base.base_page:275 | 点击元素：('id', 'hanvon.aebr.hanvondrive:id/janSure')
2025-09-03 14:04:38 | INFO     | pages.nut_cloud_page.nut_login_page:92 | 登录失败
2025-09-03 14:04:38 | INFO     | base.base_page:53 | 自动生成配置路径: data/locators/home_page.yaml
2025-09-03 14:04:38 | INFO     | base.base_page:69 | 已加载配置文件: D:\clear6Trubo\data\locators\home_page.yaml (for HomePage)
2025-09-03 14:04:38 | INFO     | base.base_page:53 | 自动生成配置路径: data/locators/home_page.yaml
2025-09-03 14:04:38 | INFO     | base.base_page:107 | 初始化页面: HomePage | 平台: android
2025-09-03 14:04:38 | INFO     | pages.nut_cloud_page.home_page:20 | 进入主页
2025-09-03 14:04:38 | INFO     | base.base_page:202 | 获取定位器：home-bind_cloud = hanvon.aebr.hanvondrive:id/tv_drive_type
2025-09-03 14:04:38 | INFO     | base.base_page:180 | 处理完整资源ID: hanvon.aebr.hanvondrive:id/tv_drive_type
2025-09-03 14:04:38 | INFO     | base.base_page:202 | 获取定位器：home-bind_cloud_window = hanvon.aebr.hanvondrive:id/dialog_title
2025-09-03 14:04:38 | INFO     | base.base_page:180 | 处理完整资源ID: hanvon.aebr.hanvondrive:id/dialog_title
2025-09-03 14:04:38 | INFO     | base.base_page:202 | 获取定位器：home-iv_nextpage = hanvon.aebr.hanvondrive:id/iv_nextpage
2025-09-03 14:04:38 | INFO     | base.base_page:180 | 处理完整资源ID: hanvon.aebr.hanvondrive:id/iv_nextpage
2025-09-03 14:04:38 | INFO     | base.base_page:202 | 获取定位器：home-iv_prepage = hanvon.aebr.hanvondrive:id/iv_prepage
2025-09-03 14:04:38 | INFO     | base.base_page:180 | 处理完整资源ID: hanvon.aebr.hanvondrive:id/iv_prepage
2025-09-03 14:04:38 | INFO     | base.base_page:202 | 获取定位器：home-more_view_window = hanvon.aebr.hanvondrive:id/tv_display
2025-09-03 14:04:38 | INFO     | base.base_page:180 | 处理完整资源ID: hanvon.aebr.hanvondrive:id/tv_display
2025-09-03 14:04:38 | INFO     | base.base_page:202 | 获取定位器：home-nut_cloud = hanvon.aebr.hanvondrive:id/drive_type
2025-09-03 14:04:38 | INFO     | base.base_page:180 | 处理完整资源ID: hanvon.aebr.hanvondrive:id/drive_type
2025-09-03 14:04:38 | INFO     | base.base_page:202 | 获取定位器：home-nut_file_id = xpath://*[@resource-id='hanvon.aebr.hanvondrive:id/fileGridTv']
2025-09-03 14:04:38 | INFO     | base.base_page:202 | 获取定位器：home-return_button = hanvon.aebr.hanvondrive:id/bt_back
2025-09-03 14:04:38 | INFO     | base.base_page:180 | 处理完整资源ID: hanvon.aebr.hanvondrive:id/bt_back
2025-09-03 14:04:38 | INFO     | base.base_page:202 | 获取定位器：home-view_more = hanvon.aebr.hanvondrive:id/bt_binddrive_set
2025-09-03 14:04:38 | INFO     | base.base_page:180 | 处理完整资源ID: hanvon.aebr.hanvondrive:id/bt_binddrive_set
2025-09-03 14:04:39 | INFO     | conftest:219 | 开始屏幕录制: D:\clear6Trubo\reports\videos\VIDEO_test_input_account_name__u57fa_u7840_u91cd_u547d_u_20250903_140438.mp4
2025-09-03 14:04:39 | INFO     | base.base_page:53 | 自动生成配置路径: data/locators/details_page.yaml
2025-09-03 14:04:39 | INFO     | base.base_page:69 | 已加载配置文件: D:\clear6Trubo\data\locators\details_page.yaml (for DetailsPage)
2025-09-03 14:04:39 | INFO     | base.base_page:53 | 自动生成配置路径: data/locators/details_page.yaml
2025-09-03 14:04:39 | INFO     | base.base_page:107 | 初始化页面: DetailsPage | 平台: android
2025-09-03 14:04:39 | INFO     | pages.nut_cloud_page.details_page:17 | 进入主页
2025-09-03 14:04:39 | INFO     | base.base_page:202 | 获取定位器：details-account_button = hanvon.aebr.hanvondrive:id/tv_accout_detail
2025-09-03 14:04:39 | INFO     | base.base_page:180 | 处理完整资源ID: hanvon.aebr.hanvondrive:id/tv_accout_detail
2025-09-03 14:04:39 | INFO     | base.base_page:202 | 获取定位器：details-account_unbind = hanvon.aebr.hanvondrive:id/unbindTv
2025-09-03 14:04:39 | INFO     | base.base_page:180 | 处理完整资源ID: hanvon.aebr.hanvondrive:id/unbindTv
2025-09-03 14:04:39 | INFO     | base.base_page:202 | 获取定位器：details-close_button = hanvon.aebr.hanvondrive:id/dialog_close
2025-09-03 14:04:39 | INFO     | base.base_page:180 | 处理完整资源ID: hanvon.aebr.hanvondrive:id/dialog_close
2025-09-03 14:04:39 | INFO     | base.base_page:202 | 获取定位器：details-nut_cloud = hanvon.aebr.hanvondrive:id/drive_type
2025-09-03 14:04:39 | INFO     | base.base_page:180 | 处理完整资源ID: hanvon.aebr.hanvondrive:id/drive_type
2025-09-03 14:04:39 | INFO     | base.base_page:202 | 获取定位器：details-rename_button = hanvon.aebr.hanvondrive:id/tv_rename_drive
2025-09-03 14:04:39 | INFO     | base.base_page:180 | 处理完整资源ID: hanvon.aebr.hanvondrive:id/tv_rename_drive
2025-09-03 14:04:39 | INFO     | base.base_page:202 | 获取定位器：details-rename_window = hanvon.aebr.hanvondrive:id/dialog_title
2025-09-03 14:04:39 | INFO     | base.base_page:180 | 处理完整资源ID: hanvon.aebr.hanvondrive:id/dialog_title
2025-09-03 14:04:39 | INFO     | base.base_page:53 | 自动生成配置路径: data/locators/details_page.yaml
2025-09-03 14:04:39 | INFO     | base.base_page:53 | 自动生成配置路径: data/locators/details_page.yaml
2025-09-03 14:04:39 | INFO     | base.base_page:107 | 初始化页面: DetailsPage | 平台: android
2025-09-03 14:04:39 | INFO     | pages.nut_cloud_page.details_page:17 | 进入主页
2025-09-03 14:04:39 | INFO     | base.base_page:202 | 获取定位器：details-account_button = hanvon.aebr.hanvondrive:id/tv_accout_detail
2025-09-03 14:04:39 | INFO     | base.base_page:180 | 处理完整资源ID: hanvon.aebr.hanvondrive:id/tv_accout_detail
2025-09-03 14:04:39 | INFO     | base.base_page:202 | 获取定位器：details-account_unbind = hanvon.aebr.hanvondrive:id/unbindTv
2025-09-03 14:04:39 | INFO     | base.base_page:180 | 处理完整资源ID: hanvon.aebr.hanvondrive:id/unbindTv
2025-09-03 14:04:39 | INFO     | base.base_page:202 | 获取定位器：details-close_button = hanvon.aebr.hanvondrive:id/dialog_close
2025-09-03 14:04:39 | INFO     | base.base_page:180 | 处理完整资源ID: hanvon.aebr.hanvondrive:id/dialog_close
2025-09-03 14:04:39 | INFO     | base.base_page:202 | 获取定位器：details-nut_cloud = hanvon.aebr.hanvondrive:id/drive_type
2025-09-03 14:04:39 | INFO     | base.base_page:180 | 处理完整资源ID: hanvon.aebr.hanvondrive:id/drive_type
2025-09-03 14:04:39 | INFO     | base.base_page:202 | 获取定位器：details-rename_button = hanvon.aebr.hanvondrive:id/tv_rename_drive
2025-09-03 14:04:39 | INFO     | base.base_page:180 | 处理完整资源ID: hanvon.aebr.hanvondrive:id/tv_rename_drive
2025-09-03 14:04:39 | INFO     | base.base_page:202 | 获取定位器：details-rename_window = hanvon.aebr.hanvondrive:id/dialog_title
2025-09-03 14:04:39 | INFO     | base.base_page:180 | 处理完整资源ID: hanvon.aebr.hanvondrive:id/dialog_title
2025-09-03 14:04:39 | INFO     | base.base_page:202 | 获取定位器：home-nut_cloud = hanvon.aebr.hanvondrive:id/drive_type
2025-09-03 14:04:39 | INFO     | base.base_page:180 | 处理完整资源ID: hanvon.aebr.hanvondrive:id/drive_type
2025-09-03 14:04:49 | ERROR    | base.base_page:240 | 元素定位超时 (10s): id='hanvon.aebr.hanvondrive:id/drive_type'
2025-09-03 14:04:49 | ERROR    | base.base_page:471 | 长按操作异常: ('id', 'hanvon.aebr.hanvondrive:id/drive_type') | move_to requires a WebElement
2025-09-03 14:04:49 | WARNING  | pages.nut_cloud_page.home_page:66 | 检查主页元素失败：move_to requires a WebElement
2025-09-03 14:04:49 | INFO     | base.base_page:202 | 获取定位器：details-rename_button = hanvon.aebr.hanvondrive:id/tv_rename_drive
2025-09-03 14:04:49 | INFO     | base.base_page:180 | 处理完整资源ID: hanvon.aebr.hanvondrive:id/tv_rename_drive
2025-09-03 14:05:00 | ERROR    | base.base_page:240 | 元素定位超时 (10s): id='hanvon.aebr.hanvondrive:id/tv_rename_drive'
2025-09-03 14:05:00 | ERROR    | base.base_page:278 | 点击元素失败：('id', 'hanvon.aebr.hanvondrive:id/tv_rename_drive')
2025-09-03 14:05:00 | WARNING  | pages.nut_cloud_page.details_page:63 | 未找到当前元素：'NoneType' object has no attribute 'click'
2025-09-03 14:05:00 | INFO     | base.base_page:202 | 获取定位器：details-rename_window = hanvon.aebr.hanvondrive:id/dialog_title
2025-09-03 14:05:00 | INFO     | base.base_page:180 | 处理完整资源ID: hanvon.aebr.hanvondrive:id/dialog_title
2025-09-03 14:05:10 | ERROR    | base.base_page:240 | 元素定位超时 (10s): id='hanvon.aebr.hanvondrive:id/dialog_title'
2025-09-03 14:05:10 | INFO     | base.base_page:368 | 元素已找到：None
2025-09-03 14:05:10 | INFO     | pages.nut_cloud_page.details_page:119 | 已返回到账户信息页
2025-09-03 14:05:10 | INFO     | base.base_page:53 | 自动生成配置路径: data/locators/account_rename_page.yaml
2025-09-03 14:05:10 | INFO     | base.base_page:69 | 已加载配置文件: D:\clear6Trubo\data\locators\account_rename_page.yaml (for AccountRenamePage)
2025-09-03 14:05:10 | INFO     | base.base_page:53 | 自动生成配置路径: data/locators/account_rename_page.yaml
2025-09-03 14:05:10 | INFO     | base.base_page:107 | 初始化页面: AccountRenamePage | 平台: android
2025-09-03 14:05:10 | INFO     | pages.nut_cloud_page.account_rename_page:15 | 进入主页
2025-09-03 14:05:10 | INFO     | base.base_page:202 | 获取定位器：account_rename-account_input = hanvon.aebr.hanvondrive:id/foldername_edittext
2025-09-03 14:05:10 | INFO     | base.base_page:180 | 处理完整资源ID: hanvon.aebr.hanvondrive:id/foldername_edittext
2025-09-03 14:05:10 | INFO     | base.base_page:202 | 获取定位器：account_rename-bind_cloud = hanvon.aebr.hanvondrive:id/tv_drive_type
2025-09-03 14:05:10 | INFO     | base.base_page:180 | 处理完整资源ID: hanvon.aebr.hanvondrive:id/tv_drive_type
2025-09-03 14:05:10 | INFO     | base.base_page:202 | 获取定位器：account_rename-cancel_button = hanvon.aebr.hanvondrive:id/dialog_cancel
2025-09-03 14:05:10 | INFO     | base.base_page:180 | 处理完整资源ID: hanvon.aebr.hanvondrive:id/dialog_cancel
2025-09-03 14:05:10 | INFO     | base.base_page:202 | 获取定位器：account_rename-delete_name = hanvon.aebr.hanvondrive:id/deleteTv
2025-09-03 14:05:10 | INFO     | base.base_page:180 | 处理完整资源ID: hanvon.aebr.hanvondrive:id/deleteTv
2025-09-03 14:05:10 | INFO     | base.base_page:202 | 获取定位器：account_rename-sure_button = hanvon.aebr.hanvondrive:id/dialog_sure
2025-09-03 14:05:10 | INFO     | base.base_page:180 | 处理完整资源ID: hanvon.aebr.hanvondrive:id/dialog_sure
2025-09-03 14:05:10 | INFO     | base.base_page:202 | 获取定位器：account_rename-tv_account = hanvon.aebr.hanvondrive:id/tv_accout
2025-09-03 14:05:10 | INFO     | base.base_page:180 | 处理完整资源ID: hanvon.aebr.hanvondrive:id/tv_accout
2025-09-03 14:05:10 | INFO     | base.base_page:202 | 获取定位器：account_rename-account_input = hanvon.aebr.hanvondrive:id/foldername_edittext
2025-09-03 14:05:10 | INFO     | base.base_page:180 | 处理完整资源ID: hanvon.aebr.hanvondrive:id/foldername_edittext
2025-09-03 14:05:20 | ERROR    | base.base_page:240 | 元素定位超时 (10s): id='hanvon.aebr.hanvondrive:id/foldername_edittext'
2025-09-03 14:05:20 | ERROR    | base.base_page:294 | 输入文本失败: ('id', 'hanvon.aebr.hanvondrive:id/foldername_edittext') | 'NoneType' object has no attribute 'clear'
2025-09-03 14:05:21 | INFO     | conftest:294 | 测试失败截图已保存: FAIL_CALL_testcase_nut_cloud_positive_account_rename_test_account_rename_positive_py_TestAccountRenamePositive_20250903_140520.png
2025-09-03 14:05:22 | INFO     | conftest:233 | 停止屏幕录制: D:\clear6Trubo\reports\videos\VIDEO_test_input_account_name__u57fa_u7840_u91cd_u547d_u_20250903_140438.mp4
2025-09-03 14:05:22 | INFO     | conftest:239 | 屏幕录制已保存: D:\clear6Trubo\reports\videos\VIDEO_test_input_account_name__u57fa_u7840_u91cd_u547d_u_20250903_140438.mp4
2025-09-03 14:05:22 | INFO     | conftest:346 | 已将录屏附加到Allure报告: VIDEO_test_input_account_name__u57fa_u7840_u91cd_u547d_u_20250903_140438.mp4
2025-09-03 14:05:23 | INFO     | conftest:219 | 开始屏幕录制: D:\clear6Trubo\reports\videos\VIDEO_test_input_account_name__u4e2d_u6587_u540d_u79f0_u_20250903_140522.mp4
2025-09-03 14:05:23 | INFO     | base.base_page:53 | 自动生成配置路径: data/locators/details_page.yaml
2025-09-03 14:05:23 | INFO     | base.base_page:53 | 自动生成配置路径: data/locators/details_page.yaml
2025-09-03 14:05:23 | INFO     | base.base_page:107 | 初始化页面: DetailsPage | 平台: android
2025-09-03 14:05:23 | INFO     | pages.nut_cloud_page.details_page:17 | 进入主页
2025-09-03 14:05:23 | INFO     | base.base_page:202 | 获取定位器：details-account_button = hanvon.aebr.hanvondrive:id/tv_accout_detail
2025-09-03 14:05:23 | INFO     | base.base_page:180 | 处理完整资源ID: hanvon.aebr.hanvondrive:id/tv_accout_detail
2025-09-03 14:05:23 | INFO     | base.base_page:202 | 获取定位器：details-account_unbind = hanvon.aebr.hanvondrive:id/unbindTv
2025-09-03 14:05:23 | INFO     | base.base_page:180 | 处理完整资源ID: hanvon.aebr.hanvondrive:id/unbindTv
2025-09-03 14:05:23 | INFO     | base.base_page:202 | 获取定位器：details-close_button = hanvon.aebr.hanvondrive:id/dialog_close
2025-09-03 14:05:23 | INFO     | base.base_page:180 | 处理完整资源ID: hanvon.aebr.hanvondrive:id/dialog_close
2025-09-03 14:05:23 | INFO     | base.base_page:202 | 获取定位器：details-nut_cloud = hanvon.aebr.hanvondrive:id/drive_type
2025-09-03 14:05:23 | INFO     | base.base_page:180 | 处理完整资源ID: hanvon.aebr.hanvondrive:id/drive_type
2025-09-03 14:05:23 | INFO     | base.base_page:202 | 获取定位器：details-rename_button = hanvon.aebr.hanvondrive:id/tv_rename_drive
2025-09-03 14:05:23 | INFO     | base.base_page:180 | 处理完整资源ID: hanvon.aebr.hanvondrive:id/tv_rename_drive
2025-09-03 14:05:23 | INFO     | base.base_page:202 | 获取定位器：details-rename_window = hanvon.aebr.hanvondrive:id/dialog_title
2025-09-03 14:05:23 | INFO     | base.base_page:180 | 处理完整资源ID: hanvon.aebr.hanvondrive:id/dialog_title
2025-09-03 14:05:23 | INFO     | base.base_page:53 | 自动生成配置路径: data/locators/details_page.yaml
2025-09-03 14:05:23 | INFO     | base.base_page:53 | 自动生成配置路径: data/locators/details_page.yaml
2025-09-03 14:05:23 | INFO     | base.base_page:107 | 初始化页面: DetailsPage | 平台: android
2025-09-03 14:05:23 | INFO     | pages.nut_cloud_page.details_page:17 | 进入主页
2025-09-03 14:05:23 | INFO     | base.base_page:202 | 获取定位器：details-account_button = hanvon.aebr.hanvondrive:id/tv_accout_detail
2025-09-03 14:05:23 | INFO     | base.base_page:180 | 处理完整资源ID: hanvon.aebr.hanvondrive:id/tv_accout_detail
2025-09-03 14:05:23 | INFO     | base.base_page:202 | 获取定位器：details-account_unbind = hanvon.aebr.hanvondrive:id/unbindTv
2025-09-03 14:05:23 | INFO     | base.base_page:180 | 处理完整资源ID: hanvon.aebr.hanvondrive:id/unbindTv
2025-09-03 14:05:23 | INFO     | base.base_page:202 | 获取定位器：details-close_button = hanvon.aebr.hanvondrive:id/dialog_close
2025-09-03 14:05:23 | INFO     | base.base_page:180 | 处理完整资源ID: hanvon.aebr.hanvondrive:id/dialog_close
2025-09-03 14:05:23 | INFO     | base.base_page:202 | 获取定位器：details-nut_cloud = hanvon.aebr.hanvondrive:id/drive_type
2025-09-03 14:05:23 | INFO     | base.base_page:180 | 处理完整资源ID: hanvon.aebr.hanvondrive:id/drive_type
2025-09-03 14:05:23 | INFO     | base.base_page:202 | 获取定位器：details-rename_button = hanvon.aebr.hanvondrive:id/tv_rename_drive
2025-09-03 14:05:23 | INFO     | base.base_page:180 | 处理完整资源ID: hanvon.aebr.hanvondrive:id/tv_rename_drive
2025-09-03 14:05:23 | INFO     | base.base_page:202 | 获取定位器：details-rename_window = hanvon.aebr.hanvondrive:id/dialog_title
2025-09-03 14:05:23 | INFO     | base.base_page:180 | 处理完整资源ID: hanvon.aebr.hanvondrive:id/dialog_title
2025-09-03 14:05:23 | INFO     | base.base_page:202 | 获取定位器：home-nut_cloud = hanvon.aebr.hanvondrive:id/drive_type
2025-09-03 14:05:23 | INFO     | base.base_page:180 | 处理完整资源ID: hanvon.aebr.hanvondrive:id/drive_type
2025-09-03 14:05:33 | ERROR    | base.base_page:240 | 元素定位超时 (10s): id='hanvon.aebr.hanvondrive:id/drive_type'
2025-09-03 14:05:33 | ERROR    | base.base_page:471 | 长按操作异常: ('id', 'hanvon.aebr.hanvondrive:id/drive_type') | move_to requires a WebElement
2025-09-03 14:05:33 | WARNING  | pages.nut_cloud_page.home_page:66 | 检查主页元素失败：move_to requires a WebElement
2025-09-03 14:05:33 | INFO     | base.base_page:202 | 获取定位器：details-rename_button = hanvon.aebr.hanvondrive:id/tv_rename_drive
2025-09-03 14:05:33 | INFO     | base.base_page:180 | 处理完整资源ID: hanvon.aebr.hanvondrive:id/tv_rename_drive
2025-09-03 14:05:44 | ERROR    | base.base_page:240 | 元素定位超时 (10s): id='hanvon.aebr.hanvondrive:id/tv_rename_drive'
2025-09-03 14:05:44 | ERROR    | base.base_page:278 | 点击元素失败：('id', 'hanvon.aebr.hanvondrive:id/tv_rename_drive')
2025-09-03 14:05:44 | WARNING  | pages.nut_cloud_page.details_page:63 | 未找到当前元素：'NoneType' object has no attribute 'click'
2025-09-03 14:05:44 | INFO     | base.base_page:202 | 获取定位器：details-rename_window = hanvon.aebr.hanvondrive:id/dialog_title
2025-09-03 14:05:44 | INFO     | base.base_page:180 | 处理完整资源ID: hanvon.aebr.hanvondrive:id/dialog_title
2025-09-03 14:05:54 | ERROR    | base.base_page:240 | 元素定位超时 (10s): id='hanvon.aebr.hanvondrive:id/dialog_title'
2025-09-03 14:05:54 | INFO     | base.base_page:368 | 元素已找到：None
2025-09-03 14:05:54 | INFO     | pages.nut_cloud_page.details_page:119 | 已返回到账户信息页
2025-09-03 14:05:54 | INFO     | base.base_page:53 | 自动生成配置路径: data/locators/account_rename_page.yaml
2025-09-03 14:05:54 | INFO     | base.base_page:53 | 自动生成配置路径: data/locators/account_rename_page.yaml
2025-09-03 14:05:54 | INFO     | base.base_page:107 | 初始化页面: AccountRenamePage | 平台: android
2025-09-03 14:05:54 | INFO     | pages.nut_cloud_page.account_rename_page:15 | 进入主页
2025-09-03 14:05:54 | INFO     | base.base_page:202 | 获取定位器：account_rename-account_input = hanvon.aebr.hanvondrive:id/foldername_edittext
2025-09-03 14:05:54 | INFO     | base.base_page:180 | 处理完整资源ID: hanvon.aebr.hanvondrive:id/foldername_edittext
2025-09-03 14:05:54 | INFO     | base.base_page:202 | 获取定位器：account_rename-bind_cloud = hanvon.aebr.hanvondrive:id/tv_drive_type
2025-09-03 14:05:54 | INFO     | base.base_page:180 | 处理完整资源ID: hanvon.aebr.hanvondrive:id/tv_drive_type
2025-09-03 14:05:54 | INFO     | base.base_page:202 | 获取定位器：account_rename-cancel_button = hanvon.aebr.hanvondrive:id/dialog_cancel
2025-09-03 14:05:54 | INFO     | base.base_page:180 | 处理完整资源ID: hanvon.aebr.hanvondrive:id/dialog_cancel
2025-09-03 14:05:54 | INFO     | base.base_page:202 | 获取定位器：account_rename-delete_name = hanvon.aebr.hanvondrive:id/deleteTv
2025-09-03 14:05:54 | INFO     | base.base_page:180 | 处理完整资源ID: hanvon.aebr.hanvondrive:id/deleteTv
2025-09-03 14:05:54 | INFO     | base.base_page:202 | 获取定位器：account_rename-sure_button = hanvon.aebr.hanvondrive:id/dialog_sure
2025-09-03 14:05:54 | INFO     | base.base_page:180 | 处理完整资源ID: hanvon.aebr.hanvondrive:id/dialog_sure
2025-09-03 14:05:54 | INFO     | base.base_page:202 | 获取定位器：account_rename-tv_account = hanvon.aebr.hanvondrive:id/tv_accout
2025-09-03 14:05:54 | INFO     | base.base_page:180 | 处理完整资源ID: hanvon.aebr.hanvondrive:id/tv_accout
2025-09-03 14:05:54 | INFO     | base.base_page:202 | 获取定位器：account_rename-account_input = hanvon.aebr.hanvondrive:id/foldername_edittext
2025-09-03 14:05:54 | INFO     | base.base_page:180 | 处理完整资源ID: hanvon.aebr.hanvondrive:id/foldername_edittext
2025-09-03 14:06:04 | ERROR    | base.base_page:240 | 元素定位超时 (10s): id='hanvon.aebr.hanvondrive:id/foldername_edittext'
2025-09-03 14:06:04 | ERROR    | base.base_page:294 | 输入文本失败: ('id', 'hanvon.aebr.hanvondrive:id/foldername_edittext') | 'NoneType' object has no attribute 'clear'
2025-09-03 14:06:05 | INFO     | conftest:294 | 测试失败截图已保存: FAIL_CALL_testcase_nut_cloud_positive_account_rename_test_account_rename_positive_py_TestAccountRenamePositive_20250903_140604.png
2025-09-03 14:06:06 | INFO     | conftest:233 | 停止屏幕录制: D:\clear6Trubo\reports\videos\VIDEO_test_input_account_name__u4e2d_u6587_u540d_u79f0_u_20250903_140522.mp4
2025-09-03 14:06:06 | INFO     | conftest:239 | 屏幕录制已保存: D:\clear6Trubo\reports\videos\VIDEO_test_input_account_name__u4e2d_u6587_u540d_u79f0_u_20250903_140522.mp4
2025-09-03 14:06:06 | INFO     | conftest:346 | 已将录屏附加到Allure报告: VIDEO_test_input_account_name__u4e2d_u6587_u540d_u79f0_u_20250903_140522.mp4
2025-09-03 14:06:07 | INFO     | conftest:219 | 开始屏幕录制: D:\clear6Trubo\reports\videos\VIDEO_test_input_account_name__u7279_u6b8a_u5b57_u7b26_u_20250903_140606.mp4
2025-09-03 14:06:07 | INFO     | base.base_page:53 | 自动生成配置路径: data/locators/details_page.yaml
2025-09-03 14:06:07 | INFO     | base.base_page:53 | 自动生成配置路径: data/locators/details_page.yaml
2025-09-03 14:06:07 | INFO     | base.base_page:107 | 初始化页面: DetailsPage | 平台: android
2025-09-03 14:06:07 | INFO     | pages.nut_cloud_page.details_page:17 | 进入主页
2025-09-03 14:06:07 | INFO     | base.base_page:202 | 获取定位器：details-account_button = hanvon.aebr.hanvondrive:id/tv_accout_detail
2025-09-03 14:06:07 | INFO     | base.base_page:180 | 处理完整资源ID: hanvon.aebr.hanvondrive:id/tv_accout_detail
2025-09-03 14:06:07 | INFO     | base.base_page:202 | 获取定位器：details-account_unbind = hanvon.aebr.hanvondrive:id/unbindTv
2025-09-03 14:06:07 | INFO     | base.base_page:180 | 处理完整资源ID: hanvon.aebr.hanvondrive:id/unbindTv
2025-09-03 14:06:07 | INFO     | base.base_page:202 | 获取定位器：details-close_button = hanvon.aebr.hanvondrive:id/dialog_close
2025-09-03 14:06:07 | INFO     | base.base_page:180 | 处理完整资源ID: hanvon.aebr.hanvondrive:id/dialog_close
2025-09-03 14:06:07 | INFO     | base.base_page:202 | 获取定位器：details-nut_cloud = hanvon.aebr.hanvondrive:id/drive_type
2025-09-03 14:06:07 | INFO     | base.base_page:180 | 处理完整资源ID: hanvon.aebr.hanvondrive:id/drive_type
2025-09-03 14:06:07 | INFO     | base.base_page:202 | 获取定位器：details-rename_button = hanvon.aebr.hanvondrive:id/tv_rename_drive
2025-09-03 14:06:07 | INFO     | base.base_page:180 | 处理完整资源ID: hanvon.aebr.hanvondrive:id/tv_rename_drive
2025-09-03 14:06:07 | INFO     | base.base_page:202 | 获取定位器：details-rename_window = hanvon.aebr.hanvondrive:id/dialog_title
2025-09-03 14:06:07 | INFO     | base.base_page:180 | 处理完整资源ID: hanvon.aebr.hanvondrive:id/dialog_title
2025-09-03 14:06:07 | INFO     | base.base_page:53 | 自动生成配置路径: data/locators/details_page.yaml
2025-09-03 14:06:07 | INFO     | base.base_page:53 | 自动生成配置路径: data/locators/details_page.yaml
2025-09-03 14:06:07 | INFO     | base.base_page:107 | 初始化页面: DetailsPage | 平台: android
2025-09-03 14:06:07 | INFO     | pages.nut_cloud_page.details_page:17 | 进入主页
2025-09-03 14:06:07 | INFO     | base.base_page:202 | 获取定位器：details-account_button = hanvon.aebr.hanvondrive:id/tv_accout_detail
2025-09-03 14:06:07 | INFO     | base.base_page:180 | 处理完整资源ID: hanvon.aebr.hanvondrive:id/tv_accout_detail
2025-09-03 14:06:07 | INFO     | base.base_page:202 | 获取定位器：details-account_unbind = hanvon.aebr.hanvondrive:id/unbindTv
2025-09-03 14:06:07 | INFO     | base.base_page:180 | 处理完整资源ID: hanvon.aebr.hanvondrive:id/unbindTv
2025-09-03 14:06:07 | INFO     | base.base_page:202 | 获取定位器：details-close_button = hanvon.aebr.hanvondrive:id/dialog_close
2025-09-03 14:06:07 | INFO     | base.base_page:180 | 处理完整资源ID: hanvon.aebr.hanvondrive:id/dialog_close
2025-09-03 14:06:07 | INFO     | base.base_page:202 | 获取定位器：details-nut_cloud = hanvon.aebr.hanvondrive:id/drive_type
2025-09-03 14:06:07 | INFO     | base.base_page:180 | 处理完整资源ID: hanvon.aebr.hanvondrive:id/drive_type
2025-09-03 14:06:07 | INFO     | base.base_page:202 | 获取定位器：details-rename_button = hanvon.aebr.hanvondrive:id/tv_rename_drive
2025-09-03 14:06:07 | INFO     | base.base_page:180 | 处理完整资源ID: hanvon.aebr.hanvondrive:id/tv_rename_drive
2025-09-03 14:06:07 | INFO     | base.base_page:202 | 获取定位器：details-rename_window = hanvon.aebr.hanvondrive:id/dialog_title
2025-09-03 14:06:07 | INFO     | base.base_page:180 | 处理完整资源ID: hanvon.aebr.hanvondrive:id/dialog_title
2025-09-03 14:06:07 | INFO     | base.base_page:202 | 获取定位器：home-nut_cloud = hanvon.aebr.hanvondrive:id/drive_type
2025-09-03 14:06:07 | INFO     | base.base_page:180 | 处理完整资源ID: hanvon.aebr.hanvondrive:id/drive_type
2025-09-03 14:06:17 | ERROR    | base.base_page:240 | 元素定位超时 (10s): id='hanvon.aebr.hanvondrive:id/drive_type'
2025-09-03 14:06:17 | ERROR    | base.base_page:471 | 长按操作异常: ('id', 'hanvon.aebr.hanvondrive:id/drive_type') | move_to requires a WebElement
2025-09-03 14:06:17 | WARNING  | pages.nut_cloud_page.home_page:66 | 检查主页元素失败：move_to requires a WebElement
2025-09-03 14:06:17 | INFO     | base.base_page:202 | 获取定位器：details-rename_button = hanvon.aebr.hanvondrive:id/tv_rename_drive
2025-09-03 14:06:17 | INFO     | base.base_page:180 | 处理完整资源ID: hanvon.aebr.hanvondrive:id/tv_rename_drive
2025-09-03 14:06:27 | ERROR    | base.base_page:240 | 元素定位超时 (10s): id='hanvon.aebr.hanvondrive:id/tv_rename_drive'
2025-09-03 14:06:27 | ERROR    | base.base_page:278 | 点击元素失败：('id', 'hanvon.aebr.hanvondrive:id/tv_rename_drive')
2025-09-03 14:06:27 | WARNING  | pages.nut_cloud_page.details_page:63 | 未找到当前元素：'NoneType' object has no attribute 'click'
2025-09-03 14:06:27 | INFO     | base.base_page:202 | 获取定位器：details-rename_window = hanvon.aebr.hanvondrive:id/dialog_title
2025-09-03 14:06:27 | INFO     | base.base_page:180 | 处理完整资源ID: hanvon.aebr.hanvondrive:id/dialog_title
2025-09-03 14:06:38 | ERROR    | base.base_page:240 | 元素定位超时 (10s): id='hanvon.aebr.hanvondrive:id/dialog_title'
2025-09-03 14:06:38 | INFO     | base.base_page:368 | 元素已找到：None
2025-09-03 14:06:38 | INFO     | pages.nut_cloud_page.details_page:119 | 已返回到账户信息页
2025-09-03 14:06:38 | INFO     | base.base_page:53 | 自动生成配置路径: data/locators/account_rename_page.yaml
2025-09-03 14:06:38 | INFO     | base.base_page:53 | 自动生成配置路径: data/locators/account_rename_page.yaml
2025-09-03 14:06:38 | INFO     | base.base_page:107 | 初始化页面: AccountRenamePage | 平台: android
2025-09-03 14:06:38 | INFO     | pages.nut_cloud_page.account_rename_page:15 | 进入主页
2025-09-03 14:06:38 | INFO     | base.base_page:202 | 获取定位器：account_rename-account_input = hanvon.aebr.hanvondrive:id/foldername_edittext
2025-09-03 14:06:38 | INFO     | base.base_page:180 | 处理完整资源ID: hanvon.aebr.hanvondrive:id/foldername_edittext
2025-09-03 14:06:38 | INFO     | base.base_page:202 | 获取定位器：account_rename-bind_cloud = hanvon.aebr.hanvondrive:id/tv_drive_type
2025-09-03 14:06:38 | INFO     | base.base_page:180 | 处理完整资源ID: hanvon.aebr.hanvondrive:id/tv_drive_type
2025-09-03 14:06:38 | INFO     | base.base_page:202 | 获取定位器：account_rename-cancel_button = hanvon.aebr.hanvondrive:id/dialog_cancel
2025-09-03 14:06:38 | INFO     | base.base_page:180 | 处理完整资源ID: hanvon.aebr.hanvondrive:id/dialog_cancel
2025-09-03 14:06:38 | INFO     | base.base_page:202 | 获取定位器：account_rename-delete_name = hanvon.aebr.hanvondrive:id/deleteTv
2025-09-03 14:06:38 | INFO     | base.base_page:180 | 处理完整资源ID: hanvon.aebr.hanvondrive:id/deleteTv
2025-09-03 14:06:38 | INFO     | base.base_page:202 | 获取定位器：account_rename-sure_button = hanvon.aebr.hanvondrive:id/dialog_sure
2025-09-03 14:06:38 | INFO     | base.base_page:180 | 处理完整资源ID: hanvon.aebr.hanvondrive:id/dialog_sure
2025-09-03 14:06:38 | INFO     | base.base_page:202 | 获取定位器：account_rename-tv_account = hanvon.aebr.hanvondrive:id/tv_accout
2025-09-03 14:06:38 | INFO     | base.base_page:180 | 处理完整资源ID: hanvon.aebr.hanvondrive:id/tv_accout
2025-09-03 14:06:38 | INFO     | base.base_page:202 | 获取定位器：account_rename-account_input = hanvon.aebr.hanvondrive:id/foldername_edittext
2025-09-03 14:06:38 | INFO     | base.base_page:180 | 处理完整资源ID: hanvon.aebr.hanvondrive:id/foldername_edittext
2025-09-03 14:06:48 | ERROR    | base.base_page:240 | 元素定位超时 (10s): id='hanvon.aebr.hanvondrive:id/foldername_edittext'
2025-09-03 14:06:48 | ERROR    | base.base_page:294 | 输入文本失败: ('id', 'hanvon.aebr.hanvondrive:id/foldername_edittext') | 'NoneType' object has no attribute 'clear'
2025-09-03 14:06:49 | INFO     | conftest:294 | 测试失败截图已保存: FAIL_CALL_testcase_nut_cloud_positive_account_rename_test_account_rename_positive_py_TestAccountRenamePositive_20250903_140648.png
2025-09-03 14:06:50 | INFO     | conftest:233 | 停止屏幕录制: D:\clear6Trubo\reports\videos\VIDEO_test_input_account_name__u7279_u6b8a_u5b57_u7b26_u_20250903_140606.mp4
2025-09-03 14:06:50 | INFO     | conftest:239 | 屏幕录制已保存: D:\clear6Trubo\reports\videos\VIDEO_test_input_account_name__u7279_u6b8a_u5b57_u7b26_u_20250903_140606.mp4
2025-09-03 14:06:50 | INFO     | conftest:346 | 已将录屏附加到Allure报告: VIDEO_test_input_account_name__u7279_u6b8a_u5b57_u7b26_u_20250903_140606.mp4
2025-09-03 14:06:51 | INFO     | conftest:219 | 开始屏幕录制: D:\clear6Trubo\reports\videos\VIDEO_test_input_account_name__u8d85_u957f_u540d_u79f0_u_20250903_140650.mp4
2025-09-03 14:06:51 | INFO     | base.base_page:53 | 自动生成配置路径: data/locators/details_page.yaml
2025-09-03 14:06:51 | INFO     | base.base_page:53 | 自动生成配置路径: data/locators/details_page.yaml
2025-09-03 14:06:51 | INFO     | base.base_page:107 | 初始化页面: DetailsPage | 平台: android
2025-09-03 14:06:51 | INFO     | pages.nut_cloud_page.details_page:17 | 进入主页
2025-09-03 14:06:51 | INFO     | base.base_page:202 | 获取定位器：details-account_button = hanvon.aebr.hanvondrive:id/tv_accout_detail
2025-09-03 14:06:51 | INFO     | base.base_page:180 | 处理完整资源ID: hanvon.aebr.hanvondrive:id/tv_accout_detail
2025-09-03 14:06:51 | INFO     | base.base_page:202 | 获取定位器：details-account_unbind = hanvon.aebr.hanvondrive:id/unbindTv
2025-09-03 14:06:51 | INFO     | base.base_page:180 | 处理完整资源ID: hanvon.aebr.hanvondrive:id/unbindTv
2025-09-03 14:06:51 | INFO     | base.base_page:202 | 获取定位器：details-close_button = hanvon.aebr.hanvondrive:id/dialog_close
2025-09-03 14:06:51 | INFO     | base.base_page:180 | 处理完整资源ID: hanvon.aebr.hanvondrive:id/dialog_close
2025-09-03 14:06:51 | INFO     | base.base_page:202 | 获取定位器：details-nut_cloud = hanvon.aebr.hanvondrive:id/drive_type
2025-09-03 14:06:51 | INFO     | base.base_page:180 | 处理完整资源ID: hanvon.aebr.hanvondrive:id/drive_type
2025-09-03 14:06:51 | INFO     | base.base_page:202 | 获取定位器：details-rename_button = hanvon.aebr.hanvondrive:id/tv_rename_drive
2025-09-03 14:06:51 | INFO     | base.base_page:180 | 处理完整资源ID: hanvon.aebr.hanvondrive:id/tv_rename_drive
2025-09-03 14:06:51 | INFO     | base.base_page:202 | 获取定位器：details-rename_window = hanvon.aebr.hanvondrive:id/dialog_title
2025-09-03 14:06:51 | INFO     | base.base_page:180 | 处理完整资源ID: hanvon.aebr.hanvondrive:id/dialog_title
2025-09-03 14:06:51 | INFO     | base.base_page:53 | 自动生成配置路径: data/locators/details_page.yaml
2025-09-03 14:06:51 | INFO     | base.base_page:53 | 自动生成配置路径: data/locators/details_page.yaml
2025-09-03 14:06:51 | INFO     | base.base_page:107 | 初始化页面: DetailsPage | 平台: android
2025-09-03 14:06:51 | INFO     | pages.nut_cloud_page.details_page:17 | 进入主页
2025-09-03 14:06:51 | INFO     | base.base_page:202 | 获取定位器：details-account_button = hanvon.aebr.hanvondrive:id/tv_accout_detail
2025-09-03 14:06:51 | INFO     | base.base_page:180 | 处理完整资源ID: hanvon.aebr.hanvondrive:id/tv_accout_detail
2025-09-03 14:06:51 | INFO     | base.base_page:202 | 获取定位器：details-account_unbind = hanvon.aebr.hanvondrive:id/unbindTv
2025-09-03 14:06:51 | INFO     | base.base_page:180 | 处理完整资源ID: hanvon.aebr.hanvondrive:id/unbindTv
2025-09-03 14:06:51 | INFO     | base.base_page:202 | 获取定位器：details-close_button = hanvon.aebr.hanvondrive:id/dialog_close
2025-09-03 14:06:51 | INFO     | base.base_page:180 | 处理完整资源ID: hanvon.aebr.hanvondrive:id/dialog_close
2025-09-03 14:06:51 | INFO     | base.base_page:202 | 获取定位器：details-nut_cloud = hanvon.aebr.hanvondrive:id/drive_type
2025-09-03 14:06:51 | INFO     | base.base_page:180 | 处理完整资源ID: hanvon.aebr.hanvondrive:id/drive_type
2025-09-03 14:06:51 | INFO     | base.base_page:202 | 获取定位器：details-rename_button = hanvon.aebr.hanvondrive:id/tv_rename_drive
2025-09-03 14:06:51 | INFO     | base.base_page:180 | 处理完整资源ID: hanvon.aebr.hanvondrive:id/tv_rename_drive
2025-09-03 14:06:51 | INFO     | base.base_page:202 | 获取定位器：details-rename_window = hanvon.aebr.hanvondrive:id/dialog_title
2025-09-03 14:06:51 | INFO     | base.base_page:180 | 处理完整资源ID: hanvon.aebr.hanvondrive:id/dialog_title
2025-09-03 14:06:51 | INFO     | base.base_page:202 | 获取定位器：home-nut_cloud = hanvon.aebr.hanvondrive:id/drive_type
2025-09-03 14:06:51 | INFO     | base.base_page:180 | 处理完整资源ID: hanvon.aebr.hanvondrive:id/drive_type
2025-09-03 14:07:01 | ERROR    | base.base_page:240 | 元素定位超时 (10s): id='hanvon.aebr.hanvondrive:id/drive_type'
2025-09-03 14:07:01 | ERROR    | base.base_page:471 | 长按操作异常: ('id', 'hanvon.aebr.hanvondrive:id/drive_type') | move_to requires a WebElement
2025-09-03 14:07:01 | WARNING  | pages.nut_cloud_page.home_page:66 | 检查主页元素失败：move_to requires a WebElement
2025-09-03 14:07:01 | INFO     | base.base_page:202 | 获取定位器：details-rename_button = hanvon.aebr.hanvondrive:id/tv_rename_drive
2025-09-03 14:07:01 | INFO     | base.base_page:180 | 处理完整资源ID: hanvon.aebr.hanvondrive:id/tv_rename_drive
2025-09-03 14:07:12 | ERROR    | base.base_page:240 | 元素定位超时 (10s): id='hanvon.aebr.hanvondrive:id/tv_rename_drive'
2025-09-03 14:07:12 | ERROR    | base.base_page:278 | 点击元素失败：('id', 'hanvon.aebr.hanvondrive:id/tv_rename_drive')
2025-09-03 14:07:12 | WARNING  | pages.nut_cloud_page.details_page:63 | 未找到当前元素：'NoneType' object has no attribute 'click'
2025-09-03 14:07:12 | INFO     | base.base_page:202 | 获取定位器：details-rename_window = hanvon.aebr.hanvondrive:id/dialog_title
2025-09-03 14:07:12 | INFO     | base.base_page:180 | 处理完整资源ID: hanvon.aebr.hanvondrive:id/dialog_title
2025-09-03 14:07:22 | ERROR    | base.base_page:240 | 元素定位超时 (10s): id='hanvon.aebr.hanvondrive:id/dialog_title'
2025-09-03 14:07:22 | INFO     | base.base_page:368 | 元素已找到：None
2025-09-03 14:07:22 | INFO     | pages.nut_cloud_page.details_page:119 | 已返回到账户信息页
2025-09-03 14:07:22 | INFO     | base.base_page:53 | 自动生成配置路径: data/locators/account_rename_page.yaml
2025-09-03 14:07:22 | INFO     | base.base_page:53 | 自动生成配置路径: data/locators/account_rename_page.yaml
2025-09-03 14:07:22 | INFO     | base.base_page:107 | 初始化页面: AccountRenamePage | 平台: android
2025-09-03 14:07:22 | INFO     | pages.nut_cloud_page.account_rename_page:15 | 进入主页
2025-09-03 14:07:22 | INFO     | base.base_page:202 | 获取定位器：account_rename-account_input = hanvon.aebr.hanvondrive:id/foldername_edittext
2025-09-03 14:07:22 | INFO     | base.base_page:180 | 处理完整资源ID: hanvon.aebr.hanvondrive:id/foldername_edittext
2025-09-03 14:07:22 | INFO     | base.base_page:202 | 获取定位器：account_rename-bind_cloud = hanvon.aebr.hanvondrive:id/tv_drive_type
2025-09-03 14:07:22 | INFO     | base.base_page:180 | 处理完整资源ID: hanvon.aebr.hanvondrive:id/tv_drive_type
2025-09-03 14:07:22 | INFO     | base.base_page:202 | 获取定位器：account_rename-cancel_button = hanvon.aebr.hanvondrive:id/dialog_cancel
2025-09-03 14:07:22 | INFO     | base.base_page:180 | 处理完整资源ID: hanvon.aebr.hanvondrive:id/dialog_cancel
2025-09-03 14:07:22 | INFO     | base.base_page:202 | 获取定位器：account_rename-delete_name = hanvon.aebr.hanvondrive:id/deleteTv
2025-09-03 14:07:22 | INFO     | base.base_page:180 | 处理完整资源ID: hanvon.aebr.hanvondrive:id/deleteTv
2025-09-03 14:07:22 | INFO     | base.base_page:202 | 获取定位器：account_rename-sure_button = hanvon.aebr.hanvondrive:id/dialog_sure
2025-09-03 14:07:22 | INFO     | base.base_page:180 | 处理完整资源ID: hanvon.aebr.hanvondrive:id/dialog_sure
2025-09-03 14:07:22 | INFO     | base.base_page:202 | 获取定位器：account_rename-tv_account = hanvon.aebr.hanvondrive:id/tv_accout
2025-09-03 14:07:22 | INFO     | base.base_page:180 | 处理完整资源ID: hanvon.aebr.hanvondrive:id/tv_accout
2025-09-03 14:07:22 | INFO     | base.base_page:202 | 获取定位器：account_rename-account_input = hanvon.aebr.hanvondrive:id/foldername_edittext
2025-09-03 14:07:22 | INFO     | base.base_page:180 | 处理完整资源ID: hanvon.aebr.hanvondrive:id/foldername_edittext
2025-09-03 14:07:33 | ERROR    | base.base_page:240 | 元素定位超时 (10s): id='hanvon.aebr.hanvondrive:id/foldername_edittext'
2025-09-03 14:07:33 | ERROR    | base.base_page:294 | 输入文本失败: ('id', 'hanvon.aebr.hanvondrive:id/foldername_edittext') | 'NoneType' object has no attribute 'clear'
2025-09-03 14:07:33 | INFO     | conftest:294 | 测试失败截图已保存: FAIL_CALL_testcase_nut_cloud_positive_account_rename_test_account_rename_positive_py_TestAccountRenamePositive_20250903_140733.png
2025-09-03 14:07:34 | INFO     | conftest:233 | 停止屏幕录制: D:\clear6Trubo\reports\videos\VIDEO_test_input_account_name__u8d85_u957f_u540d_u79f0_u_20250903_140650.mp4
2025-09-03 14:07:34 | INFO     | conftest:239 | 屏幕录制已保存: D:\clear6Trubo\reports\videos\VIDEO_test_input_account_name__u8d85_u957f_u540d_u79f0_u_20250903_140650.mp4
2025-09-03 14:07:35 | INFO     | conftest:346 | 已将录屏附加到Allure报告: VIDEO_test_input_account_name__u8d85_u957f_u540d_u79f0_u_20250903_140650.mp4
2025-09-03 14:07:35 | INFO     | conftest:381 | ==================================================
2025-09-03 14:07:35 | INFO     | conftest:382 | 测试会话结束状态: 1
2025-09-03 14:07:35 | INFO     | conftest:383 | ==================================================
2025-09-03 14:09:19 | INFO     | conftest:162 | 已删除旧文件: FAIL_CALL_testcase_nut_cloud_positive_test_details_py_TestDetailsScenarios_test_details_click_rename_button_20250826_114651.png
2025-09-03 14:09:19 | INFO     | conftest:162 | 已删除旧文件: FAIL_CALL_testcase_nut_cloud_positive_test_details_py_TestDetailsScenarios_test_details_click_rename_button_20250826_114534.png
2025-09-03 14:09:19 | INFO     | conftest:162 | 已删除旧文件: FAIL_CALL_testcase_nut_cloud_positive_test_details_py_TestDetailsScenarios_test_details_click_rename_button_20250826_113805.png
2025-09-03 14:09:19 | INFO     | conftest:162 | 已删除旧文件: FAIL_CALL_testcase_nut_cloud_positive_test_details_py_TestDetailsScenarios_test_details_click_rename_button_20250826_113501.png
2025-09-03 14:09:19 | INFO     | conftest:162 | 已删除旧文件: VIDEO_test_click_return_button_20250902_113941.mp4
2025-09-03 14:09:19 | INFO     | conftest:162 | 已删除旧文件: VIDEO_test_click_delete_button_20250902_113932.mp4
2025-09-03 14:09:19 | INFO     | conftest:162 | 已删除旧文件: VIDEO_test_input_account_name_delete__u8d85_u957f_u540d__20250902_113919.mp4
2025-09-03 14:09:19 | INFO     | conftest:162 | 已删除旧文件: VIDEO_test_input_account_name_delete__u7279_u6b8a_u5b57__20250902_113907.mp4
2025-09-03 14:09:19 | INFO     | utils.test_data_loader:13 | 项目根目录: D:\clear6Trubo
2025-09-03 14:09:19 | INFO     | utils.test_data_loader:19 | 完整文件路径: D:\clear6Trubo\data\test_data\positive_rename.json
2025-09-03 14:09:19 | INFO     | utils.test_data_loader:20 | 文件存在: True
2025-09-03 14:09:19 | INFO     | conftest:413 | ✅ 成功删除数据库文件: /storage/emulated/0/hwsys/database/clouds.db
2025-09-03 14:09:29 | INFO     | base.base_page:53 | 自动生成配置路径: data/locators/home_clouds_page.yaml
2025-09-03 14:09:29 | INFO     | base.base_page:69 | 已加载配置文件: D:\clear6Trubo\data\locators\home_clouds_page.yaml (for HomeCloudsPage)
2025-09-03 14:09:29 | INFO     | base.base_page:53 | 自动生成配置路径: data/locators/home_clouds_page.yaml
2025-09-03 14:09:29 | INFO     | base.base_page:107 | 初始化页面: HomeCloudsPage | 平台: android
2025-09-03 14:09:29 | INFO     | base.base_page:202 | 获取定位器：home-aliyun_home_id = com.Hanovn.HanovnBrowser:id/content_frame
2025-09-03 14:09:29 | INFO     | base.base_page:180 | 处理完整资源ID: com.Hanovn.HanovnBrowser:id/content_frame
2025-09-03 14:09:29 | INFO     | base.base_page:202 | 获取定位器：home-baidu_home_cloud_id = hanvon.aebr.hanvondrive:id/tv_drive
2025-09-03 14:09:29 | INFO     | base.base_page:180 | 处理完整资源ID: hanvon.aebr.hanvondrive:id/tv_drive
2025-09-03 14:09:29 | INFO     | base.base_page:202 | 获取定位器：home-nut_webdav_home_cloud_id = hanvon.aebr.hanvondrive:id/bt_back
2025-09-03 14:09:29 | INFO     | base.base_page:180 | 处理完整资源ID: hanvon.aebr.hanvondrive:id/bt_back
2025-09-03 14:09:29 | INFO     | base.base_page:202 | 获取定位器：home-onedrive_home_id = android:id/content
2025-09-03 14:09:29 | INFO     | base.base_page:180 | 处理完整资源ID: android:id/content
2025-09-03 14:09:29 | INFO     | base.base_page:202 | 获取定位器：home-public_resource_id = hanvon.aebr.hanvondrive:id/detailFileLayout
2025-09-03 14:09:29 | INFO     | base.base_page:180 | 处理完整资源ID: hanvon.aebr.hanvondrive:id/detailFileLayout
2025-09-03 14:09:29 | INFO     | base.base_page:53 | 自动生成配置路径: data/locators/home_clouds_page.yaml
2025-09-03 14:09:29 | INFO     | base.base_page:53 | 自动生成配置路径: data/locators/home_clouds_page.yaml
2025-09-03 14:09:29 | INFO     | base.base_page:107 | 初始化页面: HomeCloudsPage | 平台: android
2025-09-03 14:09:29 | INFO     | base.base_page:202 | 获取定位器：home-aliyun_home_id = com.Hanovn.HanovnBrowser:id/content_frame
2025-09-03 14:09:29 | INFO     | base.base_page:180 | 处理完整资源ID: com.Hanovn.HanovnBrowser:id/content_frame
2025-09-03 14:09:29 | INFO     | base.base_page:202 | 获取定位器：home-baidu_home_cloud_id = hanvon.aebr.hanvondrive:id/tv_drive
2025-09-03 14:09:29 | INFO     | base.base_page:180 | 处理完整资源ID: hanvon.aebr.hanvondrive:id/tv_drive
2025-09-03 14:09:29 | INFO     | base.base_page:202 | 获取定位器：home-nut_webdav_home_cloud_id = hanvon.aebr.hanvondrive:id/bt_back
2025-09-03 14:09:29 | INFO     | base.base_page:180 | 处理完整资源ID: hanvon.aebr.hanvondrive:id/bt_back
2025-09-03 14:09:29 | INFO     | base.base_page:202 | 获取定位器：home-onedrive_home_id = android:id/content
2025-09-03 14:09:29 | INFO     | base.base_page:180 | 处理完整资源ID: android:id/content
2025-09-03 14:09:29 | INFO     | base.base_page:202 | 获取定位器：home-public_resource_id = hanvon.aebr.hanvondrive:id/detailFileLayout
2025-09-03 14:09:29 | INFO     | base.base_page:180 | 处理完整资源ID: hanvon.aebr.hanvondrive:id/detailFileLayout
2025-09-03 14:09:29 | INFO     | base.base_page:202 | 获取定位器：home-public_resource_id = hanvon.aebr.hanvondrive:id/detailFileLayout
2025-09-03 14:09:29 | INFO     | base.base_page:180 | 处理完整资源ID: hanvon.aebr.hanvondrive:id/detailFileLayout
2025-09-03 14:09:31 | INFO     | base.base_page:342 | 点击元素：('id', 'hanvon.aebr.hanvondrive:id/detailFileLayout') [索引： 1]
2025-09-03 14:09:31 | INFO     | base.base_page:53 | 自动生成配置路径: data/locators/nut_login_page.yaml
2025-09-03 14:09:31 | INFO     | base.base_page:69 | 已加载配置文件: D:\clear6Trubo\data\locators\nut_login_page.yaml (for NutLoginPage)
2025-09-03 14:09:31 | INFO     | base.base_page:53 | 自动生成配置路径: data/locators/nut_login_page.yaml
2025-09-03 14:09:31 | INFO     | base.base_page:107 | 初始化页面: NutLoginPage | 平台: android
2025-09-03 14:09:31 | INFO     | base.base_page:202 | 获取定位器：nut_login_page-cancel_button = hanvon.aebr.hanvondrive:id/janCancel
2025-09-03 14:09:31 | INFO     | base.base_page:180 | 处理完整资源ID: hanvon.aebr.hanvondrive:id/janCancel
2025-09-03 14:09:31 | INFO     | base.base_page:202 | 获取定位器：nut_login_page-home_bind = hanvon.aebr.hanvondrive:id/drive_gridview
2025-09-03 14:09:31 | INFO     | base.base_page:180 | 处理完整资源ID: hanvon.aebr.hanvondrive:id/drive_gridview
2025-09-03 14:09:31 | INFO     | base.base_page:202 | 获取定位器：nut_login_page-item_name = hanvon.aebr.hanvondrive:id/itemNameTv
2025-09-03 14:09:31 | INFO     | base.base_page:180 | 处理完整资源ID: hanvon.aebr.hanvondrive:id/itemNameTv
2025-09-03 14:09:31 | INFO     | base.base_page:202 | 获取定位器：nut_login_page-password_field = hanvon.aebr.hanvondrive:id/passEt
2025-09-03 14:09:31 | INFO     | base.base_page:180 | 处理完整资源ID: hanvon.aebr.hanvondrive:id/passEt
2025-09-03 14:09:31 | INFO     | base.base_page:202 | 获取定位器：nut_login_page-return_button = hanvon.aebr.hanvondrive:id/bt_back
2025-09-03 14:09:31 | INFO     | base.base_page:180 | 处理完整资源ID: hanvon.aebr.hanvondrive:id/bt_back
2025-09-03 14:09:31 | INFO     | base.base_page:202 | 获取定位器：nut_login_page-show_password = hanvon.aebr.hanvondrive:id/showPass
2025-09-03 14:09:31 | INFO     | base.base_page:180 | 处理完整资源ID: hanvon.aebr.hanvondrive:id/showPass
2025-09-03 14:09:31 | INFO     | base.base_page:202 | 获取定位器：nut_login_page-sure_button = hanvon.aebr.hanvondrive:id/janSure
2025-09-03 14:09:31 | INFO     | base.base_page:180 | 处理完整资源ID: hanvon.aebr.hanvondrive:id/janSure
2025-09-03 14:09:31 | INFO     | base.base_page:202 | 获取定位器：nut_login_page-username_field = hanvon.aebr.hanvondrive:id/userEt
2025-09-03 14:09:31 | INFO     | base.base_page:180 | 处理完整资源ID: hanvon.aebr.hanvondrive:id/userEt
2025-09-03 14:09:31 | INFO     | utils.test_data_loader:13 | 项目根目录: D:\clear6Trubo
2025-09-03 14:09:31 | INFO     | utils.test_data_loader:19 | 完整文件路径: D:\clear6Trubo\data\test_data\login_data_positive.json
2025-09-03 14:09:31 | INFO     | utils.test_data_loader:20 | 文件存在: True
2025-09-03 14:09:31 | INFO     | base.base_page:202 | 获取定位器：nut_login_page-username_field = hanvon.aebr.hanvondrive:id/userEt
2025-09-03 14:09:31 | INFO     | base.base_page:180 | 处理完整资源ID: hanvon.aebr.hanvondrive:id/userEt
2025-09-03 14:09:32 | INFO     | base.base_page:288 | 输入文本到 ('id', 'hanvon.aebr.hanvondrive:id/userEt')：'liuxuefeng@hanwang.com.cn'
2025-09-03 14:09:32 | INFO     | base.base_page:202 | 获取定位器：nut_login_page-password_field = hanvon.aebr.hanvondrive:id/passEt
2025-09-03 14:09:32 | INFO     | base.base_page:180 | 处理完整资源ID: hanvon.aebr.hanvondrive:id/passEt
2025-09-03 14:09:33 | INFO     | base.base_page:288 | 输入文本到 ('id', 'hanvon.aebr.hanvondrive:id/passEt')：'ani2k9vrmac7epjp'
2025-09-03 14:09:33 | INFO     | base.base_page:202 | 获取定位器：nut_login_page-sure_button = hanvon.aebr.hanvondrive:id/janSure
2025-09-03 14:09:33 | INFO     | base.base_page:180 | 处理完整资源ID: hanvon.aebr.hanvondrive:id/janSure
2025-09-03 14:09:34 | INFO     | base.base_page:275 | 点击元素：('id', 'hanvon.aebr.hanvondrive:id/janSure')
2025-09-03 14:09:36 | INFO     | pages.nut_cloud_page.nut_login_page:92 | 成功绑定账号
2025-09-03 14:09:36 | INFO     | base.base_page:53 | 自动生成配置路径: data/locators/home_page.yaml
2025-09-03 14:09:36 | INFO     | base.base_page:69 | 已加载配置文件: D:\clear6Trubo\data\locators\home_page.yaml (for HomePage)
2025-09-03 14:09:36 | INFO     | base.base_page:53 | 自动生成配置路径: data/locators/home_page.yaml
2025-09-03 14:09:36 | INFO     | base.base_page:107 | 初始化页面: HomePage | 平台: android
2025-09-03 14:09:36 | INFO     | pages.nut_cloud_page.home_page:20 | 进入主页
2025-09-03 14:09:36 | INFO     | base.base_page:202 | 获取定位器：home-bind_cloud = hanvon.aebr.hanvondrive:id/tv_drive_type
2025-09-03 14:09:36 | INFO     | base.base_page:180 | 处理完整资源ID: hanvon.aebr.hanvondrive:id/tv_drive_type
2025-09-03 14:09:36 | INFO     | base.base_page:202 | 获取定位器：home-bind_cloud_window = hanvon.aebr.hanvondrive:id/dialog_title
2025-09-03 14:09:36 | INFO     | base.base_page:180 | 处理完整资源ID: hanvon.aebr.hanvondrive:id/dialog_title
2025-09-03 14:09:36 | INFO     | base.base_page:202 | 获取定位器：home-iv_nextpage = hanvon.aebr.hanvondrive:id/iv_nextpage
2025-09-03 14:09:36 | INFO     | base.base_page:180 | 处理完整资源ID: hanvon.aebr.hanvondrive:id/iv_nextpage
2025-09-03 14:09:36 | INFO     | base.base_page:202 | 获取定位器：home-iv_prepage = hanvon.aebr.hanvondrive:id/iv_prepage
2025-09-03 14:09:36 | INFO     | base.base_page:180 | 处理完整资源ID: hanvon.aebr.hanvondrive:id/iv_prepage
2025-09-03 14:09:36 | INFO     | base.base_page:202 | 获取定位器：home-more_view_window = hanvon.aebr.hanvondrive:id/tv_display
2025-09-03 14:09:36 | INFO     | base.base_page:180 | 处理完整资源ID: hanvon.aebr.hanvondrive:id/tv_display
2025-09-03 14:09:36 | INFO     | base.base_page:202 | 获取定位器：home-nut_cloud = hanvon.aebr.hanvondrive:id/drive_type
2025-09-03 14:09:36 | INFO     | base.base_page:180 | 处理完整资源ID: hanvon.aebr.hanvondrive:id/drive_type
2025-09-03 14:09:36 | INFO     | base.base_page:202 | 获取定位器：home-nut_file_id = xpath://*[@resource-id='hanvon.aebr.hanvondrive:id/fileGridTv']
2025-09-03 14:09:36 | INFO     | base.base_page:202 | 获取定位器：home-return_button = hanvon.aebr.hanvondrive:id/bt_back
2025-09-03 14:09:36 | INFO     | base.base_page:180 | 处理完整资源ID: hanvon.aebr.hanvondrive:id/bt_back
2025-09-03 14:09:36 | INFO     | base.base_page:202 | 获取定位器：home-view_more = hanvon.aebr.hanvondrive:id/bt_binddrive_set
2025-09-03 14:09:36 | INFO     | base.base_page:180 | 处理完整资源ID: hanvon.aebr.hanvondrive:id/bt_binddrive_set
2025-09-03 14:09:36 | INFO     | base.base_page:53 | 自动生成配置路径: data/locators/home_page.yaml
2025-09-03 14:09:36 | INFO     | base.base_page:53 | 自动生成配置路径: data/locators/home_page.yaml
2025-09-03 14:09:36 | INFO     | base.base_page:107 | 初始化页面: HomePage | 平台: android
2025-09-03 14:09:36 | INFO     | pages.nut_cloud_page.home_page:20 | 进入主页
2025-09-03 14:09:36 | INFO     | base.base_page:202 | 获取定位器：home-bind_cloud = hanvon.aebr.hanvondrive:id/tv_drive_type
2025-09-03 14:09:36 | INFO     | base.base_page:180 | 处理完整资源ID: hanvon.aebr.hanvondrive:id/tv_drive_type
2025-09-03 14:09:36 | INFO     | base.base_page:202 | 获取定位器：home-bind_cloud_window = hanvon.aebr.hanvondrive:id/dialog_title
2025-09-03 14:09:36 | INFO     | base.base_page:180 | 处理完整资源ID: hanvon.aebr.hanvondrive:id/dialog_title
2025-09-03 14:09:36 | INFO     | base.base_page:202 | 获取定位器：home-iv_nextpage = hanvon.aebr.hanvondrive:id/iv_nextpage
2025-09-03 14:09:36 | INFO     | base.base_page:180 | 处理完整资源ID: hanvon.aebr.hanvondrive:id/iv_nextpage
2025-09-03 14:09:36 | INFO     | base.base_page:202 | 获取定位器：home-iv_prepage = hanvon.aebr.hanvondrive:id/iv_prepage
2025-09-03 14:09:36 | INFO     | base.base_page:180 | 处理完整资源ID: hanvon.aebr.hanvondrive:id/iv_prepage
2025-09-03 14:09:36 | INFO     | base.base_page:202 | 获取定位器：home-more_view_window = hanvon.aebr.hanvondrive:id/tv_display
2025-09-03 14:09:36 | INFO     | base.base_page:180 | 处理完整资源ID: hanvon.aebr.hanvondrive:id/tv_display
2025-09-03 14:09:36 | INFO     | base.base_page:202 | 获取定位器：home-nut_cloud = hanvon.aebr.hanvondrive:id/drive_type
2025-09-03 14:09:36 | INFO     | base.base_page:180 | 处理完整资源ID: hanvon.aebr.hanvondrive:id/drive_type
2025-09-03 14:09:36 | INFO     | base.base_page:202 | 获取定位器：home-nut_file_id = xpath://*[@resource-id='hanvon.aebr.hanvondrive:id/fileGridTv']
2025-09-03 14:09:36 | INFO     | base.base_page:202 | 获取定位器：home-return_button = hanvon.aebr.hanvondrive:id/bt_back
2025-09-03 14:09:36 | INFO     | base.base_page:180 | 处理完整资源ID: hanvon.aebr.hanvondrive:id/bt_back
2025-09-03 14:09:36 | INFO     | base.base_page:202 | 获取定位器：home-view_more = hanvon.aebr.hanvondrive:id/bt_binddrive_set
2025-09-03 14:09:36 | INFO     | base.base_page:180 | 处理完整资源ID: hanvon.aebr.hanvondrive:id/bt_binddrive_set
2025-09-03 14:09:37 | INFO     | conftest:219 | 开始屏幕录制: D:\clear6Trubo\reports\videos\VIDEO_test_input_account_name__u57fa_u7840_u91cd_u547d_u_20250903_140936.mp4
2025-09-03 14:09:37 | INFO     | base.base_page:53 | 自动生成配置路径: data/locators/details_page.yaml
2025-09-03 14:09:37 | INFO     | base.base_page:69 | 已加载配置文件: D:\clear6Trubo\data\locators\details_page.yaml (for DetailsPage)
2025-09-03 14:09:37 | INFO     | base.base_page:53 | 自动生成配置路径: data/locators/details_page.yaml
2025-09-03 14:09:37 | INFO     | base.base_page:107 | 初始化页面: DetailsPage | 平台: android
2025-09-03 14:09:37 | INFO     | pages.nut_cloud_page.details_page:17 | 进入主页
2025-09-03 14:09:37 | INFO     | base.base_page:202 | 获取定位器：details-account_button = hanvon.aebr.hanvondrive:id/tv_accout_detail
2025-09-03 14:09:37 | INFO     | base.base_page:180 | 处理完整资源ID: hanvon.aebr.hanvondrive:id/tv_accout_detail
2025-09-03 14:09:37 | INFO     | base.base_page:202 | 获取定位器：details-account_unbind = hanvon.aebr.hanvondrive:id/unbindTv
2025-09-03 14:09:37 | INFO     | base.base_page:180 | 处理完整资源ID: hanvon.aebr.hanvondrive:id/unbindTv
2025-09-03 14:09:37 | INFO     | base.base_page:202 | 获取定位器：details-close_button = hanvon.aebr.hanvondrive:id/dialog_close
2025-09-03 14:09:37 | INFO     | base.base_page:180 | 处理完整资源ID: hanvon.aebr.hanvondrive:id/dialog_close
2025-09-03 14:09:37 | INFO     | base.base_page:202 | 获取定位器：details-nut_cloud = hanvon.aebr.hanvondrive:id/drive_type
2025-09-03 14:09:37 | INFO     | base.base_page:180 | 处理完整资源ID: hanvon.aebr.hanvondrive:id/drive_type
2025-09-03 14:09:37 | INFO     | base.base_page:202 | 获取定位器：details-rename_button = hanvon.aebr.hanvondrive:id/tv_rename_drive
2025-09-03 14:09:37 | INFO     | base.base_page:180 | 处理完整资源ID: hanvon.aebr.hanvondrive:id/tv_rename_drive
2025-09-03 14:09:37 | INFO     | base.base_page:202 | 获取定位器：details-rename_window = hanvon.aebr.hanvondrive:id/dialog_title
2025-09-03 14:09:37 | INFO     | base.base_page:180 | 处理完整资源ID: hanvon.aebr.hanvondrive:id/dialog_title
2025-09-03 14:09:37 | INFO     | base.base_page:53 | 自动生成配置路径: data/locators/details_page.yaml
2025-09-03 14:09:37 | INFO     | base.base_page:53 | 自动生成配置路径: data/locators/details_page.yaml
2025-09-03 14:09:37 | INFO     | base.base_page:107 | 初始化页面: DetailsPage | 平台: android
2025-09-03 14:09:37 | INFO     | pages.nut_cloud_page.details_page:17 | 进入主页
2025-09-03 14:09:37 | INFO     | base.base_page:202 | 获取定位器：details-account_button = hanvon.aebr.hanvondrive:id/tv_accout_detail
2025-09-03 14:09:37 | INFO     | base.base_page:180 | 处理完整资源ID: hanvon.aebr.hanvondrive:id/tv_accout_detail
2025-09-03 14:09:37 | INFO     | base.base_page:202 | 获取定位器：details-account_unbind = hanvon.aebr.hanvondrive:id/unbindTv
2025-09-03 14:09:37 | INFO     | base.base_page:180 | 处理完整资源ID: hanvon.aebr.hanvondrive:id/unbindTv
2025-09-03 14:09:37 | INFO     | base.base_page:202 | 获取定位器：details-close_button = hanvon.aebr.hanvondrive:id/dialog_close
2025-09-03 14:09:37 | INFO     | base.base_page:180 | 处理完整资源ID: hanvon.aebr.hanvondrive:id/dialog_close
2025-09-03 14:09:37 | INFO     | base.base_page:202 | 获取定位器：details-nut_cloud = hanvon.aebr.hanvondrive:id/drive_type
2025-09-03 14:09:37 | INFO     | base.base_page:180 | 处理完整资源ID: hanvon.aebr.hanvondrive:id/drive_type
2025-09-03 14:09:37 | INFO     | base.base_page:202 | 获取定位器：details-rename_button = hanvon.aebr.hanvondrive:id/tv_rename_drive
2025-09-03 14:09:37 | INFO     | base.base_page:180 | 处理完整资源ID: hanvon.aebr.hanvondrive:id/tv_rename_drive
2025-09-03 14:09:37 | INFO     | base.base_page:202 | 获取定位器：details-rename_window = hanvon.aebr.hanvondrive:id/dialog_title
2025-09-03 14:09:37 | INFO     | base.base_page:180 | 处理完整资源ID: hanvon.aebr.hanvondrive:id/dialog_title
2025-09-03 14:09:37 | INFO     | base.base_page:202 | 获取定位器：home-nut_cloud = hanvon.aebr.hanvondrive:id/drive_type
2025-09-03 14:09:37 | INFO     | base.base_page:180 | 处理完整资源ID: hanvon.aebr.hanvondrive:id/drive_type
2025-09-03 14:09:39 | INFO     | base.base_page:465 | 成功长按元素: ('id', 'hanvon.aebr.hanvondrive:id/drive_type') (2.0秒)
2025-09-03 14:09:39 | INFO     | base.base_page:202 | 获取定位器：details-rename_button = hanvon.aebr.hanvondrive:id/tv_rename_drive
2025-09-03 14:09:39 | INFO     | base.base_page:180 | 处理完整资源ID: hanvon.aebr.hanvondrive:id/tv_rename_drive
2025-09-03 14:09:41 | INFO     | base.base_page:275 | 点击元素：('id', 'hanvon.aebr.hanvondrive:id/tv_rename_drive')
2025-09-03 14:09:41 | INFO     | base.base_page:202 | 获取定位器：details-rename_window = hanvon.aebr.hanvondrive:id/dialog_title
2025-09-03 14:09:41 | INFO     | base.base_page:180 | 处理完整资源ID: hanvon.aebr.hanvondrive:id/dialog_title
2025-09-03 14:09:41 | INFO     | base.base_page:368 | 元素已找到：<appium.webdriver.webelement.WebElement (session="1de4a81d-5f2e-4174-a32d-4dfd2d039994", element="67804f09-efdc-4eaa-aafd-97785594f5a2")>
2025-09-03 14:09:41 | INFO     | pages.nut_cloud_page.details_page:119 | 已返回到账户信息页
2025-09-03 14:09:41 | INFO     | base.base_page:53 | 自动生成配置路径: data/locators/account_rename_page.yaml
2025-09-03 14:09:41 | INFO     | base.base_page:69 | 已加载配置文件: D:\clear6Trubo\data\locators\account_rename_page.yaml (for AccountRenamePage)
2025-09-03 14:09:41 | INFO     | base.base_page:53 | 自动生成配置路径: data/locators/account_rename_page.yaml
2025-09-03 14:09:41 | INFO     | base.base_page:107 | 初始化页面: AccountRenamePage | 平台: android
2025-09-03 14:09:41 | INFO     | pages.nut_cloud_page.account_rename_page:15 | 进入主页
2025-09-03 14:09:41 | INFO     | base.base_page:202 | 获取定位器：account_rename-account_input = hanvon.aebr.hanvondrive:id/foldername_edittext
2025-09-03 14:09:41 | INFO     | base.base_page:180 | 处理完整资源ID: hanvon.aebr.hanvondrive:id/foldername_edittext
2025-09-03 14:09:41 | INFO     | base.base_page:202 | 获取定位器：account_rename-bind_cloud = hanvon.aebr.hanvondrive:id/tv_drive_type
2025-09-03 14:09:41 | INFO     | base.base_page:180 | 处理完整资源ID: hanvon.aebr.hanvondrive:id/tv_drive_type
2025-09-03 14:09:41 | INFO     | base.base_page:202 | 获取定位器：account_rename-cancel_button = hanvon.aebr.hanvondrive:id/dialog_cancel
2025-09-03 14:09:41 | INFO     | base.base_page:180 | 处理完整资源ID: hanvon.aebr.hanvondrive:id/dialog_cancel
2025-09-03 14:09:41 | INFO     | base.base_page:202 | 获取定位器：account_rename-delete_name = hanvon.aebr.hanvondrive:id/deleteTv
2025-09-03 14:09:41 | INFO     | base.base_page:180 | 处理完整资源ID: hanvon.aebr.hanvondrive:id/deleteTv
2025-09-03 14:09:41 | INFO     | base.base_page:202 | 获取定位器：account_rename-sure_button = hanvon.aebr.hanvondrive:id/dialog_sure
2025-09-03 14:09:41 | INFO     | base.base_page:180 | 处理完整资源ID: hanvon.aebr.hanvondrive:id/dialog_sure
2025-09-03 14:09:41 | INFO     | base.base_page:202 | 获取定位器：account_rename-tv_account = hanvon.aebr.hanvondrive:id/tv_accout
2025-09-03 14:09:41 | INFO     | base.base_page:180 | 处理完整资源ID: hanvon.aebr.hanvondrive:id/tv_accout
2025-09-03 14:09:41 | INFO     | base.base_page:202 | 获取定位器：account_rename-account_input = hanvon.aebr.hanvondrive:id/foldername_edittext
2025-09-03 14:09:41 | INFO     | base.base_page:180 | 处理完整资源ID: hanvon.aebr.hanvondrive:id/foldername_edittext
2025-09-03 14:09:42 | INFO     | base.base_page:288 | 输入文本到 ('id', 'hanvon.aebr.hanvondrive:id/foldername_edittext')：'NewAccountName'
2025-09-03 14:09:42 | INFO     | pages.nut_cloud_page.account_rename_page:44 | 账户名称输入值为：NewAccountName
2025-09-03 14:09:42 | INFO     | base.base_page:202 | 获取定位器：account_rename-account_input = hanvon.aebr.hanvondrive:id/foldername_edittext
2025-09-03 14:09:42 | INFO     | base.base_page:180 | 处理完整资源ID: hanvon.aebr.hanvondrive:id/foldername_edittext
2025-09-03 14:09:43 | INFO     | base.base_page:137 | ✅ 使用ADB点击返回键
2025-09-03 14:09:44 | INFO     | base.base_page:137 | ✅ 使用ADB点击返回键
2025-09-03 14:09:45 | INFO     | conftest:233 | 停止屏幕录制: D:\clear6Trubo\reports\videos\VIDEO_test_input_account_name__u57fa_u7840_u91cd_u547d_u_20250903_140936.mp4
2025-09-03 14:09:45 | INFO     | conftest:239 | 屏幕录制已保存: D:\clear6Trubo\reports\videos\VIDEO_test_input_account_name__u57fa_u7840_u91cd_u547d_u_20250903_140936.mp4
2025-09-03 14:09:45 | INFO     | conftest:346 | 已将录屏附加到Allure报告: VIDEO_test_input_account_name__u57fa_u7840_u91cd_u547d_u_20250903_140936.mp4
2025-09-03 14:09:46 | INFO     | conftest:219 | 开始屏幕录制: D:\clear6Trubo\reports\videos\VIDEO_test_input_account_name__u4e2d_u6587_u540d_u79f0_u_20250903_140945.mp4
2025-09-03 14:09:46 | INFO     | base.base_page:53 | 自动生成配置路径: data/locators/details_page.yaml
2025-09-03 14:09:46 | INFO     | base.base_page:53 | 自动生成配置路径: data/locators/details_page.yaml
2025-09-03 14:09:46 | INFO     | base.base_page:107 | 初始化页面: DetailsPage | 平台: android
2025-09-03 14:09:46 | INFO     | pages.nut_cloud_page.details_page:17 | 进入主页
2025-09-03 14:09:46 | INFO     | base.base_page:202 | 获取定位器：details-account_button = hanvon.aebr.hanvondrive:id/tv_accout_detail
2025-09-03 14:09:46 | INFO     | base.base_page:180 | 处理完整资源ID: hanvon.aebr.hanvondrive:id/tv_accout_detail
2025-09-03 14:09:46 | INFO     | base.base_page:202 | 获取定位器：details-account_unbind = hanvon.aebr.hanvondrive:id/unbindTv
2025-09-03 14:09:46 | INFO     | base.base_page:180 | 处理完整资源ID: hanvon.aebr.hanvondrive:id/unbindTv
2025-09-03 14:09:46 | INFO     | base.base_page:202 | 获取定位器：details-close_button = hanvon.aebr.hanvondrive:id/dialog_close
2025-09-03 14:09:46 | INFO     | base.base_page:180 | 处理完整资源ID: hanvon.aebr.hanvondrive:id/dialog_close
2025-09-03 14:09:46 | INFO     | base.base_page:202 | 获取定位器：details-nut_cloud = hanvon.aebr.hanvondrive:id/drive_type
2025-09-03 14:09:46 | INFO     | base.base_page:180 | 处理完整资源ID: hanvon.aebr.hanvondrive:id/drive_type
2025-09-03 14:09:46 | INFO     | base.base_page:202 | 获取定位器：details-rename_button = hanvon.aebr.hanvondrive:id/tv_rename_drive
2025-09-03 14:09:46 | INFO     | base.base_page:180 | 处理完整资源ID: hanvon.aebr.hanvondrive:id/tv_rename_drive
2025-09-03 14:09:46 | INFO     | base.base_page:202 | 获取定位器：details-rename_window = hanvon.aebr.hanvondrive:id/dialog_title
2025-09-03 14:09:46 | INFO     | base.base_page:180 | 处理完整资源ID: hanvon.aebr.hanvondrive:id/dialog_title
2025-09-03 14:09:46 | INFO     | base.base_page:53 | 自动生成配置路径: data/locators/details_page.yaml
2025-09-03 14:09:46 | INFO     | base.base_page:53 | 自动生成配置路径: data/locators/details_page.yaml
2025-09-03 14:09:46 | INFO     | base.base_page:107 | 初始化页面: DetailsPage | 平台: android
2025-09-03 14:09:46 | INFO     | pages.nut_cloud_page.details_page:17 | 进入主页
2025-09-03 14:09:46 | INFO     | base.base_page:202 | 获取定位器：details-account_button = hanvon.aebr.hanvondrive:id/tv_accout_detail
2025-09-03 14:09:46 | INFO     | base.base_page:180 | 处理完整资源ID: hanvon.aebr.hanvondrive:id/tv_accout_detail
2025-09-03 14:09:46 | INFO     | base.base_page:202 | 获取定位器：details-account_unbind = hanvon.aebr.hanvondrive:id/unbindTv
2025-09-03 14:09:46 | INFO     | base.base_page:180 | 处理完整资源ID: hanvon.aebr.hanvondrive:id/unbindTv
2025-09-03 14:09:46 | INFO     | base.base_page:202 | 获取定位器：details-close_button = hanvon.aebr.hanvondrive:id/dialog_close
2025-09-03 14:09:46 | INFO     | base.base_page:180 | 处理完整资源ID: hanvon.aebr.hanvondrive:id/dialog_close
2025-09-03 14:09:46 | INFO     | base.base_page:202 | 获取定位器：details-nut_cloud = hanvon.aebr.hanvondrive:id/drive_type
2025-09-03 14:09:46 | INFO     | base.base_page:180 | 处理完整资源ID: hanvon.aebr.hanvondrive:id/drive_type
2025-09-03 14:09:46 | INFO     | base.base_page:202 | 获取定位器：details-rename_button = hanvon.aebr.hanvondrive:id/tv_rename_drive
2025-09-03 14:09:46 | INFO     | base.base_page:180 | 处理完整资源ID: hanvon.aebr.hanvondrive:id/tv_rename_drive
2025-09-03 14:09:46 | INFO     | base.base_page:202 | 获取定位器：details-rename_window = hanvon.aebr.hanvondrive:id/dialog_title
2025-09-03 14:09:46 | INFO     | base.base_page:180 | 处理完整资源ID: hanvon.aebr.hanvondrive:id/dialog_title
2025-09-03 14:09:46 | INFO     | base.base_page:202 | 获取定位器：home-nut_cloud = hanvon.aebr.hanvondrive:id/drive_type
2025-09-03 14:09:46 | INFO     | base.base_page:180 | 处理完整资源ID: hanvon.aebr.hanvondrive:id/drive_type
2025-09-03 14:09:48 | INFO     | base.base_page:465 | 成功长按元素: ('id', 'hanvon.aebr.hanvondrive:id/drive_type') (2.0秒)
2025-09-03 14:09:48 | INFO     | base.base_page:202 | 获取定位器：details-rename_button = hanvon.aebr.hanvondrive:id/tv_rename_drive
2025-09-03 14:09:48 | INFO     | base.base_page:180 | 处理完整资源ID: hanvon.aebr.hanvondrive:id/tv_rename_drive
2025-09-03 14:09:50 | INFO     | base.base_page:275 | 点击元素：('id', 'hanvon.aebr.hanvondrive:id/tv_rename_drive')
2025-09-03 14:09:50 | INFO     | base.base_page:202 | 获取定位器：details-rename_window = hanvon.aebr.hanvondrive:id/dialog_title
2025-09-03 14:09:50 | INFO     | base.base_page:180 | 处理完整资源ID: hanvon.aebr.hanvondrive:id/dialog_title
2025-09-03 14:09:50 | INFO     | base.base_page:368 | 元素已找到：<appium.webdriver.webelement.WebElement (session="1de4a81d-5f2e-4174-a32d-4dfd2d039994", element="02e65cc9-805d-4293-a64a-8edeb8d41534")>
2025-09-03 14:09:50 | INFO     | pages.nut_cloud_page.details_page:119 | 已返回到账户信息页
2025-09-03 14:09:50 | INFO     | base.base_page:53 | 自动生成配置路径: data/locators/account_rename_page.yaml
2025-09-03 14:09:50 | INFO     | base.base_page:53 | 自动生成配置路径: data/locators/account_rename_page.yaml
2025-09-03 14:09:50 | INFO     | base.base_page:107 | 初始化页面: AccountRenamePage | 平台: android
2025-09-03 14:09:50 | INFO     | pages.nut_cloud_page.account_rename_page:15 | 进入主页
2025-09-03 14:09:50 | INFO     | base.base_page:202 | 获取定位器：account_rename-account_input = hanvon.aebr.hanvondrive:id/foldername_edittext
2025-09-03 14:09:50 | INFO     | base.base_page:180 | 处理完整资源ID: hanvon.aebr.hanvondrive:id/foldername_edittext
2025-09-03 14:09:50 | INFO     | base.base_page:202 | 获取定位器：account_rename-bind_cloud = hanvon.aebr.hanvondrive:id/tv_drive_type
2025-09-03 14:09:50 | INFO     | base.base_page:180 | 处理完整资源ID: hanvon.aebr.hanvondrive:id/tv_drive_type
2025-09-03 14:09:50 | INFO     | base.base_page:202 | 获取定位器：account_rename-cancel_button = hanvon.aebr.hanvondrive:id/dialog_cancel
2025-09-03 14:09:50 | INFO     | base.base_page:180 | 处理完整资源ID: hanvon.aebr.hanvondrive:id/dialog_cancel
2025-09-03 14:09:50 | INFO     | base.base_page:202 | 获取定位器：account_rename-delete_name = hanvon.aebr.hanvondrive:id/deleteTv
2025-09-03 14:09:50 | INFO     | base.base_page:180 | 处理完整资源ID: hanvon.aebr.hanvondrive:id/deleteTv
2025-09-03 14:09:50 | INFO     | base.base_page:202 | 获取定位器：account_rename-sure_button = hanvon.aebr.hanvondrive:id/dialog_sure
2025-09-03 14:09:50 | INFO     | base.base_page:180 | 处理完整资源ID: hanvon.aebr.hanvondrive:id/dialog_sure
2025-09-03 14:09:50 | INFO     | base.base_page:202 | 获取定位器：account_rename-tv_account = hanvon.aebr.hanvondrive:id/tv_accout
2025-09-03 14:09:50 | INFO     | base.base_page:180 | 处理完整资源ID: hanvon.aebr.hanvondrive:id/tv_accout
2025-09-03 14:09:50 | INFO     | base.base_page:202 | 获取定位器：account_rename-account_input = hanvon.aebr.hanvondrive:id/foldername_edittext
2025-09-03 14:09:50 | INFO     | base.base_page:180 | 处理完整资源ID: hanvon.aebr.hanvondrive:id/foldername_edittext
2025-09-03 14:09:51 | INFO     | base.base_page:288 | 输入文本到 ('id', 'hanvon.aebr.hanvondrive:id/foldername_edittext')：'汉王科技账户'
2025-09-03 14:09:51 | INFO     | pages.nut_cloud_page.account_rename_page:44 | 账户名称输入值为：汉王科技账户
2025-09-03 14:09:51 | INFO     | base.base_page:202 | 获取定位器：account_rename-account_input = hanvon.aebr.hanvondrive:id/foldername_edittext
2025-09-03 14:09:51 | INFO     | base.base_page:180 | 处理完整资源ID: hanvon.aebr.hanvondrive:id/foldername_edittext
2025-09-03 14:09:51 | INFO     | base.base_page:137 | ✅ 使用ADB点击返回键
2025-09-03 14:09:53 | INFO     | base.base_page:137 | ✅ 使用ADB点击返回键
2025-09-03 14:09:55 | INFO     | conftest:233 | 停止屏幕录制: D:\clear6Trubo\reports\videos\VIDEO_test_input_account_name__u4e2d_u6587_u540d_u79f0_u_20250903_140945.mp4
2025-09-03 14:09:55 | INFO     | conftest:239 | 屏幕录制已保存: D:\clear6Trubo\reports\videos\VIDEO_test_input_account_name__u4e2d_u6587_u540d_u79f0_u_20250903_140945.mp4
2025-09-03 14:09:55 | INFO     | conftest:346 | 已将录屏附加到Allure报告: VIDEO_test_input_account_name__u4e2d_u6587_u540d_u79f0_u_20250903_140945.mp4
2025-09-03 14:09:56 | INFO     | conftest:219 | 开始屏幕录制: D:\clear6Trubo\reports\videos\VIDEO_test_input_account_name__u7279_u6b8a_u5b57_u7b26_u_20250903_140955.mp4
2025-09-03 14:09:56 | INFO     | base.base_page:53 | 自动生成配置路径: data/locators/details_page.yaml
2025-09-03 14:09:56 | INFO     | base.base_page:53 | 自动生成配置路径: data/locators/details_page.yaml
2025-09-03 14:09:56 | INFO     | base.base_page:107 | 初始化页面: DetailsPage | 平台: android
2025-09-03 14:09:56 | INFO     | pages.nut_cloud_page.details_page:17 | 进入主页
2025-09-03 14:09:56 | INFO     | base.base_page:202 | 获取定位器：details-account_button = hanvon.aebr.hanvondrive:id/tv_accout_detail
2025-09-03 14:09:56 | INFO     | base.base_page:180 | 处理完整资源ID: hanvon.aebr.hanvondrive:id/tv_accout_detail
2025-09-03 14:09:56 | INFO     | base.base_page:202 | 获取定位器：details-account_unbind = hanvon.aebr.hanvondrive:id/unbindTv
2025-09-03 14:09:56 | INFO     | base.base_page:180 | 处理完整资源ID: hanvon.aebr.hanvondrive:id/unbindTv
2025-09-03 14:09:56 | INFO     | base.base_page:202 | 获取定位器：details-close_button = hanvon.aebr.hanvondrive:id/dialog_close
2025-09-03 14:09:56 | INFO     | base.base_page:180 | 处理完整资源ID: hanvon.aebr.hanvondrive:id/dialog_close
2025-09-03 14:09:56 | INFO     | base.base_page:202 | 获取定位器：details-nut_cloud = hanvon.aebr.hanvondrive:id/drive_type
2025-09-03 14:09:56 | INFO     | base.base_page:180 | 处理完整资源ID: hanvon.aebr.hanvondrive:id/drive_type
2025-09-03 14:09:56 | INFO     | base.base_page:202 | 获取定位器：details-rename_button = hanvon.aebr.hanvondrive:id/tv_rename_drive
2025-09-03 14:09:56 | INFO     | base.base_page:180 | 处理完整资源ID: hanvon.aebr.hanvondrive:id/tv_rename_drive
2025-09-03 14:09:56 | INFO     | base.base_page:202 | 获取定位器：details-rename_window = hanvon.aebr.hanvondrive:id/dialog_title
2025-09-03 14:09:56 | INFO     | base.base_page:180 | 处理完整资源ID: hanvon.aebr.hanvondrive:id/dialog_title
2025-09-03 14:09:56 | INFO     | base.base_page:53 | 自动生成配置路径: data/locators/details_page.yaml
2025-09-03 14:09:56 | INFO     | base.base_page:53 | 自动生成配置路径: data/locators/details_page.yaml
2025-09-03 14:09:56 | INFO     | base.base_page:107 | 初始化页面: DetailsPage | 平台: android
2025-09-03 14:09:56 | INFO     | pages.nut_cloud_page.details_page:17 | 进入主页
2025-09-03 14:09:56 | INFO     | base.base_page:202 | 获取定位器：details-account_button = hanvon.aebr.hanvondrive:id/tv_accout_detail
2025-09-03 14:09:56 | INFO     | base.base_page:180 | 处理完整资源ID: hanvon.aebr.hanvondrive:id/tv_accout_detail
2025-09-03 14:09:56 | INFO     | base.base_page:202 | 获取定位器：details-account_unbind = hanvon.aebr.hanvondrive:id/unbindTv
2025-09-03 14:09:56 | INFO     | base.base_page:180 | 处理完整资源ID: hanvon.aebr.hanvondrive:id/unbindTv
2025-09-03 14:09:56 | INFO     | base.base_page:202 | 获取定位器：details-close_button = hanvon.aebr.hanvondrive:id/dialog_close
2025-09-03 14:09:56 | INFO     | base.base_page:180 | 处理完整资源ID: hanvon.aebr.hanvondrive:id/dialog_close
2025-09-03 14:09:56 | INFO     | base.base_page:202 | 获取定位器：details-nut_cloud = hanvon.aebr.hanvondrive:id/drive_type
2025-09-03 14:09:56 | INFO     | base.base_page:180 | 处理完整资源ID: hanvon.aebr.hanvondrive:id/drive_type
2025-09-03 14:09:56 | INFO     | base.base_page:202 | 获取定位器：details-rename_button = hanvon.aebr.hanvondrive:id/tv_rename_drive
2025-09-03 14:09:56 | INFO     | base.base_page:180 | 处理完整资源ID: hanvon.aebr.hanvondrive:id/tv_rename_drive
2025-09-03 14:09:56 | INFO     | base.base_page:202 | 获取定位器：details-rename_window = hanvon.aebr.hanvondrive:id/dialog_title
2025-09-03 14:09:56 | INFO     | base.base_page:180 | 处理完整资源ID: hanvon.aebr.hanvondrive:id/dialog_title
2025-09-03 14:09:56 | INFO     | base.base_page:202 | 获取定位器：home-nut_cloud = hanvon.aebr.hanvondrive:id/drive_type
2025-09-03 14:09:56 | INFO     | base.base_page:180 | 处理完整资源ID: hanvon.aebr.hanvondrive:id/drive_type
2025-09-03 14:09:58 | INFO     | base.base_page:465 | 成功长按元素: ('id', 'hanvon.aebr.hanvondrive:id/drive_type') (2.0秒)
2025-09-03 14:09:58 | INFO     | base.base_page:202 | 获取定位器：details-rename_button = hanvon.aebr.hanvondrive:id/tv_rename_drive
2025-09-03 14:09:58 | INFO     | base.base_page:180 | 处理完整资源ID: hanvon.aebr.hanvondrive:id/tv_rename_drive
2025-09-03 14:09:59 | INFO     | base.base_page:275 | 点击元素：('id', 'hanvon.aebr.hanvondrive:id/tv_rename_drive')
2025-09-03 14:09:59 | INFO     | base.base_page:202 | 获取定位器：details-rename_window = hanvon.aebr.hanvondrive:id/dialog_title
2025-09-03 14:09:59 | INFO     | base.base_page:180 | 处理完整资源ID: hanvon.aebr.hanvondrive:id/dialog_title
2025-09-03 14:09:59 | INFO     | base.base_page:368 | 元素已找到：<appium.webdriver.webelement.WebElement (session="1de4a81d-5f2e-4174-a32d-4dfd2d039994", element="8d0e552d-ab75-44e2-8bf3-3073c2c98e6f")>
2025-09-03 14:09:59 | INFO     | pages.nut_cloud_page.details_page:119 | 已返回到账户信息页
2025-09-03 14:09:59 | INFO     | base.base_page:53 | 自动生成配置路径: data/locators/account_rename_page.yaml
2025-09-03 14:09:59 | INFO     | base.base_page:53 | 自动生成配置路径: data/locators/account_rename_page.yaml
2025-09-03 14:09:59 | INFO     | base.base_page:107 | 初始化页面: AccountRenamePage | 平台: android
2025-09-03 14:09:59 | INFO     | pages.nut_cloud_page.account_rename_page:15 | 进入主页
2025-09-03 14:09:59 | INFO     | base.base_page:202 | 获取定位器：account_rename-account_input = hanvon.aebr.hanvondrive:id/foldername_edittext
2025-09-03 14:09:59 | INFO     | base.base_page:180 | 处理完整资源ID: hanvon.aebr.hanvondrive:id/foldername_edittext
2025-09-03 14:09:59 | INFO     | base.base_page:202 | 获取定位器：account_rename-bind_cloud = hanvon.aebr.hanvondrive:id/tv_drive_type
2025-09-03 14:09:59 | INFO     | base.base_page:180 | 处理完整资源ID: hanvon.aebr.hanvondrive:id/tv_drive_type
2025-09-03 14:09:59 | INFO     | base.base_page:202 | 获取定位器：account_rename-cancel_button = hanvon.aebr.hanvondrive:id/dialog_cancel
2025-09-03 14:09:59 | INFO     | base.base_page:180 | 处理完整资源ID: hanvon.aebr.hanvondrive:id/dialog_cancel
2025-09-03 14:09:59 | INFO     | base.base_page:202 | 获取定位器：account_rename-delete_name = hanvon.aebr.hanvondrive:id/deleteTv
2025-09-03 14:09:59 | INFO     | base.base_page:180 | 处理完整资源ID: hanvon.aebr.hanvondrive:id/deleteTv
2025-09-03 14:09:59 | INFO     | base.base_page:202 | 获取定位器：account_rename-sure_button = hanvon.aebr.hanvondrive:id/dialog_sure
2025-09-03 14:09:59 | INFO     | base.base_page:180 | 处理完整资源ID: hanvon.aebr.hanvondrive:id/dialog_sure
2025-09-03 14:09:59 | INFO     | base.base_page:202 | 获取定位器：account_rename-tv_account = hanvon.aebr.hanvondrive:id/tv_accout
2025-09-03 14:09:59 | INFO     | base.base_page:180 | 处理完整资源ID: hanvon.aebr.hanvondrive:id/tv_accout
2025-09-03 14:09:59 | INFO     | base.base_page:202 | 获取定位器：account_rename-account_input = hanvon.aebr.hanvondrive:id/foldername_edittext
2025-09-03 14:09:59 | INFO     | base.base_page:180 | 处理完整资源ID: hanvon.aebr.hanvondrive:id/foldername_edittext
2025-09-03 14:10:00 | INFO     | base.base_page:288 | 输入文本到 ('id', 'hanvon.aebr.hanvondrive:id/foldername_edittext')：'Account_123!@#.+-~！@#￥%……&*（）——+？“：|'
2025-09-03 14:10:00 | INFO     | pages.nut_cloud_page.account_rename_page:44 | 账户名称输入值为：Account_123!@#.+-~！@#￥%……&*（）——+？“：|
2025-09-03 14:10:00 | INFO     | base.base_page:202 | 获取定位器：account_rename-account_input = hanvon.aebr.hanvondrive:id/foldername_edittext
2025-09-03 14:10:00 | INFO     | base.base_page:180 | 处理完整资源ID: hanvon.aebr.hanvondrive:id/foldername_edittext
2025-09-03 14:10:01 | INFO     | base.base_page:137 | ✅ 使用ADB点击返回键
2025-09-03 14:10:02 | INFO     | base.base_page:137 | ✅ 使用ADB点击返回键
2025-09-03 14:10:04 | INFO     | conftest:233 | 停止屏幕录制: D:\clear6Trubo\reports\videos\VIDEO_test_input_account_name__u7279_u6b8a_u5b57_u7b26_u_20250903_140955.mp4
2025-09-03 14:10:04 | INFO     | conftest:239 | 屏幕录制已保存: D:\clear6Trubo\reports\videos\VIDEO_test_input_account_name__u7279_u6b8a_u5b57_u7b26_u_20250903_140955.mp4
2025-09-03 14:10:04 | INFO     | conftest:346 | 已将录屏附加到Allure报告: VIDEO_test_input_account_name__u7279_u6b8a_u5b57_u7b26_u_20250903_140955.mp4
2025-09-03 14:10:05 | INFO     | conftest:219 | 开始屏幕录制: D:\clear6Trubo\reports\videos\VIDEO_test_input_account_name__u8d85_u957f_u540d_u79f0_u_20250903_141004.mp4
2025-09-03 14:10:05 | INFO     | base.base_page:53 | 自动生成配置路径: data/locators/details_page.yaml
2025-09-03 14:10:05 | INFO     | base.base_page:53 | 自动生成配置路径: data/locators/details_page.yaml
2025-09-03 14:10:05 | INFO     | base.base_page:107 | 初始化页面: DetailsPage | 平台: android
2025-09-03 14:10:05 | INFO     | pages.nut_cloud_page.details_page:17 | 进入主页
2025-09-03 14:10:05 | INFO     | base.base_page:202 | 获取定位器：details-account_button = hanvon.aebr.hanvondrive:id/tv_accout_detail
2025-09-03 14:10:05 | INFO     | base.base_page:180 | 处理完整资源ID: hanvon.aebr.hanvondrive:id/tv_accout_detail
2025-09-03 14:10:05 | INFO     | base.base_page:202 | 获取定位器：details-account_unbind = hanvon.aebr.hanvondrive:id/unbindTv
2025-09-03 14:10:05 | INFO     | base.base_page:180 | 处理完整资源ID: hanvon.aebr.hanvondrive:id/unbindTv
2025-09-03 14:10:05 | INFO     | base.base_page:202 | 获取定位器：details-close_button = hanvon.aebr.hanvondrive:id/dialog_close
2025-09-03 14:10:05 | INFO     | base.base_page:180 | 处理完整资源ID: hanvon.aebr.hanvondrive:id/dialog_close
2025-09-03 14:10:05 | INFO     | base.base_page:202 | 获取定位器：details-nut_cloud = hanvon.aebr.hanvondrive:id/drive_type
2025-09-03 14:10:05 | INFO     | base.base_page:180 | 处理完整资源ID: hanvon.aebr.hanvondrive:id/drive_type
2025-09-03 14:10:05 | INFO     | base.base_page:202 | 获取定位器：details-rename_button = hanvon.aebr.hanvondrive:id/tv_rename_drive
2025-09-03 14:10:05 | INFO     | base.base_page:180 | 处理完整资源ID: hanvon.aebr.hanvondrive:id/tv_rename_drive
2025-09-03 14:10:05 | INFO     | base.base_page:202 | 获取定位器：details-rename_window = hanvon.aebr.hanvondrive:id/dialog_title
2025-09-03 14:10:05 | INFO     | base.base_page:180 | 处理完整资源ID: hanvon.aebr.hanvondrive:id/dialog_title
2025-09-03 14:10:05 | INFO     | base.base_page:53 | 自动生成配置路径: data/locators/details_page.yaml
2025-09-03 14:10:05 | INFO     | base.base_page:53 | 自动生成配置路径: data/locators/details_page.yaml
2025-09-03 14:10:05 | INFO     | base.base_page:107 | 初始化页面: DetailsPage | 平台: android
2025-09-03 14:10:05 | INFO     | pages.nut_cloud_page.details_page:17 | 进入主页
2025-09-03 14:10:05 | INFO     | base.base_page:202 | 获取定位器：details-account_button = hanvon.aebr.hanvondrive:id/tv_accout_detail
2025-09-03 14:10:05 | INFO     | base.base_page:180 | 处理完整资源ID: hanvon.aebr.hanvondrive:id/tv_accout_detail
2025-09-03 14:10:05 | INFO     | base.base_page:202 | 获取定位器：details-account_unbind = hanvon.aebr.hanvondrive:id/unbindTv
2025-09-03 14:10:05 | INFO     | base.base_page:180 | 处理完整资源ID: hanvon.aebr.hanvondrive:id/unbindTv
2025-09-03 14:10:05 | INFO     | base.base_page:202 | 获取定位器：details-close_button = hanvon.aebr.hanvondrive:id/dialog_close
2025-09-03 14:10:05 | INFO     | base.base_page:180 | 处理完整资源ID: hanvon.aebr.hanvondrive:id/dialog_close
2025-09-03 14:10:05 | INFO     | base.base_page:202 | 获取定位器：details-nut_cloud = hanvon.aebr.hanvondrive:id/drive_type
2025-09-03 14:10:05 | INFO     | base.base_page:180 | 处理完整资源ID: hanvon.aebr.hanvondrive:id/drive_type
2025-09-03 14:10:05 | INFO     | base.base_page:202 | 获取定位器：details-rename_button = hanvon.aebr.hanvondrive:id/tv_rename_drive
2025-09-03 14:10:05 | INFO     | base.base_page:180 | 处理完整资源ID: hanvon.aebr.hanvondrive:id/tv_rename_drive
2025-09-03 14:10:05 | INFO     | base.base_page:202 | 获取定位器：details-rename_window = hanvon.aebr.hanvondrive:id/dialog_title
2025-09-03 14:10:05 | INFO     | base.base_page:180 | 处理完整资源ID: hanvon.aebr.hanvondrive:id/dialog_title
2025-09-03 14:10:05 | INFO     | base.base_page:202 | 获取定位器：home-nut_cloud = hanvon.aebr.hanvondrive:id/drive_type
2025-09-03 14:10:05 | INFO     | base.base_page:180 | 处理完整资源ID: hanvon.aebr.hanvondrive:id/drive_type
2025-09-03 14:10:07 | INFO     | base.base_page:465 | 成功长按元素: ('id', 'hanvon.aebr.hanvondrive:id/drive_type') (2.0秒)
2025-09-03 14:10:07 | INFO     | base.base_page:202 | 获取定位器：details-rename_button = hanvon.aebr.hanvondrive:id/tv_rename_drive
2025-09-03 14:10:07 | INFO     | base.base_page:180 | 处理完整资源ID: hanvon.aebr.hanvondrive:id/tv_rename_drive
2025-09-03 14:10:08 | INFO     | base.base_page:275 | 点击元素：('id', 'hanvon.aebr.hanvondrive:id/tv_rename_drive')
2025-09-03 14:10:08 | INFO     | base.base_page:202 | 获取定位器：details-rename_window = hanvon.aebr.hanvondrive:id/dialog_title
2025-09-03 14:10:08 | INFO     | base.base_page:180 | 处理完整资源ID: hanvon.aebr.hanvondrive:id/dialog_title
2025-09-03 14:10:08 | INFO     | base.base_page:368 | 元素已找到：<appium.webdriver.webelement.WebElement (session="1de4a81d-5f2e-4174-a32d-4dfd2d039994", element="b9e2a504-9f85-424c-a151-186af4571b78")>
2025-09-03 14:10:08 | INFO     | pages.nut_cloud_page.details_page:119 | 已返回到账户信息页
2025-09-03 14:10:08 | INFO     | base.base_page:53 | 自动生成配置路径: data/locators/account_rename_page.yaml
2025-09-03 14:10:08 | INFO     | base.base_page:53 | 自动生成配置路径: data/locators/account_rename_page.yaml
2025-09-03 14:10:08 | INFO     | base.base_page:107 | 初始化页面: AccountRenamePage | 平台: android
2025-09-03 14:10:08 | INFO     | pages.nut_cloud_page.account_rename_page:15 | 进入主页
2025-09-03 14:10:08 | INFO     | base.base_page:202 | 获取定位器：account_rename-account_input = hanvon.aebr.hanvondrive:id/foldername_edittext
2025-09-03 14:10:08 | INFO     | base.base_page:180 | 处理完整资源ID: hanvon.aebr.hanvondrive:id/foldername_edittext
2025-09-03 14:10:08 | INFO     | base.base_page:202 | 获取定位器：account_rename-bind_cloud = hanvon.aebr.hanvondrive:id/tv_drive_type
2025-09-03 14:10:08 | INFO     | base.base_page:180 | 处理完整资源ID: hanvon.aebr.hanvondrive:id/tv_drive_type
2025-09-03 14:10:08 | INFO     | base.base_page:202 | 获取定位器：account_rename-cancel_button = hanvon.aebr.hanvondrive:id/dialog_cancel
2025-09-03 14:10:08 | INFO     | base.base_page:180 | 处理完整资源ID: hanvon.aebr.hanvondrive:id/dialog_cancel
2025-09-03 14:10:08 | INFO     | base.base_page:202 | 获取定位器：account_rename-delete_name = hanvon.aebr.hanvondrive:id/deleteTv
2025-09-03 14:10:08 | INFO     | base.base_page:180 | 处理完整资源ID: hanvon.aebr.hanvondrive:id/deleteTv
2025-09-03 14:10:08 | INFO     | base.base_page:202 | 获取定位器：account_rename-sure_button = hanvon.aebr.hanvondrive:id/dialog_sure
2025-09-03 14:10:08 | INFO     | base.base_page:180 | 处理完整资源ID: hanvon.aebr.hanvondrive:id/dialog_sure
2025-09-03 14:10:08 | INFO     | base.base_page:202 | 获取定位器：account_rename-tv_account = hanvon.aebr.hanvondrive:id/tv_accout
2025-09-03 14:10:08 | INFO     | base.base_page:180 | 处理完整资源ID: hanvon.aebr.hanvondrive:id/tv_accout
2025-09-03 14:10:08 | INFO     | base.base_page:202 | 获取定位器：account_rename-account_input = hanvon.aebr.hanvondrive:id/foldername_edittext
2025-09-03 14:10:08 | INFO     | base.base_page:180 | 处理完整资源ID: hanvon.aebr.hanvondrive:id/foldername_edittext
2025-09-03 14:10:10 | INFO     | base.base_page:288 | 输入文本到 ('id', 'hanvon.aebr.hanvondrive:id/foldername_edittext')：'VeryLongAccountNameWithMoreThanFiftyCharactersForTestingVeryLongAccountNameWithMoreThanFiftyCharactersForTesting'
2025-09-03 14:10:10 | INFO     | pages.nut_cloud_page.account_rename_page:44 | 账户名称输入值为：VeryLongAccountNameWithMoreThanFiftyCharactersForTestingVeryLongAccountNameWithMoreThanFiftyCharactersForTesting
2025-09-03 14:10:10 | INFO     | base.base_page:202 | 获取定位器：account_rename-account_input = hanvon.aebr.hanvondrive:id/foldername_edittext
2025-09-03 14:10:10 | INFO     | base.base_page:180 | 处理完整资源ID: hanvon.aebr.hanvondrive:id/foldername_edittext
2025-09-03 14:10:11 | INFO     | base.base_page:137 | ✅ 使用ADB点击返回键
2025-09-03 14:10:12 | INFO     | base.base_page:137 | ✅ 使用ADB点击返回键
2025-09-03 14:10:13 | INFO     | conftest:233 | 停止屏幕录制: D:\clear6Trubo\reports\videos\VIDEO_test_input_account_name__u8d85_u957f_u540d_u79f0_u_20250903_141004.mp4
2025-09-03 14:10:13 | INFO     | conftest:239 | 屏幕录制已保存: D:\clear6Trubo\reports\videos\VIDEO_test_input_account_name__u8d85_u957f_u540d_u79f0_u_20250903_141004.mp4
2025-09-03 14:10:14 | INFO     | conftest:346 | 已将录屏附加到Allure报告: VIDEO_test_input_account_name__u8d85_u957f_u540d_u79f0_u_20250903_141004.mp4
2025-09-03 14:10:14 | INFO     | conftest:381 | ==================================================
2025-09-03 14:10:14 | INFO     | conftest:382 | 测试会话结束状态: 0
2025-09-03 14:10:14 | INFO     | conftest:383 | ==================================================
2025-09-03 14:13:38 | INFO     | conftest:162 | 已删除旧文件: VIDEO_test_input_account_name__u8d85_u957f_u540d_u79f0_u_20250902_114344.mp4
2025-09-03 14:13:38 | INFO     | conftest:162 | 已删除旧文件: VIDEO_test_input_account_name__u7279_u6b8a_u5b57_u7b26_u_20250902_114330.mp4
2025-09-03 14:13:38 | INFO     | conftest:162 | 已删除旧文件: VIDEO_test_input_account_name__u4e2d_u6587_u540d_u79f0_u_20250902_114317.mp4
2025-09-03 14:13:38 | INFO     | conftest:162 | 已删除旧文件: VIDEO_test_input_account_name__u57fa_u7840_u91cd_u547d_u_20250902_114303.mp4
2025-09-03 14:13:38 | INFO     | utils.test_data_loader:13 | 项目根目录: D:\clear6Trubo
2025-09-03 14:13:38 | INFO     | utils.test_data_loader:19 | 完整文件路径: D:\clear6Trubo\data\test_data\positive_rename.json
2025-09-03 14:13:38 | INFO     | utils.test_data_loader:20 | 文件存在: True
2025-09-03 14:13:38 | INFO     | conftest:413 | ✅ 成功删除数据库文件: /storage/emulated/0/hwsys/database/clouds.db
2025-09-03 14:13:48 | INFO     | base.base_page:53 | 自动生成配置路径: data/locators/home_clouds_page.yaml
2025-09-03 14:13:48 | INFO     | base.base_page:69 | 已加载配置文件: D:\clear6Trubo\data\locators\home_clouds_page.yaml (for HomeCloudsPage)
2025-09-03 14:13:48 | INFO     | base.base_page:53 | 自动生成配置路径: data/locators/home_clouds_page.yaml
2025-09-03 14:13:48 | INFO     | base.base_page:107 | 初始化页面: HomeCloudsPage | 平台: android
2025-09-03 14:13:48 | INFO     | base.base_page:202 | 获取定位器：home-aliyun_home_id = com.Hanovn.HanovnBrowser:id/content_frame
2025-09-03 14:13:48 | INFO     | base.base_page:180 | 处理完整资源ID: com.Hanovn.HanovnBrowser:id/content_frame
2025-09-03 14:13:48 | INFO     | base.base_page:202 | 获取定位器：home-baidu_home_cloud_id = hanvon.aebr.hanvondrive:id/tv_drive
2025-09-03 14:13:48 | INFO     | base.base_page:180 | 处理完整资源ID: hanvon.aebr.hanvondrive:id/tv_drive
2025-09-03 14:13:48 | INFO     | base.base_page:202 | 获取定位器：home-nut_webdav_home_cloud_id = hanvon.aebr.hanvondrive:id/bt_back
2025-09-03 14:13:48 | INFO     | base.base_page:180 | 处理完整资源ID: hanvon.aebr.hanvondrive:id/bt_back
2025-09-03 14:13:48 | INFO     | base.base_page:202 | 获取定位器：home-onedrive_home_id = android:id/content
2025-09-03 14:13:48 | INFO     | base.base_page:180 | 处理完整资源ID: android:id/content
2025-09-03 14:13:48 | INFO     | base.base_page:202 | 获取定位器：home-public_resource_id = hanvon.aebr.hanvondrive:id/detailFileLayout
2025-09-03 14:13:48 | INFO     | base.base_page:180 | 处理完整资源ID: hanvon.aebr.hanvondrive:id/detailFileLayout
2025-09-03 14:13:48 | INFO     | base.base_page:53 | 自动生成配置路径: data/locators/home_clouds_page.yaml
2025-09-03 14:13:48 | INFO     | base.base_page:53 | 自动生成配置路径: data/locators/home_clouds_page.yaml
2025-09-03 14:13:48 | INFO     | base.base_page:107 | 初始化页面: HomeCloudsPage | 平台: android
2025-09-03 14:13:48 | INFO     | base.base_page:202 | 获取定位器：home-aliyun_home_id = com.Hanovn.HanovnBrowser:id/content_frame
2025-09-03 14:13:48 | INFO     | base.base_page:180 | 处理完整资源ID: com.Hanovn.HanovnBrowser:id/content_frame
2025-09-03 14:13:48 | INFO     | base.base_page:202 | 获取定位器：home-baidu_home_cloud_id = hanvon.aebr.hanvondrive:id/tv_drive
2025-09-03 14:13:48 | INFO     | base.base_page:180 | 处理完整资源ID: hanvon.aebr.hanvondrive:id/tv_drive
2025-09-03 14:13:48 | INFO     | base.base_page:202 | 获取定位器：home-nut_webdav_home_cloud_id = hanvon.aebr.hanvondrive:id/bt_back
2025-09-03 14:13:48 | INFO     | base.base_page:180 | 处理完整资源ID: hanvon.aebr.hanvondrive:id/bt_back
2025-09-03 14:13:48 | INFO     | base.base_page:202 | 获取定位器：home-onedrive_home_id = android:id/content
2025-09-03 14:13:48 | INFO     | base.base_page:180 | 处理完整资源ID: android:id/content
2025-09-03 14:13:48 | INFO     | base.base_page:202 | 获取定位器：home-public_resource_id = hanvon.aebr.hanvondrive:id/detailFileLayout
2025-09-03 14:13:48 | INFO     | base.base_page:180 | 处理完整资源ID: hanvon.aebr.hanvondrive:id/detailFileLayout
2025-09-03 14:13:48 | INFO     | base.base_page:202 | 获取定位器：home-public_resource_id = hanvon.aebr.hanvondrive:id/detailFileLayout
2025-09-03 14:13:48 | INFO     | base.base_page:180 | 处理完整资源ID: hanvon.aebr.hanvondrive:id/detailFileLayout
2025-09-03 14:13:49 | INFO     | base.base_page:342 | 点击元素：('id', 'hanvon.aebr.hanvondrive:id/detailFileLayout') [索引： 1]
2025-09-03 14:13:49 | INFO     | base.base_page:53 | 自动生成配置路径: data/locators/nut_login_page.yaml
2025-09-03 14:13:49 | INFO     | base.base_page:69 | 已加载配置文件: D:\clear6Trubo\data\locators\nut_login_page.yaml (for NutLoginPage)
2025-09-03 14:13:49 | INFO     | base.base_page:53 | 自动生成配置路径: data/locators/nut_login_page.yaml
2025-09-03 14:13:49 | INFO     | base.base_page:107 | 初始化页面: NutLoginPage | 平台: android
2025-09-03 14:13:49 | INFO     | base.base_page:202 | 获取定位器：nut_login_page-cancel_button = hanvon.aebr.hanvondrive:id/janCancel
2025-09-03 14:13:49 | INFO     | base.base_page:180 | 处理完整资源ID: hanvon.aebr.hanvondrive:id/janCancel
2025-09-03 14:13:49 | INFO     | base.base_page:202 | 获取定位器：nut_login_page-home_bind = hanvon.aebr.hanvondrive:id/drive_gridview
2025-09-03 14:13:49 | INFO     | base.base_page:180 | 处理完整资源ID: hanvon.aebr.hanvondrive:id/drive_gridview
2025-09-03 14:13:49 | INFO     | base.base_page:202 | 获取定位器：nut_login_page-item_name = hanvon.aebr.hanvondrive:id/itemNameTv
2025-09-03 14:13:49 | INFO     | base.base_page:180 | 处理完整资源ID: hanvon.aebr.hanvondrive:id/itemNameTv
2025-09-03 14:13:49 | INFO     | base.base_page:202 | 获取定位器：nut_login_page-password_field = hanvon.aebr.hanvondrive:id/passEt
2025-09-03 14:13:49 | INFO     | base.base_page:180 | 处理完整资源ID: hanvon.aebr.hanvondrive:id/passEt
2025-09-03 14:13:49 | INFO     | base.base_page:202 | 获取定位器：nut_login_page-return_button = hanvon.aebr.hanvondrive:id/bt_back
2025-09-03 14:13:49 | INFO     | base.base_page:180 | 处理完整资源ID: hanvon.aebr.hanvondrive:id/bt_back
2025-09-03 14:13:49 | INFO     | base.base_page:202 | 获取定位器：nut_login_page-show_password = hanvon.aebr.hanvondrive:id/showPass
2025-09-03 14:13:49 | INFO     | base.base_page:180 | 处理完整资源ID: hanvon.aebr.hanvondrive:id/showPass
2025-09-03 14:13:49 | INFO     | base.base_page:202 | 获取定位器：nut_login_page-sure_button = hanvon.aebr.hanvondrive:id/janSure
2025-09-03 14:13:49 | INFO     | base.base_page:180 | 处理完整资源ID: hanvon.aebr.hanvondrive:id/janSure
2025-09-03 14:13:49 | INFO     | base.base_page:202 | 获取定位器：nut_login_page-username_field = hanvon.aebr.hanvondrive:id/userEt
2025-09-03 14:13:49 | INFO     | base.base_page:180 | 处理完整资源ID: hanvon.aebr.hanvondrive:id/userEt
2025-09-03 14:13:49 | INFO     | utils.test_data_loader:13 | 项目根目录: D:\clear6Trubo
2025-09-03 14:13:49 | INFO     | utils.test_data_loader:19 | 完整文件路径: D:\clear6Trubo\data\test_data\login_data_positive.json
2025-09-03 14:13:49 | INFO     | utils.test_data_loader:20 | 文件存在: True
2025-09-03 14:13:49 | INFO     | base.base_page:202 | 获取定位器：nut_login_page-username_field = hanvon.aebr.hanvondrive:id/userEt
2025-09-03 14:13:49 | INFO     | base.base_page:180 | 处理完整资源ID: hanvon.aebr.hanvondrive:id/userEt
2025-09-03 14:13:51 | INFO     | base.base_page:288 | 输入文本到 ('id', 'hanvon.aebr.hanvondrive:id/userEt')：'liuxuefeng@hanwang.com.cn'
2025-09-03 14:13:51 | INFO     | base.base_page:202 | 获取定位器：nut_login_page-password_field = hanvon.aebr.hanvondrive:id/passEt
2025-09-03 14:13:51 | INFO     | base.base_page:180 | 处理完整资源ID: hanvon.aebr.hanvondrive:id/passEt
2025-09-03 14:13:52 | INFO     | base.base_page:288 | 输入文本到 ('id', 'hanvon.aebr.hanvondrive:id/passEt')：'ani2k9vrmac7epjp'
2025-09-03 14:13:52 | INFO     | base.base_page:202 | 获取定位器：nut_login_page-sure_button = hanvon.aebr.hanvondrive:id/janSure
2025-09-03 14:13:52 | INFO     | base.base_page:180 | 处理完整资源ID: hanvon.aebr.hanvondrive:id/janSure
2025-09-03 14:13:53 | INFO     | base.base_page:275 | 点击元素：('id', 'hanvon.aebr.hanvondrive:id/janSure')
2025-09-03 14:13:55 | INFO     | pages.nut_cloud_page.nut_login_page:92 | 成功绑定账号
2025-09-03 14:13:55 | INFO     | base.base_page:53 | 自动生成配置路径: data/locators/home_page.yaml
2025-09-03 14:13:55 | INFO     | base.base_page:69 | 已加载配置文件: D:\clear6Trubo\data\locators\home_page.yaml (for HomePage)
2025-09-03 14:13:55 | INFO     | base.base_page:53 | 自动生成配置路径: data/locators/home_page.yaml
2025-09-03 14:13:55 | INFO     | base.base_page:107 | 初始化页面: HomePage | 平台: android
2025-09-03 14:13:55 | INFO     | pages.nut_cloud_page.home_page:20 | 进入主页
2025-09-03 14:13:55 | INFO     | base.base_page:202 | 获取定位器：home-bind_cloud = hanvon.aebr.hanvondrive:id/tv_drive_type
2025-09-03 14:13:55 | INFO     | base.base_page:180 | 处理完整资源ID: hanvon.aebr.hanvondrive:id/tv_drive_type
2025-09-03 14:13:55 | INFO     | base.base_page:202 | 获取定位器：home-bind_cloud_window = hanvon.aebr.hanvondrive:id/dialog_title
2025-09-03 14:13:55 | INFO     | base.base_page:180 | 处理完整资源ID: hanvon.aebr.hanvondrive:id/dialog_title
2025-09-03 14:13:55 | INFO     | base.base_page:202 | 获取定位器：home-iv_nextpage = hanvon.aebr.hanvondrive:id/iv_nextpage
2025-09-03 14:13:55 | INFO     | base.base_page:180 | 处理完整资源ID: hanvon.aebr.hanvondrive:id/iv_nextpage
2025-09-03 14:13:55 | INFO     | base.base_page:202 | 获取定位器：home-iv_prepage = hanvon.aebr.hanvondrive:id/iv_prepage
2025-09-03 14:13:55 | INFO     | base.base_page:180 | 处理完整资源ID: hanvon.aebr.hanvondrive:id/iv_prepage
2025-09-03 14:13:55 | INFO     | base.base_page:202 | 获取定位器：home-more_view_window = hanvon.aebr.hanvondrive:id/tv_display
2025-09-03 14:13:55 | INFO     | base.base_page:180 | 处理完整资源ID: hanvon.aebr.hanvondrive:id/tv_display
2025-09-03 14:13:55 | INFO     | base.base_page:202 | 获取定位器：home-nut_cloud = hanvon.aebr.hanvondrive:id/drive_type
2025-09-03 14:13:55 | INFO     | base.base_page:180 | 处理完整资源ID: hanvon.aebr.hanvondrive:id/drive_type
2025-09-03 14:13:55 | INFO     | base.base_page:202 | 获取定位器：home-nut_file_id = xpath://*[@resource-id='hanvon.aebr.hanvondrive:id/fileGridTv']
2025-09-03 14:13:55 | INFO     | base.base_page:202 | 获取定位器：home-return_button = hanvon.aebr.hanvondrive:id/bt_back
2025-09-03 14:13:55 | INFO     | base.base_page:180 | 处理完整资源ID: hanvon.aebr.hanvondrive:id/bt_back
2025-09-03 14:13:55 | INFO     | base.base_page:202 | 获取定位器：home-view_more = hanvon.aebr.hanvondrive:id/bt_binddrive_set
2025-09-03 14:13:55 | INFO     | base.base_page:180 | 处理完整资源ID: hanvon.aebr.hanvondrive:id/bt_binddrive_set
2025-09-03 14:13:55 | INFO     | base.base_page:53 | 自动生成配置路径: data/locators/home_page.yaml
2025-09-03 14:13:55 | INFO     | base.base_page:53 | 自动生成配置路径: data/locators/home_page.yaml
2025-09-03 14:13:55 | INFO     | base.base_page:107 | 初始化页面: HomePage | 平台: android
2025-09-03 14:13:55 | INFO     | pages.nut_cloud_page.home_page:20 | 进入主页
2025-09-03 14:13:55 | INFO     | base.base_page:202 | 获取定位器：home-bind_cloud = hanvon.aebr.hanvondrive:id/tv_drive_type
2025-09-03 14:13:55 | INFO     | base.base_page:180 | 处理完整资源ID: hanvon.aebr.hanvondrive:id/tv_drive_type
2025-09-03 14:13:55 | INFO     | base.base_page:202 | 获取定位器：home-bind_cloud_window = hanvon.aebr.hanvondrive:id/dialog_title
2025-09-03 14:13:55 | INFO     | base.base_page:180 | 处理完整资源ID: hanvon.aebr.hanvondrive:id/dialog_title
2025-09-03 14:13:55 | INFO     | base.base_page:202 | 获取定位器：home-iv_nextpage = hanvon.aebr.hanvondrive:id/iv_nextpage
2025-09-03 14:13:55 | INFO     | base.base_page:180 | 处理完整资源ID: hanvon.aebr.hanvondrive:id/iv_nextpage
2025-09-03 14:13:55 | INFO     | base.base_page:202 | 获取定位器：home-iv_prepage = hanvon.aebr.hanvondrive:id/iv_prepage
2025-09-03 14:13:55 | INFO     | base.base_page:180 | 处理完整资源ID: hanvon.aebr.hanvondrive:id/iv_prepage
2025-09-03 14:13:55 | INFO     | base.base_page:202 | 获取定位器：home-more_view_window = hanvon.aebr.hanvondrive:id/tv_display
2025-09-03 14:13:55 | INFO     | base.base_page:180 | 处理完整资源ID: hanvon.aebr.hanvondrive:id/tv_display
2025-09-03 14:13:55 | INFO     | base.base_page:202 | 获取定位器：home-nut_cloud = hanvon.aebr.hanvondrive:id/drive_type
2025-09-03 14:13:55 | INFO     | base.base_page:180 | 处理完整资源ID: hanvon.aebr.hanvondrive:id/drive_type
2025-09-03 14:13:55 | INFO     | base.base_page:202 | 获取定位器：home-nut_file_id = xpath://*[@resource-id='hanvon.aebr.hanvondrive:id/fileGridTv']
2025-09-03 14:13:55 | INFO     | base.base_page:202 | 获取定位器：home-return_button = hanvon.aebr.hanvondrive:id/bt_back
2025-09-03 14:13:55 | INFO     | base.base_page:180 | 处理完整资源ID: hanvon.aebr.hanvondrive:id/bt_back
2025-09-03 14:13:55 | INFO     | base.base_page:202 | 获取定位器：home-view_more = hanvon.aebr.hanvondrive:id/bt_binddrive_set
2025-09-03 14:13:55 | INFO     | base.base_page:180 | 处理完整资源ID: hanvon.aebr.hanvondrive:id/bt_binddrive_set
2025-09-03 14:13:56 | INFO     | conftest:219 | 开始屏幕录制: D:\clear6Trubo\reports\videos\VIDEO_test_input_account_name__u57fa_u7840_u91cd_u547d_u_20250903_141355.mp4
2025-09-03 14:13:56 | INFO     | base.base_page:53 | 自动生成配置路径: data/locators/details_page.yaml
2025-09-03 14:13:56 | INFO     | base.base_page:69 | 已加载配置文件: D:\clear6Trubo\data\locators\details_page.yaml (for DetailsPage)
2025-09-03 14:13:56 | INFO     | base.base_page:53 | 自动生成配置路径: data/locators/details_page.yaml
2025-09-03 14:13:56 | INFO     | base.base_page:107 | 初始化页面: DetailsPage | 平台: android
2025-09-03 14:13:56 | INFO     | pages.nut_cloud_page.details_page:17 | 进入主页
2025-09-03 14:13:56 | INFO     | base.base_page:202 | 获取定位器：details-account_button = hanvon.aebr.hanvondrive:id/tv_accout_detail
2025-09-03 14:13:56 | INFO     | base.base_page:180 | 处理完整资源ID: hanvon.aebr.hanvondrive:id/tv_accout_detail
2025-09-03 14:13:56 | INFO     | base.base_page:202 | 获取定位器：details-account_unbind = hanvon.aebr.hanvondrive:id/unbindTv
2025-09-03 14:13:56 | INFO     | base.base_page:180 | 处理完整资源ID: hanvon.aebr.hanvondrive:id/unbindTv
2025-09-03 14:13:56 | INFO     | base.base_page:202 | 获取定位器：details-close_button = hanvon.aebr.hanvondrive:id/dialog_close
2025-09-03 14:13:56 | INFO     | base.base_page:180 | 处理完整资源ID: hanvon.aebr.hanvondrive:id/dialog_close
2025-09-03 14:13:56 | INFO     | base.base_page:202 | 获取定位器：details-nut_cloud = hanvon.aebr.hanvondrive:id/drive_type
2025-09-03 14:13:56 | INFO     | base.base_page:180 | 处理完整资源ID: hanvon.aebr.hanvondrive:id/drive_type
2025-09-03 14:13:56 | INFO     | base.base_page:202 | 获取定位器：details-rename_button = hanvon.aebr.hanvondrive:id/tv_rename_drive
2025-09-03 14:13:56 | INFO     | base.base_page:180 | 处理完整资源ID: hanvon.aebr.hanvondrive:id/tv_rename_drive
2025-09-03 14:13:56 | INFO     | base.base_page:202 | 获取定位器：details-rename_window = hanvon.aebr.hanvondrive:id/dialog_title
2025-09-03 14:13:56 | INFO     | base.base_page:180 | 处理完整资源ID: hanvon.aebr.hanvondrive:id/dialog_title
2025-09-03 14:13:56 | INFO     | base.base_page:53 | 自动生成配置路径: data/locators/details_page.yaml
2025-09-03 14:13:56 | INFO     | base.base_page:53 | 自动生成配置路径: data/locators/details_page.yaml
2025-09-03 14:13:56 | INFO     | base.base_page:107 | 初始化页面: DetailsPage | 平台: android
2025-09-03 14:13:56 | INFO     | pages.nut_cloud_page.details_page:17 | 进入主页
2025-09-03 14:13:56 | INFO     | base.base_page:202 | 获取定位器：details-account_button = hanvon.aebr.hanvondrive:id/tv_accout_detail
2025-09-03 14:13:56 | INFO     | base.base_page:180 | 处理完整资源ID: hanvon.aebr.hanvondrive:id/tv_accout_detail
2025-09-03 14:13:56 | INFO     | base.base_page:202 | 获取定位器：details-account_unbind = hanvon.aebr.hanvondrive:id/unbindTv
2025-09-03 14:13:56 | INFO     | base.base_page:180 | 处理完整资源ID: hanvon.aebr.hanvondrive:id/unbindTv
2025-09-03 14:13:56 | INFO     | base.base_page:202 | 获取定位器：details-close_button = hanvon.aebr.hanvondrive:id/dialog_close
2025-09-03 14:13:56 | INFO     | base.base_page:180 | 处理完整资源ID: hanvon.aebr.hanvondrive:id/dialog_close
2025-09-03 14:13:56 | INFO     | base.base_page:202 | 获取定位器：details-nut_cloud = hanvon.aebr.hanvondrive:id/drive_type
2025-09-03 14:13:56 | INFO     | base.base_page:180 | 处理完整资源ID: hanvon.aebr.hanvondrive:id/drive_type
2025-09-03 14:13:56 | INFO     | base.base_page:202 | 获取定位器：details-rename_button = hanvon.aebr.hanvondrive:id/tv_rename_drive
2025-09-03 14:13:56 | INFO     | base.base_page:180 | 处理完整资源ID: hanvon.aebr.hanvondrive:id/tv_rename_drive
2025-09-03 14:13:56 | INFO     | base.base_page:202 | 获取定位器：details-rename_window = hanvon.aebr.hanvondrive:id/dialog_title
2025-09-03 14:13:56 | INFO     | base.base_page:180 | 处理完整资源ID: hanvon.aebr.hanvondrive:id/dialog_title
2025-09-03 14:13:56 | INFO     | base.base_page:202 | 获取定位器：home-nut_cloud = hanvon.aebr.hanvondrive:id/drive_type
2025-09-03 14:13:56 | INFO     | base.base_page:180 | 处理完整资源ID: hanvon.aebr.hanvondrive:id/drive_type
2025-09-03 14:13:58 | INFO     | base.base_page:465 | 成功长按元素: ('id', 'hanvon.aebr.hanvondrive:id/drive_type') (2.0秒)
2025-09-03 14:13:58 | INFO     | base.base_page:202 | 获取定位器：details-rename_button = hanvon.aebr.hanvondrive:id/tv_rename_drive
2025-09-03 14:13:58 | INFO     | base.base_page:180 | 处理完整资源ID: hanvon.aebr.hanvondrive:id/tv_rename_drive
2025-09-03 14:14:00 | INFO     | base.base_page:275 | 点击元素：('id', 'hanvon.aebr.hanvondrive:id/tv_rename_drive')
2025-09-03 14:14:00 | INFO     | base.base_page:202 | 获取定位器：details-rename_window = hanvon.aebr.hanvondrive:id/dialog_title
2025-09-03 14:14:00 | INFO     | base.base_page:180 | 处理完整资源ID: hanvon.aebr.hanvondrive:id/dialog_title
2025-09-03 14:14:00 | INFO     | base.base_page:368 | 元素已找到：<appium.webdriver.webelement.WebElement (session="2da5a8b5-78f5-461d-a996-f047c8ef5ddb", element="40f1dac3-5995-440c-be5e-899ac3fe5912")>
2025-09-03 14:14:00 | INFO     | pages.nut_cloud_page.details_page:119 | 已返回到账户信息页
2025-09-03 14:14:00 | INFO     | base.base_page:53 | 自动生成配置路径: data/locators/account_rename_page.yaml
2025-09-03 14:14:00 | INFO     | base.base_page:69 | 已加载配置文件: D:\clear6Trubo\data\locators\account_rename_page.yaml (for AccountRenamePage)
2025-09-03 14:14:00 | INFO     | base.base_page:53 | 自动生成配置路径: data/locators/account_rename_page.yaml
2025-09-03 14:14:00 | INFO     | base.base_page:107 | 初始化页面: AccountRenamePage | 平台: android
2025-09-03 14:14:00 | INFO     | pages.nut_cloud_page.account_rename_page:15 | 进入主页
2025-09-03 14:14:00 | INFO     | base.base_page:202 | 获取定位器：account_rename-account_input = hanvon.aebr.hanvondrive:id/foldername_edittext
2025-09-03 14:14:00 | INFO     | base.base_page:180 | 处理完整资源ID: hanvon.aebr.hanvondrive:id/foldername_edittext
2025-09-03 14:14:00 | INFO     | base.base_page:202 | 获取定位器：account_rename-bind_cloud = hanvon.aebr.hanvondrive:id/tv_drive_type
2025-09-03 14:14:00 | INFO     | base.base_page:180 | 处理完整资源ID: hanvon.aebr.hanvondrive:id/tv_drive_type
2025-09-03 14:14:00 | INFO     | base.base_page:202 | 获取定位器：account_rename-cancel_button = hanvon.aebr.hanvondrive:id/dialog_cancel
2025-09-03 14:14:00 | INFO     | base.base_page:180 | 处理完整资源ID: hanvon.aebr.hanvondrive:id/dialog_cancel
2025-09-03 14:14:00 | INFO     | base.base_page:202 | 获取定位器：account_rename-delete_name = hanvon.aebr.hanvondrive:id/deleteTv
2025-09-03 14:14:00 | INFO     | base.base_page:180 | 处理完整资源ID: hanvon.aebr.hanvondrive:id/deleteTv
2025-09-03 14:14:00 | INFO     | base.base_page:202 | 获取定位器：account_rename-sure_button = hanvon.aebr.hanvondrive:id/dialog_sure
2025-09-03 14:14:00 | INFO     | base.base_page:180 | 处理完整资源ID: hanvon.aebr.hanvondrive:id/dialog_sure
2025-09-03 14:14:00 | INFO     | base.base_page:202 | 获取定位器：account_rename-tv_account = hanvon.aebr.hanvondrive:id/tv_accout
2025-09-03 14:14:00 | INFO     | base.base_page:180 | 处理完整资源ID: hanvon.aebr.hanvondrive:id/tv_accout
2025-09-03 14:14:00 | INFO     | base.base_page:202 | 获取定位器：account_rename-account_input = hanvon.aebr.hanvondrive:id/foldername_edittext
2025-09-03 14:14:00 | INFO     | base.base_page:180 | 处理完整资源ID: hanvon.aebr.hanvondrive:id/foldername_edittext
2025-09-03 14:14:00 | INFO     | base.base_page:288 | 输入文本到 ('id', 'hanvon.aebr.hanvondrive:id/foldername_edittext')：'NewAccountName'
2025-09-03 14:14:00 | INFO     | pages.nut_cloud_page.account_rename_page:44 | 账户名称输入值为：NewAccountName
2025-09-03 14:14:00 | INFO     | base.base_page:202 | 获取定位器：account_rename-account_input = hanvon.aebr.hanvondrive:id/foldername_edittext
2025-09-03 14:14:00 | INFO     | base.base_page:180 | 处理完整资源ID: hanvon.aebr.hanvondrive:id/foldername_edittext
2025-09-03 14:14:01 | INFO     | base.base_page:137 | ✅ 使用ADB点击返回键
2025-09-03 14:14:02 | INFO     | base.base_page:137 | ✅ 使用ADB点击返回键
2025-09-03 14:14:05 | INFO     | conftest:233 | 停止屏幕录制: D:\clear6Trubo\reports\videos\VIDEO_test_input_account_name__u57fa_u7840_u91cd_u547d_u_20250903_141355.mp4
2025-09-03 14:14:05 | INFO     | conftest:239 | 屏幕录制已保存: D:\clear6Trubo\reports\videos\VIDEO_test_input_account_name__u57fa_u7840_u91cd_u547d_u_20250903_141355.mp4
2025-09-03 14:14:05 | INFO     | conftest:346 | 已将录屏附加到Allure报告: VIDEO_test_input_account_name__u57fa_u7840_u91cd_u547d_u_20250903_141355.mp4
2025-09-03 14:14:05 | INFO     | conftest:219 | 开始屏幕录制: D:\clear6Trubo\reports\videos\VIDEO_test_input_account_name__u4e2d_u6587_u540d_u79f0_u_20250903_141405.mp4
2025-09-03 14:14:05 | INFO     | base.base_page:53 | 自动生成配置路径: data/locators/details_page.yaml
2025-09-03 14:14:05 | INFO     | base.base_page:53 | 自动生成配置路径: data/locators/details_page.yaml
2025-09-03 14:14:05 | INFO     | base.base_page:107 | 初始化页面: DetailsPage | 平台: android
2025-09-03 14:14:05 | INFO     | pages.nut_cloud_page.details_page:17 | 进入主页
2025-09-03 14:14:05 | INFO     | base.base_page:202 | 获取定位器：details-account_button = hanvon.aebr.hanvondrive:id/tv_accout_detail
2025-09-03 14:14:05 | INFO     | base.base_page:180 | 处理完整资源ID: hanvon.aebr.hanvondrive:id/tv_accout_detail
2025-09-03 14:14:05 | INFO     | base.base_page:202 | 获取定位器：details-account_unbind = hanvon.aebr.hanvondrive:id/unbindTv
2025-09-03 14:14:05 | INFO     | base.base_page:180 | 处理完整资源ID: hanvon.aebr.hanvondrive:id/unbindTv
2025-09-03 14:14:05 | INFO     | base.base_page:202 | 获取定位器：details-close_button = hanvon.aebr.hanvondrive:id/dialog_close
2025-09-03 14:14:05 | INFO     | base.base_page:180 | 处理完整资源ID: hanvon.aebr.hanvondrive:id/dialog_close
2025-09-03 14:14:05 | INFO     | base.base_page:202 | 获取定位器：details-nut_cloud = hanvon.aebr.hanvondrive:id/drive_type
2025-09-03 14:14:05 | INFO     | base.base_page:180 | 处理完整资源ID: hanvon.aebr.hanvondrive:id/drive_type
2025-09-03 14:14:05 | INFO     | base.base_page:202 | 获取定位器：details-rename_button = hanvon.aebr.hanvondrive:id/tv_rename_drive
2025-09-03 14:14:05 | INFO     | base.base_page:180 | 处理完整资源ID: hanvon.aebr.hanvondrive:id/tv_rename_drive
2025-09-03 14:14:05 | INFO     | base.base_page:202 | 获取定位器：details-rename_window = hanvon.aebr.hanvondrive:id/dialog_title
2025-09-03 14:14:05 | INFO     | base.base_page:180 | 处理完整资源ID: hanvon.aebr.hanvondrive:id/dialog_title
2025-09-03 14:14:05 | INFO     | base.base_page:53 | 自动生成配置路径: data/locators/details_page.yaml
2025-09-03 14:14:05 | INFO     | base.base_page:53 | 自动生成配置路径: data/locators/details_page.yaml
2025-09-03 14:14:05 | INFO     | base.base_page:107 | 初始化页面: DetailsPage | 平台: android
2025-09-03 14:14:05 | INFO     | pages.nut_cloud_page.details_page:17 | 进入主页
2025-09-03 14:14:05 | INFO     | base.base_page:202 | 获取定位器：details-account_button = hanvon.aebr.hanvondrive:id/tv_accout_detail
2025-09-03 14:14:05 | INFO     | base.base_page:180 | 处理完整资源ID: hanvon.aebr.hanvondrive:id/tv_accout_detail
2025-09-03 14:14:05 | INFO     | base.base_page:202 | 获取定位器：details-account_unbind = hanvon.aebr.hanvondrive:id/unbindTv
2025-09-03 14:14:05 | INFO     | base.base_page:180 | 处理完整资源ID: hanvon.aebr.hanvondrive:id/unbindTv
2025-09-03 14:14:05 | INFO     | base.base_page:202 | 获取定位器：details-close_button = hanvon.aebr.hanvondrive:id/dialog_close
2025-09-03 14:14:05 | INFO     | base.base_page:180 | 处理完整资源ID: hanvon.aebr.hanvondrive:id/dialog_close
2025-09-03 14:14:05 | INFO     | base.base_page:202 | 获取定位器：details-nut_cloud = hanvon.aebr.hanvondrive:id/drive_type
2025-09-03 14:14:05 | INFO     | base.base_page:180 | 处理完整资源ID: hanvon.aebr.hanvondrive:id/drive_type
2025-09-03 14:14:05 | INFO     | base.base_page:202 | 获取定位器：details-rename_button = hanvon.aebr.hanvondrive:id/tv_rename_drive
2025-09-03 14:14:05 | INFO     | base.base_page:180 | 处理完整资源ID: hanvon.aebr.hanvondrive:id/tv_rename_drive
2025-09-03 14:14:05 | INFO     | base.base_page:202 | 获取定位器：details-rename_window = hanvon.aebr.hanvondrive:id/dialog_title
2025-09-03 14:14:05 | INFO     | base.base_page:180 | 处理完整资源ID: hanvon.aebr.hanvondrive:id/dialog_title
2025-09-03 14:14:05 | INFO     | base.base_page:202 | 获取定位器：home-nut_cloud = hanvon.aebr.hanvondrive:id/drive_type
2025-09-03 14:14:05 | INFO     | base.base_page:180 | 处理完整资源ID: hanvon.aebr.hanvondrive:id/drive_type
2025-09-03 14:14:08 | INFO     | base.base_page:465 | 成功长按元素: ('id', 'hanvon.aebr.hanvondrive:id/drive_type') (2.0秒)
2025-09-03 14:14:08 | INFO     | base.base_page:202 | 获取定位器：details-rename_button = hanvon.aebr.hanvondrive:id/tv_rename_drive
2025-09-03 14:14:08 | INFO     | base.base_page:180 | 处理完整资源ID: hanvon.aebr.hanvondrive:id/tv_rename_drive
2025-09-03 14:14:09 | INFO     | base.base_page:275 | 点击元素：('id', 'hanvon.aebr.hanvondrive:id/tv_rename_drive')
2025-09-03 14:14:09 | INFO     | base.base_page:202 | 获取定位器：details-rename_window = hanvon.aebr.hanvondrive:id/dialog_title
2025-09-03 14:14:09 | INFO     | base.base_page:180 | 处理完整资源ID: hanvon.aebr.hanvondrive:id/dialog_title
2025-09-03 14:14:09 | INFO     | base.base_page:368 | 元素已找到：<appium.webdriver.webelement.WebElement (session="2da5a8b5-78f5-461d-a996-f047c8ef5ddb", element="8e064f60-047c-4ce7-b85a-23dfc2e91d3d")>
2025-09-03 14:14:09 | INFO     | pages.nut_cloud_page.details_page:119 | 已返回到账户信息页
2025-09-03 14:14:09 | INFO     | base.base_page:53 | 自动生成配置路径: data/locators/account_rename_page.yaml
2025-09-03 14:14:09 | INFO     | base.base_page:53 | 自动生成配置路径: data/locators/account_rename_page.yaml
2025-09-03 14:14:09 | INFO     | base.base_page:107 | 初始化页面: AccountRenamePage | 平台: android
2025-09-03 14:14:09 | INFO     | pages.nut_cloud_page.account_rename_page:15 | 进入主页
2025-09-03 14:14:09 | INFO     | base.base_page:202 | 获取定位器：account_rename-account_input = hanvon.aebr.hanvondrive:id/foldername_edittext
2025-09-03 14:14:09 | INFO     | base.base_page:180 | 处理完整资源ID: hanvon.aebr.hanvondrive:id/foldername_edittext
2025-09-03 14:14:09 | INFO     | base.base_page:202 | 获取定位器：account_rename-bind_cloud = hanvon.aebr.hanvondrive:id/tv_drive_type
2025-09-03 14:14:09 | INFO     | base.base_page:180 | 处理完整资源ID: hanvon.aebr.hanvondrive:id/tv_drive_type
2025-09-03 14:14:09 | INFO     | base.base_page:202 | 获取定位器：account_rename-cancel_button = hanvon.aebr.hanvondrive:id/dialog_cancel
2025-09-03 14:14:09 | INFO     | base.base_page:180 | 处理完整资源ID: hanvon.aebr.hanvondrive:id/dialog_cancel
2025-09-03 14:14:09 | INFO     | base.base_page:202 | 获取定位器：account_rename-delete_name = hanvon.aebr.hanvondrive:id/deleteTv
2025-09-03 14:14:09 | INFO     | base.base_page:180 | 处理完整资源ID: hanvon.aebr.hanvondrive:id/deleteTv
2025-09-03 14:14:09 | INFO     | base.base_page:202 | 获取定位器：account_rename-sure_button = hanvon.aebr.hanvondrive:id/dialog_sure
2025-09-03 14:14:09 | INFO     | base.base_page:180 | 处理完整资源ID: hanvon.aebr.hanvondrive:id/dialog_sure
2025-09-03 14:14:09 | INFO     | base.base_page:202 | 获取定位器：account_rename-tv_account = hanvon.aebr.hanvondrive:id/tv_accout
2025-09-03 14:14:09 | INFO     | base.base_page:180 | 处理完整资源ID: hanvon.aebr.hanvondrive:id/tv_accout
2025-09-03 14:14:09 | INFO     | base.base_page:202 | 获取定位器：account_rename-account_input = hanvon.aebr.hanvondrive:id/foldername_edittext
2025-09-03 14:14:09 | INFO     | base.base_page:180 | 处理完整资源ID: hanvon.aebr.hanvondrive:id/foldername_edittext
2025-09-03 14:14:10 | INFO     | base.base_page:288 | 输入文本到 ('id', 'hanvon.aebr.hanvondrive:id/foldername_edittext')：'汉王科技账户'
2025-09-03 14:14:10 | INFO     | pages.nut_cloud_page.account_rename_page:44 | 账户名称输入值为：汉王科技账户
2025-09-03 14:14:10 | INFO     | base.base_page:202 | 获取定位器：account_rename-account_input = hanvon.aebr.hanvondrive:id/foldername_edittext
2025-09-03 14:14:10 | INFO     | base.base_page:180 | 处理完整资源ID: hanvon.aebr.hanvondrive:id/foldername_edittext
2025-09-03 14:14:11 | INFO     | base.base_page:137 | ✅ 使用ADB点击返回键
2025-09-03 14:14:12 | INFO     | base.base_page:137 | ✅ 使用ADB点击返回键
2025-09-03 14:14:14 | INFO     | conftest:233 | 停止屏幕录制: D:\clear6Trubo\reports\videos\VIDEO_test_input_account_name__u4e2d_u6587_u540d_u79f0_u_20250903_141405.mp4
2025-09-03 14:14:14 | INFO     | conftest:239 | 屏幕录制已保存: D:\clear6Trubo\reports\videos\VIDEO_test_input_account_name__u4e2d_u6587_u540d_u79f0_u_20250903_141405.mp4
2025-09-03 14:14:14 | INFO     | conftest:346 | 已将录屏附加到Allure报告: VIDEO_test_input_account_name__u4e2d_u6587_u540d_u79f0_u_20250903_141405.mp4
2025-09-03 14:14:14 | INFO     | conftest:219 | 开始屏幕录制: D:\clear6Trubo\reports\videos\VIDEO_test_input_account_name__u7279_u6b8a_u5b57_u7b26_u_20250903_141414.mp4
2025-09-03 14:14:14 | INFO     | base.base_page:53 | 自动生成配置路径: data/locators/details_page.yaml
2025-09-03 14:14:14 | INFO     | base.base_page:53 | 自动生成配置路径: data/locators/details_page.yaml
2025-09-03 14:14:14 | INFO     | base.base_page:107 | 初始化页面: DetailsPage | 平台: android
2025-09-03 14:14:14 | INFO     | pages.nut_cloud_page.details_page:17 | 进入主页
2025-09-03 14:14:14 | INFO     | base.base_page:202 | 获取定位器：details-account_button = hanvon.aebr.hanvondrive:id/tv_accout_detail
2025-09-03 14:14:14 | INFO     | base.base_page:180 | 处理完整资源ID: hanvon.aebr.hanvondrive:id/tv_accout_detail
2025-09-03 14:14:14 | INFO     | base.base_page:202 | 获取定位器：details-account_unbind = hanvon.aebr.hanvondrive:id/unbindTv
2025-09-03 14:14:14 | INFO     | base.base_page:180 | 处理完整资源ID: hanvon.aebr.hanvondrive:id/unbindTv
2025-09-03 14:14:14 | INFO     | base.base_page:202 | 获取定位器：details-close_button = hanvon.aebr.hanvondrive:id/dialog_close
2025-09-03 14:14:14 | INFO     | base.base_page:180 | 处理完整资源ID: hanvon.aebr.hanvondrive:id/dialog_close
2025-09-03 14:14:14 | INFO     | base.base_page:202 | 获取定位器：details-nut_cloud = hanvon.aebr.hanvondrive:id/drive_type
2025-09-03 14:14:14 | INFO     | base.base_page:180 | 处理完整资源ID: hanvon.aebr.hanvondrive:id/drive_type
2025-09-03 14:14:14 | INFO     | base.base_page:202 | 获取定位器：details-rename_button = hanvon.aebr.hanvondrive:id/tv_rename_drive
2025-09-03 14:14:14 | INFO     | base.base_page:180 | 处理完整资源ID: hanvon.aebr.hanvondrive:id/tv_rename_drive
2025-09-03 14:14:14 | INFO     | base.base_page:202 | 获取定位器：details-rename_window = hanvon.aebr.hanvondrive:id/dialog_title
2025-09-03 14:14:14 | INFO     | base.base_page:180 | 处理完整资源ID: hanvon.aebr.hanvondrive:id/dialog_title
2025-09-03 14:14:14 | INFO     | base.base_page:53 | 自动生成配置路径: data/locators/details_page.yaml
2025-09-03 14:14:14 | INFO     | base.base_page:53 | 自动生成配置路径: data/locators/details_page.yaml
2025-09-03 14:14:14 | INFO     | base.base_page:107 | 初始化页面: DetailsPage | 平台: android
2025-09-03 14:14:14 | INFO     | pages.nut_cloud_page.details_page:17 | 进入主页
2025-09-03 14:14:14 | INFO     | base.base_page:202 | 获取定位器：details-account_button = hanvon.aebr.hanvondrive:id/tv_accout_detail
2025-09-03 14:14:14 | INFO     | base.base_page:180 | 处理完整资源ID: hanvon.aebr.hanvondrive:id/tv_accout_detail
2025-09-03 14:14:14 | INFO     | base.base_page:202 | 获取定位器：details-account_unbind = hanvon.aebr.hanvondrive:id/unbindTv
2025-09-03 14:14:14 | INFO     | base.base_page:180 | 处理完整资源ID: hanvon.aebr.hanvondrive:id/unbindTv
2025-09-03 14:14:14 | INFO     | base.base_page:202 | 获取定位器：details-close_button = hanvon.aebr.hanvondrive:id/dialog_close
2025-09-03 14:14:14 | INFO     | base.base_page:180 | 处理完整资源ID: hanvon.aebr.hanvondrive:id/dialog_close
2025-09-03 14:14:14 | INFO     | base.base_page:202 | 获取定位器：details-nut_cloud = hanvon.aebr.hanvondrive:id/drive_type
2025-09-03 14:14:14 | INFO     | base.base_page:180 | 处理完整资源ID: hanvon.aebr.hanvondrive:id/drive_type
2025-09-03 14:14:14 | INFO     | base.base_page:202 | 获取定位器：details-rename_button = hanvon.aebr.hanvondrive:id/tv_rename_drive
2025-09-03 14:14:14 | INFO     | base.base_page:180 | 处理完整资源ID: hanvon.aebr.hanvondrive:id/tv_rename_drive
2025-09-03 14:14:14 | INFO     | base.base_page:202 | 获取定位器：details-rename_window = hanvon.aebr.hanvondrive:id/dialog_title
2025-09-03 14:14:14 | INFO     | base.base_page:180 | 处理完整资源ID: hanvon.aebr.hanvondrive:id/dialog_title
2025-09-03 14:14:14 | INFO     | base.base_page:202 | 获取定位器：home-nut_cloud = hanvon.aebr.hanvondrive:id/drive_type
2025-09-03 14:14:14 | INFO     | base.base_page:180 | 处理完整资源ID: hanvon.aebr.hanvondrive:id/drive_type
2025-09-03 14:14:17 | INFO     | base.base_page:465 | 成功长按元素: ('id', 'hanvon.aebr.hanvondrive:id/drive_type') (2.0秒)
2025-09-03 14:14:17 | INFO     | base.base_page:202 | 获取定位器：details-rename_button = hanvon.aebr.hanvondrive:id/tv_rename_drive
2025-09-03 14:14:17 | INFO     | base.base_page:180 | 处理完整资源ID: hanvon.aebr.hanvondrive:id/tv_rename_drive
2025-09-03 14:14:18 | INFO     | base.base_page:275 | 点击元素：('id', 'hanvon.aebr.hanvondrive:id/tv_rename_drive')
2025-09-03 14:14:18 | INFO     | base.base_page:202 | 获取定位器：details-rename_window = hanvon.aebr.hanvondrive:id/dialog_title
2025-09-03 14:14:18 | INFO     | base.base_page:180 | 处理完整资源ID: hanvon.aebr.hanvondrive:id/dialog_title
2025-09-03 14:14:18 | INFO     | base.base_page:368 | 元素已找到：<appium.webdriver.webelement.WebElement (session="2da5a8b5-78f5-461d-a996-f047c8ef5ddb", element="7da87e7a-3e3a-4c57-8826-b16a4ca089ee")>
2025-09-03 14:14:18 | INFO     | pages.nut_cloud_page.details_page:119 | 已返回到账户信息页
2025-09-03 14:14:18 | INFO     | base.base_page:53 | 自动生成配置路径: data/locators/account_rename_page.yaml
2025-09-03 14:14:18 | INFO     | base.base_page:53 | 自动生成配置路径: data/locators/account_rename_page.yaml
2025-09-03 14:14:18 | INFO     | base.base_page:107 | 初始化页面: AccountRenamePage | 平台: android
2025-09-03 14:14:18 | INFO     | pages.nut_cloud_page.account_rename_page:15 | 进入主页
2025-09-03 14:14:18 | INFO     | base.base_page:202 | 获取定位器：account_rename-account_input = hanvon.aebr.hanvondrive:id/foldername_edittext
2025-09-03 14:14:18 | INFO     | base.base_page:180 | 处理完整资源ID: hanvon.aebr.hanvondrive:id/foldername_edittext
2025-09-03 14:14:18 | INFO     | base.base_page:202 | 获取定位器：account_rename-bind_cloud = hanvon.aebr.hanvondrive:id/tv_drive_type
2025-09-03 14:14:18 | INFO     | base.base_page:180 | 处理完整资源ID: hanvon.aebr.hanvondrive:id/tv_drive_type
2025-09-03 14:14:18 | INFO     | base.base_page:202 | 获取定位器：account_rename-cancel_button = hanvon.aebr.hanvondrive:id/dialog_cancel
2025-09-03 14:14:18 | INFO     | base.base_page:180 | 处理完整资源ID: hanvon.aebr.hanvondrive:id/dialog_cancel
2025-09-03 14:14:18 | INFO     | base.base_page:202 | 获取定位器：account_rename-delete_name = hanvon.aebr.hanvondrive:id/deleteTv
2025-09-03 14:14:18 | INFO     | base.base_page:180 | 处理完整资源ID: hanvon.aebr.hanvondrive:id/deleteTv
2025-09-03 14:14:18 | INFO     | base.base_page:202 | 获取定位器：account_rename-sure_button = hanvon.aebr.hanvondrive:id/dialog_sure
2025-09-03 14:14:18 | INFO     | base.base_page:180 | 处理完整资源ID: hanvon.aebr.hanvondrive:id/dialog_sure
2025-09-03 14:14:18 | INFO     | base.base_page:202 | 获取定位器：account_rename-tv_account = hanvon.aebr.hanvondrive:id/tv_accout
2025-09-03 14:14:18 | INFO     | base.base_page:180 | 处理完整资源ID: hanvon.aebr.hanvondrive:id/tv_accout
2025-09-03 14:14:18 | INFO     | base.base_page:202 | 获取定位器：account_rename-account_input = hanvon.aebr.hanvondrive:id/foldername_edittext
2025-09-03 14:14:18 | INFO     | base.base_page:180 | 处理完整资源ID: hanvon.aebr.hanvondrive:id/foldername_edittext
2025-09-03 14:14:19 | INFO     | base.base_page:288 | 输入文本到 ('id', 'hanvon.aebr.hanvondrive:id/foldername_edittext')：'Account_123!@#.+-~！@#￥%……&*（）——+？“：|'
2025-09-03 14:14:19 | INFO     | pages.nut_cloud_page.account_rename_page:44 | 账户名称输入值为：Account_123!@#.+-~！@#￥%……&*（）——+？“：|
2025-09-03 14:14:19 | INFO     | base.base_page:202 | 获取定位器：account_rename-account_input = hanvon.aebr.hanvondrive:id/foldername_edittext
2025-09-03 14:14:19 | INFO     | base.base_page:180 | 处理完整资源ID: hanvon.aebr.hanvondrive:id/foldername_edittext
2025-09-03 14:14:20 | INFO     | base.base_page:137 | ✅ 使用ADB点击返回键
2025-09-03 14:14:21 | INFO     | base.base_page:137 | ✅ 使用ADB点击返回键
2025-09-03 14:14:23 | INFO     | conftest:233 | 停止屏幕录制: D:\clear6Trubo\reports\videos\VIDEO_test_input_account_name__u7279_u6b8a_u5b57_u7b26_u_20250903_141414.mp4
2025-09-03 14:14:23 | INFO     | conftest:239 | 屏幕录制已保存: D:\clear6Trubo\reports\videos\VIDEO_test_input_account_name__u7279_u6b8a_u5b57_u7b26_u_20250903_141414.mp4
2025-09-03 14:14:23 | INFO     | conftest:346 | 已将录屏附加到Allure报告: VIDEO_test_input_account_name__u7279_u6b8a_u5b57_u7b26_u_20250903_141414.mp4
2025-09-03 14:14:24 | INFO     | conftest:219 | 开始屏幕录制: D:\clear6Trubo\reports\videos\VIDEO_test_input_account_name__u8d85_u957f_u540d_u79f0_u_20250903_141423.mp4
2025-09-03 14:14:24 | INFO     | base.base_page:53 | 自动生成配置路径: data/locators/details_page.yaml
2025-09-03 14:14:24 | INFO     | base.base_page:53 | 自动生成配置路径: data/locators/details_page.yaml
2025-09-03 14:14:24 | INFO     | base.base_page:107 | 初始化页面: DetailsPage | 平台: android
2025-09-03 14:14:24 | INFO     | pages.nut_cloud_page.details_page:17 | 进入主页
2025-09-03 14:14:24 | INFO     | base.base_page:202 | 获取定位器：details-account_button = hanvon.aebr.hanvondrive:id/tv_accout_detail
2025-09-03 14:14:24 | INFO     | base.base_page:180 | 处理完整资源ID: hanvon.aebr.hanvondrive:id/tv_accout_detail
2025-09-03 14:14:24 | INFO     | base.base_page:202 | 获取定位器：details-account_unbind = hanvon.aebr.hanvondrive:id/unbindTv
2025-09-03 14:14:24 | INFO     | base.base_page:180 | 处理完整资源ID: hanvon.aebr.hanvondrive:id/unbindTv
2025-09-03 14:14:24 | INFO     | base.base_page:202 | 获取定位器：details-close_button = hanvon.aebr.hanvondrive:id/dialog_close
2025-09-03 14:14:24 | INFO     | base.base_page:180 | 处理完整资源ID: hanvon.aebr.hanvondrive:id/dialog_close
2025-09-03 14:14:24 | INFO     | base.base_page:202 | 获取定位器：details-nut_cloud = hanvon.aebr.hanvondrive:id/drive_type
2025-09-03 14:14:24 | INFO     | base.base_page:180 | 处理完整资源ID: hanvon.aebr.hanvondrive:id/drive_type
2025-09-03 14:14:24 | INFO     | base.base_page:202 | 获取定位器：details-rename_button = hanvon.aebr.hanvondrive:id/tv_rename_drive
2025-09-03 14:14:24 | INFO     | base.base_page:180 | 处理完整资源ID: hanvon.aebr.hanvondrive:id/tv_rename_drive
2025-09-03 14:14:24 | INFO     | base.base_page:202 | 获取定位器：details-rename_window = hanvon.aebr.hanvondrive:id/dialog_title
2025-09-03 14:14:24 | INFO     | base.base_page:180 | 处理完整资源ID: hanvon.aebr.hanvondrive:id/dialog_title
2025-09-03 14:14:24 | INFO     | base.base_page:53 | 自动生成配置路径: data/locators/details_page.yaml
2025-09-03 14:14:24 | INFO     | base.base_page:53 | 自动生成配置路径: data/locators/details_page.yaml
2025-09-03 14:14:24 | INFO     | base.base_page:107 | 初始化页面: DetailsPage | 平台: android
2025-09-03 14:14:24 | INFO     | pages.nut_cloud_page.details_page:17 | 进入主页
2025-09-03 14:14:24 | INFO     | base.base_page:202 | 获取定位器：details-account_button = hanvon.aebr.hanvondrive:id/tv_accout_detail
2025-09-03 14:14:24 | INFO     | base.base_page:180 | 处理完整资源ID: hanvon.aebr.hanvondrive:id/tv_accout_detail
2025-09-03 14:14:24 | INFO     | base.base_page:202 | 获取定位器：details-account_unbind = hanvon.aebr.hanvondrive:id/unbindTv
2025-09-03 14:14:24 | INFO     | base.base_page:180 | 处理完整资源ID: hanvon.aebr.hanvondrive:id/unbindTv
2025-09-03 14:14:24 | INFO     | base.base_page:202 | 获取定位器：details-close_button = hanvon.aebr.hanvondrive:id/dialog_close
2025-09-03 14:14:24 | INFO     | base.base_page:180 | 处理完整资源ID: hanvon.aebr.hanvondrive:id/dialog_close
2025-09-03 14:14:24 | INFO     | base.base_page:202 | 获取定位器：details-nut_cloud = hanvon.aebr.hanvondrive:id/drive_type
2025-09-03 14:14:24 | INFO     | base.base_page:180 | 处理完整资源ID: hanvon.aebr.hanvondrive:id/drive_type
2025-09-03 14:14:24 | INFO     | base.base_page:202 | 获取定位器：details-rename_button = hanvon.aebr.hanvondrive:id/tv_rename_drive
2025-09-03 14:14:24 | INFO     | base.base_page:180 | 处理完整资源ID: hanvon.aebr.hanvondrive:id/tv_rename_drive
2025-09-03 14:14:24 | INFO     | base.base_page:202 | 获取定位器：details-rename_window = hanvon.aebr.hanvondrive:id/dialog_title
2025-09-03 14:14:24 | INFO     | base.base_page:180 | 处理完整资源ID: hanvon.aebr.hanvondrive:id/dialog_title
2025-09-03 14:14:24 | INFO     | base.base_page:202 | 获取定位器：home-nut_cloud = hanvon.aebr.hanvondrive:id/drive_type
2025-09-03 14:14:24 | INFO     | base.base_page:180 | 处理完整资源ID: hanvon.aebr.hanvondrive:id/drive_type
2025-09-03 14:14:26 | INFO     | base.base_page:465 | 成功长按元素: ('id', 'hanvon.aebr.hanvondrive:id/drive_type') (2.0秒)
2025-09-03 14:14:26 | INFO     | base.base_page:202 | 获取定位器：details-rename_button = hanvon.aebr.hanvondrive:id/tv_rename_drive
2025-09-03 14:14:26 | INFO     | base.base_page:180 | 处理完整资源ID: hanvon.aebr.hanvondrive:id/tv_rename_drive
2025-09-03 14:14:28 | INFO     | base.base_page:275 | 点击元素：('id', 'hanvon.aebr.hanvondrive:id/tv_rename_drive')
2025-09-03 14:14:28 | INFO     | base.base_page:202 | 获取定位器：details-rename_window = hanvon.aebr.hanvondrive:id/dialog_title
2025-09-03 14:14:28 | INFO     | base.base_page:180 | 处理完整资源ID: hanvon.aebr.hanvondrive:id/dialog_title
2025-09-03 14:14:28 | INFO     | base.base_page:368 | 元素已找到：<appium.webdriver.webelement.WebElement (session="2da5a8b5-78f5-461d-a996-f047c8ef5ddb", element="0998a8c8-6ef4-45e6-a817-f9fe2ebee0b3")>
2025-09-03 14:14:28 | INFO     | pages.nut_cloud_page.details_page:119 | 已返回到账户信息页
2025-09-03 14:14:28 | INFO     | base.base_page:53 | 自动生成配置路径: data/locators/account_rename_page.yaml
2025-09-03 14:14:28 | INFO     | base.base_page:53 | 自动生成配置路径: data/locators/account_rename_page.yaml
2025-09-03 14:14:28 | INFO     | base.base_page:107 | 初始化页面: AccountRenamePage | 平台: android
2025-09-03 14:14:28 | INFO     | pages.nut_cloud_page.account_rename_page:15 | 进入主页
2025-09-03 14:14:28 | INFO     | base.base_page:202 | 获取定位器：account_rename-account_input = hanvon.aebr.hanvondrive:id/foldername_edittext
2025-09-03 14:14:28 | INFO     | base.base_page:180 | 处理完整资源ID: hanvon.aebr.hanvondrive:id/foldername_edittext
2025-09-03 14:14:28 | INFO     | base.base_page:202 | 获取定位器：account_rename-bind_cloud = hanvon.aebr.hanvondrive:id/tv_drive_type
2025-09-03 14:14:28 | INFO     | base.base_page:180 | 处理完整资源ID: hanvon.aebr.hanvondrive:id/tv_drive_type
2025-09-03 14:14:28 | INFO     | base.base_page:202 | 获取定位器：account_rename-cancel_button = hanvon.aebr.hanvondrive:id/dialog_cancel
2025-09-03 14:14:28 | INFO     | base.base_page:180 | 处理完整资源ID: hanvon.aebr.hanvondrive:id/dialog_cancel
2025-09-03 14:14:28 | INFO     | base.base_page:202 | 获取定位器：account_rename-delete_name = hanvon.aebr.hanvondrive:id/deleteTv
2025-09-03 14:14:28 | INFO     | base.base_page:180 | 处理完整资源ID: hanvon.aebr.hanvondrive:id/deleteTv
2025-09-03 14:14:28 | INFO     | base.base_page:202 | 获取定位器：account_rename-sure_button = hanvon.aebr.hanvondrive:id/dialog_sure
2025-09-03 14:14:28 | INFO     | base.base_page:180 | 处理完整资源ID: hanvon.aebr.hanvondrive:id/dialog_sure
2025-09-03 14:14:28 | INFO     | base.base_page:202 | 获取定位器：account_rename-tv_account = hanvon.aebr.hanvondrive:id/tv_accout
2025-09-03 14:14:28 | INFO     | base.base_page:180 | 处理完整资源ID: hanvon.aebr.hanvondrive:id/tv_accout
2025-09-03 14:14:28 | INFO     | base.base_page:202 | 获取定位器：account_rename-account_input = hanvon.aebr.hanvondrive:id/foldername_edittext
2025-09-03 14:14:28 | INFO     | base.base_page:180 | 处理完整资源ID: hanvon.aebr.hanvondrive:id/foldername_edittext
2025-09-03 14:14:29 | INFO     | base.base_page:288 | 输入文本到 ('id', 'hanvon.aebr.hanvondrive:id/foldername_edittext')：'VeryLongAccountNameWithMoreThanFiftyCharactersForTestingVeryLongAccountNameWithMoreThanFiftyCharactersForTesting'
2025-09-03 14:14:29 | INFO     | pages.nut_cloud_page.account_rename_page:44 | 账户名称输入值为：VeryLongAccountNameWithMoreThanFiftyCharactersForTestingVeryLongAccountNameWithMoreThanFiftyCharactersForTesting
2025-09-03 14:14:29 | INFO     | base.base_page:202 | 获取定位器：account_rename-account_input = hanvon.aebr.hanvondrive:id/foldername_edittext
2025-09-03 14:14:29 | INFO     | base.base_page:180 | 处理完整资源ID: hanvon.aebr.hanvondrive:id/foldername_edittext
2025-09-03 14:14:30 | INFO     | base.base_page:137 | ✅ 使用ADB点击返回键
2025-09-03 14:14:31 | INFO     | base.base_page:137 | ✅ 使用ADB点击返回键
2025-09-03 14:14:33 | INFO     | conftest:233 | 停止屏幕录制: D:\clear6Trubo\reports\videos\VIDEO_test_input_account_name__u8d85_u957f_u540d_u79f0_u_20250903_141423.mp4
2025-09-03 14:14:33 | INFO     | conftest:239 | 屏幕录制已保存: D:\clear6Trubo\reports\videos\VIDEO_test_input_account_name__u8d85_u957f_u540d_u79f0_u_20250903_141423.mp4
2025-09-03 14:14:34 | INFO     | conftest:346 | 已将录屏附加到Allure报告: VIDEO_test_input_account_name__u8d85_u957f_u540d_u79f0_u_20250903_141423.mp4
2025-09-03 14:14:34 | INFO     | conftest:381 | ==================================================
2025-09-03 14:14:34 | INFO     | conftest:382 | 测试会话结束状态: 0
2025-09-03 14:14:34 | INFO     | conftest:383 | ==================================================
2025-09-03 14:22:19 | INFO     | conftest:162 | 已删除旧文件: VIDEO_test_input_account_name_delete__u4e2d_u6587_u540d__20250902_114429.mp4
2025-09-03 14:22:19 | INFO     | conftest:162 | 已删除旧文件: VIDEO_test_input_account_name_delete__u57fa_u7840_u91cd__20250902_114417.mp4
2025-09-03 14:22:19 | INFO     | conftest:162 | 已删除旧文件: VIDEO_test_click_account_sure_button_20250902_114408.mp4
2025-09-03 14:22:19 | INFO     | conftest:162 | 已删除旧文件: VIDEO_test_click_account_cancel_button_20250902_114358.mp4
2025-09-03 14:22:19 | INFO     | utils.test_data_loader:13 | 项目根目录: D:\clear6Trubo
2025-09-03 14:22:19 | INFO     | utils.test_data_loader:19 | 完整文件路径: D:\clear6Trubo\data\test_data\positive_rename.json
2025-09-03 14:22:19 | INFO     | utils.test_data_loader:20 | 文件存在: True
2025-09-03 14:22:19 | INFO     | conftest:413 | ✅ 成功删除数据库文件: /storage/emulated/0/hwsys/database/clouds.db
2025-09-03 14:22:29 | INFO     | base.base_page:53 | 自动生成配置路径: data/locators/home_clouds_page.yaml
2025-09-03 14:22:29 | INFO     | base.base_page:69 | 已加载配置文件: D:\clear6Trubo\data\locators\home_clouds_page.yaml (for HomeCloudsPage)
2025-09-03 14:22:29 | INFO     | base.base_page:53 | 自动生成配置路径: data/locators/home_clouds_page.yaml
2025-09-03 14:22:29 | INFO     | base.base_page:107 | 初始化页面: HomeCloudsPage | 平台: android
2025-09-03 14:22:29 | INFO     | base.base_page:202 | 获取定位器：home-aliyun_home_id = com.Hanovn.HanovnBrowser:id/content_frame
2025-09-03 14:22:29 | INFO     | base.base_page:180 | 处理完整资源ID: com.Hanovn.HanovnBrowser:id/content_frame
2025-09-03 14:22:29 | INFO     | base.base_page:202 | 获取定位器：home-baidu_home_cloud_id = hanvon.aebr.hanvondrive:id/tv_drive
2025-09-03 14:22:29 | INFO     | base.base_page:180 | 处理完整资源ID: hanvon.aebr.hanvondrive:id/tv_drive
2025-09-03 14:22:29 | INFO     | base.base_page:202 | 获取定位器：home-nut_webdav_home_cloud_id = hanvon.aebr.hanvondrive:id/bt_back
2025-09-03 14:22:29 | INFO     | base.base_page:180 | 处理完整资源ID: hanvon.aebr.hanvondrive:id/bt_back
2025-09-03 14:22:29 | INFO     | base.base_page:202 | 获取定位器：home-onedrive_home_id = android:id/content
2025-09-03 14:22:29 | INFO     | base.base_page:180 | 处理完整资源ID: android:id/content
2025-09-03 14:22:29 | INFO     | base.base_page:202 | 获取定位器：home-public_resource_id = hanvon.aebr.hanvondrive:id/detailFileLayout
2025-09-03 14:22:29 | INFO     | base.base_page:180 | 处理完整资源ID: hanvon.aebr.hanvondrive:id/detailFileLayout
2025-09-03 14:22:29 | INFO     | base.base_page:53 | 自动生成配置路径: data/locators/home_clouds_page.yaml
2025-09-03 14:22:29 | INFO     | base.base_page:53 | 自动生成配置路径: data/locators/home_clouds_page.yaml
2025-09-03 14:22:29 | INFO     | base.base_page:107 | 初始化页面: HomeCloudsPage | 平台: android
2025-09-03 14:22:29 | INFO     | base.base_page:202 | 获取定位器：home-aliyun_home_id = com.Hanovn.HanovnBrowser:id/content_frame
2025-09-03 14:22:29 | INFO     | base.base_page:180 | 处理完整资源ID: com.Hanovn.HanovnBrowser:id/content_frame
2025-09-03 14:22:29 | INFO     | base.base_page:202 | 获取定位器：home-baidu_home_cloud_id = hanvon.aebr.hanvondrive:id/tv_drive
2025-09-03 14:22:29 | INFO     | base.base_page:180 | 处理完整资源ID: hanvon.aebr.hanvondrive:id/tv_drive
2025-09-03 14:22:29 | INFO     | base.base_page:202 | 获取定位器：home-nut_webdav_home_cloud_id = hanvon.aebr.hanvondrive:id/bt_back
2025-09-03 14:22:29 | INFO     | base.base_page:180 | 处理完整资源ID: hanvon.aebr.hanvondrive:id/bt_back
2025-09-03 14:22:29 | INFO     | base.base_page:202 | 获取定位器：home-onedrive_home_id = android:id/content
2025-09-03 14:22:29 | INFO     | base.base_page:180 | 处理完整资源ID: android:id/content
2025-09-03 14:22:29 | INFO     | base.base_page:202 | 获取定位器：home-public_resource_id = hanvon.aebr.hanvondrive:id/detailFileLayout
2025-09-03 14:22:29 | INFO     | base.base_page:180 | 处理完整资源ID: hanvon.aebr.hanvondrive:id/detailFileLayout
2025-09-03 14:22:29 | INFO     | base.base_page:202 | 获取定位器：home-public_resource_id = hanvon.aebr.hanvondrive:id/detailFileLayout
2025-09-03 14:22:29 | INFO     | base.base_page:180 | 处理完整资源ID: hanvon.aebr.hanvondrive:id/detailFileLayout
2025-09-03 14:22:31 | INFO     | base.base_page:342 | 点击元素：('id', 'hanvon.aebr.hanvondrive:id/detailFileLayout') [索引： 1]
2025-09-03 14:22:31 | INFO     | base.base_page:53 | 自动生成配置路径: data/locators/nut_login_page.yaml
2025-09-03 14:22:31 | INFO     | base.base_page:69 | 已加载配置文件: D:\clear6Trubo\data\locators\nut_login_page.yaml (for NutLoginPage)
2025-09-03 14:22:31 | INFO     | base.base_page:53 | 自动生成配置路径: data/locators/nut_login_page.yaml
2025-09-03 14:22:31 | INFO     | base.base_page:107 | 初始化页面: NutLoginPage | 平台: android
2025-09-03 14:22:31 | INFO     | base.base_page:202 | 获取定位器：nut_login_page-cancel_button = hanvon.aebr.hanvondrive:id/janCancel
2025-09-03 14:22:31 | INFO     | base.base_page:180 | 处理完整资源ID: hanvon.aebr.hanvondrive:id/janCancel
2025-09-03 14:22:31 | INFO     | base.base_page:202 | 获取定位器：nut_login_page-home_bind = hanvon.aebr.hanvondrive:id/drive_gridview
2025-09-03 14:22:31 | INFO     | base.base_page:180 | 处理完整资源ID: hanvon.aebr.hanvondrive:id/drive_gridview
2025-09-03 14:22:31 | INFO     | base.base_page:202 | 获取定位器：nut_login_page-item_name = hanvon.aebr.hanvondrive:id/itemNameTv
2025-09-03 14:22:31 | INFO     | base.base_page:180 | 处理完整资源ID: hanvon.aebr.hanvondrive:id/itemNameTv
2025-09-03 14:22:31 | INFO     | base.base_page:202 | 获取定位器：nut_login_page-password_field = hanvon.aebr.hanvondrive:id/passEt
2025-09-03 14:22:31 | INFO     | base.base_page:180 | 处理完整资源ID: hanvon.aebr.hanvondrive:id/passEt
2025-09-03 14:22:31 | INFO     | base.base_page:202 | 获取定位器：nut_login_page-return_button = hanvon.aebr.hanvondrive:id/bt_back
2025-09-03 14:22:31 | INFO     | base.base_page:180 | 处理完整资源ID: hanvon.aebr.hanvondrive:id/bt_back
2025-09-03 14:22:31 | INFO     | base.base_page:202 | 获取定位器：nut_login_page-show_password = hanvon.aebr.hanvondrive:id/showPass
2025-09-03 14:22:31 | INFO     | base.base_page:180 | 处理完整资源ID: hanvon.aebr.hanvondrive:id/showPass
2025-09-03 14:22:31 | INFO     | base.base_page:202 | 获取定位器：nut_login_page-sure_button = hanvon.aebr.hanvondrive:id/janSure
2025-09-03 14:22:31 | INFO     | base.base_page:180 | 处理完整资源ID: hanvon.aebr.hanvondrive:id/janSure
2025-09-03 14:22:31 | INFO     | base.base_page:202 | 获取定位器：nut_login_page-username_field = hanvon.aebr.hanvondrive:id/userEt
2025-09-03 14:22:31 | INFO     | base.base_page:180 | 处理完整资源ID: hanvon.aebr.hanvondrive:id/userEt
2025-09-03 14:22:31 | INFO     | utils.test_data_loader:13 | 项目根目录: D:\clear6Trubo
2025-09-03 14:22:31 | INFO     | utils.test_data_loader:19 | 完整文件路径: D:\clear6Trubo\data\test_data\login_data_positive.json
2025-09-03 14:22:31 | INFO     | utils.test_data_loader:20 | 文件存在: True
2025-09-03 14:22:31 | INFO     | base.base_page:202 | 获取定位器：nut_login_page-username_field = hanvon.aebr.hanvondrive:id/userEt
2025-09-03 14:22:31 | INFO     | base.base_page:180 | 处理完整资源ID: hanvon.aebr.hanvondrive:id/userEt
2025-09-03 14:22:32 | INFO     | base.base_page:288 | 输入文本到 ('id', 'hanvon.aebr.hanvondrive:id/userEt')：'liuxuefeng@hanwang.com.cn'
2025-09-03 14:22:32 | INFO     | base.base_page:202 | 获取定位器：nut_login_page-password_field = hanvon.aebr.hanvondrive:id/passEt
2025-09-03 14:22:32 | INFO     | base.base_page:180 | 处理完整资源ID: hanvon.aebr.hanvondrive:id/passEt
2025-09-03 14:22:34 | INFO     | base.base_page:288 | 输入文本到 ('id', 'hanvon.aebr.hanvondrive:id/passEt')：'ani2k9vrmac7epjp'
2025-09-03 14:22:34 | INFO     | base.base_page:202 | 获取定位器：nut_login_page-sure_button = hanvon.aebr.hanvondrive:id/janSure
2025-09-03 14:22:34 | INFO     | base.base_page:180 | 处理完整资源ID: hanvon.aebr.hanvondrive:id/janSure
2025-09-03 14:22:34 | INFO     | base.base_page:275 | 点击元素：('id', 'hanvon.aebr.hanvondrive:id/janSure')
2025-09-03 14:22:37 | INFO     | pages.nut_cloud_page.nut_login_page:92 | 成功绑定账号
2025-09-03 14:22:37 | INFO     | base.base_page:53 | 自动生成配置路径: data/locators/home_page.yaml
2025-09-03 14:22:37 | INFO     | base.base_page:69 | 已加载配置文件: D:\clear6Trubo\data\locators\home_page.yaml (for HomePage)
2025-09-03 14:22:37 | INFO     | base.base_page:53 | 自动生成配置路径: data/locators/home_page.yaml
2025-09-03 14:22:37 | INFO     | base.base_page:107 | 初始化页面: HomePage | 平台: android
2025-09-03 14:22:37 | INFO     | pages.nut_cloud_page.home_page:20 | 进入主页
2025-09-03 14:22:37 | INFO     | base.base_page:202 | 获取定位器：home-bind_cloud = hanvon.aebr.hanvondrive:id/tv_drive_type
2025-09-03 14:22:37 | INFO     | base.base_page:180 | 处理完整资源ID: hanvon.aebr.hanvondrive:id/tv_drive_type
2025-09-03 14:22:37 | INFO     | base.base_page:202 | 获取定位器：home-bind_cloud_window = hanvon.aebr.hanvondrive:id/dialog_title
2025-09-03 14:22:37 | INFO     | base.base_page:180 | 处理完整资源ID: hanvon.aebr.hanvondrive:id/dialog_title
2025-09-03 14:22:37 | INFO     | base.base_page:202 | 获取定位器：home-iv_nextpage = hanvon.aebr.hanvondrive:id/iv_nextpage
2025-09-03 14:22:37 | INFO     | base.base_page:180 | 处理完整资源ID: hanvon.aebr.hanvondrive:id/iv_nextpage
2025-09-03 14:22:37 | INFO     | base.base_page:202 | 获取定位器：home-iv_prepage = hanvon.aebr.hanvondrive:id/iv_prepage
2025-09-03 14:22:37 | INFO     | base.base_page:180 | 处理完整资源ID: hanvon.aebr.hanvondrive:id/iv_prepage
2025-09-03 14:22:37 | INFO     | base.base_page:202 | 获取定位器：home-more_view_window = hanvon.aebr.hanvondrive:id/tv_display
2025-09-03 14:22:37 | INFO     | base.base_page:180 | 处理完整资源ID: hanvon.aebr.hanvondrive:id/tv_display
2025-09-03 14:22:37 | INFO     | base.base_page:202 | 获取定位器：home-nut_cloud = hanvon.aebr.hanvondrive:id/drive_type
2025-09-03 14:22:37 | INFO     | base.base_page:180 | 处理完整资源ID: hanvon.aebr.hanvondrive:id/drive_type
2025-09-03 14:22:37 | INFO     | base.base_page:202 | 获取定位器：home-nut_file_id = xpath://*[@resource-id='hanvon.aebr.hanvondrive:id/fileGridTv']
2025-09-03 14:22:37 | INFO     | base.base_page:202 | 获取定位器：home-return_button = hanvon.aebr.hanvondrive:id/bt_back
2025-09-03 14:22:37 | INFO     | base.base_page:180 | 处理完整资源ID: hanvon.aebr.hanvondrive:id/bt_back
2025-09-03 14:22:37 | INFO     | base.base_page:202 | 获取定位器：home-view_more = hanvon.aebr.hanvondrive:id/bt_binddrive_set
2025-09-03 14:22:37 | INFO     | base.base_page:180 | 处理完整资源ID: hanvon.aebr.hanvondrive:id/bt_binddrive_set
2025-09-03 14:22:37 | INFO     | base.base_page:53 | 自动生成配置路径: data/locators/home_page.yaml
2025-09-03 14:22:37 | INFO     | base.base_page:53 | 自动生成配置路径: data/locators/home_page.yaml
2025-09-03 14:22:37 | INFO     | base.base_page:107 | 初始化页面: HomePage | 平台: android
2025-09-03 14:22:37 | INFO     | pages.nut_cloud_page.home_page:20 | 进入主页
2025-09-03 14:22:37 | INFO     | base.base_page:202 | 获取定位器：home-bind_cloud = hanvon.aebr.hanvondrive:id/tv_drive_type
2025-09-03 14:22:37 | INFO     | base.base_page:180 | 处理完整资源ID: hanvon.aebr.hanvondrive:id/tv_drive_type
2025-09-03 14:22:37 | INFO     | base.base_page:202 | 获取定位器：home-bind_cloud_window = hanvon.aebr.hanvondrive:id/dialog_title
2025-09-03 14:22:37 | INFO     | base.base_page:180 | 处理完整资源ID: hanvon.aebr.hanvondrive:id/dialog_title
2025-09-03 14:22:37 | INFO     | base.base_page:202 | 获取定位器：home-iv_nextpage = hanvon.aebr.hanvondrive:id/iv_nextpage
2025-09-03 14:22:37 | INFO     | base.base_page:180 | 处理完整资源ID: hanvon.aebr.hanvondrive:id/iv_nextpage
2025-09-03 14:22:37 | INFO     | base.base_page:202 | 获取定位器：home-iv_prepage = hanvon.aebr.hanvondrive:id/iv_prepage
2025-09-03 14:22:37 | INFO     | base.base_page:180 | 处理完整资源ID: hanvon.aebr.hanvondrive:id/iv_prepage
2025-09-03 14:22:37 | INFO     | base.base_page:202 | 获取定位器：home-more_view_window = hanvon.aebr.hanvondrive:id/tv_display
2025-09-03 14:22:37 | INFO     | base.base_page:180 | 处理完整资源ID: hanvon.aebr.hanvondrive:id/tv_display
2025-09-03 14:22:37 | INFO     | base.base_page:202 | 获取定位器：home-nut_cloud = hanvon.aebr.hanvondrive:id/drive_type
2025-09-03 14:22:37 | INFO     | base.base_page:180 | 处理完整资源ID: hanvon.aebr.hanvondrive:id/drive_type
2025-09-03 14:22:37 | INFO     | base.base_page:202 | 获取定位器：home-nut_file_id = xpath://*[@resource-id='hanvon.aebr.hanvondrive:id/fileGridTv']
2025-09-03 14:22:37 | INFO     | base.base_page:202 | 获取定位器：home-return_button = hanvon.aebr.hanvondrive:id/bt_back
2025-09-03 14:22:37 | INFO     | base.base_page:180 | 处理完整资源ID: hanvon.aebr.hanvondrive:id/bt_back
2025-09-03 14:22:37 | INFO     | base.base_page:202 | 获取定位器：home-view_more = hanvon.aebr.hanvondrive:id/bt_binddrive_set
2025-09-03 14:22:37 | INFO     | base.base_page:180 | 处理完整资源ID: hanvon.aebr.hanvondrive:id/bt_binddrive_set
2025-09-03 14:22:38 | INFO     | conftest:219 | 开始屏幕录制: D:\clear6Trubo\reports\videos\VIDEO_test_click_delete_name_20250903_142237.mp4
2025-09-03 14:22:38 | INFO     | base.base_page:53 | 自动生成配置路径: data/locators/details_page.yaml
2025-09-03 14:22:38 | INFO     | base.base_page:69 | 已加载配置文件: D:\clear6Trubo\data\locators\details_page.yaml (for DetailsPage)
2025-09-03 14:22:38 | INFO     | base.base_page:53 | 自动生成配置路径: data/locators/details_page.yaml
2025-09-03 14:22:38 | INFO     | base.base_page:107 | 初始化页面: DetailsPage | 平台: android
2025-09-03 14:22:38 | INFO     | pages.nut_cloud_page.details_page:17 | 进入主页
2025-09-03 14:22:38 | INFO     | base.base_page:202 | 获取定位器：details-account_button = hanvon.aebr.hanvondrive:id/tv_accout_detail
2025-09-03 14:22:38 | INFO     | base.base_page:180 | 处理完整资源ID: hanvon.aebr.hanvondrive:id/tv_accout_detail
2025-09-03 14:22:38 | INFO     | base.base_page:202 | 获取定位器：details-account_unbind = hanvon.aebr.hanvondrive:id/unbindTv
2025-09-03 14:22:38 | INFO     | base.base_page:180 | 处理完整资源ID: hanvon.aebr.hanvondrive:id/unbindTv
2025-09-03 14:22:38 | INFO     | base.base_page:202 | 获取定位器：details-close_button = hanvon.aebr.hanvondrive:id/dialog_close
2025-09-03 14:22:38 | INFO     | base.base_page:180 | 处理完整资源ID: hanvon.aebr.hanvondrive:id/dialog_close
2025-09-03 14:22:38 | INFO     | base.base_page:202 | 获取定位器：details-nut_cloud = hanvon.aebr.hanvondrive:id/drive_type
2025-09-03 14:22:38 | INFO     | base.base_page:180 | 处理完整资源ID: hanvon.aebr.hanvondrive:id/drive_type
2025-09-03 14:22:38 | INFO     | base.base_page:202 | 获取定位器：details-rename_button = hanvon.aebr.hanvondrive:id/tv_rename_drive
2025-09-03 14:22:38 | INFO     | base.base_page:180 | 处理完整资源ID: hanvon.aebr.hanvondrive:id/tv_rename_drive
2025-09-03 14:22:38 | INFO     | base.base_page:202 | 获取定位器：details-rename_window = hanvon.aebr.hanvondrive:id/dialog_title
2025-09-03 14:22:38 | INFO     | base.base_page:180 | 处理完整资源ID: hanvon.aebr.hanvondrive:id/dialog_title
2025-09-03 14:22:38 | INFO     | base.base_page:53 | 自动生成配置路径: data/locators/details_page.yaml
2025-09-03 14:22:38 | INFO     | base.base_page:53 | 自动生成配置路径: data/locators/details_page.yaml
2025-09-03 14:22:38 | INFO     | base.base_page:107 | 初始化页面: DetailsPage | 平台: android
2025-09-03 14:22:38 | INFO     | pages.nut_cloud_page.details_page:17 | 进入主页
2025-09-03 14:22:38 | INFO     | base.base_page:202 | 获取定位器：details-account_button = hanvon.aebr.hanvondrive:id/tv_accout_detail
2025-09-03 14:22:38 | INFO     | base.base_page:180 | 处理完整资源ID: hanvon.aebr.hanvondrive:id/tv_accout_detail
2025-09-03 14:22:38 | INFO     | base.base_page:202 | 获取定位器：details-account_unbind = hanvon.aebr.hanvondrive:id/unbindTv
2025-09-03 14:22:38 | INFO     | base.base_page:180 | 处理完整资源ID: hanvon.aebr.hanvondrive:id/unbindTv
2025-09-03 14:22:38 | INFO     | base.base_page:202 | 获取定位器：details-close_button = hanvon.aebr.hanvondrive:id/dialog_close
2025-09-03 14:22:38 | INFO     | base.base_page:180 | 处理完整资源ID: hanvon.aebr.hanvondrive:id/dialog_close
2025-09-03 14:22:38 | INFO     | base.base_page:202 | 获取定位器：details-nut_cloud = hanvon.aebr.hanvondrive:id/drive_type
2025-09-03 14:22:38 | INFO     | base.base_page:180 | 处理完整资源ID: hanvon.aebr.hanvondrive:id/drive_type
2025-09-03 14:22:38 | INFO     | base.base_page:202 | 获取定位器：details-rename_button = hanvon.aebr.hanvondrive:id/tv_rename_drive
2025-09-03 14:22:38 | INFO     | base.base_page:180 | 处理完整资源ID: hanvon.aebr.hanvondrive:id/tv_rename_drive
2025-09-03 14:22:38 | INFO     | base.base_page:202 | 获取定位器：details-rename_window = hanvon.aebr.hanvondrive:id/dialog_title
2025-09-03 14:22:38 | INFO     | base.base_page:180 | 处理完整资源ID: hanvon.aebr.hanvondrive:id/dialog_title
2025-09-03 14:22:38 | INFO     | base.base_page:202 | 获取定位器：home-nut_cloud = hanvon.aebr.hanvondrive:id/drive_type
2025-09-03 14:22:38 | INFO     | base.base_page:180 | 处理完整资源ID: hanvon.aebr.hanvondrive:id/drive_type
2025-09-03 14:22:40 | ERROR    | base.base_page:471 | 长按操作异常: ('id', 'hanvon.aebr.hanvondrive:id/drive_type') | Message: Unable to perform W3C actions. Check the logcat output for possible error reports and make sure your input actions chain is valid.
Stacktrace:
io.appium.uiautomator2.common.exceptions.InvalidElementStateException: Unable to perform W3C actions. Check the logcat output for possible error reports and make sure your input actions chain is valid.
	at io.appium.uiautomator2.handler.W3CActions.safeHandle(W3CActions.java:84)
	at io.appium.uiautomator2.handler.request.SafeRequestHandler.handle(SafeRequestHandler.java:38)
	at io.appium.uiautomator2.server.AppiumServlet.handleRequest(AppiumServlet.java:252)
	at io.appium.uiautomator2.server.AppiumServlet.handleHttpRequest(AppiumServlet.java:242)
	at io.appium.uiautomator2.http.ServerHandler.channelRead(ServerHandler.java:44)
	at io.netty.channel.AbstractChannelHandlerContext.invokeChannelRead(AbstractChannelHandlerContext.java:366)
	at io.netty.channel.AbstractChannelHandlerContext.invokeChannelRead(AbstractChannelHandlerContext.java:352)
	at io.netty.channel.AbstractChannelHandlerContext.fireChannelRead(AbstractChannelHandlerContext.java:345)
	at io.netty.handler.codec.MessageToMessageDecoder.channelRead(MessageToMessageDecoder.java:102)
	at io.netty.channel.AbstractChannelHandlerContext.invokeChannelRead(AbstractChannelHandlerContext.java:366)
	at io.netty.channel.AbstractChannelHandlerContext.invokeChannelRead(AbstractChannelHandlerContext.java:352)
	at io.netty.channel.AbstractChannelHandlerContext.fireChannelRead(AbstractChannelHandlerContext.java:345)
	at io.netty.channel.CombinedChannelDuplexHandler$DelegatingChannelHandlerContext.fireChannelRead(CombinedChannelDuplexHandler.java:435)
	at io.netty.handler.codec.ByteToMessageDecoder.fireChannelRead(ByteToMessageDecoder.java:293)
	at io.netty.handler.codec.ByteToMessageDecoder.channelRead(ByteToMessageDecoder.java:267)
	at io.netty.channel.CombinedChannelDuplexHandler.channelRead(CombinedChannelDuplexHandler.java:250)
	at io.netty.channel.AbstractChannelHandlerContext.invokeChannelRead(AbstractChannelHandlerContext.java:366)
	at io.netty.channel.AbstractChannelHandlerContext.invokeChannelRead(AbstractChannelHandlerContext.java:352)
	at io.netty.channel.AbstractChannelHandlerContext.fireChannelRead(AbstractChannelHandlerContext.java:345)
	at io.netty.channel.DefaultChannelPipeline$HeadContext.channelRead(DefaultChannelPipeline.java:1294)
	at io.netty.channel.AbstractChannelHandlerContext.invokeChannelRead(AbstractChannelHandlerContext.java:366)
	at io.netty.channel.AbstractChannelHandlerContext.invokeChannelRead(AbstractChannelHandlerContext.java:352)
	at io.netty.channel.DefaultChannelPipeline.fireChannelRead(DefaultChannelPipeline.java:911)
	at io.netty.channel.nio.AbstractNioByteChannel$NioByteUnsafe.read(AbstractNioByteChannel.java:131)
	at io.netty.channel.nio.NioEventLoop.processSelectedKey(NioEventLoop.java:611)
	at io.netty.channel.nio.NioEventLoop.processSelectedKeysOptimized(NioEventLoop.java:552)
	at io.netty.channel.nio.NioEventLoop.processSelectedKeys(NioEventLoop.java:466)
	at io.netty.channel.nio.NioEventLoop.run(NioEventLoop.java:438)
	at io.netty.util.concurrent.SingleThreadEventExecutor$2.run(SingleThreadEventExecutor.java:140)
	at io.netty.util.concurrent.DefaultThreadFactory$DefaultRunnableDecorator.run(DefaultThreadFactory.java:144)
	at java.lang.Thread.run(Thread.java:1012)

2025-09-03 14:22:40 | WARNING  | pages.nut_cloud_page.home_page:66 | 检查主页元素失败：Message: Unable to perform W3C actions. Check the logcat output for possible error reports and make sure your input actions chain is valid.
Stacktrace:
io.appium.uiautomator2.common.exceptions.InvalidElementStateException: Unable to perform W3C actions. Check the logcat output for possible error reports and make sure your input actions chain is valid.
	at io.appium.uiautomator2.handler.W3CActions.safeHandle(W3CActions.java:84)
	at io.appium.uiautomator2.handler.request.SafeRequestHandler.handle(SafeRequestHandler.java:38)
	at io.appium.uiautomator2.server.AppiumServlet.handleRequest(AppiumServlet.java:252)
	at io.appium.uiautomator2.server.AppiumServlet.handleHttpRequest(AppiumServlet.java:242)
	at io.appium.uiautomator2.http.ServerHandler.channelRead(ServerHandler.java:44)
	at io.netty.channel.AbstractChannelHandlerContext.invokeChannelRead(AbstractChannelHandlerContext.java:366)
	at io.netty.channel.AbstractChannelHandlerContext.invokeChannelRead(AbstractChannelHandlerContext.java:352)
	at io.netty.channel.AbstractChannelHandlerContext.fireChannelRead(AbstractChannelHandlerContext.java:345)
	at io.netty.handler.codec.MessageToMessageDecoder.channelRead(MessageToMessageDecoder.java:102)
	at io.netty.channel.AbstractChannelHandlerContext.invokeChannelRead(AbstractChannelHandlerContext.java:366)
	at io.netty.channel.AbstractChannelHandlerContext.invokeChannelRead(AbstractChannelHandlerContext.java:352)
	at io.netty.channel.AbstractChannelHandlerContext.fireChannelRead(AbstractChannelHandlerContext.java:345)
	at io.netty.channel.CombinedChannelDuplexHandler$DelegatingChannelHandlerContext.fireChannelRead(CombinedChannelDuplexHandler.java:435)
	at io.netty.handler.codec.ByteToMessageDecoder.fireChannelRead(ByteToMessageDecoder.java:293)
	at io.netty.handler.codec.ByteToMessageDecoder.channelRead(ByteToMessageDecoder.java:267)
	at io.netty.channel.CombinedChannelDuplexHandler.channelRead(CombinedChannelDuplexHandler.java:250)
	at io.netty.channel.AbstractChannelHandlerContext.invokeChannelRead(AbstractChannelHandlerContext.java:366)
	at io.netty.channel.AbstractChannelHandlerContext.invokeChannelRead(AbstractChannelHandlerContext.java:352)
	at io.netty.channel.AbstractChannelHandlerContext.fireChannelRead(AbstractChannelHandlerContext.java:345)
	at io.netty.channel.DefaultChannelPipeline$HeadContext.channelRead(DefaultChannelPipeline.java:1294)
	at io.netty.channel.AbstractChannelHandlerContext.invokeChannelRead(AbstractChannelHandlerContext.java:366)
	at io.netty.channel.AbstractChannelHandlerContext.invokeChannelRead(AbstractChannelHandlerContext.java:352)
	at io.netty.channel.DefaultChannelPipeline.fireChannelRead(DefaultChannelPipeline.java:911)
	at io.netty.channel.nio.AbstractNioByteChannel$NioByteUnsafe.read(AbstractNioByteChannel.java:131)
	at io.netty.channel.nio.NioEventLoop.processSelectedKey(NioEventLoop.java:611)
	at io.netty.channel.nio.NioEventLoop.processSelectedKeysOptimized(NioEventLoop.java:552)
	at io.netty.channel.nio.NioEventLoop.processSelectedKeys(NioEventLoop.java:466)
	at io.netty.channel.nio.NioEventLoop.run(NioEventLoop.java:438)
	at io.netty.util.concurrent.SingleThreadEventExecutor$2.run(SingleThreadEventExecutor.java:140)
	at io.netty.util.concurrent.DefaultThreadFactory$DefaultRunnableDecorator.run(DefaultThreadFactory.java:144)
	at java.lang.Thread.run(Thread.java:1012)

2025-09-03 14:22:40 | INFO     | base.base_page:202 | 获取定位器：details-rename_button = hanvon.aebr.hanvondrive:id/tv_rename_drive
2025-09-03 14:22:40 | INFO     | base.base_page:180 | 处理完整资源ID: hanvon.aebr.hanvondrive:id/tv_rename_drive
2025-09-03 14:22:47 | INFO     | base.base_page:275 | 点击元素：('id', 'hanvon.aebr.hanvondrive:id/tv_rename_drive')
2025-09-03 14:22:47 | INFO     | base.base_page:202 | 获取定位器：details-rename_window = hanvon.aebr.hanvondrive:id/dialog_title
2025-09-03 14:22:47 | INFO     | base.base_page:180 | 处理完整资源ID: hanvon.aebr.hanvondrive:id/dialog_title
2025-09-03 14:22:48 | INFO     | base.base_page:368 | 元素已找到：<appium.webdriver.webelement.WebElement (session="2272f629-aae8-47ca-8a53-f655c56862f7", element="ad59b6a6-a145-488d-95b4-c5e2c4371a7f")>
2025-09-03 14:22:48 | INFO     | pages.nut_cloud_page.details_page:119 | 已返回到账户信息页
2025-09-03 14:22:48 | INFO     | base.base_page:53 | 自动生成配置路径: data/locators/account_rename_page.yaml
2025-09-03 14:22:48 | INFO     | base.base_page:69 | 已加载配置文件: D:\clear6Trubo\data\locators\account_rename_page.yaml (for AccountRenamePage)
2025-09-03 14:22:48 | INFO     | base.base_page:53 | 自动生成配置路径: data/locators/account_rename_page.yaml
2025-09-03 14:22:48 | INFO     | base.base_page:107 | 初始化页面: AccountRenamePage | 平台: android
2025-09-03 14:22:48 | INFO     | pages.nut_cloud_page.account_rename_page:15 | 进入主页
2025-09-03 14:22:48 | INFO     | base.base_page:202 | 获取定位器：account_rename-account_input = hanvon.aebr.hanvondrive:id/foldername_edittext
2025-09-03 14:22:48 | INFO     | base.base_page:180 | 处理完整资源ID: hanvon.aebr.hanvondrive:id/foldername_edittext
2025-09-03 14:22:48 | INFO     | base.base_page:202 | 获取定位器：account_rename-bind_cloud = hanvon.aebr.hanvondrive:id/tv_drive_type
2025-09-03 14:22:48 | INFO     | base.base_page:180 | 处理完整资源ID: hanvon.aebr.hanvondrive:id/tv_drive_type
2025-09-03 14:22:48 | INFO     | base.base_page:202 | 获取定位器：account_rename-cancel_button = hanvon.aebr.hanvondrive:id/dialog_cancel
2025-09-03 14:22:48 | INFO     | base.base_page:180 | 处理完整资源ID: hanvon.aebr.hanvondrive:id/dialog_cancel
2025-09-03 14:22:48 | INFO     | base.base_page:202 | 获取定位器：account_rename-delete_name = hanvon.aebr.hanvondrive:id/deleteTv
2025-09-03 14:22:48 | INFO     | base.base_page:180 | 处理完整资源ID: hanvon.aebr.hanvondrive:id/deleteTv
2025-09-03 14:22:48 | INFO     | base.base_page:202 | 获取定位器：account_rename-sure_button = hanvon.aebr.hanvondrive:id/dialog_sure
2025-09-03 14:22:48 | INFO     | base.base_page:180 | 处理完整资源ID: hanvon.aebr.hanvondrive:id/dialog_sure
2025-09-03 14:22:48 | INFO     | base.base_page:202 | 获取定位器：account_rename-tv_account = hanvon.aebr.hanvondrive:id/tv_accout
2025-09-03 14:22:48 | INFO     | base.base_page:180 | 处理完整资源ID: hanvon.aebr.hanvondrive:id/tv_accout
2025-09-03 14:22:48 | INFO     | base.base_page:202 | 获取定位器：account_rename-delete_name = hanvon.aebr.hanvondrive:id/deleteTv
2025-09-03 14:22:48 | INFO     | base.base_page:180 | 处理完整资源ID: hanvon.aebr.hanvondrive:id/deleteTv
2025-09-03 14:22:48 | INFO     | base.base_page:275 | 点击元素：('id', 'hanvon.aebr.hanvondrive:id/deleteTv')
2025-09-03 14:22:48 | INFO     | base.base_page:202 | 获取定位器：account_rename-account_input = hanvon.aebr.hanvondrive:id/foldername_edittext
2025-09-03 14:22:48 | INFO     | base.base_page:180 | 处理完整资源ID: hanvon.aebr.hanvondrive:id/foldername_edittext
2025-09-03 14:22:49 | INFO     | base.base_page:137 | ✅ 使用ADB点击返回键
2025-09-03 14:22:50 | INFO     | base.base_page:137 | ✅ 使用ADB点击返回键
2025-09-03 14:22:51 | INFO     | conftest:294 | 测试失败截图已保存: FAIL_CALL_testcase_nut_cloud_positive_account_rename_test_account_rename_positive_py_TestAccountRenamePositive_20250903_142251.png
2025-09-03 14:22:53 | INFO     | conftest:233 | 停止屏幕录制: D:\clear6Trubo\reports\videos\VIDEO_test_click_delete_name_20250903_142237.mp4
2025-09-03 14:22:53 | INFO     | conftest:239 | 屏幕录制已保存: D:\clear6Trubo\reports\videos\VIDEO_test_click_delete_name_20250903_142237.mp4
2025-09-03 14:22:53 | INFO     | conftest:346 | 已将录屏附加到Allure报告: VIDEO_test_click_delete_name_20250903_142237.mp4
2025-09-03 14:22:53 | INFO     | conftest:381 | ==================================================
2025-09-03 14:22:53 | INFO     | conftest:382 | 测试会话结束状态: 1
2025-09-03 14:22:53 | INFO     | conftest:383 | ==================================================
2025-09-03 14:23:09 | INFO     | conftest:162 | 已删除旧文件: FAIL_SETUP_testcase_nut_cloud_positive_test_account_information_py_TestAccountInformationScenarios_test_click_r_20250826_172821.png
2025-09-03 14:23:09 | INFO     | conftest:162 | 已删除旧文件: VIDEO_test_input_account_name_delete__u7279_u6b8a_u5b57__20250902_114441.mp4
2025-09-03 14:23:09 | INFO     | utils.test_data_loader:13 | 项目根目录: D:\clear6Trubo
2025-09-03 14:23:09 | INFO     | utils.test_data_loader:19 | 完整文件路径: D:\clear6Trubo\data\test_data\positive_rename.json
2025-09-03 14:23:09 | INFO     | utils.test_data_loader:20 | 文件存在: True
2025-09-03 14:23:09 | INFO     | conftest:413 | ✅ 成功删除数据库文件: /storage/emulated/0/hwsys/database/clouds.db
2025-09-03 14:23:19 | INFO     | base.base_page:53 | 自动生成配置路径: data/locators/home_clouds_page.yaml
2025-09-03 14:23:19 | INFO     | base.base_page:69 | 已加载配置文件: D:\clear6Trubo\data\locators\home_clouds_page.yaml (for HomeCloudsPage)
2025-09-03 14:23:19 | INFO     | base.base_page:53 | 自动生成配置路径: data/locators/home_clouds_page.yaml
2025-09-03 14:23:19 | INFO     | base.base_page:107 | 初始化页面: HomeCloudsPage | 平台: android
2025-09-03 14:23:19 | INFO     | base.base_page:202 | 获取定位器：home-aliyun_home_id = com.Hanovn.HanovnBrowser:id/content_frame
2025-09-03 14:23:19 | INFO     | base.base_page:180 | 处理完整资源ID: com.Hanovn.HanovnBrowser:id/content_frame
2025-09-03 14:23:19 | INFO     | base.base_page:202 | 获取定位器：home-baidu_home_cloud_id = hanvon.aebr.hanvondrive:id/tv_drive
2025-09-03 14:23:19 | INFO     | base.base_page:180 | 处理完整资源ID: hanvon.aebr.hanvondrive:id/tv_drive
2025-09-03 14:23:19 | INFO     | base.base_page:202 | 获取定位器：home-nut_webdav_home_cloud_id = hanvon.aebr.hanvondrive:id/bt_back
2025-09-03 14:23:19 | INFO     | base.base_page:180 | 处理完整资源ID: hanvon.aebr.hanvondrive:id/bt_back
2025-09-03 14:23:19 | INFO     | base.base_page:202 | 获取定位器：home-onedrive_home_id = android:id/content
2025-09-03 14:23:19 | INFO     | base.base_page:180 | 处理完整资源ID: android:id/content
2025-09-03 14:23:19 | INFO     | base.base_page:202 | 获取定位器：home-public_resource_id = hanvon.aebr.hanvondrive:id/detailFileLayout
2025-09-03 14:23:19 | INFO     | base.base_page:180 | 处理完整资源ID: hanvon.aebr.hanvondrive:id/detailFileLayout
2025-09-03 14:23:19 | INFO     | base.base_page:53 | 自动生成配置路径: data/locators/home_clouds_page.yaml
2025-09-03 14:23:19 | INFO     | base.base_page:53 | 自动生成配置路径: data/locators/home_clouds_page.yaml
2025-09-03 14:23:19 | INFO     | base.base_page:107 | 初始化页面: HomeCloudsPage | 平台: android
2025-09-03 14:23:19 | INFO     | base.base_page:202 | 获取定位器：home-aliyun_home_id = com.Hanovn.HanovnBrowser:id/content_frame
2025-09-03 14:23:19 | INFO     | base.base_page:180 | 处理完整资源ID: com.Hanovn.HanovnBrowser:id/content_frame
2025-09-03 14:23:19 | INFO     | base.base_page:202 | 获取定位器：home-baidu_home_cloud_id = hanvon.aebr.hanvondrive:id/tv_drive
2025-09-03 14:23:19 | INFO     | base.base_page:180 | 处理完整资源ID: hanvon.aebr.hanvondrive:id/tv_drive
2025-09-03 14:23:19 | INFO     | base.base_page:202 | 获取定位器：home-nut_webdav_home_cloud_id = hanvon.aebr.hanvondrive:id/bt_back
2025-09-03 14:23:19 | INFO     | base.base_page:180 | 处理完整资源ID: hanvon.aebr.hanvondrive:id/bt_back
2025-09-03 14:23:19 | INFO     | base.base_page:202 | 获取定位器：home-onedrive_home_id = android:id/content
2025-09-03 14:23:19 | INFO     | base.base_page:180 | 处理完整资源ID: android:id/content
2025-09-03 14:23:19 | INFO     | base.base_page:202 | 获取定位器：home-public_resource_id = hanvon.aebr.hanvondrive:id/detailFileLayout
2025-09-03 14:23:19 | INFO     | base.base_page:180 | 处理完整资源ID: hanvon.aebr.hanvondrive:id/detailFileLayout
2025-09-03 14:23:19 | INFO     | base.base_page:202 | 获取定位器：home-public_resource_id = hanvon.aebr.hanvondrive:id/detailFileLayout
2025-09-03 14:23:19 | INFO     | base.base_page:180 | 处理完整资源ID: hanvon.aebr.hanvondrive:id/detailFileLayout
2025-09-03 14:23:20 | INFO     | base.base_page:342 | 点击元素：('id', 'hanvon.aebr.hanvondrive:id/detailFileLayout') [索引： 1]
2025-09-03 14:23:20 | INFO     | base.base_page:53 | 自动生成配置路径: data/locators/nut_login_page.yaml
2025-09-03 14:23:20 | INFO     | base.base_page:69 | 已加载配置文件: D:\clear6Trubo\data\locators\nut_login_page.yaml (for NutLoginPage)
2025-09-03 14:23:20 | INFO     | base.base_page:53 | 自动生成配置路径: data/locators/nut_login_page.yaml
2025-09-03 14:23:20 | INFO     | base.base_page:107 | 初始化页面: NutLoginPage | 平台: android
2025-09-03 14:23:20 | INFO     | base.base_page:202 | 获取定位器：nut_login_page-cancel_button = hanvon.aebr.hanvondrive:id/janCancel
2025-09-03 14:23:20 | INFO     | base.base_page:180 | 处理完整资源ID: hanvon.aebr.hanvondrive:id/janCancel
2025-09-03 14:23:20 | INFO     | base.base_page:202 | 获取定位器：nut_login_page-home_bind = hanvon.aebr.hanvondrive:id/drive_gridview
2025-09-03 14:23:20 | INFO     | base.base_page:180 | 处理完整资源ID: hanvon.aebr.hanvondrive:id/drive_gridview
2025-09-03 14:23:20 | INFO     | base.base_page:202 | 获取定位器：nut_login_page-item_name = hanvon.aebr.hanvondrive:id/itemNameTv
2025-09-03 14:23:20 | INFO     | base.base_page:180 | 处理完整资源ID: hanvon.aebr.hanvondrive:id/itemNameTv
2025-09-03 14:23:20 | INFO     | base.base_page:202 | 获取定位器：nut_login_page-password_field = hanvon.aebr.hanvondrive:id/passEt
2025-09-03 14:23:20 | INFO     | base.base_page:180 | 处理完整资源ID: hanvon.aebr.hanvondrive:id/passEt
2025-09-03 14:23:20 | INFO     | base.base_page:202 | 获取定位器：nut_login_page-return_button = hanvon.aebr.hanvondrive:id/bt_back
2025-09-03 14:23:20 | INFO     | base.base_page:180 | 处理完整资源ID: hanvon.aebr.hanvondrive:id/bt_back
2025-09-03 14:23:20 | INFO     | base.base_page:202 | 获取定位器：nut_login_page-show_password = hanvon.aebr.hanvondrive:id/showPass
2025-09-03 14:23:20 | INFO     | base.base_page:180 | 处理完整资源ID: hanvon.aebr.hanvondrive:id/showPass
2025-09-03 14:23:20 | INFO     | base.base_page:202 | 获取定位器：nut_login_page-sure_button = hanvon.aebr.hanvondrive:id/janSure
2025-09-03 14:23:20 | INFO     | base.base_page:180 | 处理完整资源ID: hanvon.aebr.hanvondrive:id/janSure
2025-09-03 14:23:20 | INFO     | base.base_page:202 | 获取定位器：nut_login_page-username_field = hanvon.aebr.hanvondrive:id/userEt
2025-09-03 14:23:20 | INFO     | base.base_page:180 | 处理完整资源ID: hanvon.aebr.hanvondrive:id/userEt
2025-09-03 14:23:20 | INFO     | utils.test_data_loader:13 | 项目根目录: D:\clear6Trubo
2025-09-03 14:23:20 | INFO     | utils.test_data_loader:19 | 完整文件路径: D:\clear6Trubo\data\test_data\login_data_positive.json
2025-09-03 14:23:20 | INFO     | utils.test_data_loader:20 | 文件存在: True
2025-09-03 14:23:20 | INFO     | base.base_page:202 | 获取定位器：nut_login_page-username_field = hanvon.aebr.hanvondrive:id/userEt
2025-09-03 14:23:20 | INFO     | base.base_page:180 | 处理完整资源ID: hanvon.aebr.hanvondrive:id/userEt
2025-09-03 14:23:21 | INFO     | base.base_page:288 | 输入文本到 ('id', 'hanvon.aebr.hanvondrive:id/userEt')：'liuxuefeng@hanwang.com.cn'
2025-09-03 14:23:21 | INFO     | base.base_page:202 | 获取定位器：nut_login_page-password_field = hanvon.aebr.hanvondrive:id/passEt
2025-09-03 14:23:21 | INFO     | base.base_page:180 | 处理完整资源ID: hanvon.aebr.hanvondrive:id/passEt
2025-09-03 14:23:23 | INFO     | base.base_page:288 | 输入文本到 ('id', 'hanvon.aebr.hanvondrive:id/passEt')：'ani2k9vrmac7epjp'
2025-09-03 14:23:23 | INFO     | base.base_page:202 | 获取定位器：nut_login_page-sure_button = hanvon.aebr.hanvondrive:id/janSure
2025-09-03 14:23:23 | INFO     | base.base_page:180 | 处理完整资源ID: hanvon.aebr.hanvondrive:id/janSure
2025-09-03 14:23:23 | INFO     | base.base_page:275 | 点击元素：('id', 'hanvon.aebr.hanvondrive:id/janSure')
2025-09-03 14:23:25 | INFO     | pages.nut_cloud_page.nut_login_page:92 | 成功绑定账号
2025-09-03 14:23:25 | INFO     | base.base_page:53 | 自动生成配置路径: data/locators/home_page.yaml
2025-09-03 14:23:25 | INFO     | base.base_page:69 | 已加载配置文件: D:\clear6Trubo\data\locators\home_page.yaml (for HomePage)
2025-09-03 14:23:25 | INFO     | base.base_page:53 | 自动生成配置路径: data/locators/home_page.yaml
2025-09-03 14:23:25 | INFO     | base.base_page:107 | 初始化页面: HomePage | 平台: android
2025-09-03 14:23:25 | INFO     | pages.nut_cloud_page.home_page:20 | 进入主页
2025-09-03 14:23:25 | INFO     | base.base_page:202 | 获取定位器：home-bind_cloud = hanvon.aebr.hanvondrive:id/tv_drive_type
2025-09-03 14:23:25 | INFO     | base.base_page:180 | 处理完整资源ID: hanvon.aebr.hanvondrive:id/tv_drive_type
2025-09-03 14:23:25 | INFO     | base.base_page:202 | 获取定位器：home-bind_cloud_window = hanvon.aebr.hanvondrive:id/dialog_title
2025-09-03 14:23:25 | INFO     | base.base_page:180 | 处理完整资源ID: hanvon.aebr.hanvondrive:id/dialog_title
2025-09-03 14:23:25 | INFO     | base.base_page:202 | 获取定位器：home-iv_nextpage = hanvon.aebr.hanvondrive:id/iv_nextpage
2025-09-03 14:23:25 | INFO     | base.base_page:180 | 处理完整资源ID: hanvon.aebr.hanvondrive:id/iv_nextpage
2025-09-03 14:23:25 | INFO     | base.base_page:202 | 获取定位器：home-iv_prepage = hanvon.aebr.hanvondrive:id/iv_prepage
2025-09-03 14:23:25 | INFO     | base.base_page:180 | 处理完整资源ID: hanvon.aebr.hanvondrive:id/iv_prepage
2025-09-03 14:23:25 | INFO     | base.base_page:202 | 获取定位器：home-more_view_window = hanvon.aebr.hanvondrive:id/tv_display
2025-09-03 14:23:25 | INFO     | base.base_page:180 | 处理完整资源ID: hanvon.aebr.hanvondrive:id/tv_display
2025-09-03 14:23:25 | INFO     | base.base_page:202 | 获取定位器：home-nut_cloud = hanvon.aebr.hanvondrive:id/drive_type
2025-09-03 14:23:25 | INFO     | base.base_page:180 | 处理完整资源ID: hanvon.aebr.hanvondrive:id/drive_type
2025-09-03 14:23:25 | INFO     | base.base_page:202 | 获取定位器：home-nut_file_id = xpath://*[@resource-id='hanvon.aebr.hanvondrive:id/fileGridTv']
2025-09-03 14:23:25 | INFO     | base.base_page:202 | 获取定位器：home-return_button = hanvon.aebr.hanvondrive:id/bt_back
2025-09-03 14:23:25 | INFO     | base.base_page:180 | 处理完整资源ID: hanvon.aebr.hanvondrive:id/bt_back
2025-09-03 14:23:25 | INFO     | base.base_page:202 | 获取定位器：home-view_more = hanvon.aebr.hanvondrive:id/bt_binddrive_set
2025-09-03 14:23:25 | INFO     | base.base_page:180 | 处理完整资源ID: hanvon.aebr.hanvondrive:id/bt_binddrive_set
2025-09-03 14:23:25 | INFO     | base.base_page:53 | 自动生成配置路径: data/locators/home_page.yaml
2025-09-03 14:23:25 | INFO     | base.base_page:53 | 自动生成配置路径: data/locators/home_page.yaml
2025-09-03 14:23:25 | INFO     | base.base_page:107 | 初始化页面: HomePage | 平台: android
2025-09-03 14:23:25 | INFO     | pages.nut_cloud_page.home_page:20 | 进入主页
2025-09-03 14:23:25 | INFO     | base.base_page:202 | 获取定位器：home-bind_cloud = hanvon.aebr.hanvondrive:id/tv_drive_type
2025-09-03 14:23:25 | INFO     | base.base_page:180 | 处理完整资源ID: hanvon.aebr.hanvondrive:id/tv_drive_type
2025-09-03 14:23:25 | INFO     | base.base_page:202 | 获取定位器：home-bind_cloud_window = hanvon.aebr.hanvondrive:id/dialog_title
2025-09-03 14:23:25 | INFO     | base.base_page:180 | 处理完整资源ID: hanvon.aebr.hanvondrive:id/dialog_title
2025-09-03 14:23:25 | INFO     | base.base_page:202 | 获取定位器：home-iv_nextpage = hanvon.aebr.hanvondrive:id/iv_nextpage
2025-09-03 14:23:25 | INFO     | base.base_page:180 | 处理完整资源ID: hanvon.aebr.hanvondrive:id/iv_nextpage
2025-09-03 14:23:25 | INFO     | base.base_page:202 | 获取定位器：home-iv_prepage = hanvon.aebr.hanvondrive:id/iv_prepage
2025-09-03 14:23:25 | INFO     | base.base_page:180 | 处理完整资源ID: hanvon.aebr.hanvondrive:id/iv_prepage
2025-09-03 14:23:25 | INFO     | base.base_page:202 | 获取定位器：home-more_view_window = hanvon.aebr.hanvondrive:id/tv_display
2025-09-03 14:23:25 | INFO     | base.base_page:180 | 处理完整资源ID: hanvon.aebr.hanvondrive:id/tv_display
2025-09-03 14:23:25 | INFO     | base.base_page:202 | 获取定位器：home-nut_cloud = hanvon.aebr.hanvondrive:id/drive_type
2025-09-03 14:23:25 | INFO     | base.base_page:180 | 处理完整资源ID: hanvon.aebr.hanvondrive:id/drive_type
2025-09-03 14:23:25 | INFO     | base.base_page:202 | 获取定位器：home-nut_file_id = xpath://*[@resource-id='hanvon.aebr.hanvondrive:id/fileGridTv']
2025-09-03 14:23:25 | INFO     | base.base_page:202 | 获取定位器：home-return_button = hanvon.aebr.hanvondrive:id/bt_back
2025-09-03 14:23:25 | INFO     | base.base_page:180 | 处理完整资源ID: hanvon.aebr.hanvondrive:id/bt_back
2025-09-03 14:23:25 | INFO     | base.base_page:202 | 获取定位器：home-view_more = hanvon.aebr.hanvondrive:id/bt_binddrive_set
2025-09-03 14:23:25 | INFO     | base.base_page:180 | 处理完整资源ID: hanvon.aebr.hanvondrive:id/bt_binddrive_set
2025-09-03 14:23:26 | INFO     | conftest:219 | 开始屏幕录制: D:\clear6Trubo\reports\videos\VIDEO_test_click_delete_name_20250903_142325.mp4
2025-09-03 14:23:26 | INFO     | base.base_page:53 | 自动生成配置路径: data/locators/details_page.yaml
2025-09-03 14:23:26 | INFO     | base.base_page:69 | 已加载配置文件: D:\clear6Trubo\data\locators\details_page.yaml (for DetailsPage)
2025-09-03 14:23:26 | INFO     | base.base_page:53 | 自动生成配置路径: data/locators/details_page.yaml
2025-09-03 14:23:26 | INFO     | base.base_page:107 | 初始化页面: DetailsPage | 平台: android
2025-09-03 14:23:26 | INFO     | pages.nut_cloud_page.details_page:17 | 进入主页
2025-09-03 14:23:26 | INFO     | base.base_page:202 | 获取定位器：details-account_button = hanvon.aebr.hanvondrive:id/tv_accout_detail
2025-09-03 14:23:26 | INFO     | base.base_page:180 | 处理完整资源ID: hanvon.aebr.hanvondrive:id/tv_accout_detail
2025-09-03 14:23:26 | INFO     | base.base_page:202 | 获取定位器：details-account_unbind = hanvon.aebr.hanvondrive:id/unbindTv
2025-09-03 14:23:26 | INFO     | base.base_page:180 | 处理完整资源ID: hanvon.aebr.hanvondrive:id/unbindTv
2025-09-03 14:23:26 | INFO     | base.base_page:202 | 获取定位器：details-close_button = hanvon.aebr.hanvondrive:id/dialog_close
2025-09-03 14:23:26 | INFO     | base.base_page:180 | 处理完整资源ID: hanvon.aebr.hanvondrive:id/dialog_close
2025-09-03 14:23:26 | INFO     | base.base_page:202 | 获取定位器：details-nut_cloud = hanvon.aebr.hanvondrive:id/drive_type
2025-09-03 14:23:26 | INFO     | base.base_page:180 | 处理完整资源ID: hanvon.aebr.hanvondrive:id/drive_type
2025-09-03 14:23:26 | INFO     | base.base_page:202 | 获取定位器：details-rename_button = hanvon.aebr.hanvondrive:id/tv_rename_drive
2025-09-03 14:23:26 | INFO     | base.base_page:180 | 处理完整资源ID: hanvon.aebr.hanvondrive:id/tv_rename_drive
2025-09-03 14:23:26 | INFO     | base.base_page:202 | 获取定位器：details-rename_window = hanvon.aebr.hanvondrive:id/dialog_title
2025-09-03 14:23:26 | INFO     | base.base_page:180 | 处理完整资源ID: hanvon.aebr.hanvondrive:id/dialog_title
2025-09-03 14:23:26 | INFO     | base.base_page:53 | 自动生成配置路径: data/locators/details_page.yaml
2025-09-03 14:23:26 | INFO     | base.base_page:53 | 自动生成配置路径: data/locators/details_page.yaml
2025-09-03 14:23:26 | INFO     | base.base_page:107 | 初始化页面: DetailsPage | 平台: android
2025-09-03 14:23:26 | INFO     | pages.nut_cloud_page.details_page:17 | 进入主页
2025-09-03 14:23:26 | INFO     | base.base_page:202 | 获取定位器：details-account_button = hanvon.aebr.hanvondrive:id/tv_accout_detail
2025-09-03 14:23:26 | INFO     | base.base_page:180 | 处理完整资源ID: hanvon.aebr.hanvondrive:id/tv_accout_detail
2025-09-03 14:23:26 | INFO     | base.base_page:202 | 获取定位器：details-account_unbind = hanvon.aebr.hanvondrive:id/unbindTv
2025-09-03 14:23:26 | INFO     | base.base_page:180 | 处理完整资源ID: hanvon.aebr.hanvondrive:id/unbindTv
2025-09-03 14:23:26 | INFO     | base.base_page:202 | 获取定位器：details-close_button = hanvon.aebr.hanvondrive:id/dialog_close
2025-09-03 14:23:26 | INFO     | base.base_page:180 | 处理完整资源ID: hanvon.aebr.hanvondrive:id/dialog_close
2025-09-03 14:23:26 | INFO     | base.base_page:202 | 获取定位器：details-nut_cloud = hanvon.aebr.hanvondrive:id/drive_type
2025-09-03 14:23:26 | INFO     | base.base_page:180 | 处理完整资源ID: hanvon.aebr.hanvondrive:id/drive_type
2025-09-03 14:23:26 | INFO     | base.base_page:202 | 获取定位器：details-rename_button = hanvon.aebr.hanvondrive:id/tv_rename_drive
2025-09-03 14:23:26 | INFO     | base.base_page:180 | 处理完整资源ID: hanvon.aebr.hanvondrive:id/tv_rename_drive
2025-09-03 14:23:26 | INFO     | base.base_page:202 | 获取定位器：details-rename_window = hanvon.aebr.hanvondrive:id/dialog_title
2025-09-03 14:23:26 | INFO     | base.base_page:180 | 处理完整资源ID: hanvon.aebr.hanvondrive:id/dialog_title
2025-09-03 14:23:26 | INFO     | base.base_page:202 | 获取定位器：home-nut_cloud = hanvon.aebr.hanvondrive:id/drive_type
2025-09-03 14:23:26 | INFO     | base.base_page:180 | 处理完整资源ID: hanvon.aebr.hanvondrive:id/drive_type
2025-09-03 14:23:28 | INFO     | base.base_page:465 | 成功长按元素: ('id', 'hanvon.aebr.hanvondrive:id/drive_type') (2.0秒)
2025-09-03 14:23:28 | INFO     | base.base_page:202 | 获取定位器：details-rename_button = hanvon.aebr.hanvondrive:id/tv_rename_drive
2025-09-03 14:23:28 | INFO     | base.base_page:180 | 处理完整资源ID: hanvon.aebr.hanvondrive:id/tv_rename_drive
2025-09-03 14:23:30 | INFO     | base.base_page:275 | 点击元素：('id', 'hanvon.aebr.hanvondrive:id/tv_rename_drive')
2025-09-03 14:23:30 | INFO     | base.base_page:202 | 获取定位器：details-rename_window = hanvon.aebr.hanvondrive:id/dialog_title
2025-09-03 14:23:30 | INFO     | base.base_page:180 | 处理完整资源ID: hanvon.aebr.hanvondrive:id/dialog_title
2025-09-03 14:23:30 | INFO     | base.base_page:368 | 元素已找到：<appium.webdriver.webelement.WebElement (session="ec4fdbd8-a54f-413d-9e39-f046a019b8df", element="9f518373-e9ac-41b1-8533-3076607cc539")>
2025-09-03 14:23:30 | INFO     | pages.nut_cloud_page.details_page:119 | 已返回到账户信息页
2025-09-03 14:23:30 | INFO     | base.base_page:53 | 自动生成配置路径: data/locators/account_rename_page.yaml
2025-09-03 14:23:30 | INFO     | base.base_page:69 | 已加载配置文件: D:\clear6Trubo\data\locators\account_rename_page.yaml (for AccountRenamePage)
2025-09-03 14:23:30 | INFO     | base.base_page:53 | 自动生成配置路径: data/locators/account_rename_page.yaml
2025-09-03 14:23:30 | INFO     | base.base_page:107 | 初始化页面: AccountRenamePage | 平台: android
2025-09-03 14:23:30 | INFO     | pages.nut_cloud_page.account_rename_page:15 | 进入主页
2025-09-03 14:23:30 | INFO     | base.base_page:202 | 获取定位器：account_rename-account_input = hanvon.aebr.hanvondrive:id/foldername_edittext
2025-09-03 14:23:30 | INFO     | base.base_page:180 | 处理完整资源ID: hanvon.aebr.hanvondrive:id/foldername_edittext
2025-09-03 14:23:30 | INFO     | base.base_page:202 | 获取定位器：account_rename-bind_cloud = hanvon.aebr.hanvondrive:id/tv_drive_type
2025-09-03 14:23:30 | INFO     | base.base_page:180 | 处理完整资源ID: hanvon.aebr.hanvondrive:id/tv_drive_type
2025-09-03 14:23:30 | INFO     | base.base_page:202 | 获取定位器：account_rename-cancel_button = hanvon.aebr.hanvondrive:id/dialog_cancel
2025-09-03 14:23:30 | INFO     | base.base_page:180 | 处理完整资源ID: hanvon.aebr.hanvondrive:id/dialog_cancel
2025-09-03 14:23:30 | INFO     | base.base_page:202 | 获取定位器：account_rename-delete_name = hanvon.aebr.hanvondrive:id/deleteTv
2025-09-03 14:23:30 | INFO     | base.base_page:180 | 处理完整资源ID: hanvon.aebr.hanvondrive:id/deleteTv
2025-09-03 14:23:30 | INFO     | base.base_page:202 | 获取定位器：account_rename-sure_button = hanvon.aebr.hanvondrive:id/dialog_sure
2025-09-03 14:23:30 | INFO     | base.base_page:180 | 处理完整资源ID: hanvon.aebr.hanvondrive:id/dialog_sure
2025-09-03 14:23:30 | INFO     | base.base_page:202 | 获取定位器：account_rename-tv_account = hanvon.aebr.hanvondrive:id/tv_accout
2025-09-03 14:23:30 | INFO     | base.base_page:180 | 处理完整资源ID: hanvon.aebr.hanvondrive:id/tv_accout
2025-09-03 14:23:30 | INFO     | base.base_page:202 | 获取定位器：account_rename-delete_name = hanvon.aebr.hanvondrive:id/deleteTv
2025-09-03 14:23:30 | INFO     | base.base_page:180 | 处理完整资源ID: hanvon.aebr.hanvondrive:id/deleteTv
2025-09-03 14:23:30 | INFO     | base.base_page:275 | 点击元素：('id', 'hanvon.aebr.hanvondrive:id/deleteTv')
2025-09-03 14:23:30 | INFO     | base.base_page:202 | 获取定位器：account_rename-account_input = hanvon.aebr.hanvondrive:id/foldername_edittext
2025-09-03 14:23:30 | INFO     | base.base_page:180 | 处理完整资源ID: hanvon.aebr.hanvondrive:id/foldername_edittext
2025-09-03 14:23:31 | INFO     | base.base_page:137 | ✅ 使用ADB点击返回键
2025-09-03 14:23:32 | INFO     | base.base_page:137 | ✅ 使用ADB点击返回键
2025-09-03 14:23:34 | INFO     | conftest:233 | 停止屏幕录制: D:\clear6Trubo\reports\videos\VIDEO_test_click_delete_name_20250903_142325.mp4
2025-09-03 14:23:34 | INFO     | conftest:239 | 屏幕录制已保存: D:\clear6Trubo\reports\videos\VIDEO_test_click_delete_name_20250903_142325.mp4
2025-09-03 14:23:34 | INFO     | conftest:346 | 已将录屏附加到Allure报告: VIDEO_test_click_delete_name_20250903_142325.mp4
2025-09-03 14:23:34 | INFO     | conftest:381 | ==================================================
2025-09-03 14:23:34 | INFO     | conftest:382 | 测试会话结束状态: 0
2025-09-03 14:23:34 | INFO     | conftest:383 | ==================================================
2025-09-03 14:46:55 | INFO     | conftest:162 | 已删除旧文件: VIDEO_test_input_account_name_delete__u8d85_u957f_u540d__20250902_114453.mp4
2025-09-03 14:46:55 | INFO     | utils.test_data_loader:13 | 项目根目录: D:\clear6Trubo
2025-09-03 14:46:55 | INFO     | utils.test_data_loader:19 | 完整文件路径: D:\clear6Trubo\data\test_data\positive_rename.json
2025-09-03 14:46:55 | INFO     | utils.test_data_loader:20 | 文件存在: True
2025-09-03 14:46:55 | INFO     | conftest:413 | ✅ 成功删除数据库文件: /storage/emulated/0/hwsys/database/clouds.db
2025-09-03 14:47:06 | INFO     | base.base_page:53 | 自动生成配置路径: data/locators/home_clouds_page.yaml
2025-09-03 14:47:06 | INFO     | base.base_page:69 | 已加载配置文件: D:\clear6Trubo\data\locators\home_clouds_page.yaml (for HomeCloudsPage)
2025-09-03 14:47:06 | INFO     | base.base_page:53 | 自动生成配置路径: data/locators/home_clouds_page.yaml
2025-09-03 14:47:06 | INFO     | base.base_page:107 | 初始化页面: HomeCloudsPage | 平台: android
2025-09-03 14:47:06 | INFO     | base.base_page:202 | 获取定位器：home-aliyun_home_id = com.Hanovn.HanovnBrowser:id/content_frame
2025-09-03 14:47:06 | INFO     | base.base_page:180 | 处理完整资源ID: com.Hanovn.HanovnBrowser:id/content_frame
2025-09-03 14:47:06 | INFO     | base.base_page:202 | 获取定位器：home-baidu_home_cloud_id = hanvon.aebr.hanvondrive:id/tv_drive
2025-09-03 14:47:06 | INFO     | base.base_page:180 | 处理完整资源ID: hanvon.aebr.hanvondrive:id/tv_drive
2025-09-03 14:47:06 | INFO     | base.base_page:202 | 获取定位器：home-nut_webdav_home_cloud_id = hanvon.aebr.hanvondrive:id/bt_back
2025-09-03 14:47:06 | INFO     | base.base_page:180 | 处理完整资源ID: hanvon.aebr.hanvondrive:id/bt_back
2025-09-03 14:47:06 | INFO     | base.base_page:202 | 获取定位器：home-onedrive_home_id = android:id/content
2025-09-03 14:47:06 | INFO     | base.base_page:180 | 处理完整资源ID: android:id/content
2025-09-03 14:47:06 | INFO     | base.base_page:202 | 获取定位器：home-public_resource_id = hanvon.aebr.hanvondrive:id/detailFileLayout
2025-09-03 14:47:06 | INFO     | base.base_page:180 | 处理完整资源ID: hanvon.aebr.hanvondrive:id/detailFileLayout
2025-09-03 14:47:06 | INFO     | base.base_page:53 | 自动生成配置路径: data/locators/home_clouds_page.yaml
2025-09-03 14:47:06 | INFO     | base.base_page:53 | 自动生成配置路径: data/locators/home_clouds_page.yaml
2025-09-03 14:47:06 | INFO     | base.base_page:107 | 初始化页面: HomeCloudsPage | 平台: android
2025-09-03 14:47:06 | INFO     | base.base_page:202 | 获取定位器：home-aliyun_home_id = com.Hanovn.HanovnBrowser:id/content_frame
2025-09-03 14:47:06 | INFO     | base.base_page:180 | 处理完整资源ID: com.Hanovn.HanovnBrowser:id/content_frame
2025-09-03 14:47:06 | INFO     | base.base_page:202 | 获取定位器：home-baidu_home_cloud_id = hanvon.aebr.hanvondrive:id/tv_drive
2025-09-03 14:47:06 | INFO     | base.base_page:180 | 处理完整资源ID: hanvon.aebr.hanvondrive:id/tv_drive
2025-09-03 14:47:06 | INFO     | base.base_page:202 | 获取定位器：home-nut_webdav_home_cloud_id = hanvon.aebr.hanvondrive:id/bt_back
2025-09-03 14:47:06 | INFO     | base.base_page:180 | 处理完整资源ID: hanvon.aebr.hanvondrive:id/bt_back
2025-09-03 14:47:06 | INFO     | base.base_page:202 | 获取定位器：home-onedrive_home_id = android:id/content
2025-09-03 14:47:06 | INFO     | base.base_page:180 | 处理完整资源ID: android:id/content
2025-09-03 14:47:06 | INFO     | base.base_page:202 | 获取定位器：home-public_resource_id = hanvon.aebr.hanvondrive:id/detailFileLayout
2025-09-03 14:47:06 | INFO     | base.base_page:180 | 处理完整资源ID: hanvon.aebr.hanvondrive:id/detailFileLayout
2025-09-03 14:47:06 | INFO     | base.base_page:202 | 获取定位器：home-public_resource_id = hanvon.aebr.hanvondrive:id/detailFileLayout
2025-09-03 14:47:06 | INFO     | base.base_page:180 | 处理完整资源ID: hanvon.aebr.hanvondrive:id/detailFileLayout
2025-09-03 14:47:08 | INFO     | base.base_page:342 | 点击元素：('id', 'hanvon.aebr.hanvondrive:id/detailFileLayout') [索引： 1]
2025-09-03 14:47:08 | INFO     | base.base_page:53 | 自动生成配置路径: data/locators/nut_login_page.yaml
2025-09-03 14:47:08 | INFO     | base.base_page:69 | 已加载配置文件: D:\clear6Trubo\data\locators\nut_login_page.yaml (for NutLoginPage)
2025-09-03 14:47:08 | INFO     | base.base_page:53 | 自动生成配置路径: data/locators/nut_login_page.yaml
2025-09-03 14:47:08 | INFO     | base.base_page:107 | 初始化页面: NutLoginPage | 平台: android
2025-09-03 14:47:08 | INFO     | base.base_page:202 | 获取定位器：nut_login_page-cancel_button = hanvon.aebr.hanvondrive:id/janCancel
2025-09-03 14:47:08 | INFO     | base.base_page:180 | 处理完整资源ID: hanvon.aebr.hanvondrive:id/janCancel
2025-09-03 14:47:08 | INFO     | base.base_page:202 | 获取定位器：nut_login_page-home_bind = hanvon.aebr.hanvondrive:id/drive_gridview
2025-09-03 14:47:08 | INFO     | base.base_page:180 | 处理完整资源ID: hanvon.aebr.hanvondrive:id/drive_gridview
2025-09-03 14:47:08 | INFO     | base.base_page:202 | 获取定位器：nut_login_page-item_name = hanvon.aebr.hanvondrive:id/itemNameTv
2025-09-03 14:47:08 | INFO     | base.base_page:180 | 处理完整资源ID: hanvon.aebr.hanvondrive:id/itemNameTv
2025-09-03 14:47:08 | INFO     | base.base_page:202 | 获取定位器：nut_login_page-password_field = hanvon.aebr.hanvondrive:id/passEt
2025-09-03 14:47:08 | INFO     | base.base_page:180 | 处理完整资源ID: hanvon.aebr.hanvondrive:id/passEt
2025-09-03 14:47:08 | INFO     | base.base_page:202 | 获取定位器：nut_login_page-return_button = hanvon.aebr.hanvondrive:id/bt_back
2025-09-03 14:47:08 | INFO     | base.base_page:180 | 处理完整资源ID: hanvon.aebr.hanvondrive:id/bt_back
2025-09-03 14:47:08 | INFO     | base.base_page:202 | 获取定位器：nut_login_page-show_password = hanvon.aebr.hanvondrive:id/showPass
2025-09-03 14:47:08 | INFO     | base.base_page:180 | 处理完整资源ID: hanvon.aebr.hanvondrive:id/showPass
2025-09-03 14:47:08 | INFO     | base.base_page:202 | 获取定位器：nut_login_page-sure_button = hanvon.aebr.hanvondrive:id/janSure
2025-09-03 14:47:08 | INFO     | base.base_page:180 | 处理完整资源ID: hanvon.aebr.hanvondrive:id/janSure
2025-09-03 14:47:08 | INFO     | base.base_page:202 | 获取定位器：nut_login_page-username_field = hanvon.aebr.hanvondrive:id/userEt
2025-09-03 14:47:08 | INFO     | base.base_page:180 | 处理完整资源ID: hanvon.aebr.hanvondrive:id/userEt
2025-09-03 14:47:08 | INFO     | utils.test_data_loader:13 | 项目根目录: D:\clear6Trubo
2025-09-03 14:47:08 | INFO     | utils.test_data_loader:19 | 完整文件路径: D:\clear6Trubo\data\test_data\login_data_positive.json
2025-09-03 14:47:08 | INFO     | utils.test_data_loader:20 | 文件存在: True
2025-09-03 14:47:08 | INFO     | base.base_page:202 | 获取定位器：nut_login_page-username_field = hanvon.aebr.hanvondrive:id/userEt
2025-09-03 14:47:08 | INFO     | base.base_page:180 | 处理完整资源ID: hanvon.aebr.hanvondrive:id/userEt
2025-09-03 14:47:09 | INFO     | base.base_page:288 | 输入文本到 ('id', 'hanvon.aebr.hanvondrive:id/userEt')：'liuxuefeng@hanwang.com.cn'
2025-09-03 14:47:09 | INFO     | base.base_page:202 | 获取定位器：nut_login_page-password_field = hanvon.aebr.hanvondrive:id/passEt
2025-09-03 14:47:09 | INFO     | base.base_page:180 | 处理完整资源ID: hanvon.aebr.hanvondrive:id/passEt
2025-09-03 14:47:10 | INFO     | base.base_page:288 | 输入文本到 ('id', 'hanvon.aebr.hanvondrive:id/passEt')：'ani2k9vrmac7epjp'
2025-09-03 14:47:10 | INFO     | base.base_page:202 | 获取定位器：nut_login_page-sure_button = hanvon.aebr.hanvondrive:id/janSure
2025-09-03 14:47:10 | INFO     | base.base_page:180 | 处理完整资源ID: hanvon.aebr.hanvondrive:id/janSure
2025-09-03 14:47:11 | INFO     | base.base_page:275 | 点击元素：('id', 'hanvon.aebr.hanvondrive:id/janSure')
2025-09-03 14:47:13 | INFO     | pages.nut_cloud_page.nut_login_page:92 | 成功绑定账号
2025-09-03 14:47:13 | INFO     | base.base_page:53 | 自动生成配置路径: data/locators/home_page.yaml
2025-09-03 14:47:13 | INFO     | base.base_page:69 | 已加载配置文件: D:\clear6Trubo\data\locators\home_page.yaml (for HomePage)
2025-09-03 14:47:13 | INFO     | base.base_page:53 | 自动生成配置路径: data/locators/home_page.yaml
2025-09-03 14:47:13 | INFO     | base.base_page:107 | 初始化页面: HomePage | 平台: android
2025-09-03 14:47:13 | INFO     | pages.nut_cloud_page.home_page:20 | 进入主页
2025-09-03 14:47:13 | INFO     | base.base_page:202 | 获取定位器：home-bind_cloud = hanvon.aebr.hanvondrive:id/tv_drive_type
2025-09-03 14:47:13 | INFO     | base.base_page:180 | 处理完整资源ID: hanvon.aebr.hanvondrive:id/tv_drive_type
2025-09-03 14:47:13 | INFO     | base.base_page:202 | 获取定位器：home-bind_cloud_window = hanvon.aebr.hanvondrive:id/dialog_title
2025-09-03 14:47:13 | INFO     | base.base_page:180 | 处理完整资源ID: hanvon.aebr.hanvondrive:id/dialog_title
2025-09-03 14:47:13 | INFO     | base.base_page:202 | 获取定位器：home-iv_nextpage = hanvon.aebr.hanvondrive:id/iv_nextpage
2025-09-03 14:47:13 | INFO     | base.base_page:180 | 处理完整资源ID: hanvon.aebr.hanvondrive:id/iv_nextpage
2025-09-03 14:47:13 | INFO     | base.base_page:202 | 获取定位器：home-iv_prepage = hanvon.aebr.hanvondrive:id/iv_prepage
2025-09-03 14:47:13 | INFO     | base.base_page:180 | 处理完整资源ID: hanvon.aebr.hanvondrive:id/iv_prepage
2025-09-03 14:47:13 | INFO     | base.base_page:202 | 获取定位器：home-more_view_window = hanvon.aebr.hanvondrive:id/tv_display
2025-09-03 14:47:13 | INFO     | base.base_page:180 | 处理完整资源ID: hanvon.aebr.hanvondrive:id/tv_display
2025-09-03 14:47:13 | INFO     | base.base_page:202 | 获取定位器：home-nut_cloud = hanvon.aebr.hanvondrive:id/drive_type
2025-09-03 14:47:13 | INFO     | base.base_page:180 | 处理完整资源ID: hanvon.aebr.hanvondrive:id/drive_type
2025-09-03 14:47:13 | INFO     | base.base_page:202 | 获取定位器：home-nut_file_id = xpath://*[@resource-id='hanvon.aebr.hanvondrive:id/fileGridTv']
2025-09-03 14:47:13 | INFO     | base.base_page:202 | 获取定位器：home-return_button = hanvon.aebr.hanvondrive:id/bt_back
2025-09-03 14:47:13 | INFO     | base.base_page:180 | 处理完整资源ID: hanvon.aebr.hanvondrive:id/bt_back
2025-09-03 14:47:13 | INFO     | base.base_page:202 | 获取定位器：home-view_more = hanvon.aebr.hanvondrive:id/bt_binddrive_set
2025-09-03 14:47:13 | INFO     | base.base_page:180 | 处理完整资源ID: hanvon.aebr.hanvondrive:id/bt_binddrive_set
2025-09-03 14:47:13 | INFO     | base.base_page:53 | 自动生成配置路径: data/locators/home_page.yaml
2025-09-03 14:47:13 | INFO     | base.base_page:53 | 自动生成配置路径: data/locators/home_page.yaml
2025-09-03 14:47:13 | INFO     | base.base_page:107 | 初始化页面: HomePage | 平台: android
2025-09-03 14:47:13 | INFO     | pages.nut_cloud_page.home_page:20 | 进入主页
2025-09-03 14:47:13 | INFO     | base.base_page:202 | 获取定位器：home-bind_cloud = hanvon.aebr.hanvondrive:id/tv_drive_type
2025-09-03 14:47:13 | INFO     | base.base_page:180 | 处理完整资源ID: hanvon.aebr.hanvondrive:id/tv_drive_type
2025-09-03 14:47:13 | INFO     | base.base_page:202 | 获取定位器：home-bind_cloud_window = hanvon.aebr.hanvondrive:id/dialog_title
2025-09-03 14:47:13 | INFO     | base.base_page:180 | 处理完整资源ID: hanvon.aebr.hanvondrive:id/dialog_title
2025-09-03 14:47:13 | INFO     | base.base_page:202 | 获取定位器：home-iv_nextpage = hanvon.aebr.hanvondrive:id/iv_nextpage
2025-09-03 14:47:13 | INFO     | base.base_page:180 | 处理完整资源ID: hanvon.aebr.hanvondrive:id/iv_nextpage
2025-09-03 14:47:13 | INFO     | base.base_page:202 | 获取定位器：home-iv_prepage = hanvon.aebr.hanvondrive:id/iv_prepage
2025-09-03 14:47:13 | INFO     | base.base_page:180 | 处理完整资源ID: hanvon.aebr.hanvondrive:id/iv_prepage
2025-09-03 14:47:13 | INFO     | base.base_page:202 | 获取定位器：home-more_view_window = hanvon.aebr.hanvondrive:id/tv_display
2025-09-03 14:47:13 | INFO     | base.base_page:180 | 处理完整资源ID: hanvon.aebr.hanvondrive:id/tv_display
2025-09-03 14:47:13 | INFO     | base.base_page:202 | 获取定位器：home-nut_cloud = hanvon.aebr.hanvondrive:id/drive_type
2025-09-03 14:47:13 | INFO     | base.base_page:180 | 处理完整资源ID: hanvon.aebr.hanvondrive:id/drive_type
2025-09-03 14:47:13 | INFO     | base.base_page:202 | 获取定位器：home-nut_file_id = xpath://*[@resource-id='hanvon.aebr.hanvondrive:id/fileGridTv']
2025-09-03 14:47:13 | INFO     | base.base_page:202 | 获取定位器：home-return_button = hanvon.aebr.hanvondrive:id/bt_back
2025-09-03 14:47:13 | INFO     | base.base_page:180 | 处理完整资源ID: hanvon.aebr.hanvondrive:id/bt_back
2025-09-03 14:47:13 | INFO     | base.base_page:202 | 获取定位器：home-view_more = hanvon.aebr.hanvondrive:id/bt_binddrive_set
2025-09-03 14:47:13 | INFO     | base.base_page:180 | 处理完整资源ID: hanvon.aebr.hanvondrive:id/bt_binddrive_set
2025-09-03 14:47:14 | INFO     | conftest:219 | 开始屏幕录制: D:\clear6Trubo\reports\videos\VIDEO_test_click_sure_button_20250903_144713.mp4
2025-09-03 14:47:14 | INFO     | base.base_page:53 | 自动生成配置路径: data/locators/details_page.yaml
2025-09-03 14:47:14 | INFO     | base.base_page:69 | 已加载配置文件: D:\clear6Trubo\data\locators\details_page.yaml (for DetailsPage)
2025-09-03 14:47:14 | INFO     | base.base_page:53 | 自动生成配置路径: data/locators/details_page.yaml
2025-09-03 14:47:14 | INFO     | base.base_page:107 | 初始化页面: DetailsPage | 平台: android
2025-09-03 14:47:14 | INFO     | pages.nut_cloud_page.details_page:17 | 进入主页
2025-09-03 14:47:14 | INFO     | base.base_page:202 | 获取定位器：details-account_button = hanvon.aebr.hanvondrive:id/tv_accout_detail
2025-09-03 14:47:14 | INFO     | base.base_page:180 | 处理完整资源ID: hanvon.aebr.hanvondrive:id/tv_accout_detail
2025-09-03 14:47:14 | INFO     | base.base_page:202 | 获取定位器：details-account_unbind = hanvon.aebr.hanvondrive:id/unbindTv
2025-09-03 14:47:14 | INFO     | base.base_page:180 | 处理完整资源ID: hanvon.aebr.hanvondrive:id/unbindTv
2025-09-03 14:47:14 | INFO     | base.base_page:202 | 获取定位器：details-close_button = hanvon.aebr.hanvondrive:id/dialog_close
2025-09-03 14:47:14 | INFO     | base.base_page:180 | 处理完整资源ID: hanvon.aebr.hanvondrive:id/dialog_close
2025-09-03 14:47:14 | INFO     | base.base_page:202 | 获取定位器：details-nut_cloud = hanvon.aebr.hanvondrive:id/drive_type
2025-09-03 14:47:14 | INFO     | base.base_page:180 | 处理完整资源ID: hanvon.aebr.hanvondrive:id/drive_type
2025-09-03 14:47:14 | INFO     | base.base_page:202 | 获取定位器：details-rename_button = hanvon.aebr.hanvondrive:id/tv_rename_drive
2025-09-03 14:47:14 | INFO     | base.base_page:180 | 处理完整资源ID: hanvon.aebr.hanvondrive:id/tv_rename_drive
2025-09-03 14:47:14 | INFO     | base.base_page:202 | 获取定位器：details-rename_window = hanvon.aebr.hanvondrive:id/dialog_title
2025-09-03 14:47:14 | INFO     | base.base_page:180 | 处理完整资源ID: hanvon.aebr.hanvondrive:id/dialog_title
2025-09-03 14:47:14 | INFO     | base.base_page:53 | 自动生成配置路径: data/locators/details_page.yaml
2025-09-03 14:47:14 | INFO     | base.base_page:53 | 自动生成配置路径: data/locators/details_page.yaml
2025-09-03 14:47:14 | INFO     | base.base_page:107 | 初始化页面: DetailsPage | 平台: android
2025-09-03 14:47:14 | INFO     | pages.nut_cloud_page.details_page:17 | 进入主页
2025-09-03 14:47:14 | INFO     | base.base_page:202 | 获取定位器：details-account_button = hanvon.aebr.hanvondrive:id/tv_accout_detail
2025-09-03 14:47:14 | INFO     | base.base_page:180 | 处理完整资源ID: hanvon.aebr.hanvondrive:id/tv_accout_detail
2025-09-03 14:47:14 | INFO     | base.base_page:202 | 获取定位器：details-account_unbind = hanvon.aebr.hanvondrive:id/unbindTv
2025-09-03 14:47:14 | INFO     | base.base_page:180 | 处理完整资源ID: hanvon.aebr.hanvondrive:id/unbindTv
2025-09-03 14:47:14 | INFO     | base.base_page:202 | 获取定位器：details-close_button = hanvon.aebr.hanvondrive:id/dialog_close
2025-09-03 14:47:14 | INFO     | base.base_page:180 | 处理完整资源ID: hanvon.aebr.hanvondrive:id/dialog_close
2025-09-03 14:47:14 | INFO     | base.base_page:202 | 获取定位器：details-nut_cloud = hanvon.aebr.hanvondrive:id/drive_type
2025-09-03 14:47:14 | INFO     | base.base_page:180 | 处理完整资源ID: hanvon.aebr.hanvondrive:id/drive_type
2025-09-03 14:47:14 | INFO     | base.base_page:202 | 获取定位器：details-rename_button = hanvon.aebr.hanvondrive:id/tv_rename_drive
2025-09-03 14:47:14 | INFO     | base.base_page:180 | 处理完整资源ID: hanvon.aebr.hanvondrive:id/tv_rename_drive
2025-09-03 14:47:14 | INFO     | base.base_page:202 | 获取定位器：details-rename_window = hanvon.aebr.hanvondrive:id/dialog_title
2025-09-03 14:47:14 | INFO     | base.base_page:180 | 处理完整资源ID: hanvon.aebr.hanvondrive:id/dialog_title
2025-09-03 14:47:14 | INFO     | base.base_page:202 | 获取定位器：home-nut_cloud = hanvon.aebr.hanvondrive:id/drive_type
2025-09-03 14:47:14 | INFO     | base.base_page:180 | 处理完整资源ID: hanvon.aebr.hanvondrive:id/drive_type
2025-09-03 14:47:17 | INFO     | base.base_page:465 | 成功长按元素: ('id', 'hanvon.aebr.hanvondrive:id/drive_type') (2.0秒)
2025-09-03 14:47:17 | INFO     | base.base_page:202 | 获取定位器：details-rename_button = hanvon.aebr.hanvondrive:id/tv_rename_drive
2025-09-03 14:47:17 | INFO     | base.base_page:180 | 处理完整资源ID: hanvon.aebr.hanvondrive:id/tv_rename_drive
2025-09-03 14:47:18 | INFO     | base.base_page:275 | 点击元素：('id', 'hanvon.aebr.hanvondrive:id/tv_rename_drive')
2025-09-03 14:47:18 | INFO     | base.base_page:202 | 获取定位器：details-rename_window = hanvon.aebr.hanvondrive:id/dialog_title
2025-09-03 14:47:18 | INFO     | base.base_page:180 | 处理完整资源ID: hanvon.aebr.hanvondrive:id/dialog_title
2025-09-03 14:47:18 | INFO     | base.base_page:368 | 元素已找到：<appium.webdriver.webelement.WebElement (session="f592d7bf-1278-444c-847c-232c8fd5c414", element="a4ebbdff-8e97-4b71-bbf0-0899d075b996")>
2025-09-03 14:47:18 | INFO     | pages.nut_cloud_page.details_page:119 | 已返回到账户信息页
2025-09-03 14:47:18 | INFO     | base.base_page:53 | 自动生成配置路径: data/locators/account_rename_page.yaml
2025-09-03 14:47:18 | INFO     | base.base_page:69 | 已加载配置文件: D:\clear6Trubo\data\locators\account_rename_page.yaml (for AccountRenamePage)
2025-09-03 14:47:18 | INFO     | base.base_page:53 | 自动生成配置路径: data/locators/account_rename_page.yaml
2025-09-03 14:47:18 | INFO     | base.base_page:107 | 初始化页面: AccountRenamePage | 平台: android
2025-09-03 14:47:18 | INFO     | pages.nut_cloud_page.account_rename_page:15 | 进入主页
2025-09-03 14:47:18 | INFO     | base.base_page:202 | 获取定位器：account_rename-account_input = hanvon.aebr.hanvondrive:id/foldername_edittext
2025-09-03 14:47:18 | INFO     | base.base_page:180 | 处理完整资源ID: hanvon.aebr.hanvondrive:id/foldername_edittext
2025-09-03 14:47:18 | INFO     | base.base_page:202 | 获取定位器：account_rename-bind_cloud = hanvon.aebr.hanvondrive:id/tv_drive_type
2025-09-03 14:47:18 | INFO     | base.base_page:180 | 处理完整资源ID: hanvon.aebr.hanvondrive:id/tv_drive_type
2025-09-03 14:47:18 | INFO     | base.base_page:202 | 获取定位器：account_rename-cancel_button = hanvon.aebr.hanvondrive:id/dialog_cancel
2025-09-03 14:47:18 | INFO     | base.base_page:180 | 处理完整资源ID: hanvon.aebr.hanvondrive:id/dialog_cancel
2025-09-03 14:47:18 | INFO     | base.base_page:202 | 获取定位器：account_rename-delete_name = hanvon.aebr.hanvondrive:id/deleteTv
2025-09-03 14:47:18 | INFO     | base.base_page:180 | 处理完整资源ID: hanvon.aebr.hanvondrive:id/deleteTv
2025-09-03 14:47:18 | INFO     | base.base_page:202 | 获取定位器：account_rename-sure_button = hanvon.aebr.hanvondrive:id/dialog_sure
2025-09-03 14:47:18 | INFO     | base.base_page:180 | 处理完整资源ID: hanvon.aebr.hanvondrive:id/dialog_sure
2025-09-03 14:47:18 | INFO     | base.base_page:202 | 获取定位器：account_rename-tv_account = hanvon.aebr.hanvondrive:id/tv_accout
2025-09-03 14:47:18 | INFO     | base.base_page:180 | 处理完整资源ID: hanvon.aebr.hanvondrive:id/tv_accout
2025-09-03 14:47:18 | INFO     | base.base_page:202 | 获取定位器：account_rename-sure_button = hanvon.aebr.hanvondrive:id/dialog_sure
2025-09-03 14:47:18 | INFO     | base.base_page:180 | 处理完整资源ID: hanvon.aebr.hanvondrive:id/dialog_sure
2025-09-03 14:47:18 | INFO     | base.base_page:275 | 点击元素：('id', 'hanvon.aebr.hanvondrive:id/dialog_sure')
2025-09-03 14:47:19 | INFO     | base.base_page:498 | ✅ Toast 验证成功 | 预期: '重命名成功' | 实际: '重命名成功'
2025-09-03 14:47:20 | INFO     | conftest:233 | 停止屏幕录制: D:\clear6Trubo\reports\videos\VIDEO_test_click_sure_button_20250903_144713.mp4
2025-09-03 14:47:20 | INFO     | conftest:239 | 屏幕录制已保存: D:\clear6Trubo\reports\videos\VIDEO_test_click_sure_button_20250903_144713.mp4
2025-09-03 14:47:21 | INFO     | conftest:346 | 已将录屏附加到Allure报告: VIDEO_test_click_sure_button_20250903_144713.mp4
2025-09-03 14:47:21 | INFO     | conftest:381 | ==================================================
2025-09-03 14:47:21 | INFO     | conftest:382 | 测试会话结束状态: 0
2025-09-03 14:47:21 | INFO     | conftest:383 | ==================================================
2025-09-03 14:51:08 | INFO     | conftest:162 | 已删除旧文件: VIDEO_test_click_delete_button_20250902_114507.mp4
2025-09-03 14:51:08 | INFO     | utils.test_data_loader:13 | 项目根目录: D:\clear6Trubo
2025-09-03 14:51:08 | INFO     | utils.test_data_loader:19 | 完整文件路径: D:\clear6Trubo\data\test_data\positive_rename.json
2025-09-03 14:51:08 | INFO     | utils.test_data_loader:20 | 文件存在: True
2025-09-03 14:51:08 | INFO     | conftest:413 | ✅ 成功删除数据库文件: /storage/emulated/0/hwsys/database/clouds.db
2025-09-03 14:51:19 | INFO     | base.base_page:53 | 自动生成配置路径: data/locators/home_clouds_page.yaml
2025-09-03 14:51:19 | INFO     | base.base_page:69 | 已加载配置文件: D:\clear6Trubo\data\locators\home_clouds_page.yaml (for HomeCloudsPage)
2025-09-03 14:51:19 | INFO     | base.base_page:53 | 自动生成配置路径: data/locators/home_clouds_page.yaml
2025-09-03 14:51:19 | INFO     | base.base_page:107 | 初始化页面: HomeCloudsPage | 平台: android
2025-09-03 14:51:19 | INFO     | base.base_page:202 | 获取定位器：home-aliyun_home_id = com.Hanovn.HanovnBrowser:id/content_frame
2025-09-03 14:51:19 | INFO     | base.base_page:180 | 处理完整资源ID: com.Hanovn.HanovnBrowser:id/content_frame
2025-09-03 14:51:19 | INFO     | base.base_page:202 | 获取定位器：home-baidu_home_cloud_id = hanvon.aebr.hanvondrive:id/tv_drive
2025-09-03 14:51:19 | INFO     | base.base_page:180 | 处理完整资源ID: hanvon.aebr.hanvondrive:id/tv_drive
2025-09-03 14:51:19 | INFO     | base.base_page:202 | 获取定位器：home-nut_webdav_home_cloud_id = hanvon.aebr.hanvondrive:id/bt_back
2025-09-03 14:51:19 | INFO     | base.base_page:180 | 处理完整资源ID: hanvon.aebr.hanvondrive:id/bt_back
2025-09-03 14:51:19 | INFO     | base.base_page:202 | 获取定位器：home-onedrive_home_id = android:id/content
2025-09-03 14:51:19 | INFO     | base.base_page:180 | 处理完整资源ID: android:id/content
2025-09-03 14:51:19 | INFO     | base.base_page:202 | 获取定位器：home-public_resource_id = hanvon.aebr.hanvondrive:id/detailFileLayout
2025-09-03 14:51:19 | INFO     | base.base_page:180 | 处理完整资源ID: hanvon.aebr.hanvondrive:id/detailFileLayout
2025-09-03 14:51:19 | INFO     | base.base_page:53 | 自动生成配置路径: data/locators/home_clouds_page.yaml
2025-09-03 14:51:19 | INFO     | base.base_page:53 | 自动生成配置路径: data/locators/home_clouds_page.yaml
2025-09-03 14:51:19 | INFO     | base.base_page:107 | 初始化页面: HomeCloudsPage | 平台: android
2025-09-03 14:51:19 | INFO     | base.base_page:202 | 获取定位器：home-aliyun_home_id = com.Hanovn.HanovnBrowser:id/content_frame
2025-09-03 14:51:19 | INFO     | base.base_page:180 | 处理完整资源ID: com.Hanovn.HanovnBrowser:id/content_frame
2025-09-03 14:51:19 | INFO     | base.base_page:202 | 获取定位器：home-baidu_home_cloud_id = hanvon.aebr.hanvondrive:id/tv_drive
2025-09-03 14:51:19 | INFO     | base.base_page:180 | 处理完整资源ID: hanvon.aebr.hanvondrive:id/tv_drive
2025-09-03 14:51:19 | INFO     | base.base_page:202 | 获取定位器：home-nut_webdav_home_cloud_id = hanvon.aebr.hanvondrive:id/bt_back
2025-09-03 14:51:19 | INFO     | base.base_page:180 | 处理完整资源ID: hanvon.aebr.hanvondrive:id/bt_back
2025-09-03 14:51:19 | INFO     | base.base_page:202 | 获取定位器：home-onedrive_home_id = android:id/content
2025-09-03 14:51:19 | INFO     | base.base_page:180 | 处理完整资源ID: android:id/content
2025-09-03 14:51:19 | INFO     | base.base_page:202 | 获取定位器：home-public_resource_id = hanvon.aebr.hanvondrive:id/detailFileLayout
2025-09-03 14:51:19 | INFO     | base.base_page:180 | 处理完整资源ID: hanvon.aebr.hanvondrive:id/detailFileLayout
2025-09-03 14:51:19 | INFO     | base.base_page:202 | 获取定位器：home-public_resource_id = hanvon.aebr.hanvondrive:id/detailFileLayout
2025-09-03 14:51:19 | INFO     | base.base_page:180 | 处理完整资源ID: hanvon.aebr.hanvondrive:id/detailFileLayout
2025-09-03 14:51:20 | INFO     | base.base_page:342 | 点击元素：('id', 'hanvon.aebr.hanvondrive:id/detailFileLayout') [索引： 1]
2025-09-03 14:51:20 | INFO     | base.base_page:53 | 自动生成配置路径: data/locators/nut_login_page.yaml
2025-09-03 14:51:20 | INFO     | base.base_page:69 | 已加载配置文件: D:\clear6Trubo\data\locators\nut_login_page.yaml (for NutLoginPage)
2025-09-03 14:51:20 | INFO     | base.base_page:53 | 自动生成配置路径: data/locators/nut_login_page.yaml
2025-09-03 14:51:20 | INFO     | base.base_page:107 | 初始化页面: NutLoginPage | 平台: android
2025-09-03 14:51:20 | INFO     | base.base_page:202 | 获取定位器：nut_login_page-cancel_button = hanvon.aebr.hanvondrive:id/janCancel
2025-09-03 14:51:20 | INFO     | base.base_page:180 | 处理完整资源ID: hanvon.aebr.hanvondrive:id/janCancel
2025-09-03 14:51:20 | INFO     | base.base_page:202 | 获取定位器：nut_login_page-home_bind = hanvon.aebr.hanvondrive:id/drive_gridview
2025-09-03 14:51:20 | INFO     | base.base_page:180 | 处理完整资源ID: hanvon.aebr.hanvondrive:id/drive_gridview
2025-09-03 14:51:20 | INFO     | base.base_page:202 | 获取定位器：nut_login_page-item_name = hanvon.aebr.hanvondrive:id/itemNameTv
2025-09-03 14:51:20 | INFO     | base.base_page:180 | 处理完整资源ID: hanvon.aebr.hanvondrive:id/itemNameTv
2025-09-03 14:51:20 | INFO     | base.base_page:202 | 获取定位器：nut_login_page-password_field = hanvon.aebr.hanvondrive:id/passEt
2025-09-03 14:51:20 | INFO     | base.base_page:180 | 处理完整资源ID: hanvon.aebr.hanvondrive:id/passEt
2025-09-03 14:51:20 | INFO     | base.base_page:202 | 获取定位器：nut_login_page-return_button = hanvon.aebr.hanvondrive:id/bt_back
2025-09-03 14:51:20 | INFO     | base.base_page:180 | 处理完整资源ID: hanvon.aebr.hanvondrive:id/bt_back
2025-09-03 14:51:20 | INFO     | base.base_page:202 | 获取定位器：nut_login_page-show_password = hanvon.aebr.hanvondrive:id/showPass
2025-09-03 14:51:20 | INFO     | base.base_page:180 | 处理完整资源ID: hanvon.aebr.hanvondrive:id/showPass
2025-09-03 14:51:20 | INFO     | base.base_page:202 | 获取定位器：nut_login_page-sure_button = hanvon.aebr.hanvondrive:id/janSure
2025-09-03 14:51:20 | INFO     | base.base_page:180 | 处理完整资源ID: hanvon.aebr.hanvondrive:id/janSure
2025-09-03 14:51:20 | INFO     | base.base_page:202 | 获取定位器：nut_login_page-username_field = hanvon.aebr.hanvondrive:id/userEt
2025-09-03 14:51:20 | INFO     | base.base_page:180 | 处理完整资源ID: hanvon.aebr.hanvondrive:id/userEt
2025-09-03 14:51:20 | INFO     | utils.test_data_loader:13 | 项目根目录: D:\clear6Trubo
2025-09-03 14:51:20 | INFO     | utils.test_data_loader:19 | 完整文件路径: D:\clear6Trubo\data\test_data\login_data_positive.json
2025-09-03 14:51:20 | INFO     | utils.test_data_loader:20 | 文件存在: True
2025-09-03 14:51:20 | INFO     | base.base_page:202 | 获取定位器：nut_login_page-username_field = hanvon.aebr.hanvondrive:id/userEt
2025-09-03 14:51:20 | INFO     | base.base_page:180 | 处理完整资源ID: hanvon.aebr.hanvondrive:id/userEt
2025-09-03 14:51:22 | INFO     | base.base_page:288 | 输入文本到 ('id', 'hanvon.aebr.hanvondrive:id/userEt')：'liuxuefeng@hanwang.com.cn'
2025-09-03 14:51:22 | INFO     | base.base_page:202 | 获取定位器：nut_login_page-password_field = hanvon.aebr.hanvondrive:id/passEt
2025-09-03 14:51:22 | INFO     | base.base_page:180 | 处理完整资源ID: hanvon.aebr.hanvondrive:id/passEt
2025-09-03 14:51:23 | INFO     | base.base_page:288 | 输入文本到 ('id', 'hanvon.aebr.hanvondrive:id/passEt')：'ani2k9vrmac7epjp'
2025-09-03 14:51:23 | INFO     | base.base_page:202 | 获取定位器：nut_login_page-sure_button = hanvon.aebr.hanvondrive:id/janSure
2025-09-03 14:51:23 | INFO     | base.base_page:180 | 处理完整资源ID: hanvon.aebr.hanvondrive:id/janSure
2025-09-03 14:51:24 | INFO     | base.base_page:275 | 点击元素：('id', 'hanvon.aebr.hanvondrive:id/janSure')
2025-09-03 14:51:27 | INFO     | pages.nut_cloud_page.nut_login_page:92 | 成功绑定账号
2025-09-03 14:51:27 | INFO     | base.base_page:53 | 自动生成配置路径: data/locators/home_page.yaml
2025-09-03 14:51:27 | INFO     | base.base_page:69 | 已加载配置文件: D:\clear6Trubo\data\locators\home_page.yaml (for HomePage)
2025-09-03 14:51:27 | INFO     | base.base_page:53 | 自动生成配置路径: data/locators/home_page.yaml
2025-09-03 14:51:27 | INFO     | base.base_page:107 | 初始化页面: HomePage | 平台: android
2025-09-03 14:51:27 | INFO     | pages.nut_cloud_page.home_page:20 | 进入主页
2025-09-03 14:51:27 | INFO     | base.base_page:202 | 获取定位器：home-bind_cloud = hanvon.aebr.hanvondrive:id/tv_drive_type
2025-09-03 14:51:27 | INFO     | base.base_page:180 | 处理完整资源ID: hanvon.aebr.hanvondrive:id/tv_drive_type
2025-09-03 14:51:27 | INFO     | base.base_page:202 | 获取定位器：home-bind_cloud_window = hanvon.aebr.hanvondrive:id/dialog_title
2025-09-03 14:51:27 | INFO     | base.base_page:180 | 处理完整资源ID: hanvon.aebr.hanvondrive:id/dialog_title
2025-09-03 14:51:27 | INFO     | base.base_page:202 | 获取定位器：home-iv_nextpage = hanvon.aebr.hanvondrive:id/iv_nextpage
2025-09-03 14:51:27 | INFO     | base.base_page:180 | 处理完整资源ID: hanvon.aebr.hanvondrive:id/iv_nextpage
2025-09-03 14:51:27 | INFO     | base.base_page:202 | 获取定位器：home-iv_prepage = hanvon.aebr.hanvondrive:id/iv_prepage
2025-09-03 14:51:27 | INFO     | base.base_page:180 | 处理完整资源ID: hanvon.aebr.hanvondrive:id/iv_prepage
2025-09-03 14:51:27 | INFO     | base.base_page:202 | 获取定位器：home-more_view_window = hanvon.aebr.hanvondrive:id/tv_display
2025-09-03 14:51:27 | INFO     | base.base_page:180 | 处理完整资源ID: hanvon.aebr.hanvondrive:id/tv_display
2025-09-03 14:51:27 | INFO     | base.base_page:202 | 获取定位器：home-nut_cloud = hanvon.aebr.hanvondrive:id/drive_type
2025-09-03 14:51:27 | INFO     | base.base_page:180 | 处理完整资源ID: hanvon.aebr.hanvondrive:id/drive_type
2025-09-03 14:51:27 | INFO     | base.base_page:202 | 获取定位器：home-nut_file_id = xpath://*[@resource-id='hanvon.aebr.hanvondrive:id/fileGridTv']
2025-09-03 14:51:27 | INFO     | base.base_page:202 | 获取定位器：home-return_button = hanvon.aebr.hanvondrive:id/bt_back
2025-09-03 14:51:27 | INFO     | base.base_page:180 | 处理完整资源ID: hanvon.aebr.hanvondrive:id/bt_back
2025-09-03 14:51:27 | INFO     | base.base_page:202 | 获取定位器：home-view_more = hanvon.aebr.hanvondrive:id/bt_binddrive_set
2025-09-03 14:51:27 | INFO     | base.base_page:180 | 处理完整资源ID: hanvon.aebr.hanvondrive:id/bt_binddrive_set
2025-09-03 14:51:27 | INFO     | base.base_page:53 | 自动生成配置路径: data/locators/home_page.yaml
2025-09-03 14:51:27 | INFO     | base.base_page:53 | 自动生成配置路径: data/locators/home_page.yaml
2025-09-03 14:51:27 | INFO     | base.base_page:107 | 初始化页面: HomePage | 平台: android
2025-09-03 14:51:27 | INFO     | pages.nut_cloud_page.home_page:20 | 进入主页
2025-09-03 14:51:27 | INFO     | base.base_page:202 | 获取定位器：home-bind_cloud = hanvon.aebr.hanvondrive:id/tv_drive_type
2025-09-03 14:51:27 | INFO     | base.base_page:180 | 处理完整资源ID: hanvon.aebr.hanvondrive:id/tv_drive_type
2025-09-03 14:51:27 | INFO     | base.base_page:202 | 获取定位器：home-bind_cloud_window = hanvon.aebr.hanvondrive:id/dialog_title
2025-09-03 14:51:27 | INFO     | base.base_page:180 | 处理完整资源ID: hanvon.aebr.hanvondrive:id/dialog_title
2025-09-03 14:51:27 | INFO     | base.base_page:202 | 获取定位器：home-iv_nextpage = hanvon.aebr.hanvondrive:id/iv_nextpage
2025-09-03 14:51:27 | INFO     | base.base_page:180 | 处理完整资源ID: hanvon.aebr.hanvondrive:id/iv_nextpage
2025-09-03 14:51:27 | INFO     | base.base_page:202 | 获取定位器：home-iv_prepage = hanvon.aebr.hanvondrive:id/iv_prepage
2025-09-03 14:51:27 | INFO     | base.base_page:180 | 处理完整资源ID: hanvon.aebr.hanvondrive:id/iv_prepage
2025-09-03 14:51:27 | INFO     | base.base_page:202 | 获取定位器：home-more_view_window = hanvon.aebr.hanvondrive:id/tv_display
2025-09-03 14:51:27 | INFO     | base.base_page:180 | 处理完整资源ID: hanvon.aebr.hanvondrive:id/tv_display
2025-09-03 14:51:27 | INFO     | base.base_page:202 | 获取定位器：home-nut_cloud = hanvon.aebr.hanvondrive:id/drive_type
2025-09-03 14:51:27 | INFO     | base.base_page:180 | 处理完整资源ID: hanvon.aebr.hanvondrive:id/drive_type
2025-09-03 14:51:27 | INFO     | base.base_page:202 | 获取定位器：home-nut_file_id = xpath://*[@resource-id='hanvon.aebr.hanvondrive:id/fileGridTv']
2025-09-03 14:51:27 | INFO     | base.base_page:202 | 获取定位器：home-return_button = hanvon.aebr.hanvondrive:id/bt_back
2025-09-03 14:51:27 | INFO     | base.base_page:180 | 处理完整资源ID: hanvon.aebr.hanvondrive:id/bt_back
2025-09-03 14:51:27 | INFO     | base.base_page:202 | 获取定位器：home-view_more = hanvon.aebr.hanvondrive:id/bt_binddrive_set
2025-09-03 14:51:27 | INFO     | base.base_page:180 | 处理完整资源ID: hanvon.aebr.hanvondrive:id/bt_binddrive_set
2025-09-03 14:51:28 | INFO     | conftest:219 | 开始屏幕录制: D:\clear6Trubo\reports\videos\VIDEO_test_click_cancel_button_20250903_145127.mp4
2025-09-03 14:51:28 | INFO     | base.base_page:53 | 自动生成配置路径: data/locators/details_page.yaml
2025-09-03 14:51:28 | INFO     | base.base_page:69 | 已加载配置文件: D:\clear6Trubo\data\locators\details_page.yaml (for DetailsPage)
2025-09-03 14:51:28 | INFO     | base.base_page:53 | 自动生成配置路径: data/locators/details_page.yaml
2025-09-03 14:51:28 | INFO     | base.base_page:107 | 初始化页面: DetailsPage | 平台: android
2025-09-03 14:51:28 | INFO     | pages.nut_cloud_page.details_page:17 | 进入主页
2025-09-03 14:51:28 | INFO     | base.base_page:202 | 获取定位器：details-account_button = hanvon.aebr.hanvondrive:id/tv_accout_detail
2025-09-03 14:51:28 | INFO     | base.base_page:180 | 处理完整资源ID: hanvon.aebr.hanvondrive:id/tv_accout_detail
2025-09-03 14:51:28 | INFO     | base.base_page:202 | 获取定位器：details-account_unbind = hanvon.aebr.hanvondrive:id/unbindTv
2025-09-03 14:51:28 | INFO     | base.base_page:180 | 处理完整资源ID: hanvon.aebr.hanvondrive:id/unbindTv
2025-09-03 14:51:28 | INFO     | base.base_page:202 | 获取定位器：details-close_button = hanvon.aebr.hanvondrive:id/dialog_close
2025-09-03 14:51:28 | INFO     | base.base_page:180 | 处理完整资源ID: hanvon.aebr.hanvondrive:id/dialog_close
2025-09-03 14:51:28 | INFO     | base.base_page:202 | 获取定位器：details-nut_cloud = hanvon.aebr.hanvondrive:id/drive_type
2025-09-03 14:51:28 | INFO     | base.base_page:180 | 处理完整资源ID: hanvon.aebr.hanvondrive:id/drive_type
2025-09-03 14:51:28 | INFO     | base.base_page:202 | 获取定位器：details-rename_button = hanvon.aebr.hanvondrive:id/tv_rename_drive
2025-09-03 14:51:28 | INFO     | base.base_page:180 | 处理完整资源ID: hanvon.aebr.hanvondrive:id/tv_rename_drive
2025-09-03 14:51:28 | INFO     | base.base_page:202 | 获取定位器：details-rename_window = hanvon.aebr.hanvondrive:id/dialog_title
2025-09-03 14:51:28 | INFO     | base.base_page:180 | 处理完整资源ID: hanvon.aebr.hanvondrive:id/dialog_title
2025-09-03 14:51:28 | INFO     | base.base_page:53 | 自动生成配置路径: data/locators/details_page.yaml
2025-09-03 14:51:28 | INFO     | base.base_page:53 | 自动生成配置路径: data/locators/details_page.yaml
2025-09-03 14:51:28 | INFO     | base.base_page:107 | 初始化页面: DetailsPage | 平台: android
2025-09-03 14:51:28 | INFO     | pages.nut_cloud_page.details_page:17 | 进入主页
2025-09-03 14:51:28 | INFO     | base.base_page:202 | 获取定位器：details-account_button = hanvon.aebr.hanvondrive:id/tv_accout_detail
2025-09-03 14:51:28 | INFO     | base.base_page:180 | 处理完整资源ID: hanvon.aebr.hanvondrive:id/tv_accout_detail
2025-09-03 14:51:28 | INFO     | base.base_page:202 | 获取定位器：details-account_unbind = hanvon.aebr.hanvondrive:id/unbindTv
2025-09-03 14:51:28 | INFO     | base.base_page:180 | 处理完整资源ID: hanvon.aebr.hanvondrive:id/unbindTv
2025-09-03 14:51:28 | INFO     | base.base_page:202 | 获取定位器：details-close_button = hanvon.aebr.hanvondrive:id/dialog_close
2025-09-03 14:51:28 | INFO     | base.base_page:180 | 处理完整资源ID: hanvon.aebr.hanvondrive:id/dialog_close
2025-09-03 14:51:28 | INFO     | base.base_page:202 | 获取定位器：details-nut_cloud = hanvon.aebr.hanvondrive:id/drive_type
2025-09-03 14:51:28 | INFO     | base.base_page:180 | 处理完整资源ID: hanvon.aebr.hanvondrive:id/drive_type
2025-09-03 14:51:28 | INFO     | base.base_page:202 | 获取定位器：details-rename_button = hanvon.aebr.hanvondrive:id/tv_rename_drive
2025-09-03 14:51:28 | INFO     | base.base_page:180 | 处理完整资源ID: hanvon.aebr.hanvondrive:id/tv_rename_drive
2025-09-03 14:51:28 | INFO     | base.base_page:202 | 获取定位器：details-rename_window = hanvon.aebr.hanvondrive:id/dialog_title
2025-09-03 14:51:28 | INFO     | base.base_page:180 | 处理完整资源ID: hanvon.aebr.hanvondrive:id/dialog_title
2025-09-03 14:51:28 | INFO     | base.base_page:202 | 获取定位器：home-nut_cloud = hanvon.aebr.hanvondrive:id/drive_type
2025-09-03 14:51:28 | INFO     | base.base_page:180 | 处理完整资源ID: hanvon.aebr.hanvondrive:id/drive_type
2025-09-03 14:51:30 | INFO     | base.base_page:465 | 成功长按元素: ('id', 'hanvon.aebr.hanvondrive:id/drive_type') (2.0秒)
2025-09-03 14:51:30 | INFO     | base.base_page:202 | 获取定位器：details-rename_button = hanvon.aebr.hanvondrive:id/tv_rename_drive
2025-09-03 14:51:30 | INFO     | base.base_page:180 | 处理完整资源ID: hanvon.aebr.hanvondrive:id/tv_rename_drive
2025-09-03 14:51:31 | INFO     | base.base_page:275 | 点击元素：('id', 'hanvon.aebr.hanvondrive:id/tv_rename_drive')
2025-09-03 14:51:31 | INFO     | base.base_page:202 | 获取定位器：details-rename_window = hanvon.aebr.hanvondrive:id/dialog_title
2025-09-03 14:51:31 | INFO     | base.base_page:180 | 处理完整资源ID: hanvon.aebr.hanvondrive:id/dialog_title
2025-09-03 14:51:32 | INFO     | base.base_page:368 | 元素已找到：<appium.webdriver.webelement.WebElement (session="9fb0bb1c-b133-40da-9add-8a183f68bfc5", element="ff364bde-a580-4169-9855-1c80a243c6b3")>
2025-09-03 14:51:32 | INFO     | pages.nut_cloud_page.details_page:119 | 已返回到账户信息页
2025-09-03 14:51:32 | INFO     | base.base_page:53 | 自动生成配置路径: data/locators/account_rename_page.yaml
2025-09-03 14:51:32 | INFO     | base.base_page:69 | 已加载配置文件: D:\clear6Trubo\data\locators\account_rename_page.yaml (for AccountRenamePage)
2025-09-03 14:51:32 | INFO     | base.base_page:53 | 自动生成配置路径: data/locators/account_rename_page.yaml
2025-09-03 14:51:32 | INFO     | base.base_page:107 | 初始化页面: AccountRenamePage | 平台: android
2025-09-03 14:51:32 | INFO     | pages.nut_cloud_page.account_rename_page:15 | 进入主页
2025-09-03 14:51:32 | INFO     | base.base_page:202 | 获取定位器：account_rename-account_input = hanvon.aebr.hanvondrive:id/foldername_edittext
2025-09-03 14:51:32 | INFO     | base.base_page:180 | 处理完整资源ID: hanvon.aebr.hanvondrive:id/foldername_edittext
2025-09-03 14:51:32 | INFO     | base.base_page:202 | 获取定位器：account_rename-bind_cloud = hanvon.aebr.hanvondrive:id/tv_drive_type
2025-09-03 14:51:32 | INFO     | base.base_page:180 | 处理完整资源ID: hanvon.aebr.hanvondrive:id/tv_drive_type
2025-09-03 14:51:32 | INFO     | base.base_page:202 | 获取定位器：account_rename-cancel_button = hanvon.aebr.hanvondrive:id/dialog_cancel
2025-09-03 14:51:32 | INFO     | base.base_page:180 | 处理完整资源ID: hanvon.aebr.hanvondrive:id/dialog_cancel
2025-09-03 14:51:32 | INFO     | base.base_page:202 | 获取定位器：account_rename-delete_name = hanvon.aebr.hanvondrive:id/deleteTv
2025-09-03 14:51:32 | INFO     | base.base_page:180 | 处理完整资源ID: hanvon.aebr.hanvondrive:id/deleteTv
2025-09-03 14:51:32 | INFO     | base.base_page:202 | 获取定位器：account_rename-sure_button = hanvon.aebr.hanvondrive:id/dialog_sure
2025-09-03 14:51:32 | INFO     | base.base_page:180 | 处理完整资源ID: hanvon.aebr.hanvondrive:id/dialog_sure
2025-09-03 14:51:32 | INFO     | base.base_page:202 | 获取定位器：account_rename-tv_account = hanvon.aebr.hanvondrive:id/tv_accout
2025-09-03 14:51:32 | INFO     | base.base_page:180 | 处理完整资源ID: hanvon.aebr.hanvondrive:id/tv_accout
2025-09-03 14:51:32 | INFO     | base.base_page:202 | 获取定位器：account_rename-cancel_button = hanvon.aebr.hanvondrive:id/dialog_cancel
2025-09-03 14:51:32 | INFO     | base.base_page:180 | 处理完整资源ID: hanvon.aebr.hanvondrive:id/dialog_cancel
2025-09-03 14:51:32 | INFO     | base.base_page:275 | 点击元素：('id', 'hanvon.aebr.hanvondrive:id/dialog_cancel')
2025-09-03 14:51:32 | INFO     | base.base_page:202 | 获取定位器：account_rename-tv_account = hanvon.aebr.hanvondrive:id/tv_accout
2025-09-03 14:51:32 | INFO     | base.base_page:180 | 处理完整资源ID: hanvon.aebr.hanvondrive:id/tv_accout
2025-09-03 14:51:34 | INFO     | conftest:233 | 停止屏幕录制: D:\clear6Trubo\reports\videos\VIDEO_test_click_cancel_button_20250903_145127.mp4
2025-09-03 14:51:34 | INFO     | conftest:239 | 屏幕录制已保存: D:\clear6Trubo\reports\videos\VIDEO_test_click_cancel_button_20250903_145127.mp4
2025-09-03 14:51:34 | INFO     | conftest:346 | 已将录屏附加到Allure报告: VIDEO_test_click_cancel_button_20250903_145127.mp4
2025-09-03 14:51:34 | INFO     | conftest:381 | ==================================================
2025-09-03 14:51:34 | INFO     | conftest:382 | 测试会话结束状态: 0
2025-09-03 14:51:34 | INFO     | conftest:383 | ==================================================
2025-09-03 14:53:20 | INFO     | conftest:162 | 已删除旧文件: VIDEO_test_click_return_button_20250902_114517.mp4
2025-09-03 14:53:20 | INFO     | utils.test_data_loader:13 | 项目根目录: D:\clear6Trubo
2025-09-03 14:53:20 | INFO     | utils.test_data_loader:19 | 完整文件路径: D:\clear6Trubo\data\test_data\positive_rename.json
2025-09-03 14:53:20 | INFO     | utils.test_data_loader:20 | 文件存在: True
2025-09-03 14:53:20 | INFO     | conftest:413 | ✅ 成功删除数据库文件: /storage/emulated/0/hwsys/database/clouds.db
2025-09-03 14:53:30 | INFO     | base.base_page:53 | 自动生成配置路径: data/locators/home_clouds_page.yaml
2025-09-03 14:53:30 | INFO     | base.base_page:69 | 已加载配置文件: D:\clear6Trubo\data\locators\home_clouds_page.yaml (for HomeCloudsPage)
2025-09-03 14:53:30 | INFO     | base.base_page:53 | 自动生成配置路径: data/locators/home_clouds_page.yaml
2025-09-03 14:53:30 | INFO     | base.base_page:107 | 初始化页面: HomeCloudsPage | 平台: android
2025-09-03 14:53:30 | INFO     | base.base_page:202 | 获取定位器：home-aliyun_home_id = com.Hanovn.HanovnBrowser:id/content_frame
2025-09-03 14:53:30 | INFO     | base.base_page:180 | 处理完整资源ID: com.Hanovn.HanovnBrowser:id/content_frame
2025-09-03 14:53:30 | INFO     | base.base_page:202 | 获取定位器：home-baidu_home_cloud_id = hanvon.aebr.hanvondrive:id/tv_drive
2025-09-03 14:53:30 | INFO     | base.base_page:180 | 处理完整资源ID: hanvon.aebr.hanvondrive:id/tv_drive
2025-09-03 14:53:30 | INFO     | base.base_page:202 | 获取定位器：home-nut_webdav_home_cloud_id = hanvon.aebr.hanvondrive:id/bt_back
2025-09-03 14:53:30 | INFO     | base.base_page:180 | 处理完整资源ID: hanvon.aebr.hanvondrive:id/bt_back
2025-09-03 14:53:30 | INFO     | base.base_page:202 | 获取定位器：home-onedrive_home_id = android:id/content
2025-09-03 14:53:30 | INFO     | base.base_page:180 | 处理完整资源ID: android:id/content
2025-09-03 14:53:30 | INFO     | base.base_page:202 | 获取定位器：home-public_resource_id = hanvon.aebr.hanvondrive:id/detailFileLayout
2025-09-03 14:53:30 | INFO     | base.base_page:180 | 处理完整资源ID: hanvon.aebr.hanvondrive:id/detailFileLayout
2025-09-03 14:53:30 | INFO     | base.base_page:53 | 自动生成配置路径: data/locators/home_clouds_page.yaml
2025-09-03 14:53:30 | INFO     | base.base_page:53 | 自动生成配置路径: data/locators/home_clouds_page.yaml
2025-09-03 14:53:30 | INFO     | base.base_page:107 | 初始化页面: HomeCloudsPage | 平台: android
2025-09-03 14:53:30 | INFO     | base.base_page:202 | 获取定位器：home-aliyun_home_id = com.Hanovn.HanovnBrowser:id/content_frame
2025-09-03 14:53:30 | INFO     | base.base_page:180 | 处理完整资源ID: com.Hanovn.HanovnBrowser:id/content_frame
2025-09-03 14:53:30 | INFO     | base.base_page:202 | 获取定位器：home-baidu_home_cloud_id = hanvon.aebr.hanvondrive:id/tv_drive
2025-09-03 14:53:30 | INFO     | base.base_page:180 | 处理完整资源ID: hanvon.aebr.hanvondrive:id/tv_drive
2025-09-03 14:53:30 | INFO     | base.base_page:202 | 获取定位器：home-nut_webdav_home_cloud_id = hanvon.aebr.hanvondrive:id/bt_back
2025-09-03 14:53:30 | INFO     | base.base_page:180 | 处理完整资源ID: hanvon.aebr.hanvondrive:id/bt_back
2025-09-03 14:53:30 | INFO     | base.base_page:202 | 获取定位器：home-onedrive_home_id = android:id/content
2025-09-03 14:53:30 | INFO     | base.base_page:180 | 处理完整资源ID: android:id/content
2025-09-03 14:53:30 | INFO     | base.base_page:202 | 获取定位器：home-public_resource_id = hanvon.aebr.hanvondrive:id/detailFileLayout
2025-09-03 14:53:30 | INFO     | base.base_page:180 | 处理完整资源ID: hanvon.aebr.hanvondrive:id/detailFileLayout
2025-09-03 14:53:30 | INFO     | base.base_page:202 | 获取定位器：home-public_resource_id = hanvon.aebr.hanvondrive:id/detailFileLayout
2025-09-03 14:53:30 | INFO     | base.base_page:180 | 处理完整资源ID: hanvon.aebr.hanvondrive:id/detailFileLayout
2025-09-03 14:53:32 | INFO     | base.base_page:342 | 点击元素：('id', 'hanvon.aebr.hanvondrive:id/detailFileLayout') [索引： 1]
2025-09-03 14:53:32 | INFO     | base.base_page:53 | 自动生成配置路径: data/locators/nut_login_page.yaml
2025-09-03 14:53:32 | INFO     | base.base_page:69 | 已加载配置文件: D:\clear6Trubo\data\locators\nut_login_page.yaml (for NutLoginPage)
2025-09-03 14:53:32 | INFO     | base.base_page:53 | 自动生成配置路径: data/locators/nut_login_page.yaml
2025-09-03 14:53:32 | INFO     | base.base_page:107 | 初始化页面: NutLoginPage | 平台: android
2025-09-03 14:53:32 | INFO     | base.base_page:202 | 获取定位器：nut_login_page-cancel_button = hanvon.aebr.hanvondrive:id/janCancel
2025-09-03 14:53:32 | INFO     | base.base_page:180 | 处理完整资源ID: hanvon.aebr.hanvondrive:id/janCancel
2025-09-03 14:53:32 | INFO     | base.base_page:202 | 获取定位器：nut_login_page-home_bind = hanvon.aebr.hanvondrive:id/drive_gridview
2025-09-03 14:53:32 | INFO     | base.base_page:180 | 处理完整资源ID: hanvon.aebr.hanvondrive:id/drive_gridview
2025-09-03 14:53:32 | INFO     | base.base_page:202 | 获取定位器：nut_login_page-item_name = hanvon.aebr.hanvondrive:id/itemNameTv
2025-09-03 14:53:32 | INFO     | base.base_page:180 | 处理完整资源ID: hanvon.aebr.hanvondrive:id/itemNameTv
2025-09-03 14:53:32 | INFO     | base.base_page:202 | 获取定位器：nut_login_page-password_field = hanvon.aebr.hanvondrive:id/passEt
2025-09-03 14:53:32 | INFO     | base.base_page:180 | 处理完整资源ID: hanvon.aebr.hanvondrive:id/passEt
2025-09-03 14:53:32 | INFO     | base.base_page:202 | 获取定位器：nut_login_page-return_button = hanvon.aebr.hanvondrive:id/bt_back
2025-09-03 14:53:32 | INFO     | base.base_page:180 | 处理完整资源ID: hanvon.aebr.hanvondrive:id/bt_back
2025-09-03 14:53:32 | INFO     | base.base_page:202 | 获取定位器：nut_login_page-show_password = hanvon.aebr.hanvondrive:id/showPass
2025-09-03 14:53:32 | INFO     | base.base_page:180 | 处理完整资源ID: hanvon.aebr.hanvondrive:id/showPass
2025-09-03 14:53:32 | INFO     | base.base_page:202 | 获取定位器：nut_login_page-sure_button = hanvon.aebr.hanvondrive:id/janSure
2025-09-03 14:53:32 | INFO     | base.base_page:180 | 处理完整资源ID: hanvon.aebr.hanvondrive:id/janSure
2025-09-03 14:53:32 | INFO     | base.base_page:202 | 获取定位器：nut_login_page-username_field = hanvon.aebr.hanvondrive:id/userEt
2025-09-03 14:53:32 | INFO     | base.base_page:180 | 处理完整资源ID: hanvon.aebr.hanvondrive:id/userEt
2025-09-03 14:53:32 | INFO     | utils.test_data_loader:13 | 项目根目录: D:\clear6Trubo
2025-09-03 14:53:32 | INFO     | utils.test_data_loader:19 | 完整文件路径: D:\clear6Trubo\data\test_data\login_data_positive.json
2025-09-03 14:53:32 | INFO     | utils.test_data_loader:20 | 文件存在: True
2025-09-03 14:53:32 | INFO     | base.base_page:202 | 获取定位器：nut_login_page-username_field = hanvon.aebr.hanvondrive:id/userEt
2025-09-03 14:53:32 | INFO     | base.base_page:180 | 处理完整资源ID: hanvon.aebr.hanvondrive:id/userEt
2025-09-03 14:53:33 | INFO     | base.base_page:288 | 输入文本到 ('id', 'hanvon.aebr.hanvondrive:id/userEt')：'liuxuefeng@hanwang.com.cn'
2025-09-03 14:53:33 | INFO     | base.base_page:202 | 获取定位器：nut_login_page-password_field = hanvon.aebr.hanvondrive:id/passEt
2025-09-03 14:53:33 | INFO     | base.base_page:180 | 处理完整资源ID: hanvon.aebr.hanvondrive:id/passEt
2025-09-03 14:53:35 | INFO     | base.base_page:288 | 输入文本到 ('id', 'hanvon.aebr.hanvondrive:id/passEt')：'ani2k9vrmac7epjp'
2025-09-03 14:53:35 | INFO     | base.base_page:202 | 获取定位器：nut_login_page-sure_button = hanvon.aebr.hanvondrive:id/janSure
2025-09-03 14:53:35 | INFO     | base.base_page:180 | 处理完整资源ID: hanvon.aebr.hanvondrive:id/janSure
2025-09-03 14:53:36 | INFO     | base.base_page:275 | 点击元素：('id', 'hanvon.aebr.hanvondrive:id/janSure')
2025-09-03 14:53:38 | INFO     | pages.nut_cloud_page.nut_login_page:92 | 成功绑定账号
2025-09-03 14:53:38 | INFO     | base.base_page:53 | 自动生成配置路径: data/locators/home_page.yaml
2025-09-03 14:53:38 | INFO     | base.base_page:69 | 已加载配置文件: D:\clear6Trubo\data\locators\home_page.yaml (for HomePage)
2025-09-03 14:53:38 | INFO     | base.base_page:53 | 自动生成配置路径: data/locators/home_page.yaml
2025-09-03 14:53:38 | INFO     | base.base_page:107 | 初始化页面: HomePage | 平台: android
2025-09-03 14:53:38 | INFO     | pages.nut_cloud_page.home_page:20 | 进入主页
2025-09-03 14:53:38 | INFO     | base.base_page:202 | 获取定位器：home-bind_cloud = hanvon.aebr.hanvondrive:id/tv_drive_type
2025-09-03 14:53:38 | INFO     | base.base_page:180 | 处理完整资源ID: hanvon.aebr.hanvondrive:id/tv_drive_type
2025-09-03 14:53:38 | INFO     | base.base_page:202 | 获取定位器：home-bind_cloud_window = hanvon.aebr.hanvondrive:id/dialog_title
2025-09-03 14:53:38 | INFO     | base.base_page:180 | 处理完整资源ID: hanvon.aebr.hanvondrive:id/dialog_title
2025-09-03 14:53:38 | INFO     | base.base_page:202 | 获取定位器：home-iv_nextpage = hanvon.aebr.hanvondrive:id/iv_nextpage
2025-09-03 14:53:38 | INFO     | base.base_page:180 | 处理完整资源ID: hanvon.aebr.hanvondrive:id/iv_nextpage
2025-09-03 14:53:38 | INFO     | base.base_page:202 | 获取定位器：home-iv_prepage = hanvon.aebr.hanvondrive:id/iv_prepage
2025-09-03 14:53:38 | INFO     | base.base_page:180 | 处理完整资源ID: hanvon.aebr.hanvondrive:id/iv_prepage
2025-09-03 14:53:38 | INFO     | base.base_page:202 | 获取定位器：home-more_view_window = hanvon.aebr.hanvondrive:id/tv_display
2025-09-03 14:53:38 | INFO     | base.base_page:180 | 处理完整资源ID: hanvon.aebr.hanvondrive:id/tv_display
2025-09-03 14:53:38 | INFO     | base.base_page:202 | 获取定位器：home-nut_cloud = hanvon.aebr.hanvondrive:id/drive_type
2025-09-03 14:53:38 | INFO     | base.base_page:180 | 处理完整资源ID: hanvon.aebr.hanvondrive:id/drive_type
2025-09-03 14:53:38 | INFO     | base.base_page:202 | 获取定位器：home-nut_file_id = xpath://*[@resource-id='hanvon.aebr.hanvondrive:id/fileGridTv']
2025-09-03 14:53:38 | INFO     | base.base_page:202 | 获取定位器：home-return_button = hanvon.aebr.hanvondrive:id/bt_back
2025-09-03 14:53:38 | INFO     | base.base_page:180 | 处理完整资源ID: hanvon.aebr.hanvondrive:id/bt_back
2025-09-03 14:53:38 | INFO     | base.base_page:202 | 获取定位器：home-view_more = hanvon.aebr.hanvondrive:id/bt_binddrive_set
2025-09-03 14:53:38 | INFO     | base.base_page:180 | 处理完整资源ID: hanvon.aebr.hanvondrive:id/bt_binddrive_set
2025-09-03 14:53:38 | INFO     | base.base_page:53 | 自动生成配置路径: data/locators/home_page.yaml
2025-09-03 14:53:38 | INFO     | base.base_page:53 | 自动生成配置路径: data/locators/home_page.yaml
2025-09-03 14:53:38 | INFO     | base.base_page:107 | 初始化页面: HomePage | 平台: android
2025-09-03 14:53:38 | INFO     | pages.nut_cloud_page.home_page:20 | 进入主页
2025-09-03 14:53:38 | INFO     | base.base_page:202 | 获取定位器：home-bind_cloud = hanvon.aebr.hanvondrive:id/tv_drive_type
2025-09-03 14:53:38 | INFO     | base.base_page:180 | 处理完整资源ID: hanvon.aebr.hanvondrive:id/tv_drive_type
2025-09-03 14:53:38 | INFO     | base.base_page:202 | 获取定位器：home-bind_cloud_window = hanvon.aebr.hanvondrive:id/dialog_title
2025-09-03 14:53:38 | INFO     | base.base_page:180 | 处理完整资源ID: hanvon.aebr.hanvondrive:id/dialog_title
2025-09-03 14:53:38 | INFO     | base.base_page:202 | 获取定位器：home-iv_nextpage = hanvon.aebr.hanvondrive:id/iv_nextpage
2025-09-03 14:53:38 | INFO     | base.base_page:180 | 处理完整资源ID: hanvon.aebr.hanvondrive:id/iv_nextpage
2025-09-03 14:53:38 | INFO     | base.base_page:202 | 获取定位器：home-iv_prepage = hanvon.aebr.hanvondrive:id/iv_prepage
2025-09-03 14:53:38 | INFO     | base.base_page:180 | 处理完整资源ID: hanvon.aebr.hanvondrive:id/iv_prepage
2025-09-03 14:53:38 | INFO     | base.base_page:202 | 获取定位器：home-more_view_window = hanvon.aebr.hanvondrive:id/tv_display
2025-09-03 14:53:38 | INFO     | base.base_page:180 | 处理完整资源ID: hanvon.aebr.hanvondrive:id/tv_display
2025-09-03 14:53:38 | INFO     | base.base_page:202 | 获取定位器：home-nut_cloud = hanvon.aebr.hanvondrive:id/drive_type
2025-09-03 14:53:38 | INFO     | base.base_page:180 | 处理完整资源ID: hanvon.aebr.hanvondrive:id/drive_type
2025-09-03 14:53:38 | INFO     | base.base_page:202 | 获取定位器：home-nut_file_id = xpath://*[@resource-id='hanvon.aebr.hanvondrive:id/fileGridTv']
2025-09-03 14:53:38 | INFO     | base.base_page:202 | 获取定位器：home-return_button = hanvon.aebr.hanvondrive:id/bt_back
2025-09-03 14:53:38 | INFO     | base.base_page:180 | 处理完整资源ID: hanvon.aebr.hanvondrive:id/bt_back
2025-09-03 14:53:38 | INFO     | base.base_page:202 | 获取定位器：home-view_more = hanvon.aebr.hanvondrive:id/bt_binddrive_set
2025-09-03 14:53:38 | INFO     | base.base_page:180 | 处理完整资源ID: hanvon.aebr.hanvondrive:id/bt_binddrive_set
2025-09-03 14:53:39 | INFO     | conftest:219 | 开始屏幕录制: D:\clear6Trubo\reports\videos\VIDEO_test_input_account_name_sure_20250903_145338.mp4
2025-09-03 14:53:39 | INFO     | base.base_page:53 | 自动生成配置路径: data/locators/details_page.yaml
2025-09-03 14:53:39 | INFO     | base.base_page:69 | 已加载配置文件: D:\clear6Trubo\data\locators\details_page.yaml (for DetailsPage)
2025-09-03 14:53:39 | INFO     | base.base_page:53 | 自动生成配置路径: data/locators/details_page.yaml
2025-09-03 14:53:39 | INFO     | base.base_page:107 | 初始化页面: DetailsPage | 平台: android
2025-09-03 14:53:39 | INFO     | pages.nut_cloud_page.details_page:17 | 进入主页
2025-09-03 14:53:39 | INFO     | base.base_page:202 | 获取定位器：details-account_button = hanvon.aebr.hanvondrive:id/tv_accout_detail
2025-09-03 14:53:39 | INFO     | base.base_page:180 | 处理完整资源ID: hanvon.aebr.hanvondrive:id/tv_accout_detail
2025-09-03 14:53:39 | INFO     | base.base_page:202 | 获取定位器：details-account_unbind = hanvon.aebr.hanvondrive:id/unbindTv
2025-09-03 14:53:39 | INFO     | base.base_page:180 | 处理完整资源ID: hanvon.aebr.hanvondrive:id/unbindTv
2025-09-03 14:53:39 | INFO     | base.base_page:202 | 获取定位器：details-close_button = hanvon.aebr.hanvondrive:id/dialog_close
2025-09-03 14:53:39 | INFO     | base.base_page:180 | 处理完整资源ID: hanvon.aebr.hanvondrive:id/dialog_close
2025-09-03 14:53:39 | INFO     | base.base_page:202 | 获取定位器：details-nut_cloud = hanvon.aebr.hanvondrive:id/drive_type
2025-09-03 14:53:39 | INFO     | base.base_page:180 | 处理完整资源ID: hanvon.aebr.hanvondrive:id/drive_type
2025-09-03 14:53:39 | INFO     | base.base_page:202 | 获取定位器：details-rename_button = hanvon.aebr.hanvondrive:id/tv_rename_drive
2025-09-03 14:53:39 | INFO     | base.base_page:180 | 处理完整资源ID: hanvon.aebr.hanvondrive:id/tv_rename_drive
2025-09-03 14:53:39 | INFO     | base.base_page:202 | 获取定位器：details-rename_window = hanvon.aebr.hanvondrive:id/dialog_title
2025-09-03 14:53:39 | INFO     | base.base_page:180 | 处理完整资源ID: hanvon.aebr.hanvondrive:id/dialog_title
2025-09-03 14:53:39 | INFO     | base.base_page:53 | 自动生成配置路径: data/locators/details_page.yaml
2025-09-03 14:53:39 | INFO     | base.base_page:53 | 自动生成配置路径: data/locators/details_page.yaml
2025-09-03 14:53:39 | INFO     | base.base_page:107 | 初始化页面: DetailsPage | 平台: android
2025-09-03 14:53:39 | INFO     | pages.nut_cloud_page.details_page:17 | 进入主页
2025-09-03 14:53:39 | INFO     | base.base_page:202 | 获取定位器：details-account_button = hanvon.aebr.hanvondrive:id/tv_accout_detail
2025-09-03 14:53:39 | INFO     | base.base_page:180 | 处理完整资源ID: hanvon.aebr.hanvondrive:id/tv_accout_detail
2025-09-03 14:53:39 | INFO     | base.base_page:202 | 获取定位器：details-account_unbind = hanvon.aebr.hanvondrive:id/unbindTv
2025-09-03 14:53:39 | INFO     | base.base_page:180 | 处理完整资源ID: hanvon.aebr.hanvondrive:id/unbindTv
2025-09-03 14:53:39 | INFO     | base.base_page:202 | 获取定位器：details-close_button = hanvon.aebr.hanvondrive:id/dialog_close
2025-09-03 14:53:39 | INFO     | base.base_page:180 | 处理完整资源ID: hanvon.aebr.hanvondrive:id/dialog_close
2025-09-03 14:53:39 | INFO     | base.base_page:202 | 获取定位器：details-nut_cloud = hanvon.aebr.hanvondrive:id/drive_type
2025-09-03 14:53:39 | INFO     | base.base_page:180 | 处理完整资源ID: hanvon.aebr.hanvondrive:id/drive_type
2025-09-03 14:53:39 | INFO     | base.base_page:202 | 获取定位器：details-rename_button = hanvon.aebr.hanvondrive:id/tv_rename_drive
2025-09-03 14:53:39 | INFO     | base.base_page:180 | 处理完整资源ID: hanvon.aebr.hanvondrive:id/tv_rename_drive
2025-09-03 14:53:39 | INFO     | base.base_page:202 | 获取定位器：details-rename_window = hanvon.aebr.hanvondrive:id/dialog_title
2025-09-03 14:53:39 | INFO     | base.base_page:180 | 处理完整资源ID: hanvon.aebr.hanvondrive:id/dialog_title
2025-09-03 14:53:39 | INFO     | base.base_page:202 | 获取定位器：home-nut_cloud = hanvon.aebr.hanvondrive:id/drive_type
2025-09-03 14:53:39 | INFO     | base.base_page:180 | 处理完整资源ID: hanvon.aebr.hanvondrive:id/drive_type
2025-09-03 14:53:41 | INFO     | base.base_page:465 | 成功长按元素: ('id', 'hanvon.aebr.hanvondrive:id/drive_type') (2.0秒)
2025-09-03 14:53:41 | INFO     | base.base_page:202 | 获取定位器：details-rename_button = hanvon.aebr.hanvondrive:id/tv_rename_drive
2025-09-03 14:53:41 | INFO     | base.base_page:180 | 处理完整资源ID: hanvon.aebr.hanvondrive:id/tv_rename_drive
2025-09-03 14:53:43 | INFO     | base.base_page:275 | 点击元素：('id', 'hanvon.aebr.hanvondrive:id/tv_rename_drive')
2025-09-03 14:53:43 | INFO     | base.base_page:202 | 获取定位器：details-rename_window = hanvon.aebr.hanvondrive:id/dialog_title
2025-09-03 14:53:43 | INFO     | base.base_page:180 | 处理完整资源ID: hanvon.aebr.hanvondrive:id/dialog_title
2025-09-03 14:53:43 | INFO     | base.base_page:368 | 元素已找到：<appium.webdriver.webelement.WebElement (session="58d632e9-036f-4057-8ce4-40a774c0a011", element="8a915cdc-22d5-42a8-8dc6-74ce297ac3e7")>
2025-09-03 14:53:43 | INFO     | pages.nut_cloud_page.details_page:119 | 已返回到账户信息页
2025-09-03 14:53:43 | INFO     | base.base_page:53 | 自动生成配置路径: data/locators/account_rename_page.yaml
2025-09-03 14:53:43 | INFO     | base.base_page:69 | 已加载配置文件: D:\clear6Trubo\data\locators\account_rename_page.yaml (for AccountRenamePage)
2025-09-03 14:53:43 | INFO     | base.base_page:53 | 自动生成配置路径: data/locators/account_rename_page.yaml
2025-09-03 14:53:43 | INFO     | base.base_page:107 | 初始化页面: AccountRenamePage | 平台: android
2025-09-03 14:53:43 | INFO     | pages.nut_cloud_page.account_rename_page:15 | 进入主页
2025-09-03 14:53:43 | INFO     | base.base_page:202 | 获取定位器：account_rename-account_input = hanvon.aebr.hanvondrive:id/foldername_edittext
2025-09-03 14:53:43 | INFO     | base.base_page:180 | 处理完整资源ID: hanvon.aebr.hanvondrive:id/foldername_edittext
2025-09-03 14:53:43 | INFO     | base.base_page:202 | 获取定位器：account_rename-bind_cloud = hanvon.aebr.hanvondrive:id/tv_drive_type
2025-09-03 14:53:43 | INFO     | base.base_page:180 | 处理完整资源ID: hanvon.aebr.hanvondrive:id/tv_drive_type
2025-09-03 14:53:43 | INFO     | base.base_page:202 | 获取定位器：account_rename-cancel_button = hanvon.aebr.hanvondrive:id/dialog_cancel
2025-09-03 14:53:43 | INFO     | base.base_page:180 | 处理完整资源ID: hanvon.aebr.hanvondrive:id/dialog_cancel
2025-09-03 14:53:43 | INFO     | base.base_page:202 | 获取定位器：account_rename-delete_name = hanvon.aebr.hanvondrive:id/deleteTv
2025-09-03 14:53:43 | INFO     | base.base_page:180 | 处理完整资源ID: hanvon.aebr.hanvondrive:id/deleteTv
2025-09-03 14:53:43 | INFO     | base.base_page:202 | 获取定位器：account_rename-sure_button = hanvon.aebr.hanvondrive:id/dialog_sure
2025-09-03 14:53:43 | INFO     | base.base_page:180 | 处理完整资源ID: hanvon.aebr.hanvondrive:id/dialog_sure
2025-09-03 14:53:43 | INFO     | base.base_page:202 | 获取定位器：account_rename-tv_account = hanvon.aebr.hanvondrive:id/tv_accout
2025-09-03 14:53:43 | INFO     | base.base_page:180 | 处理完整资源ID: hanvon.aebr.hanvondrive:id/tv_accout
2025-09-03 14:53:43 | INFO     | conftest:294 | 测试失败截图已保存: FAIL_SETUP_testcase_nut_cloud_positive_account_rename_test_account_rename_positive_py_TestAccountRenamePositive_20250903_145343.png
2025-09-03 14:53:45 | INFO     | conftest:233 | 停止屏幕录制: D:\clear6Trubo\reports\videos\VIDEO_test_input_account_name_sure_20250903_145338.mp4
2025-09-03 14:53:45 | INFO     | conftest:239 | 屏幕录制已保存: D:\clear6Trubo\reports\videos\VIDEO_test_input_account_name_sure_20250903_145338.mp4
2025-09-03 14:53:45 | INFO     | conftest:346 | 已将录屏附加到Allure报告: VIDEO_test_input_account_name_sure_20250903_145338.mp4
2025-09-03 14:53:45 | INFO     | conftest:381 | ==================================================
2025-09-03 14:53:45 | INFO     | conftest:382 | 测试会话结束状态: 1
2025-09-03 14:53:45 | INFO     | conftest:383 | ==================================================
2025-09-03 14:54:28 | INFO     | conftest:162 | 已删除旧文件: FAIL_CALL_testcase_nut_cloud_positive_test_account_information_py_TestAccountInformationScenarios_test_click_e_20250828_151128.png
2025-09-03 14:54:28 | INFO     | conftest:162 | 已删除旧文件: VIDEO_test_click_edit_button_20250902_114524.mp4
2025-09-03 14:54:28 | INFO     | utils.test_data_loader:13 | 项目根目录: D:\clear6Trubo
2025-09-03 14:54:28 | INFO     | utils.test_data_loader:19 | 完整文件路径: D:\clear6Trubo\data\test_data\positive_rename.json
2025-09-03 14:54:28 | INFO     | utils.test_data_loader:20 | 文件存在: True
2025-09-03 14:54:28 | INFO     | conftest:413 | ✅ 成功删除数据库文件: /storage/emulated/0/hwsys/database/clouds.db
2025-09-03 14:54:38 | INFO     | base.base_page:53 | 自动生成配置路径: data/locators/home_clouds_page.yaml
2025-09-03 14:54:38 | INFO     | base.base_page:69 | 已加载配置文件: D:\clear6Trubo\data\locators\home_clouds_page.yaml (for HomeCloudsPage)
2025-09-03 14:54:38 | INFO     | base.base_page:53 | 自动生成配置路径: data/locators/home_clouds_page.yaml
2025-09-03 14:54:38 | INFO     | base.base_page:107 | 初始化页面: HomeCloudsPage | 平台: android
2025-09-03 14:54:38 | INFO     | base.base_page:202 | 获取定位器：home-aliyun_home_id = com.Hanovn.HanovnBrowser:id/content_frame
2025-09-03 14:54:38 | INFO     | base.base_page:180 | 处理完整资源ID: com.Hanovn.HanovnBrowser:id/content_frame
2025-09-03 14:54:38 | INFO     | base.base_page:202 | 获取定位器：home-baidu_home_cloud_id = hanvon.aebr.hanvondrive:id/tv_drive
2025-09-03 14:54:38 | INFO     | base.base_page:180 | 处理完整资源ID: hanvon.aebr.hanvondrive:id/tv_drive
2025-09-03 14:54:38 | INFO     | base.base_page:202 | 获取定位器：home-nut_webdav_home_cloud_id = hanvon.aebr.hanvondrive:id/bt_back
2025-09-03 14:54:38 | INFO     | base.base_page:180 | 处理完整资源ID: hanvon.aebr.hanvondrive:id/bt_back
2025-09-03 14:54:38 | INFO     | base.base_page:202 | 获取定位器：home-onedrive_home_id = android:id/content
2025-09-03 14:54:38 | INFO     | base.base_page:180 | 处理完整资源ID: android:id/content
2025-09-03 14:54:38 | INFO     | base.base_page:202 | 获取定位器：home-public_resource_id = hanvon.aebr.hanvondrive:id/detailFileLayout
2025-09-03 14:54:38 | INFO     | base.base_page:180 | 处理完整资源ID: hanvon.aebr.hanvondrive:id/detailFileLayout
2025-09-03 14:54:38 | INFO     | base.base_page:53 | 自动生成配置路径: data/locators/home_clouds_page.yaml
2025-09-03 14:54:38 | INFO     | base.base_page:53 | 自动生成配置路径: data/locators/home_clouds_page.yaml
2025-09-03 14:54:38 | INFO     | base.base_page:107 | 初始化页面: HomeCloudsPage | 平台: android
2025-09-03 14:54:38 | INFO     | base.base_page:202 | 获取定位器：home-aliyun_home_id = com.Hanovn.HanovnBrowser:id/content_frame
2025-09-03 14:54:38 | INFO     | base.base_page:180 | 处理完整资源ID: com.Hanovn.HanovnBrowser:id/content_frame
2025-09-03 14:54:38 | INFO     | base.base_page:202 | 获取定位器：home-baidu_home_cloud_id = hanvon.aebr.hanvondrive:id/tv_drive
2025-09-03 14:54:38 | INFO     | base.base_page:180 | 处理完整资源ID: hanvon.aebr.hanvondrive:id/tv_drive
2025-09-03 14:54:38 | INFO     | base.base_page:202 | 获取定位器：home-nut_webdav_home_cloud_id = hanvon.aebr.hanvondrive:id/bt_back
2025-09-03 14:54:38 | INFO     | base.base_page:180 | 处理完整资源ID: hanvon.aebr.hanvondrive:id/bt_back
2025-09-03 14:54:38 | INFO     | base.base_page:202 | 获取定位器：home-onedrive_home_id = android:id/content
2025-09-03 14:54:38 | INFO     | base.base_page:180 | 处理完整资源ID: android:id/content
2025-09-03 14:54:38 | INFO     | base.base_page:202 | 获取定位器：home-public_resource_id = hanvon.aebr.hanvondrive:id/detailFileLayout
2025-09-03 14:54:38 | INFO     | base.base_page:180 | 处理完整资源ID: hanvon.aebr.hanvondrive:id/detailFileLayout
2025-09-03 14:54:38 | INFO     | base.base_page:202 | 获取定位器：home-public_resource_id = hanvon.aebr.hanvondrive:id/detailFileLayout
2025-09-03 14:54:38 | INFO     | base.base_page:180 | 处理完整资源ID: hanvon.aebr.hanvondrive:id/detailFileLayout
2025-09-03 14:54:40 | INFO     | base.base_page:342 | 点击元素：('id', 'hanvon.aebr.hanvondrive:id/detailFileLayout') [索引： 1]
2025-09-03 14:54:40 | INFO     | base.base_page:53 | 自动生成配置路径: data/locators/nut_login_page.yaml
2025-09-03 14:54:40 | INFO     | base.base_page:69 | 已加载配置文件: D:\clear6Trubo\data\locators\nut_login_page.yaml (for NutLoginPage)
2025-09-03 14:54:40 | INFO     | base.base_page:53 | 自动生成配置路径: data/locators/nut_login_page.yaml
2025-09-03 14:54:40 | INFO     | base.base_page:107 | 初始化页面: NutLoginPage | 平台: android
2025-09-03 14:54:40 | INFO     | base.base_page:202 | 获取定位器：nut_login_page-cancel_button = hanvon.aebr.hanvondrive:id/janCancel
2025-09-03 14:54:40 | INFO     | base.base_page:180 | 处理完整资源ID: hanvon.aebr.hanvondrive:id/janCancel
2025-09-03 14:54:40 | INFO     | base.base_page:202 | 获取定位器：nut_login_page-home_bind = hanvon.aebr.hanvondrive:id/drive_gridview
2025-09-03 14:54:40 | INFO     | base.base_page:180 | 处理完整资源ID: hanvon.aebr.hanvondrive:id/drive_gridview
2025-09-03 14:54:40 | INFO     | base.base_page:202 | 获取定位器：nut_login_page-item_name = hanvon.aebr.hanvondrive:id/itemNameTv
2025-09-03 14:54:40 | INFO     | base.base_page:180 | 处理完整资源ID: hanvon.aebr.hanvondrive:id/itemNameTv
2025-09-03 14:54:40 | INFO     | base.base_page:202 | 获取定位器：nut_login_page-password_field = hanvon.aebr.hanvondrive:id/passEt
2025-09-03 14:54:40 | INFO     | base.base_page:180 | 处理完整资源ID: hanvon.aebr.hanvondrive:id/passEt
2025-09-03 14:54:40 | INFO     | base.base_page:202 | 获取定位器：nut_login_page-return_button = hanvon.aebr.hanvondrive:id/bt_back
2025-09-03 14:54:40 | INFO     | base.base_page:180 | 处理完整资源ID: hanvon.aebr.hanvondrive:id/bt_back
2025-09-03 14:54:40 | INFO     | base.base_page:202 | 获取定位器：nut_login_page-show_password = hanvon.aebr.hanvondrive:id/showPass
2025-09-03 14:54:40 | INFO     | base.base_page:180 | 处理完整资源ID: hanvon.aebr.hanvondrive:id/showPass
2025-09-03 14:54:40 | INFO     | base.base_page:202 | 获取定位器：nut_login_page-sure_button = hanvon.aebr.hanvondrive:id/janSure
2025-09-03 14:54:40 | INFO     | base.base_page:180 | 处理完整资源ID: hanvon.aebr.hanvondrive:id/janSure
2025-09-03 14:54:40 | INFO     | base.base_page:202 | 获取定位器：nut_login_page-username_field = hanvon.aebr.hanvondrive:id/userEt
2025-09-03 14:54:40 | INFO     | base.base_page:180 | 处理完整资源ID: hanvon.aebr.hanvondrive:id/userEt
2025-09-03 14:54:40 | INFO     | utils.test_data_loader:13 | 项目根目录: D:\clear6Trubo
2025-09-03 14:54:40 | INFO     | utils.test_data_loader:19 | 完整文件路径: D:\clear6Trubo\data\test_data\login_data_positive.json
2025-09-03 14:54:40 | INFO     | utils.test_data_loader:20 | 文件存在: True
2025-09-03 14:54:40 | INFO     | base.base_page:202 | 获取定位器：nut_login_page-username_field = hanvon.aebr.hanvondrive:id/userEt
2025-09-03 14:54:40 | INFO     | base.base_page:180 | 处理完整资源ID: hanvon.aebr.hanvondrive:id/userEt
2025-09-03 14:54:41 | INFO     | base.base_page:288 | 输入文本到 ('id', 'hanvon.aebr.hanvondrive:id/userEt')：'liuxuefeng@hanwang.com.cn'
2025-09-03 14:54:41 | INFO     | base.base_page:202 | 获取定位器：nut_login_page-password_field = hanvon.aebr.hanvondrive:id/passEt
2025-09-03 14:54:41 | INFO     | base.base_page:180 | 处理完整资源ID: hanvon.aebr.hanvondrive:id/passEt
2025-09-03 14:54:42 | INFO     | base.base_page:288 | 输入文本到 ('id', 'hanvon.aebr.hanvondrive:id/passEt')：'ani2k9vrmac7epjp'
2025-09-03 14:54:42 | INFO     | base.base_page:202 | 获取定位器：nut_login_page-sure_button = hanvon.aebr.hanvondrive:id/janSure
2025-09-03 14:54:42 | INFO     | base.base_page:180 | 处理完整资源ID: hanvon.aebr.hanvondrive:id/janSure
2025-09-03 14:54:43 | INFO     | base.base_page:275 | 点击元素：('id', 'hanvon.aebr.hanvondrive:id/janSure')
2025-09-03 14:54:45 | INFO     | pages.nut_cloud_page.nut_login_page:92 | 成功绑定账号
2025-09-03 14:54:45 | INFO     | base.base_page:53 | 自动生成配置路径: data/locators/home_page.yaml
2025-09-03 14:54:45 | INFO     | base.base_page:69 | 已加载配置文件: D:\clear6Trubo\data\locators\home_page.yaml (for HomePage)
2025-09-03 14:54:45 | INFO     | base.base_page:53 | 自动生成配置路径: data/locators/home_page.yaml
2025-09-03 14:54:45 | INFO     | base.base_page:107 | 初始化页面: HomePage | 平台: android
2025-09-03 14:54:45 | INFO     | pages.nut_cloud_page.home_page:20 | 进入主页
2025-09-03 14:54:45 | INFO     | base.base_page:202 | 获取定位器：home-bind_cloud = hanvon.aebr.hanvondrive:id/tv_drive_type
2025-09-03 14:54:45 | INFO     | base.base_page:180 | 处理完整资源ID: hanvon.aebr.hanvondrive:id/tv_drive_type
2025-09-03 14:54:45 | INFO     | base.base_page:202 | 获取定位器：home-bind_cloud_window = hanvon.aebr.hanvondrive:id/dialog_title
2025-09-03 14:54:45 | INFO     | base.base_page:180 | 处理完整资源ID: hanvon.aebr.hanvondrive:id/dialog_title
2025-09-03 14:54:45 | INFO     | base.base_page:202 | 获取定位器：home-iv_nextpage = hanvon.aebr.hanvondrive:id/iv_nextpage
2025-09-03 14:54:45 | INFO     | base.base_page:180 | 处理完整资源ID: hanvon.aebr.hanvondrive:id/iv_nextpage
2025-09-03 14:54:45 | INFO     | base.base_page:202 | 获取定位器：home-iv_prepage = hanvon.aebr.hanvondrive:id/iv_prepage
2025-09-03 14:54:45 | INFO     | base.base_page:180 | 处理完整资源ID: hanvon.aebr.hanvondrive:id/iv_prepage
2025-09-03 14:54:45 | INFO     | base.base_page:202 | 获取定位器：home-more_view_window = hanvon.aebr.hanvondrive:id/tv_display
2025-09-03 14:54:45 | INFO     | base.base_page:180 | 处理完整资源ID: hanvon.aebr.hanvondrive:id/tv_display
2025-09-03 14:54:45 | INFO     | base.base_page:202 | 获取定位器：home-nut_cloud = hanvon.aebr.hanvondrive:id/drive_type
2025-09-03 14:54:45 | INFO     | base.base_page:180 | 处理完整资源ID: hanvon.aebr.hanvondrive:id/drive_type
2025-09-03 14:54:45 | INFO     | base.base_page:202 | 获取定位器：home-nut_file_id = xpath://*[@resource-id='hanvon.aebr.hanvondrive:id/fileGridTv']
2025-09-03 14:54:45 | INFO     | base.base_page:202 | 获取定位器：home-return_button = hanvon.aebr.hanvondrive:id/bt_back
2025-09-03 14:54:45 | INFO     | base.base_page:180 | 处理完整资源ID: hanvon.aebr.hanvondrive:id/bt_back
2025-09-03 14:54:45 | INFO     | base.base_page:202 | 获取定位器：home-view_more = hanvon.aebr.hanvondrive:id/bt_binddrive_set
2025-09-03 14:54:45 | INFO     | base.base_page:180 | 处理完整资源ID: hanvon.aebr.hanvondrive:id/bt_binddrive_set
2025-09-03 14:54:45 | INFO     | base.base_page:53 | 自动生成配置路径: data/locators/home_page.yaml
2025-09-03 14:54:45 | INFO     | base.base_page:53 | 自动生成配置路径: data/locators/home_page.yaml
2025-09-03 14:54:45 | INFO     | base.base_page:107 | 初始化页面: HomePage | 平台: android
2025-09-03 14:54:45 | INFO     | pages.nut_cloud_page.home_page:20 | 进入主页
2025-09-03 14:54:45 | INFO     | base.base_page:202 | 获取定位器：home-bind_cloud = hanvon.aebr.hanvondrive:id/tv_drive_type
2025-09-03 14:54:45 | INFO     | base.base_page:180 | 处理完整资源ID: hanvon.aebr.hanvondrive:id/tv_drive_type
2025-09-03 14:54:45 | INFO     | base.base_page:202 | 获取定位器：home-bind_cloud_window = hanvon.aebr.hanvondrive:id/dialog_title
2025-09-03 14:54:45 | INFO     | base.base_page:180 | 处理完整资源ID: hanvon.aebr.hanvondrive:id/dialog_title
2025-09-03 14:54:45 | INFO     | base.base_page:202 | 获取定位器：home-iv_nextpage = hanvon.aebr.hanvondrive:id/iv_nextpage
2025-09-03 14:54:45 | INFO     | base.base_page:180 | 处理完整资源ID: hanvon.aebr.hanvondrive:id/iv_nextpage
2025-09-03 14:54:45 | INFO     | base.base_page:202 | 获取定位器：home-iv_prepage = hanvon.aebr.hanvondrive:id/iv_prepage
2025-09-03 14:54:45 | INFO     | base.base_page:180 | 处理完整资源ID: hanvon.aebr.hanvondrive:id/iv_prepage
2025-09-03 14:54:45 | INFO     | base.base_page:202 | 获取定位器：home-more_view_window = hanvon.aebr.hanvondrive:id/tv_display
2025-09-03 14:54:45 | INFO     | base.base_page:180 | 处理完整资源ID: hanvon.aebr.hanvondrive:id/tv_display
2025-09-03 14:54:45 | INFO     | base.base_page:202 | 获取定位器：home-nut_cloud = hanvon.aebr.hanvondrive:id/drive_type
2025-09-03 14:54:45 | INFO     | base.base_page:180 | 处理完整资源ID: hanvon.aebr.hanvondrive:id/drive_type
2025-09-03 14:54:45 | INFO     | base.base_page:202 | 获取定位器：home-nut_file_id = xpath://*[@resource-id='hanvon.aebr.hanvondrive:id/fileGridTv']
2025-09-03 14:54:45 | INFO     | base.base_page:202 | 获取定位器：home-return_button = hanvon.aebr.hanvondrive:id/bt_back
2025-09-03 14:54:45 | INFO     | base.base_page:180 | 处理完整资源ID: hanvon.aebr.hanvondrive:id/bt_back
2025-09-03 14:54:45 | INFO     | base.base_page:202 | 获取定位器：home-view_more = hanvon.aebr.hanvondrive:id/bt_binddrive_set
2025-09-03 14:54:45 | INFO     | base.base_page:180 | 处理完整资源ID: hanvon.aebr.hanvondrive:id/bt_binddrive_set
2025-09-03 14:54:46 | INFO     | conftest:219 | 开始屏幕录制: D:\clear6Trubo\reports\videos\VIDEO_test_input_account_name_sure__u57fa_u7840_u91cd_u5_20250903_145445.mp4
2025-09-03 14:54:46 | INFO     | base.base_page:53 | 自动生成配置路径: data/locators/details_page.yaml
2025-09-03 14:54:46 | INFO     | base.base_page:69 | 已加载配置文件: D:\clear6Trubo\data\locators\details_page.yaml (for DetailsPage)
2025-09-03 14:54:46 | INFO     | base.base_page:53 | 自动生成配置路径: data/locators/details_page.yaml
2025-09-03 14:54:46 | INFO     | base.base_page:107 | 初始化页面: DetailsPage | 平台: android
2025-09-03 14:54:46 | INFO     | pages.nut_cloud_page.details_page:17 | 进入主页
2025-09-03 14:54:46 | INFO     | base.base_page:202 | 获取定位器：details-account_button = hanvon.aebr.hanvondrive:id/tv_accout_detail
2025-09-03 14:54:46 | INFO     | base.base_page:180 | 处理完整资源ID: hanvon.aebr.hanvondrive:id/tv_accout_detail
2025-09-03 14:54:46 | INFO     | base.base_page:202 | 获取定位器：details-account_unbind = hanvon.aebr.hanvondrive:id/unbindTv
2025-09-03 14:54:46 | INFO     | base.base_page:180 | 处理完整资源ID: hanvon.aebr.hanvondrive:id/unbindTv
2025-09-03 14:54:46 | INFO     | base.base_page:202 | 获取定位器：details-close_button = hanvon.aebr.hanvondrive:id/dialog_close
2025-09-03 14:54:46 | INFO     | base.base_page:180 | 处理完整资源ID: hanvon.aebr.hanvondrive:id/dialog_close
2025-09-03 14:54:46 | INFO     | base.base_page:202 | 获取定位器：details-nut_cloud = hanvon.aebr.hanvondrive:id/drive_type
2025-09-03 14:54:46 | INFO     | base.base_page:180 | 处理完整资源ID: hanvon.aebr.hanvondrive:id/drive_type
2025-09-03 14:54:46 | INFO     | base.base_page:202 | 获取定位器：details-rename_button = hanvon.aebr.hanvondrive:id/tv_rename_drive
2025-09-03 14:54:46 | INFO     | base.base_page:180 | 处理完整资源ID: hanvon.aebr.hanvondrive:id/tv_rename_drive
2025-09-03 14:54:46 | INFO     | base.base_page:202 | 获取定位器：details-rename_window = hanvon.aebr.hanvondrive:id/dialog_title
2025-09-03 14:54:46 | INFO     | base.base_page:180 | 处理完整资源ID: hanvon.aebr.hanvondrive:id/dialog_title
2025-09-03 14:54:46 | INFO     | base.base_page:53 | 自动生成配置路径: data/locators/details_page.yaml
2025-09-03 14:54:46 | INFO     | base.base_page:53 | 自动生成配置路径: data/locators/details_page.yaml
2025-09-03 14:54:46 | INFO     | base.base_page:107 | 初始化页面: DetailsPage | 平台: android
2025-09-03 14:54:46 | INFO     | pages.nut_cloud_page.details_page:17 | 进入主页
2025-09-03 14:54:46 | INFO     | base.base_page:202 | 获取定位器：details-account_button = hanvon.aebr.hanvondrive:id/tv_accout_detail
2025-09-03 14:54:46 | INFO     | base.base_page:180 | 处理完整资源ID: hanvon.aebr.hanvondrive:id/tv_accout_detail
2025-09-03 14:54:46 | INFO     | base.base_page:202 | 获取定位器：details-account_unbind = hanvon.aebr.hanvondrive:id/unbindTv
2025-09-03 14:54:46 | INFO     | base.base_page:180 | 处理完整资源ID: hanvon.aebr.hanvondrive:id/unbindTv
2025-09-03 14:54:46 | INFO     | base.base_page:202 | 获取定位器：details-close_button = hanvon.aebr.hanvondrive:id/dialog_close
2025-09-03 14:54:46 | INFO     | base.base_page:180 | 处理完整资源ID: hanvon.aebr.hanvondrive:id/dialog_close
2025-09-03 14:54:46 | INFO     | base.base_page:202 | 获取定位器：details-nut_cloud = hanvon.aebr.hanvondrive:id/drive_type
2025-09-03 14:54:46 | INFO     | base.base_page:180 | 处理完整资源ID: hanvon.aebr.hanvondrive:id/drive_type
2025-09-03 14:54:46 | INFO     | base.base_page:202 | 获取定位器：details-rename_button = hanvon.aebr.hanvondrive:id/tv_rename_drive
2025-09-03 14:54:46 | INFO     | base.base_page:180 | 处理完整资源ID: hanvon.aebr.hanvondrive:id/tv_rename_drive
2025-09-03 14:54:46 | INFO     | base.base_page:202 | 获取定位器：details-rename_window = hanvon.aebr.hanvondrive:id/dialog_title
2025-09-03 14:54:46 | INFO     | base.base_page:180 | 处理完整资源ID: hanvon.aebr.hanvondrive:id/dialog_title
2025-09-03 14:54:46 | INFO     | base.base_page:202 | 获取定位器：home-nut_cloud = hanvon.aebr.hanvondrive:id/drive_type
2025-09-03 14:54:46 | INFO     | base.base_page:180 | 处理完整资源ID: hanvon.aebr.hanvondrive:id/drive_type
2025-09-03 14:54:49 | INFO     | base.base_page:465 | 成功长按元素: ('id', 'hanvon.aebr.hanvondrive:id/drive_type') (2.0秒)
2025-09-03 14:54:49 | INFO     | base.base_page:202 | 获取定位器：details-rename_button = hanvon.aebr.hanvondrive:id/tv_rename_drive
2025-09-03 14:54:49 | INFO     | base.base_page:180 | 处理完整资源ID: hanvon.aebr.hanvondrive:id/tv_rename_drive
2025-09-03 14:54:50 | INFO     | base.base_page:275 | 点击元素：('id', 'hanvon.aebr.hanvondrive:id/tv_rename_drive')
2025-09-03 14:54:50 | INFO     | base.base_page:202 | 获取定位器：details-rename_window = hanvon.aebr.hanvondrive:id/dialog_title
2025-09-03 14:54:50 | INFO     | base.base_page:180 | 处理完整资源ID: hanvon.aebr.hanvondrive:id/dialog_title
2025-09-03 14:54:50 | INFO     | base.base_page:368 | 元素已找到：<appium.webdriver.webelement.WebElement (session="20bac1d2-20cc-460f-a84c-9e1683501b51", element="0c2f430b-746a-4e42-af30-633f90e959a5")>
2025-09-03 14:54:50 | INFO     | pages.nut_cloud_page.details_page:119 | 已返回到账户信息页
2025-09-03 14:54:50 | INFO     | base.base_page:53 | 自动生成配置路径: data/locators/account_rename_page.yaml
2025-09-03 14:54:50 | INFO     | base.base_page:69 | 已加载配置文件: D:\clear6Trubo\data\locators\account_rename_page.yaml (for AccountRenamePage)
2025-09-03 14:54:50 | INFO     | base.base_page:53 | 自动生成配置路径: data/locators/account_rename_page.yaml
2025-09-03 14:54:50 | INFO     | base.base_page:107 | 初始化页面: AccountRenamePage | 平台: android
2025-09-03 14:54:50 | INFO     | pages.nut_cloud_page.account_rename_page:15 | 进入主页
2025-09-03 14:54:50 | INFO     | base.base_page:202 | 获取定位器：account_rename-account_input = hanvon.aebr.hanvondrive:id/foldername_edittext
2025-09-03 14:54:50 | INFO     | base.base_page:180 | 处理完整资源ID: hanvon.aebr.hanvondrive:id/foldername_edittext
2025-09-03 14:54:50 | INFO     | base.base_page:202 | 获取定位器：account_rename-bind_cloud = hanvon.aebr.hanvondrive:id/tv_drive_type
2025-09-03 14:54:50 | INFO     | base.base_page:180 | 处理完整资源ID: hanvon.aebr.hanvondrive:id/tv_drive_type
2025-09-03 14:54:50 | INFO     | base.base_page:202 | 获取定位器：account_rename-cancel_button = hanvon.aebr.hanvondrive:id/dialog_cancel
2025-09-03 14:54:50 | INFO     | base.base_page:180 | 处理完整资源ID: hanvon.aebr.hanvondrive:id/dialog_cancel
2025-09-03 14:54:50 | INFO     | base.base_page:202 | 获取定位器：account_rename-delete_name = hanvon.aebr.hanvondrive:id/deleteTv
2025-09-03 14:54:50 | INFO     | base.base_page:180 | 处理完整资源ID: hanvon.aebr.hanvondrive:id/deleteTv
2025-09-03 14:54:50 | INFO     | base.base_page:202 | 获取定位器：account_rename-sure_button = hanvon.aebr.hanvondrive:id/dialog_sure
2025-09-03 14:54:50 | INFO     | base.base_page:180 | 处理完整资源ID: hanvon.aebr.hanvondrive:id/dialog_sure
2025-09-03 14:54:50 | INFO     | base.base_page:202 | 获取定位器：account_rename-tv_account = hanvon.aebr.hanvondrive:id/tv_accout
2025-09-03 14:54:50 | INFO     | base.base_page:180 | 处理完整资源ID: hanvon.aebr.hanvondrive:id/tv_accout
2025-09-03 14:54:50 | INFO     | base.base_page:202 | 获取定位器：account_rename-account_input = hanvon.aebr.hanvondrive:id/foldername_edittext
2025-09-03 14:54:50 | INFO     | base.base_page:180 | 处理完整资源ID: hanvon.aebr.hanvondrive:id/foldername_edittext
2025-09-03 14:54:51 | INFO     | base.base_page:288 | 输入文本到 ('id', 'hanvon.aebr.hanvondrive:id/foldername_edittext')：'NewAccountName'
2025-09-03 14:54:51 | INFO     | pages.nut_cloud_page.account_rename_page:44 | 账户名称输入值为：NewAccountName
2025-09-03 14:54:51 | INFO     | base.base_page:202 | 获取定位器：account_rename-account_input = hanvon.aebr.hanvondrive:id/foldername_edittext
2025-09-03 14:54:51 | INFO     | base.base_page:180 | 处理完整资源ID: hanvon.aebr.hanvondrive:id/foldername_edittext
2025-09-03 14:54:52 | INFO     | base.base_page:202 | 获取定位器：account_rename-sure_button = hanvon.aebr.hanvondrive:id/dialog_sure
2025-09-03 14:54:52 | INFO     | base.base_page:180 | 处理完整资源ID: hanvon.aebr.hanvondrive:id/dialog_sure
2025-09-03 14:54:52 | INFO     | base.base_page:275 | 点击元素：('id', 'hanvon.aebr.hanvondrive:id/dialog_sure')
2025-09-03 14:54:53 | INFO     | base.base_page:498 | ✅ Toast 验证成功 | 预期: '重命名成功' | 实际: '重命名成功'
2025-09-03 14:54:54 | INFO     | conftest:233 | 停止屏幕录制: D:\clear6Trubo\reports\videos\VIDEO_test_input_account_name_sure__u57fa_u7840_u91cd_u5_20250903_145445.mp4
2025-09-03 14:54:54 | INFO     | conftest:239 | 屏幕录制已保存: D:\clear6Trubo\reports\videos\VIDEO_test_input_account_name_sure__u57fa_u7840_u91cd_u5_20250903_145445.mp4
2025-09-03 14:54:54 | INFO     | conftest:346 | 已将录屏附加到Allure报告: VIDEO_test_input_account_name_sure__u57fa_u7840_u91cd_u5_20250903_145445.mp4
2025-09-03 14:54:54 | INFO     | conftest:219 | 开始屏幕录制: D:\clear6Trubo\reports\videos\VIDEO_test_input_account_name_sure__u4e2d_u6587_u540d_u7_20250903_145454.mp4
2025-09-03 14:54:54 | INFO     | base.base_page:53 | 自动生成配置路径: data/locators/details_page.yaml
2025-09-03 14:54:54 | INFO     | base.base_page:53 | 自动生成配置路径: data/locators/details_page.yaml
2025-09-03 14:54:54 | INFO     | base.base_page:107 | 初始化页面: DetailsPage | 平台: android
2025-09-03 14:54:54 | INFO     | pages.nut_cloud_page.details_page:17 | 进入主页
2025-09-03 14:54:54 | INFO     | base.base_page:202 | 获取定位器：details-account_button = hanvon.aebr.hanvondrive:id/tv_accout_detail
2025-09-03 14:54:54 | INFO     | base.base_page:180 | 处理完整资源ID: hanvon.aebr.hanvondrive:id/tv_accout_detail
2025-09-03 14:54:54 | INFO     | base.base_page:202 | 获取定位器：details-account_unbind = hanvon.aebr.hanvondrive:id/unbindTv
2025-09-03 14:54:54 | INFO     | base.base_page:180 | 处理完整资源ID: hanvon.aebr.hanvondrive:id/unbindTv
2025-09-03 14:54:54 | INFO     | base.base_page:202 | 获取定位器：details-close_button = hanvon.aebr.hanvondrive:id/dialog_close
2025-09-03 14:54:54 | INFO     | base.base_page:180 | 处理完整资源ID: hanvon.aebr.hanvondrive:id/dialog_close
2025-09-03 14:54:54 | INFO     | base.base_page:202 | 获取定位器：details-nut_cloud = hanvon.aebr.hanvondrive:id/drive_type
2025-09-03 14:54:54 | INFO     | base.base_page:180 | 处理完整资源ID: hanvon.aebr.hanvondrive:id/drive_type
2025-09-03 14:54:54 | INFO     | base.base_page:202 | 获取定位器：details-rename_button = hanvon.aebr.hanvondrive:id/tv_rename_drive
2025-09-03 14:54:54 | INFO     | base.base_page:180 | 处理完整资源ID: hanvon.aebr.hanvondrive:id/tv_rename_drive
2025-09-03 14:54:54 | INFO     | base.base_page:202 | 获取定位器：details-rename_window = hanvon.aebr.hanvondrive:id/dialog_title
2025-09-03 14:54:54 | INFO     | base.base_page:180 | 处理完整资源ID: hanvon.aebr.hanvondrive:id/dialog_title
2025-09-03 14:54:54 | INFO     | base.base_page:53 | 自动生成配置路径: data/locators/details_page.yaml
2025-09-03 14:54:54 | INFO     | base.base_page:53 | 自动生成配置路径: data/locators/details_page.yaml
2025-09-03 14:54:54 | INFO     | base.base_page:107 | 初始化页面: DetailsPage | 平台: android
2025-09-03 14:54:54 | INFO     | pages.nut_cloud_page.details_page:17 | 进入主页
2025-09-03 14:54:54 | INFO     | base.base_page:202 | 获取定位器：details-account_button = hanvon.aebr.hanvondrive:id/tv_accout_detail
2025-09-03 14:54:54 | INFO     | base.base_page:180 | 处理完整资源ID: hanvon.aebr.hanvondrive:id/tv_accout_detail
2025-09-03 14:54:54 | INFO     | base.base_page:202 | 获取定位器：details-account_unbind = hanvon.aebr.hanvondrive:id/unbindTv
2025-09-03 14:54:54 | INFO     | base.base_page:180 | 处理完整资源ID: hanvon.aebr.hanvondrive:id/unbindTv
2025-09-03 14:54:54 | INFO     | base.base_page:202 | 获取定位器：details-close_button = hanvon.aebr.hanvondrive:id/dialog_close
2025-09-03 14:54:54 | INFO     | base.base_page:180 | 处理完整资源ID: hanvon.aebr.hanvondrive:id/dialog_close
2025-09-03 14:54:54 | INFO     | base.base_page:202 | 获取定位器：details-nut_cloud = hanvon.aebr.hanvondrive:id/drive_type
2025-09-03 14:54:54 | INFO     | base.base_page:180 | 处理完整资源ID: hanvon.aebr.hanvondrive:id/drive_type
2025-09-03 14:54:54 | INFO     | base.base_page:202 | 获取定位器：details-rename_button = hanvon.aebr.hanvondrive:id/tv_rename_drive
2025-09-03 14:54:54 | INFO     | base.base_page:180 | 处理完整资源ID: hanvon.aebr.hanvondrive:id/tv_rename_drive
2025-09-03 14:54:54 | INFO     | base.base_page:202 | 获取定位器：details-rename_window = hanvon.aebr.hanvondrive:id/dialog_title
2025-09-03 14:54:54 | INFO     | base.base_page:180 | 处理完整资源ID: hanvon.aebr.hanvondrive:id/dialog_title
2025-09-03 14:54:54 | INFO     | base.base_page:202 | 获取定位器：home-nut_cloud = hanvon.aebr.hanvondrive:id/drive_type
2025-09-03 14:54:54 | INFO     | base.base_page:180 | 处理完整资源ID: hanvon.aebr.hanvondrive:id/drive_type
2025-09-03 14:54:57 | INFO     | base.base_page:465 | 成功长按元素: ('id', 'hanvon.aebr.hanvondrive:id/drive_type') (2.0秒)
2025-09-03 14:54:57 | INFO     | base.base_page:202 | 获取定位器：details-rename_button = hanvon.aebr.hanvondrive:id/tv_rename_drive
2025-09-03 14:54:57 | INFO     | base.base_page:180 | 处理完整资源ID: hanvon.aebr.hanvondrive:id/tv_rename_drive
2025-09-03 14:54:58 | INFO     | base.base_page:275 | 点击元素：('id', 'hanvon.aebr.hanvondrive:id/tv_rename_drive')
2025-09-03 14:54:58 | INFO     | base.base_page:202 | 获取定位器：details-rename_window = hanvon.aebr.hanvondrive:id/dialog_title
2025-09-03 14:54:58 | INFO     | base.base_page:180 | 处理完整资源ID: hanvon.aebr.hanvondrive:id/dialog_title
2025-09-03 14:54:58 | INFO     | base.base_page:368 | 元素已找到：<appium.webdriver.webelement.WebElement (session="20bac1d2-20cc-460f-a84c-9e1683501b51", element="26d3d301-ea1d-4efb-9e87-ec16da551058")>
2025-09-03 14:54:58 | INFO     | pages.nut_cloud_page.details_page:119 | 已返回到账户信息页
2025-09-03 14:54:58 | INFO     | base.base_page:53 | 自动生成配置路径: data/locators/account_rename_page.yaml
2025-09-03 14:54:58 | INFO     | base.base_page:53 | 自动生成配置路径: data/locators/account_rename_page.yaml
2025-09-03 14:54:58 | INFO     | base.base_page:107 | 初始化页面: AccountRenamePage | 平台: android
2025-09-03 14:54:58 | INFO     | pages.nut_cloud_page.account_rename_page:15 | 进入主页
2025-09-03 14:54:58 | INFO     | base.base_page:202 | 获取定位器：account_rename-account_input = hanvon.aebr.hanvondrive:id/foldername_edittext
2025-09-03 14:54:58 | INFO     | base.base_page:180 | 处理完整资源ID: hanvon.aebr.hanvondrive:id/foldername_edittext
2025-09-03 14:54:58 | INFO     | base.base_page:202 | 获取定位器：account_rename-bind_cloud = hanvon.aebr.hanvondrive:id/tv_drive_type
2025-09-03 14:54:58 | INFO     | base.base_page:180 | 处理完整资源ID: hanvon.aebr.hanvondrive:id/tv_drive_type
2025-09-03 14:54:58 | INFO     | base.base_page:202 | 获取定位器：account_rename-cancel_button = hanvon.aebr.hanvondrive:id/dialog_cancel
2025-09-03 14:54:58 | INFO     | base.base_page:180 | 处理完整资源ID: hanvon.aebr.hanvondrive:id/dialog_cancel
2025-09-03 14:54:58 | INFO     | base.base_page:202 | 获取定位器：account_rename-delete_name = hanvon.aebr.hanvondrive:id/deleteTv
2025-09-03 14:54:58 | INFO     | base.base_page:180 | 处理完整资源ID: hanvon.aebr.hanvondrive:id/deleteTv
2025-09-03 14:54:58 | INFO     | base.base_page:202 | 获取定位器：account_rename-sure_button = hanvon.aebr.hanvondrive:id/dialog_sure
2025-09-03 14:54:58 | INFO     | base.base_page:180 | 处理完整资源ID: hanvon.aebr.hanvondrive:id/dialog_sure
2025-09-03 14:54:58 | INFO     | base.base_page:202 | 获取定位器：account_rename-tv_account = hanvon.aebr.hanvondrive:id/tv_accout
2025-09-03 14:54:58 | INFO     | base.base_page:180 | 处理完整资源ID: hanvon.aebr.hanvondrive:id/tv_accout
2025-09-03 14:54:58 | INFO     | base.base_page:202 | 获取定位器：account_rename-account_input = hanvon.aebr.hanvondrive:id/foldername_edittext
2025-09-03 14:54:58 | INFO     | base.base_page:180 | 处理完整资源ID: hanvon.aebr.hanvondrive:id/foldername_edittext
2025-09-03 14:54:59 | INFO     | base.base_page:288 | 输入文本到 ('id', 'hanvon.aebr.hanvondrive:id/foldername_edittext')：'汉王科技账户'
2025-09-03 14:54:59 | INFO     | pages.nut_cloud_page.account_rename_page:44 | 账户名称输入值为：汉王科技账户
2025-09-03 14:54:59 | INFO     | base.base_page:202 | 获取定位器：account_rename-account_input = hanvon.aebr.hanvondrive:id/foldername_edittext
2025-09-03 14:54:59 | INFO     | base.base_page:180 | 处理完整资源ID: hanvon.aebr.hanvondrive:id/foldername_edittext
2025-09-03 14:55:00 | INFO     | base.base_page:202 | 获取定位器：account_rename-sure_button = hanvon.aebr.hanvondrive:id/dialog_sure
2025-09-03 14:55:00 | INFO     | base.base_page:180 | 处理完整资源ID: hanvon.aebr.hanvondrive:id/dialog_sure
2025-09-03 14:55:00 | INFO     | base.base_page:275 | 点击元素：('id', 'hanvon.aebr.hanvondrive:id/dialog_sure')
2025-09-03 14:55:01 | INFO     | base.base_page:498 | ✅ Toast 验证成功 | 预期: '重命名成功' | 实际: '重命名成功'
2025-09-03 14:55:02 | INFO     | conftest:233 | 停止屏幕录制: D:\clear6Trubo\reports\videos\VIDEO_test_input_account_name_sure__u4e2d_u6587_u540d_u7_20250903_145454.mp4
2025-09-03 14:55:02 | INFO     | conftest:239 | 屏幕录制已保存: D:\clear6Trubo\reports\videos\VIDEO_test_input_account_name_sure__u4e2d_u6587_u540d_u7_20250903_145454.mp4
2025-09-03 14:55:02 | INFO     | conftest:346 | 已将录屏附加到Allure报告: VIDEO_test_input_account_name_sure__u4e2d_u6587_u540d_u7_20250903_145454.mp4
2025-09-03 14:55:03 | INFO     | conftest:219 | 开始屏幕录制: D:\clear6Trubo\reports\videos\VIDEO_test_input_account_name_sure__u7279_u6b8a_u5b57_u7_20250903_145502.mp4
2025-09-03 14:55:03 | INFO     | base.base_page:53 | 自动生成配置路径: data/locators/details_page.yaml
2025-09-03 14:55:03 | INFO     | base.base_page:53 | 自动生成配置路径: data/locators/details_page.yaml
2025-09-03 14:55:03 | INFO     | base.base_page:107 | 初始化页面: DetailsPage | 平台: android
2025-09-03 14:55:03 | INFO     | pages.nut_cloud_page.details_page:17 | 进入主页
2025-09-03 14:55:03 | INFO     | base.base_page:202 | 获取定位器：details-account_button = hanvon.aebr.hanvondrive:id/tv_accout_detail
2025-09-03 14:55:03 | INFO     | base.base_page:180 | 处理完整资源ID: hanvon.aebr.hanvondrive:id/tv_accout_detail
2025-09-03 14:55:03 | INFO     | base.base_page:202 | 获取定位器：details-account_unbind = hanvon.aebr.hanvondrive:id/unbindTv
2025-09-03 14:55:03 | INFO     | base.base_page:180 | 处理完整资源ID: hanvon.aebr.hanvondrive:id/unbindTv
2025-09-03 14:55:03 | INFO     | base.base_page:202 | 获取定位器：details-close_button = hanvon.aebr.hanvondrive:id/dialog_close
2025-09-03 14:55:03 | INFO     | base.base_page:180 | 处理完整资源ID: hanvon.aebr.hanvondrive:id/dialog_close
2025-09-03 14:55:03 | INFO     | base.base_page:202 | 获取定位器：details-nut_cloud = hanvon.aebr.hanvondrive:id/drive_type
2025-09-03 14:55:03 | INFO     | base.base_page:180 | 处理完整资源ID: hanvon.aebr.hanvondrive:id/drive_type
2025-09-03 14:55:03 | INFO     | base.base_page:202 | 获取定位器：details-rename_button = hanvon.aebr.hanvondrive:id/tv_rename_drive
2025-09-03 14:55:03 | INFO     | base.base_page:180 | 处理完整资源ID: hanvon.aebr.hanvondrive:id/tv_rename_drive
2025-09-03 14:55:03 | INFO     | base.base_page:202 | 获取定位器：details-rename_window = hanvon.aebr.hanvondrive:id/dialog_title
2025-09-03 14:55:03 | INFO     | base.base_page:180 | 处理完整资源ID: hanvon.aebr.hanvondrive:id/dialog_title
2025-09-03 14:55:03 | INFO     | base.base_page:53 | 自动生成配置路径: data/locators/details_page.yaml
2025-09-03 14:55:03 | INFO     | base.base_page:53 | 自动生成配置路径: data/locators/details_page.yaml
2025-09-03 14:55:03 | INFO     | base.base_page:107 | 初始化页面: DetailsPage | 平台: android
2025-09-03 14:55:03 | INFO     | pages.nut_cloud_page.details_page:17 | 进入主页
2025-09-03 14:55:03 | INFO     | base.base_page:202 | 获取定位器：details-account_button = hanvon.aebr.hanvondrive:id/tv_accout_detail
2025-09-03 14:55:03 | INFO     | base.base_page:180 | 处理完整资源ID: hanvon.aebr.hanvondrive:id/tv_accout_detail
2025-09-03 14:55:03 | INFO     | base.base_page:202 | 获取定位器：details-account_unbind = hanvon.aebr.hanvondrive:id/unbindTv
2025-09-03 14:55:03 | INFO     | base.base_page:180 | 处理完整资源ID: hanvon.aebr.hanvondrive:id/unbindTv
2025-09-03 14:55:03 | INFO     | base.base_page:202 | 获取定位器：details-close_button = hanvon.aebr.hanvondrive:id/dialog_close
2025-09-03 14:55:03 | INFO     | base.base_page:180 | 处理完整资源ID: hanvon.aebr.hanvondrive:id/dialog_close
2025-09-03 14:55:03 | INFO     | base.base_page:202 | 获取定位器：details-nut_cloud = hanvon.aebr.hanvondrive:id/drive_type
2025-09-03 14:55:03 | INFO     | base.base_page:180 | 处理完整资源ID: hanvon.aebr.hanvondrive:id/drive_type
2025-09-03 14:55:03 | INFO     | base.base_page:202 | 获取定位器：details-rename_button = hanvon.aebr.hanvondrive:id/tv_rename_drive
2025-09-03 14:55:03 | INFO     | base.base_page:180 | 处理完整资源ID: hanvon.aebr.hanvondrive:id/tv_rename_drive
2025-09-03 14:55:03 | INFO     | base.base_page:202 | 获取定位器：details-rename_window = hanvon.aebr.hanvondrive:id/dialog_title
2025-09-03 14:55:03 | INFO     | base.base_page:180 | 处理完整资源ID: hanvon.aebr.hanvondrive:id/dialog_title
2025-09-03 14:55:03 | INFO     | base.base_page:202 | 获取定位器：home-nut_cloud = hanvon.aebr.hanvondrive:id/drive_type
2025-09-03 14:55:03 | INFO     | base.base_page:180 | 处理完整资源ID: hanvon.aebr.hanvondrive:id/drive_type
2025-09-03 14:55:05 | INFO     | base.base_page:465 | 成功长按元素: ('id', 'hanvon.aebr.hanvondrive:id/drive_type') (2.0秒)
2025-09-03 14:55:05 | INFO     | base.base_page:202 | 获取定位器：details-rename_button = hanvon.aebr.hanvondrive:id/tv_rename_drive
2025-09-03 14:55:05 | INFO     | base.base_page:180 | 处理完整资源ID: hanvon.aebr.hanvondrive:id/tv_rename_drive
2025-09-03 14:55:07 | INFO     | base.base_page:275 | 点击元素：('id', 'hanvon.aebr.hanvondrive:id/tv_rename_drive')
2025-09-03 14:55:07 | INFO     | base.base_page:202 | 获取定位器：details-rename_window = hanvon.aebr.hanvondrive:id/dialog_title
2025-09-03 14:55:07 | INFO     | base.base_page:180 | 处理完整资源ID: hanvon.aebr.hanvondrive:id/dialog_title
2025-09-03 14:55:07 | INFO     | base.base_page:368 | 元素已找到：<appium.webdriver.webelement.WebElement (session="20bac1d2-20cc-460f-a84c-9e1683501b51", element="9d34cf0c-a6ac-4642-9d50-a68b8a5e053b")>
2025-09-03 14:55:07 | INFO     | pages.nut_cloud_page.details_page:119 | 已返回到账户信息页
2025-09-03 14:55:07 | INFO     | base.base_page:53 | 自动生成配置路径: data/locators/account_rename_page.yaml
2025-09-03 14:55:07 | INFO     | base.base_page:53 | 自动生成配置路径: data/locators/account_rename_page.yaml
2025-09-03 14:55:07 | INFO     | base.base_page:107 | 初始化页面: AccountRenamePage | 平台: android
2025-09-03 14:55:07 | INFO     | pages.nut_cloud_page.account_rename_page:15 | 进入主页
2025-09-03 14:55:07 | INFO     | base.base_page:202 | 获取定位器：account_rename-account_input = hanvon.aebr.hanvondrive:id/foldername_edittext
2025-09-03 14:55:07 | INFO     | base.base_page:180 | 处理完整资源ID: hanvon.aebr.hanvondrive:id/foldername_edittext
2025-09-03 14:55:07 | INFO     | base.base_page:202 | 获取定位器：account_rename-bind_cloud = hanvon.aebr.hanvondrive:id/tv_drive_type
2025-09-03 14:55:07 | INFO     | base.base_page:180 | 处理完整资源ID: hanvon.aebr.hanvondrive:id/tv_drive_type
2025-09-03 14:55:07 | INFO     | base.base_page:202 | 获取定位器：account_rename-cancel_button = hanvon.aebr.hanvondrive:id/dialog_cancel
2025-09-03 14:55:07 | INFO     | base.base_page:180 | 处理完整资源ID: hanvon.aebr.hanvondrive:id/dialog_cancel
2025-09-03 14:55:07 | INFO     | base.base_page:202 | 获取定位器：account_rename-delete_name = hanvon.aebr.hanvondrive:id/deleteTv
2025-09-03 14:55:07 | INFO     | base.base_page:180 | 处理完整资源ID: hanvon.aebr.hanvondrive:id/deleteTv
2025-09-03 14:55:07 | INFO     | base.base_page:202 | 获取定位器：account_rename-sure_button = hanvon.aebr.hanvondrive:id/dialog_sure
2025-09-03 14:55:07 | INFO     | base.base_page:180 | 处理完整资源ID: hanvon.aebr.hanvondrive:id/dialog_sure
2025-09-03 14:55:07 | INFO     | base.base_page:202 | 获取定位器：account_rename-tv_account = hanvon.aebr.hanvondrive:id/tv_accout
2025-09-03 14:55:07 | INFO     | base.base_page:180 | 处理完整资源ID: hanvon.aebr.hanvondrive:id/tv_accout
2025-09-03 14:55:07 | INFO     | base.base_page:202 | 获取定位器：account_rename-account_input = hanvon.aebr.hanvondrive:id/foldername_edittext
2025-09-03 14:55:07 | INFO     | base.base_page:180 | 处理完整资源ID: hanvon.aebr.hanvondrive:id/foldername_edittext
2025-09-03 14:55:08 | INFO     | base.base_page:288 | 输入文本到 ('id', 'hanvon.aebr.hanvondrive:id/foldername_edittext')：'Account_123!@#.+-~！@#￥%……&*（）——+？“：|'
2025-09-03 14:55:08 | INFO     | pages.nut_cloud_page.account_rename_page:44 | 账户名称输入值为：Account_123!@#.+-~！@#￥%……&*（）——+？“：|
2025-09-03 14:55:08 | INFO     | base.base_page:202 | 获取定位器：account_rename-account_input = hanvon.aebr.hanvondrive:id/foldername_edittext
2025-09-03 14:55:08 | INFO     | base.base_page:180 | 处理完整资源ID: hanvon.aebr.hanvondrive:id/foldername_edittext
2025-09-03 14:55:08 | INFO     | base.base_page:202 | 获取定位器：account_rename-sure_button = hanvon.aebr.hanvondrive:id/dialog_sure
2025-09-03 14:55:08 | INFO     | base.base_page:180 | 处理完整资源ID: hanvon.aebr.hanvondrive:id/dialog_sure
2025-09-03 14:55:09 | INFO     | base.base_page:275 | 点击元素：('id', 'hanvon.aebr.hanvondrive:id/dialog_sure')
2025-09-03 14:55:10 | INFO     | base.base_page:498 | ✅ Toast 验证成功 | 预期: '重命名成功' | 实际: '重命名成功'
2025-09-03 14:55:11 | INFO     | conftest:233 | 停止屏幕录制: D:\clear6Trubo\reports\videos\VIDEO_test_input_account_name_sure__u7279_u6b8a_u5b57_u7_20250903_145502.mp4
2025-09-03 14:55:11 | INFO     | conftest:239 | 屏幕录制已保存: D:\clear6Trubo\reports\videos\VIDEO_test_input_account_name_sure__u7279_u6b8a_u5b57_u7_20250903_145502.mp4
2025-09-03 14:55:11 | INFO     | conftest:346 | 已将录屏附加到Allure报告: VIDEO_test_input_account_name_sure__u7279_u6b8a_u5b57_u7_20250903_145502.mp4
2025-09-03 14:55:11 | INFO     | conftest:219 | 开始屏幕录制: D:\clear6Trubo\reports\videos\VIDEO_test_input_account_name_sure__u8d85_u957f_u540d_u7_20250903_145511.mp4
2025-09-03 14:55:11 | INFO     | base.base_page:53 | 自动生成配置路径: data/locators/details_page.yaml
2025-09-03 14:55:11 | INFO     | base.base_page:53 | 自动生成配置路径: data/locators/details_page.yaml
2025-09-03 14:55:11 | INFO     | base.base_page:107 | 初始化页面: DetailsPage | 平台: android
2025-09-03 14:55:11 | INFO     | pages.nut_cloud_page.details_page:17 | 进入主页
2025-09-03 14:55:11 | INFO     | base.base_page:202 | 获取定位器：details-account_button = hanvon.aebr.hanvondrive:id/tv_accout_detail
2025-09-03 14:55:11 | INFO     | base.base_page:180 | 处理完整资源ID: hanvon.aebr.hanvondrive:id/tv_accout_detail
2025-09-03 14:55:11 | INFO     | base.base_page:202 | 获取定位器：details-account_unbind = hanvon.aebr.hanvondrive:id/unbindTv
2025-09-03 14:55:11 | INFO     | base.base_page:180 | 处理完整资源ID: hanvon.aebr.hanvondrive:id/unbindTv
2025-09-03 14:55:11 | INFO     | base.base_page:202 | 获取定位器：details-close_button = hanvon.aebr.hanvondrive:id/dialog_close
2025-09-03 14:55:11 | INFO     | base.base_page:180 | 处理完整资源ID: hanvon.aebr.hanvondrive:id/dialog_close
2025-09-03 14:55:11 | INFO     | base.base_page:202 | 获取定位器：details-nut_cloud = hanvon.aebr.hanvondrive:id/drive_type
2025-09-03 14:55:11 | INFO     | base.base_page:180 | 处理完整资源ID: hanvon.aebr.hanvondrive:id/drive_type
2025-09-03 14:55:11 | INFO     | base.base_page:202 | 获取定位器：details-rename_button = hanvon.aebr.hanvondrive:id/tv_rename_drive
2025-09-03 14:55:11 | INFO     | base.base_page:180 | 处理完整资源ID: hanvon.aebr.hanvondrive:id/tv_rename_drive
2025-09-03 14:55:11 | INFO     | base.base_page:202 | 获取定位器：details-rename_window = hanvon.aebr.hanvondrive:id/dialog_title
2025-09-03 14:55:11 | INFO     | base.base_page:180 | 处理完整资源ID: hanvon.aebr.hanvondrive:id/dialog_title
2025-09-03 14:55:11 | INFO     | base.base_page:53 | 自动生成配置路径: data/locators/details_page.yaml
2025-09-03 14:55:11 | INFO     | base.base_page:53 | 自动生成配置路径: data/locators/details_page.yaml
2025-09-03 14:55:11 | INFO     | base.base_page:107 | 初始化页面: DetailsPage | 平台: android
2025-09-03 14:55:11 | INFO     | pages.nut_cloud_page.details_page:17 | 进入主页
2025-09-03 14:55:11 | INFO     | base.base_page:202 | 获取定位器：details-account_button = hanvon.aebr.hanvondrive:id/tv_accout_detail
2025-09-03 14:55:11 | INFO     | base.base_page:180 | 处理完整资源ID: hanvon.aebr.hanvondrive:id/tv_accout_detail
2025-09-03 14:55:11 | INFO     | base.base_page:202 | 获取定位器：details-account_unbind = hanvon.aebr.hanvondrive:id/unbindTv
2025-09-03 14:55:11 | INFO     | base.base_page:180 | 处理完整资源ID: hanvon.aebr.hanvondrive:id/unbindTv
2025-09-03 14:55:11 | INFO     | base.base_page:202 | 获取定位器：details-close_button = hanvon.aebr.hanvondrive:id/dialog_close
2025-09-03 14:55:11 | INFO     | base.base_page:180 | 处理完整资源ID: hanvon.aebr.hanvondrive:id/dialog_close
2025-09-03 14:55:11 | INFO     | base.base_page:202 | 获取定位器：details-nut_cloud = hanvon.aebr.hanvondrive:id/drive_type
2025-09-03 14:55:11 | INFO     | base.base_page:180 | 处理完整资源ID: hanvon.aebr.hanvondrive:id/drive_type
2025-09-03 14:55:11 | INFO     | base.base_page:202 | 获取定位器：details-rename_button = hanvon.aebr.hanvondrive:id/tv_rename_drive
2025-09-03 14:55:11 | INFO     | base.base_page:180 | 处理完整资源ID: hanvon.aebr.hanvondrive:id/tv_rename_drive
2025-09-03 14:55:11 | INFO     | base.base_page:202 | 获取定位器：details-rename_window = hanvon.aebr.hanvondrive:id/dialog_title
2025-09-03 14:55:11 | INFO     | base.base_page:180 | 处理完整资源ID: hanvon.aebr.hanvondrive:id/dialog_title
2025-09-03 14:55:11 | INFO     | base.base_page:202 | 获取定位器：home-nut_cloud = hanvon.aebr.hanvondrive:id/drive_type
2025-09-03 14:55:11 | INFO     | base.base_page:180 | 处理完整资源ID: hanvon.aebr.hanvondrive:id/drive_type
2025-09-03 14:55:14 | INFO     | base.base_page:465 | 成功长按元素: ('id', 'hanvon.aebr.hanvondrive:id/drive_type') (2.0秒)
2025-09-03 14:55:14 | INFO     | base.base_page:202 | 获取定位器：details-rename_button = hanvon.aebr.hanvondrive:id/tv_rename_drive
2025-09-03 14:55:14 | INFO     | base.base_page:180 | 处理完整资源ID: hanvon.aebr.hanvondrive:id/tv_rename_drive
2025-09-03 14:55:15 | INFO     | base.base_page:275 | 点击元素：('id', 'hanvon.aebr.hanvondrive:id/tv_rename_drive')
2025-09-03 14:55:15 | INFO     | base.base_page:202 | 获取定位器：details-rename_window = hanvon.aebr.hanvondrive:id/dialog_title
2025-09-03 14:55:15 | INFO     | base.base_page:180 | 处理完整资源ID: hanvon.aebr.hanvondrive:id/dialog_title
2025-09-03 14:55:15 | INFO     | base.base_page:368 | 元素已找到：<appium.webdriver.webelement.WebElement (session="20bac1d2-20cc-460f-a84c-9e1683501b51", element="6ec481d9-fd3c-433c-b202-b6ae7baede6b")>
2025-09-03 14:55:15 | INFO     | pages.nut_cloud_page.details_page:119 | 已返回到账户信息页
2025-09-03 14:55:15 | INFO     | base.base_page:53 | 自动生成配置路径: data/locators/account_rename_page.yaml
2025-09-03 14:55:15 | INFO     | base.base_page:53 | 自动生成配置路径: data/locators/account_rename_page.yaml
2025-09-03 14:55:15 | INFO     | base.base_page:107 | 初始化页面: AccountRenamePage | 平台: android
2025-09-03 14:55:15 | INFO     | pages.nut_cloud_page.account_rename_page:15 | 进入主页
2025-09-03 14:55:15 | INFO     | base.base_page:202 | 获取定位器：account_rename-account_input = hanvon.aebr.hanvondrive:id/foldername_edittext
2025-09-03 14:55:15 | INFO     | base.base_page:180 | 处理完整资源ID: hanvon.aebr.hanvondrive:id/foldername_edittext
2025-09-03 14:55:15 | INFO     | base.base_page:202 | 获取定位器：account_rename-bind_cloud = hanvon.aebr.hanvondrive:id/tv_drive_type
2025-09-03 14:55:15 | INFO     | base.base_page:180 | 处理完整资源ID: hanvon.aebr.hanvondrive:id/tv_drive_type
2025-09-03 14:55:15 | INFO     | base.base_page:202 | 获取定位器：account_rename-cancel_button = hanvon.aebr.hanvondrive:id/dialog_cancel
2025-09-03 14:55:15 | INFO     | base.base_page:180 | 处理完整资源ID: hanvon.aebr.hanvondrive:id/dialog_cancel
2025-09-03 14:55:15 | INFO     | base.base_page:202 | 获取定位器：account_rename-delete_name = hanvon.aebr.hanvondrive:id/deleteTv
2025-09-03 14:55:15 | INFO     | base.base_page:180 | 处理完整资源ID: hanvon.aebr.hanvondrive:id/deleteTv
2025-09-03 14:55:15 | INFO     | base.base_page:202 | 获取定位器：account_rename-sure_button = hanvon.aebr.hanvondrive:id/dialog_sure
2025-09-03 14:55:15 | INFO     | base.base_page:180 | 处理完整资源ID: hanvon.aebr.hanvondrive:id/dialog_sure
2025-09-03 14:55:15 | INFO     | base.base_page:202 | 获取定位器：account_rename-tv_account = hanvon.aebr.hanvondrive:id/tv_accout
2025-09-03 14:55:15 | INFO     | base.base_page:180 | 处理完整资源ID: hanvon.aebr.hanvondrive:id/tv_accout
2025-09-03 14:55:15 | INFO     | base.base_page:202 | 获取定位器：account_rename-account_input = hanvon.aebr.hanvondrive:id/foldername_edittext
2025-09-03 14:55:15 | INFO     | base.base_page:180 | 处理完整资源ID: hanvon.aebr.hanvondrive:id/foldername_edittext
2025-09-03 14:55:17 | INFO     | base.base_page:288 | 输入文本到 ('id', 'hanvon.aebr.hanvondrive:id/foldername_edittext')：'VeryLongAccountNameWithMoreThanFiftyCharactersForTestingVeryLongAccountNameWithMoreThanFiftyCharactersForTesting'
2025-09-03 14:55:17 | INFO     | pages.nut_cloud_page.account_rename_page:44 | 账户名称输入值为：VeryLongAccountNameWithMoreThanFiftyCharactersForTestingVeryLongAccountNameWithMoreThanFiftyCharactersForTesting
2025-09-03 14:55:17 | INFO     | base.base_page:202 | 获取定位器：account_rename-account_input = hanvon.aebr.hanvondrive:id/foldername_edittext
2025-09-03 14:55:17 | INFO     | base.base_page:180 | 处理完整资源ID: hanvon.aebr.hanvondrive:id/foldername_edittext
2025-09-03 14:55:17 | INFO     | base.base_page:202 | 获取定位器：account_rename-sure_button = hanvon.aebr.hanvondrive:id/dialog_sure
2025-09-03 14:55:17 | INFO     | base.base_page:180 | 处理完整资源ID: hanvon.aebr.hanvondrive:id/dialog_sure
2025-09-03 14:55:18 | INFO     | base.base_page:275 | 点击元素：('id', 'hanvon.aebr.hanvondrive:id/dialog_sure')
2025-09-03 14:55:18 | INFO     | base.base_page:498 | ✅ Toast 验证成功 | 预期: '重命名成功' | 实际: '重命名成功'
2025-09-03 14:55:20 | INFO     | conftest:233 | 停止屏幕录制: D:\clear6Trubo\reports\videos\VIDEO_test_input_account_name_sure__u8d85_u957f_u540d_u7_20250903_145511.mp4
2025-09-03 14:55:20 | INFO     | conftest:239 | 屏幕录制已保存: D:\clear6Trubo\reports\videos\VIDEO_test_input_account_name_sure__u8d85_u957f_u540d_u7_20250903_145511.mp4
2025-09-03 14:55:20 | INFO     | conftest:346 | 已将录屏附加到Allure报告: VIDEO_test_input_account_name_sure__u8d85_u957f_u540d_u7_20250903_145511.mp4
2025-09-03 14:55:20 | INFO     | conftest:381 | ==================================================
2025-09-03 14:55:20 | INFO     | conftest:382 | 测试会话结束状态: 0
2025-09-03 14:55:20 | INFO     | conftest:383 | ==================================================
2025-09-03 14:59:22 | INFO     | conftest:162 | 已删除旧文件: VIDEO_test_input_account_name__u57fa_u7840_u91cd_u547d_u_20250903_140438.mp4
2025-09-03 14:59:22 | INFO     | conftest:162 | 已删除旧文件: VIDEO_test_click_unbind_sure_button_20250902_114550.mp4
2025-09-03 14:59:22 | INFO     | conftest:162 | 已删除旧文件: VIDEO_test_click_unbind_cancel_button_20250902_114542.mp4
2025-09-03 14:59:22 | INFO     | conftest:162 | 已删除旧文件: VIDEO_test_click_unbind_button_20250902_114534.mp4
2025-09-03 14:59:22 | INFO     | utils.test_data_loader:13 | 项目根目录: D:\clear6Trubo
2025-09-03 14:59:22 | INFO     | utils.test_data_loader:19 | 完整文件路径: D:\clear6Trubo\data\test_data\positive_rename.json
2025-09-03 14:59:22 | INFO     | utils.test_data_loader:20 | 文件存在: True
2025-09-03 14:59:22 | INFO     | conftest:413 | ✅ 成功删除数据库文件: /storage/emulated/0/hwsys/database/clouds.db
2025-09-03 14:59:32 | WARNING  | conftest:335 | 未找到可用的driver实例，无法为失败测试截图: testcase/nut_cloud/positive/account_information/test_account_information.py::TestAccountInformationScenarios::test_click_account_sure_button
2025-09-03 14:59:32 | INFO     | conftest:381 | ==================================================
2025-09-03 14:59:32 | INFO     | conftest:382 | 测试会话结束状态: 1
2025-09-03 14:59:32 | INFO     | conftest:383 | ==================================================
2025-09-03 14:59:43 | INFO     | utils.test_data_loader:13 | 项目根目录: D:\clear6Trubo
2025-09-03 14:59:43 | INFO     | utils.test_data_loader:19 | 完整文件路径: D:\clear6Trubo\data\test_data\positive_rename.json
2025-09-03 14:59:43 | INFO     | utils.test_data_loader:20 | 文件存在: True
2025-09-03 14:59:43 | INFO     | conftest:419 | ℹ️ 数据库文件不存在，无需删除: /storage/emulated/0/hwsys/database/clouds.db
2025-09-03 14:59:53 | INFO     | base.base_page:53 | 自动生成配置路径: data/locators/home_clouds_page.yaml
2025-09-03 14:59:53 | INFO     | base.base_page:69 | 已加载配置文件: D:\clear6Trubo\data\locators\home_clouds_page.yaml (for HomeCloudsPage)
2025-09-03 14:59:53 | INFO     | base.base_page:53 | 自动生成配置路径: data/locators/home_clouds_page.yaml
2025-09-03 14:59:53 | INFO     | base.base_page:107 | 初始化页面: HomeCloudsPage | 平台: android
2025-09-03 14:59:53 | INFO     | base.base_page:202 | 获取定位器：home-aliyun_home_id = com.Hanovn.HanovnBrowser:id/content_frame
2025-09-03 14:59:53 | INFO     | base.base_page:180 | 处理完整资源ID: com.Hanovn.HanovnBrowser:id/content_frame
2025-09-03 14:59:53 | INFO     | base.base_page:202 | 获取定位器：home-baidu_home_cloud_id = hanvon.aebr.hanvondrive:id/tv_drive
2025-09-03 14:59:53 | INFO     | base.base_page:180 | 处理完整资源ID: hanvon.aebr.hanvondrive:id/tv_drive
2025-09-03 14:59:53 | INFO     | base.base_page:202 | 获取定位器：home-nut_webdav_home_cloud_id = hanvon.aebr.hanvondrive:id/bt_back
2025-09-03 14:59:53 | INFO     | base.base_page:180 | 处理完整资源ID: hanvon.aebr.hanvondrive:id/bt_back
2025-09-03 14:59:53 | INFO     | base.base_page:202 | 获取定位器：home-onedrive_home_id = android:id/content
2025-09-03 14:59:53 | INFO     | base.base_page:180 | 处理完整资源ID: android:id/content
2025-09-03 14:59:53 | INFO     | base.base_page:202 | 获取定位器：home-public_resource_id = hanvon.aebr.hanvondrive:id/detailFileLayout
2025-09-03 14:59:53 | INFO     | base.base_page:180 | 处理完整资源ID: hanvon.aebr.hanvondrive:id/detailFileLayout
2025-09-03 14:59:53 | INFO     | base.base_page:53 | 自动生成配置路径: data/locators/home_clouds_page.yaml
2025-09-03 14:59:53 | INFO     | base.base_page:53 | 自动生成配置路径: data/locators/home_clouds_page.yaml
2025-09-03 14:59:53 | INFO     | base.base_page:107 | 初始化页面: HomeCloudsPage | 平台: android
2025-09-03 14:59:53 | INFO     | base.base_page:202 | 获取定位器：home-aliyun_home_id = com.Hanovn.HanovnBrowser:id/content_frame
2025-09-03 14:59:53 | INFO     | base.base_page:180 | 处理完整资源ID: com.Hanovn.HanovnBrowser:id/content_frame
2025-09-03 14:59:53 | INFO     | base.base_page:202 | 获取定位器：home-baidu_home_cloud_id = hanvon.aebr.hanvondrive:id/tv_drive
2025-09-03 14:59:53 | INFO     | base.base_page:180 | 处理完整资源ID: hanvon.aebr.hanvondrive:id/tv_drive
2025-09-03 14:59:53 | INFO     | base.base_page:202 | 获取定位器：home-nut_webdav_home_cloud_id = hanvon.aebr.hanvondrive:id/bt_back
2025-09-03 14:59:53 | INFO     | base.base_page:180 | 处理完整资源ID: hanvon.aebr.hanvondrive:id/bt_back
2025-09-03 14:59:53 | INFO     | base.base_page:202 | 获取定位器：home-onedrive_home_id = android:id/content
2025-09-03 14:59:53 | INFO     | base.base_page:180 | 处理完整资源ID: android:id/content
2025-09-03 14:59:53 | INFO     | base.base_page:202 | 获取定位器：home-public_resource_id = hanvon.aebr.hanvondrive:id/detailFileLayout
2025-09-03 14:59:53 | INFO     | base.base_page:180 | 处理完整资源ID: hanvon.aebr.hanvondrive:id/detailFileLayout
2025-09-03 14:59:53 | INFO     | base.base_page:202 | 获取定位器：home-public_resource_id = hanvon.aebr.hanvondrive:id/detailFileLayout
2025-09-03 14:59:53 | INFO     | base.base_page:180 | 处理完整资源ID: hanvon.aebr.hanvondrive:id/detailFileLayout
2025-09-03 14:59:54 | INFO     | base.base_page:342 | 点击元素：('id', 'hanvon.aebr.hanvondrive:id/detailFileLayout') [索引： 1]
2025-09-03 14:59:54 | INFO     | base.base_page:53 | 自动生成配置路径: data/locators/nut_login_page.yaml
2025-09-03 14:59:54 | INFO     | base.base_page:69 | 已加载配置文件: D:\clear6Trubo\data\locators\nut_login_page.yaml (for NutLoginPage)
2025-09-03 14:59:54 | INFO     | base.base_page:53 | 自动生成配置路径: data/locators/nut_login_page.yaml
2025-09-03 14:59:54 | INFO     | base.base_page:107 | 初始化页面: NutLoginPage | 平台: android
2025-09-03 14:59:54 | INFO     | base.base_page:202 | 获取定位器：nut_login_page-cancel_button = hanvon.aebr.hanvondrive:id/janCancel
2025-09-03 14:59:54 | INFO     | base.base_page:180 | 处理完整资源ID: hanvon.aebr.hanvondrive:id/janCancel
2025-09-03 14:59:54 | INFO     | base.base_page:202 | 获取定位器：nut_login_page-home_bind = hanvon.aebr.hanvondrive:id/drive_gridview
2025-09-03 14:59:54 | INFO     | base.base_page:180 | 处理完整资源ID: hanvon.aebr.hanvondrive:id/drive_gridview
2025-09-03 14:59:54 | INFO     | base.base_page:202 | 获取定位器：nut_login_page-item_name = hanvon.aebr.hanvondrive:id/itemNameTv
2025-09-03 14:59:54 | INFO     | base.base_page:180 | 处理完整资源ID: hanvon.aebr.hanvondrive:id/itemNameTv
2025-09-03 14:59:54 | INFO     | base.base_page:202 | 获取定位器：nut_login_page-password_field = hanvon.aebr.hanvondrive:id/passEt
2025-09-03 14:59:54 | INFO     | base.base_page:180 | 处理完整资源ID: hanvon.aebr.hanvondrive:id/passEt
2025-09-03 14:59:54 | INFO     | base.base_page:202 | 获取定位器：nut_login_page-return_button = hanvon.aebr.hanvondrive:id/bt_back
2025-09-03 14:59:54 | INFO     | base.base_page:180 | 处理完整资源ID: hanvon.aebr.hanvondrive:id/bt_back
2025-09-03 14:59:54 | INFO     | base.base_page:202 | 获取定位器：nut_login_page-show_password = hanvon.aebr.hanvondrive:id/showPass
2025-09-03 14:59:54 | INFO     | base.base_page:180 | 处理完整资源ID: hanvon.aebr.hanvondrive:id/showPass
2025-09-03 14:59:54 | INFO     | base.base_page:202 | 获取定位器：nut_login_page-sure_button = hanvon.aebr.hanvondrive:id/janSure
2025-09-03 14:59:54 | INFO     | base.base_page:180 | 处理完整资源ID: hanvon.aebr.hanvondrive:id/janSure
2025-09-03 14:59:54 | INFO     | base.base_page:202 | 获取定位器：nut_login_page-username_field = hanvon.aebr.hanvondrive:id/userEt
2025-09-03 14:59:54 | INFO     | base.base_page:180 | 处理完整资源ID: hanvon.aebr.hanvondrive:id/userEt
2025-09-03 14:59:54 | INFO     | utils.test_data_loader:13 | 项目根目录: D:\clear6Trubo
2025-09-03 14:59:54 | INFO     | utils.test_data_loader:19 | 完整文件路径: D:\clear6Trubo\data\test_data\login_data_positive.json
2025-09-03 14:59:54 | INFO     | utils.test_data_loader:20 | 文件存在: True
2025-09-03 14:59:54 | INFO     | base.base_page:202 | 获取定位器：nut_login_page-username_field = hanvon.aebr.hanvondrive:id/userEt
2025-09-03 14:59:54 | INFO     | base.base_page:180 | 处理完整资源ID: hanvon.aebr.hanvondrive:id/userEt
2025-09-03 14:59:55 | INFO     | base.base_page:288 | 输入文本到 ('id', 'hanvon.aebr.hanvondrive:id/userEt')：'liuxuefeng@hanwang.com.cn'
2025-09-03 14:59:55 | INFO     | base.base_page:202 | 获取定位器：nut_login_page-password_field = hanvon.aebr.hanvondrive:id/passEt
2025-09-03 14:59:55 | INFO     | base.base_page:180 | 处理完整资源ID: hanvon.aebr.hanvondrive:id/passEt
2025-09-03 14:59:57 | INFO     | base.base_page:288 | 输入文本到 ('id', 'hanvon.aebr.hanvondrive:id/passEt')：'ani2k9vrmac7epjp'
2025-09-03 14:59:57 | INFO     | base.base_page:202 | 获取定位器：nut_login_page-sure_button = hanvon.aebr.hanvondrive:id/janSure
2025-09-03 14:59:57 | INFO     | base.base_page:180 | 处理完整资源ID: hanvon.aebr.hanvondrive:id/janSure
2025-09-03 14:59:58 | INFO     | base.base_page:275 | 点击元素：('id', 'hanvon.aebr.hanvondrive:id/janSure')
2025-09-03 15:00:01 | INFO     | pages.nut_cloud_page.nut_login_page:92 | 成功绑定账号
2025-09-03 15:00:01 | INFO     | base.base_page:53 | 自动生成配置路径: data/locators/home_page.yaml
2025-09-03 15:00:01 | INFO     | base.base_page:69 | 已加载配置文件: D:\clear6Trubo\data\locators\home_page.yaml (for HomePage)
2025-09-03 15:00:01 | INFO     | base.base_page:53 | 自动生成配置路径: data/locators/home_page.yaml
2025-09-03 15:00:01 | INFO     | base.base_page:107 | 初始化页面: HomePage | 平台: android
2025-09-03 15:00:01 | INFO     | pages.nut_cloud_page.home_page:20 | 进入主页
2025-09-03 15:00:01 | INFO     | base.base_page:202 | 获取定位器：home-bind_cloud = hanvon.aebr.hanvondrive:id/tv_drive_type
2025-09-03 15:00:01 | INFO     | base.base_page:180 | 处理完整资源ID: hanvon.aebr.hanvondrive:id/tv_drive_type
2025-09-03 15:00:01 | INFO     | base.base_page:202 | 获取定位器：home-bind_cloud_window = hanvon.aebr.hanvondrive:id/dialog_title
2025-09-03 15:00:01 | INFO     | base.base_page:180 | 处理完整资源ID: hanvon.aebr.hanvondrive:id/dialog_title
2025-09-03 15:00:01 | INFO     | base.base_page:202 | 获取定位器：home-iv_nextpage = hanvon.aebr.hanvondrive:id/iv_nextpage
2025-09-03 15:00:01 | INFO     | base.base_page:180 | 处理完整资源ID: hanvon.aebr.hanvondrive:id/iv_nextpage
2025-09-03 15:00:01 | INFO     | base.base_page:202 | 获取定位器：home-iv_prepage = hanvon.aebr.hanvondrive:id/iv_prepage
2025-09-03 15:00:01 | INFO     | base.base_page:180 | 处理完整资源ID: hanvon.aebr.hanvondrive:id/iv_prepage
2025-09-03 15:00:01 | INFO     | base.base_page:202 | 获取定位器：home-more_view_window = hanvon.aebr.hanvondrive:id/tv_display
2025-09-03 15:00:01 | INFO     | base.base_page:180 | 处理完整资源ID: hanvon.aebr.hanvondrive:id/tv_display
2025-09-03 15:00:01 | INFO     | base.base_page:202 | 获取定位器：home-nut_cloud = hanvon.aebr.hanvondrive:id/drive_type
2025-09-03 15:00:01 | INFO     | base.base_page:180 | 处理完整资源ID: hanvon.aebr.hanvondrive:id/drive_type
2025-09-03 15:00:01 | INFO     | base.base_page:202 | 获取定位器：home-nut_file_id = xpath://*[@resource-id='hanvon.aebr.hanvondrive:id/fileGridTv']
2025-09-03 15:00:01 | INFO     | base.base_page:202 | 获取定位器：home-return_button = hanvon.aebr.hanvondrive:id/bt_back
2025-09-03 15:00:01 | INFO     | base.base_page:180 | 处理完整资源ID: hanvon.aebr.hanvondrive:id/bt_back
2025-09-03 15:00:01 | INFO     | base.base_page:202 | 获取定位器：home-view_more = hanvon.aebr.hanvondrive:id/bt_binddrive_set
2025-09-03 15:00:01 | INFO     | base.base_page:180 | 处理完整资源ID: hanvon.aebr.hanvondrive:id/bt_binddrive_set
2025-09-03 15:00:01 | INFO     | base.base_page:53 | 自动生成配置路径: data/locators/home_page.yaml
2025-09-03 15:00:01 | INFO     | base.base_page:53 | 自动生成配置路径: data/locators/home_page.yaml
2025-09-03 15:00:01 | INFO     | base.base_page:107 | 初始化页面: HomePage | 平台: android
2025-09-03 15:00:01 | INFO     | pages.nut_cloud_page.home_page:20 | 进入主页
2025-09-03 15:00:01 | INFO     | base.base_page:202 | 获取定位器：home-bind_cloud = hanvon.aebr.hanvondrive:id/tv_drive_type
2025-09-03 15:00:01 | INFO     | base.base_page:180 | 处理完整资源ID: hanvon.aebr.hanvondrive:id/tv_drive_type
2025-09-03 15:00:01 | INFO     | base.base_page:202 | 获取定位器：home-bind_cloud_window = hanvon.aebr.hanvondrive:id/dialog_title
2025-09-03 15:00:01 | INFO     | base.base_page:180 | 处理完整资源ID: hanvon.aebr.hanvondrive:id/dialog_title
2025-09-03 15:00:01 | INFO     | base.base_page:202 | 获取定位器：home-iv_nextpage = hanvon.aebr.hanvondrive:id/iv_nextpage
2025-09-03 15:00:01 | INFO     | base.base_page:180 | 处理完整资源ID: hanvon.aebr.hanvondrive:id/iv_nextpage
2025-09-03 15:00:01 | INFO     | base.base_page:202 | 获取定位器：home-iv_prepage = hanvon.aebr.hanvondrive:id/iv_prepage
2025-09-03 15:00:01 | INFO     | base.base_page:180 | 处理完整资源ID: hanvon.aebr.hanvondrive:id/iv_prepage
2025-09-03 15:00:01 | INFO     | base.base_page:202 | 获取定位器：home-more_view_window = hanvon.aebr.hanvondrive:id/tv_display
2025-09-03 15:00:01 | INFO     | base.base_page:180 | 处理完整资源ID: hanvon.aebr.hanvondrive:id/tv_display
2025-09-03 15:00:01 | INFO     | base.base_page:202 | 获取定位器：home-nut_cloud = hanvon.aebr.hanvondrive:id/drive_type
2025-09-03 15:00:01 | INFO     | base.base_page:180 | 处理完整资源ID: hanvon.aebr.hanvondrive:id/drive_type
2025-09-03 15:00:01 | INFO     | base.base_page:202 | 获取定位器：home-nut_file_id = xpath://*[@resource-id='hanvon.aebr.hanvondrive:id/fileGridTv']
2025-09-03 15:00:01 | INFO     | base.base_page:202 | 获取定位器：home-return_button = hanvon.aebr.hanvondrive:id/bt_back
2025-09-03 15:00:01 | INFO     | base.base_page:180 | 处理完整资源ID: hanvon.aebr.hanvondrive:id/bt_back
2025-09-03 15:00:01 | INFO     | base.base_page:202 | 获取定位器：home-view_more = hanvon.aebr.hanvondrive:id/bt_binddrive_set
2025-09-03 15:00:01 | INFO     | base.base_page:180 | 处理完整资源ID: hanvon.aebr.hanvondrive:id/bt_binddrive_set
2025-09-03 15:00:02 | INFO     | conftest:219 | 开始屏幕录制: D:\clear6Trubo\reports\videos\VIDEO_test_click_account_sure_button_20250903_150001.mp4
2025-09-03 15:00:02 | INFO     | base.base_page:53 | 自动生成配置路径: data/locators/details_page.yaml
2025-09-03 15:00:02 | INFO     | base.base_page:69 | 已加载配置文件: D:\clear6Trubo\data\locators\details_page.yaml (for DetailsPage)
2025-09-03 15:00:02 | INFO     | base.base_page:53 | 自动生成配置路径: data/locators/details_page.yaml
2025-09-03 15:00:02 | INFO     | base.base_page:107 | 初始化页面: DetailsPage | 平台: android
2025-09-03 15:00:02 | INFO     | pages.nut_cloud_page.details_page:17 | 进入主页
2025-09-03 15:00:02 | INFO     | base.base_page:202 | 获取定位器：details-account_button = hanvon.aebr.hanvondrive:id/tv_accout_detail
2025-09-03 15:00:02 | INFO     | base.base_page:180 | 处理完整资源ID: hanvon.aebr.hanvondrive:id/tv_accout_detail
2025-09-03 15:00:02 | INFO     | base.base_page:202 | 获取定位器：details-account_unbind = hanvon.aebr.hanvondrive:id/unbindTv
2025-09-03 15:00:02 | INFO     | base.base_page:180 | 处理完整资源ID: hanvon.aebr.hanvondrive:id/unbindTv
2025-09-03 15:00:02 | INFO     | base.base_page:202 | 获取定位器：details-close_button = hanvon.aebr.hanvondrive:id/dialog_close
2025-09-03 15:00:02 | INFO     | base.base_page:180 | 处理完整资源ID: hanvon.aebr.hanvondrive:id/dialog_close
2025-09-03 15:00:02 | INFO     | base.base_page:202 | 获取定位器：details-nut_cloud = hanvon.aebr.hanvondrive:id/drive_type
2025-09-03 15:00:02 | INFO     | base.base_page:180 | 处理完整资源ID: hanvon.aebr.hanvondrive:id/drive_type
2025-09-03 15:00:02 | INFO     | base.base_page:202 | 获取定位器：details-rename_button = hanvon.aebr.hanvondrive:id/tv_rename_drive
2025-09-03 15:00:02 | INFO     | base.base_page:180 | 处理完整资源ID: hanvon.aebr.hanvondrive:id/tv_rename_drive
2025-09-03 15:00:02 | INFO     | base.base_page:202 | 获取定位器：details-rename_window = hanvon.aebr.hanvondrive:id/dialog_title
2025-09-03 15:00:02 | INFO     | base.base_page:180 | 处理完整资源ID: hanvon.aebr.hanvondrive:id/dialog_title
2025-09-03 15:00:02 | INFO     | base.base_page:53 | 自动生成配置路径: data/locators/details_page.yaml
2025-09-03 15:00:02 | INFO     | base.base_page:53 | 自动生成配置路径: data/locators/details_page.yaml
2025-09-03 15:00:02 | INFO     | base.base_page:107 | 初始化页面: DetailsPage | 平台: android
2025-09-03 15:00:02 | INFO     | pages.nut_cloud_page.details_page:17 | 进入主页
2025-09-03 15:00:02 | INFO     | base.base_page:202 | 获取定位器：details-account_button = hanvon.aebr.hanvondrive:id/tv_accout_detail
2025-09-03 15:00:02 | INFO     | base.base_page:180 | 处理完整资源ID: hanvon.aebr.hanvondrive:id/tv_accout_detail
2025-09-03 15:00:02 | INFO     | base.base_page:202 | 获取定位器：details-account_unbind = hanvon.aebr.hanvondrive:id/unbindTv
2025-09-03 15:00:02 | INFO     | base.base_page:180 | 处理完整资源ID: hanvon.aebr.hanvondrive:id/unbindTv
2025-09-03 15:00:02 | INFO     | base.base_page:202 | 获取定位器：details-close_button = hanvon.aebr.hanvondrive:id/dialog_close
2025-09-03 15:00:02 | INFO     | base.base_page:180 | 处理完整资源ID: hanvon.aebr.hanvondrive:id/dialog_close
2025-09-03 15:00:02 | INFO     | base.base_page:202 | 获取定位器：details-nut_cloud = hanvon.aebr.hanvondrive:id/drive_type
2025-09-03 15:00:02 | INFO     | base.base_page:180 | 处理完整资源ID: hanvon.aebr.hanvondrive:id/drive_type
2025-09-03 15:00:02 | INFO     | base.base_page:202 | 获取定位器：details-rename_button = hanvon.aebr.hanvondrive:id/tv_rename_drive
2025-09-03 15:00:02 | INFO     | base.base_page:180 | 处理完整资源ID: hanvon.aebr.hanvondrive:id/tv_rename_drive
2025-09-03 15:00:02 | INFO     | base.base_page:202 | 获取定位器：details-rename_window = hanvon.aebr.hanvondrive:id/dialog_title
2025-09-03 15:00:02 | INFO     | base.base_page:180 | 处理完整资源ID: hanvon.aebr.hanvondrive:id/dialog_title
2025-09-03 15:00:02 | INFO     | base.base_page:202 | 获取定位器：home-nut_cloud = hanvon.aebr.hanvondrive:id/drive_type
2025-09-03 15:00:02 | INFO     | base.base_page:180 | 处理完整资源ID: hanvon.aebr.hanvondrive:id/drive_type
2025-09-03 15:00:04 | INFO     | base.base_page:465 | 成功长按元素: ('id', 'hanvon.aebr.hanvondrive:id/drive_type') (2.0秒)
2025-09-03 15:00:04 | INFO     | base.base_page:53 | 自动生成配置路径: data/locators/account_information_page.yaml
2025-09-03 15:00:04 | INFO     | base.base_page:69 | 已加载配置文件: D:\clear6Trubo\data\locators\account_information_page.yaml (for AccountInformationPage)
2025-09-03 15:00:04 | INFO     | base.base_page:53 | 自动生成配置路径: data/locators/account_information_page.yaml
2025-09-03 15:00:04 | INFO     | base.base_page:107 | 初始化页面: AccountInformationPage | 平台: android
2025-09-03 15:00:04 | INFO     | base.base_page:202 | 获取定位器：information-account_rename = hanvon.aebr.hanvondrive:id/janNewfileTv
2025-09-03 15:00:04 | INFO     | base.base_page:180 | 处理完整资源ID: hanvon.aebr.hanvondrive:id/janNewfileTv
2025-09-03 15:00:04 | INFO     | base.base_page:202 | 获取定位器：information-bind_cloud = hanvon.aebr.hanvondrive:id/tv_drive_type
2025-09-03 15:00:04 | INFO     | base.base_page:180 | 处理完整资源ID: hanvon.aebr.hanvondrive:id/tv_drive_type
2025-09-03 15:00:04 | INFO     | base.base_page:202 | 获取定位器：information-cancel = hanvon.aebr.hanvondrive:id/cancel
2025-09-03 15:00:04 | INFO     | base.base_page:180 | 处理完整资源ID: hanvon.aebr.hanvondrive:id/cancel
2025-09-03 15:00:04 | INFO     | base.base_page:202 | 获取定位器：information-edit_button = hanvon.aebr.hanvondrive:id/nutcloudTv
2025-09-03 15:00:04 | INFO     | base.base_page:180 | 处理完整资源ID: hanvon.aebr.hanvondrive:id/nutcloudTv
2025-09-03 15:00:04 | INFO     | base.base_page:202 | 获取定位器：information-nut_cloud_bind = hanvon.aebr.hanvondrive:id/bt_back
2025-09-03 15:00:04 | INFO     | base.base_page:180 | 处理完整资源ID: hanvon.aebr.hanvondrive:id/bt_back
2025-09-03 15:00:04 | INFO     | base.base_page:202 | 获取定位器：information-return_button = hanvon.aebr.hanvondrive:id/bt_back
2025-09-03 15:00:04 | INFO     | base.base_page:180 | 处理完整资源ID: hanvon.aebr.hanvondrive:id/bt_back
2025-09-03 15:00:04 | INFO     | base.base_page:202 | 获取定位器：information-sure = hanvon.aebr.hanvondrive:id/confirm
2025-09-03 15:00:04 | INFO     | base.base_page:180 | 处理完整资源ID: hanvon.aebr.hanvondrive:id/confirm
2025-09-03 15:00:04 | INFO     | base.base_page:202 | 获取定位器：information-unbind_button = hanvon.aebr.hanvondrive:id/unbindTv
2025-09-03 15:00:04 | INFO     | base.base_page:180 | 处理完整资源ID: hanvon.aebr.hanvondrive:id/unbindTv
2025-09-03 15:00:04 | INFO     | base.base_page:202 | 获取定位器：information-unbind_title = hanvon.aebr.hanvondrive:id/title
2025-09-03 15:00:04 | INFO     | base.base_page:180 | 处理完整资源ID: hanvon.aebr.hanvondrive:id/title
2025-09-03 15:00:04 | INFO     | base.base_page:202 | 获取定位器：details-account_button = hanvon.aebr.hanvondrive:id/tv_accout_detail
2025-09-03 15:00:04 | INFO     | base.base_page:180 | 处理完整资源ID: hanvon.aebr.hanvondrive:id/tv_accout_detail
2025-09-03 15:00:06 | INFO     | base.base_page:275 | 点击元素：('id', 'hanvon.aebr.hanvondrive:id/tv_accout_detail')
2025-09-03 15:00:06 | INFO     | base.base_page:53 | 自动生成配置路径: data/locators/account_information_page.yaml
2025-09-03 15:00:06 | INFO     | base.base_page:53 | 自动生成配置路径: data/locators/account_information_page.yaml
2025-09-03 15:00:06 | INFO     | base.base_page:107 | 初始化页面: AccountInformationPage | 平台: android
2025-09-03 15:00:06 | INFO     | base.base_page:202 | 获取定位器：information-account_rename = hanvon.aebr.hanvondrive:id/janNewfileTv
2025-09-03 15:00:06 | INFO     | base.base_page:180 | 处理完整资源ID: hanvon.aebr.hanvondrive:id/janNewfileTv
2025-09-03 15:00:06 | INFO     | base.base_page:202 | 获取定位器：information-bind_cloud = hanvon.aebr.hanvondrive:id/tv_drive_type
2025-09-03 15:00:06 | INFO     | base.base_page:180 | 处理完整资源ID: hanvon.aebr.hanvondrive:id/tv_drive_type
2025-09-03 15:00:06 | INFO     | base.base_page:202 | 获取定位器：information-cancel = hanvon.aebr.hanvondrive:id/cancel
2025-09-03 15:00:06 | INFO     | base.base_page:180 | 处理完整资源ID: hanvon.aebr.hanvondrive:id/cancel
2025-09-03 15:00:06 | INFO     | base.base_page:202 | 获取定位器：information-edit_button = hanvon.aebr.hanvondrive:id/nutcloudTv
2025-09-03 15:00:06 | INFO     | base.base_page:180 | 处理完整资源ID: hanvon.aebr.hanvondrive:id/nutcloudTv
2025-09-03 15:00:06 | INFO     | base.base_page:202 | 获取定位器：information-nut_cloud_bind = hanvon.aebr.hanvondrive:id/bt_back
2025-09-03 15:00:06 | INFO     | base.base_page:180 | 处理完整资源ID: hanvon.aebr.hanvondrive:id/bt_back
2025-09-03 15:00:06 | INFO     | base.base_page:202 | 获取定位器：information-return_button = hanvon.aebr.hanvondrive:id/bt_back
2025-09-03 15:00:06 | INFO     | base.base_page:180 | 处理完整资源ID: hanvon.aebr.hanvondrive:id/bt_back
2025-09-03 15:00:06 | INFO     | base.base_page:202 | 获取定位器：information-sure = hanvon.aebr.hanvondrive:id/confirm
2025-09-03 15:00:06 | INFO     | base.base_page:180 | 处理完整资源ID: hanvon.aebr.hanvondrive:id/confirm
2025-09-03 15:00:06 | INFO     | base.base_page:202 | 获取定位器：information-unbind_button = hanvon.aebr.hanvondrive:id/unbindTv
2025-09-03 15:00:06 | INFO     | base.base_page:180 | 处理完整资源ID: hanvon.aebr.hanvondrive:id/unbindTv
2025-09-03 15:00:06 | INFO     | base.base_page:202 | 获取定位器：information-unbind_title = hanvon.aebr.hanvondrive:id/title
2025-09-03 15:00:06 | INFO     | base.base_page:180 | 处理完整资源ID: hanvon.aebr.hanvondrive:id/title
2025-09-03 15:00:06 | INFO     | base.base_page:107 | 初始化页面: EditAccountModal | 平台: android
2025-09-03 15:00:06 | INFO     | base.base_page:202 | 获取定位器：information-account_input = hanvon.aebr.hanvondrive:id/nutcloudEt
2025-09-03 15:00:06 | INFO     | base.base_page:180 | 处理完整资源ID: hanvon.aebr.hanvondrive:id/nutcloudEt
2025-09-03 15:00:06 | INFO     | base.base_page:202 | 获取定位器：information-bind_cloud = hanvon.aebr.hanvondrive:id/tv_drive_type
2025-09-03 15:00:06 | INFO     | base.base_page:180 | 处理完整资源ID: hanvon.aebr.hanvondrive:id/tv_drive_type
2025-09-03 15:00:06 | INFO     | base.base_page:202 | 获取定位器：information-cancel_rename = hanvon.aebr.hanvondrive:id/nickNamecancel
2025-09-03 15:00:06 | INFO     | base.base_page:180 | 处理完整资源ID: hanvon.aebr.hanvondrive:id/nickNamecancel
2025-09-03 15:00:06 | INFO     | base.base_page:202 | 获取定位器：information-delete_name = hanvon.aebr.hanvondrive:id/deleteTv
2025-09-03 15:00:06 | INFO     | base.base_page:180 | 处理完整资源ID: hanvon.aebr.hanvondrive:id/deleteTv
2025-09-03 15:00:06 | INFO     | base.base_page:202 | 获取定位器：information-edit_button = hanvon.aebr.hanvondrive:id/nutcloudTv
2025-09-03 15:00:06 | INFO     | base.base_page:180 | 处理完整资源ID: hanvon.aebr.hanvondrive:id/nutcloudTv
2025-09-03 15:00:06 | INFO     | base.base_page:202 | 获取定位器：information-return_button = hanvon.aebr.hanvondrive:id/bt_back
2025-09-03 15:00:06 | INFO     | base.base_page:180 | 处理完整资源ID: hanvon.aebr.hanvondrive:id/bt_back
2025-09-03 15:00:06 | INFO     | base.base_page:202 | 获取定位器：information-sure_rename = hanvon.aebr.hanvondrive:id/nickNamesure
2025-09-03 15:00:06 | INFO     | base.base_page:180 | 处理完整资源ID: hanvon.aebr.hanvondrive:id/nickNamesure
2025-09-03 15:00:06 | INFO     | base.base_page:202 | 获取定位器：information-edit_button = hanvon.aebr.hanvondrive:id/nutcloudTv
2025-09-03 15:00:06 | INFO     | base.base_page:180 | 处理完整资源ID: hanvon.aebr.hanvondrive:id/nutcloudTv
2025-09-03 15:00:07 | INFO     | base.base_page:275 | 点击元素：('id', 'hanvon.aebr.hanvondrive:id/nutcloudTv')
2025-09-03 15:00:07 | INFO     | base.base_page:202 | 获取定位器：information-sure_rename = hanvon.aebr.hanvondrive:id/nickNamesure
2025-09-03 15:00:07 | INFO     | base.base_page:180 | 处理完整资源ID: hanvon.aebr.hanvondrive:id/nickNamesure
2025-09-03 15:00:07 | INFO     | base.base_page:275 | 点击元素：('id', 'hanvon.aebr.hanvondrive:id/nickNamesure')
2025-09-03 15:00:07 | INFO     | base.base_page:137 | ✅ 使用ADB点击返回键
2025-09-03 15:00:09 | INFO     | conftest:294 | 测试失败截图已保存: FAIL_CALL_testcase_nut_cloud_positive_account_information_test_account_information_py_TestAccountInformationSc_20250903_150009.png
2025-09-03 15:00:10 | INFO     | conftest:233 | 停止屏幕录制: D:\clear6Trubo\reports\videos\VIDEO_test_click_account_sure_button_20250903_150001.mp4
2025-09-03 15:00:10 | INFO     | conftest:239 | 屏幕录制已保存: D:\clear6Trubo\reports\videos\VIDEO_test_click_account_sure_button_20250903_150001.mp4
2025-09-03 15:00:11 | INFO     | conftest:346 | 已将录屏附加到Allure报告: VIDEO_test_click_account_sure_button_20250903_150001.mp4
2025-09-03 15:00:11 | INFO     | conftest:381 | ==================================================
2025-09-03 15:00:11 | INFO     | conftest:382 | 测试会话结束状态: 1
2025-09-03 15:00:11 | INFO     | conftest:383 | ==================================================
2025-09-03 15:01:14 | INFO     | conftest:162 | 已删除旧文件: FAIL_CALL_testcase_nut_cloud_positive_test_account_information_py_TestAccountInformationScenarios_test_click_u_20250828_153353.png
2025-09-03 15:01:14 | INFO     | conftest:162 | 已删除旧文件: VIDEO_test_input_account_name__u4e2d_u6587_u540d_u79f0_u_20250903_140522.mp4
2025-09-03 15:01:14 | INFO     | utils.test_data_loader:13 | 项目根目录: D:\clear6Trubo
2025-09-03 15:01:14 | INFO     | utils.test_data_loader:19 | 完整文件路径: D:\clear6Trubo\data\test_data\positive_rename.json
2025-09-03 15:01:14 | INFO     | utils.test_data_loader:20 | 文件存在: True
2025-09-03 15:01:14 | INFO     | conftest:413 | ✅ 成功删除数据库文件: /storage/emulated/0/hwsys/database/clouds.db
2025-09-03 15:01:24 | INFO     | base.base_page:53 | 自动生成配置路径: data/locators/home_clouds_page.yaml
2025-09-03 15:01:24 | INFO     | base.base_page:69 | 已加载配置文件: D:\clear6Trubo\data\locators\home_clouds_page.yaml (for HomeCloudsPage)
2025-09-03 15:01:24 | INFO     | base.base_page:53 | 自动生成配置路径: data/locators/home_clouds_page.yaml
2025-09-03 15:01:24 | INFO     | base.base_page:107 | 初始化页面: HomeCloudsPage | 平台: android
2025-09-03 15:01:24 | INFO     | base.base_page:202 | 获取定位器：home-aliyun_home_id = com.Hanovn.HanovnBrowser:id/content_frame
2025-09-03 15:01:24 | INFO     | base.base_page:180 | 处理完整资源ID: com.Hanovn.HanovnBrowser:id/content_frame
2025-09-03 15:01:24 | INFO     | base.base_page:202 | 获取定位器：home-baidu_home_cloud_id = hanvon.aebr.hanvondrive:id/tv_drive
2025-09-03 15:01:24 | INFO     | base.base_page:180 | 处理完整资源ID: hanvon.aebr.hanvondrive:id/tv_drive
2025-09-03 15:01:24 | INFO     | base.base_page:202 | 获取定位器：home-nut_webdav_home_cloud_id = hanvon.aebr.hanvondrive:id/bt_back
2025-09-03 15:01:24 | INFO     | base.base_page:180 | 处理完整资源ID: hanvon.aebr.hanvondrive:id/bt_back
2025-09-03 15:01:24 | INFO     | base.base_page:202 | 获取定位器：home-onedrive_home_id = android:id/content
2025-09-03 15:01:24 | INFO     | base.base_page:180 | 处理完整资源ID: android:id/content
2025-09-03 15:01:24 | INFO     | base.base_page:202 | 获取定位器：home-public_resource_id = hanvon.aebr.hanvondrive:id/detailFileLayout
2025-09-03 15:01:24 | INFO     | base.base_page:180 | 处理完整资源ID: hanvon.aebr.hanvondrive:id/detailFileLayout
2025-09-03 15:01:24 | INFO     | base.base_page:53 | 自动生成配置路径: data/locators/home_clouds_page.yaml
2025-09-03 15:01:24 | INFO     | base.base_page:53 | 自动生成配置路径: data/locators/home_clouds_page.yaml
2025-09-03 15:01:24 | INFO     | base.base_page:107 | 初始化页面: HomeCloudsPage | 平台: android
2025-09-03 15:01:24 | INFO     | base.base_page:202 | 获取定位器：home-aliyun_home_id = com.Hanovn.HanovnBrowser:id/content_frame
2025-09-03 15:01:24 | INFO     | base.base_page:180 | 处理完整资源ID: com.Hanovn.HanovnBrowser:id/content_frame
2025-09-03 15:01:24 | INFO     | base.base_page:202 | 获取定位器：home-baidu_home_cloud_id = hanvon.aebr.hanvondrive:id/tv_drive
2025-09-03 15:01:24 | INFO     | base.base_page:180 | 处理完整资源ID: hanvon.aebr.hanvondrive:id/tv_drive
2025-09-03 15:01:24 | INFO     | base.base_page:202 | 获取定位器：home-nut_webdav_home_cloud_id = hanvon.aebr.hanvondrive:id/bt_back
2025-09-03 15:01:24 | INFO     | base.base_page:180 | 处理完整资源ID: hanvon.aebr.hanvondrive:id/bt_back
2025-09-03 15:01:24 | INFO     | base.base_page:202 | 获取定位器：home-onedrive_home_id = android:id/content
2025-09-03 15:01:24 | INFO     | base.base_page:180 | 处理完整资源ID: android:id/content
2025-09-03 15:01:24 | INFO     | base.base_page:202 | 获取定位器：home-public_resource_id = hanvon.aebr.hanvondrive:id/detailFileLayout
2025-09-03 15:01:24 | INFO     | base.base_page:180 | 处理完整资源ID: hanvon.aebr.hanvondrive:id/detailFileLayout
2025-09-03 15:01:24 | INFO     | base.base_page:202 | 获取定位器：home-public_resource_id = hanvon.aebr.hanvondrive:id/detailFileLayout
2025-09-03 15:01:24 | INFO     | base.base_page:180 | 处理完整资源ID: hanvon.aebr.hanvondrive:id/detailFileLayout
2025-09-03 15:01:25 | INFO     | base.base_page:342 | 点击元素：('id', 'hanvon.aebr.hanvondrive:id/detailFileLayout') [索引： 1]
2025-09-03 15:01:25 | INFO     | base.base_page:53 | 自动生成配置路径: data/locators/nut_login_page.yaml
2025-09-03 15:01:25 | INFO     | base.base_page:69 | 已加载配置文件: D:\clear6Trubo\data\locators\nut_login_page.yaml (for NutLoginPage)
2025-09-03 15:01:25 | INFO     | base.base_page:53 | 自动生成配置路径: data/locators/nut_login_page.yaml
2025-09-03 15:01:25 | INFO     | base.base_page:107 | 初始化页面: NutLoginPage | 平台: android
2025-09-03 15:01:25 | INFO     | base.base_page:202 | 获取定位器：nut_login_page-cancel_button = hanvon.aebr.hanvondrive:id/janCancel
2025-09-03 15:01:25 | INFO     | base.base_page:180 | 处理完整资源ID: hanvon.aebr.hanvondrive:id/janCancel
2025-09-03 15:01:25 | INFO     | base.base_page:202 | 获取定位器：nut_login_page-home_bind = hanvon.aebr.hanvondrive:id/drive_gridview
2025-09-03 15:01:25 | INFO     | base.base_page:180 | 处理完整资源ID: hanvon.aebr.hanvondrive:id/drive_gridview
2025-09-03 15:01:25 | INFO     | base.base_page:202 | 获取定位器：nut_login_page-item_name = hanvon.aebr.hanvondrive:id/itemNameTv
2025-09-03 15:01:25 | INFO     | base.base_page:180 | 处理完整资源ID: hanvon.aebr.hanvondrive:id/itemNameTv
2025-09-03 15:01:25 | INFO     | base.base_page:202 | 获取定位器：nut_login_page-password_field = hanvon.aebr.hanvondrive:id/passEt
2025-09-03 15:01:25 | INFO     | base.base_page:180 | 处理完整资源ID: hanvon.aebr.hanvondrive:id/passEt
2025-09-03 15:01:25 | INFO     | base.base_page:202 | 获取定位器：nut_login_page-return_button = hanvon.aebr.hanvondrive:id/bt_back
2025-09-03 15:01:25 | INFO     | base.base_page:180 | 处理完整资源ID: hanvon.aebr.hanvondrive:id/bt_back
2025-09-03 15:01:25 | INFO     | base.base_page:202 | 获取定位器：nut_login_page-show_password = hanvon.aebr.hanvondrive:id/showPass
2025-09-03 15:01:25 | INFO     | base.base_page:180 | 处理完整资源ID: hanvon.aebr.hanvondrive:id/showPass
2025-09-03 15:01:25 | INFO     | base.base_page:202 | 获取定位器：nut_login_page-sure_button = hanvon.aebr.hanvondrive:id/janSure
2025-09-03 15:01:25 | INFO     | base.base_page:180 | 处理完整资源ID: hanvon.aebr.hanvondrive:id/janSure
2025-09-03 15:01:25 | INFO     | base.base_page:202 | 获取定位器：nut_login_page-username_field = hanvon.aebr.hanvondrive:id/userEt
2025-09-03 15:01:25 | INFO     | base.base_page:180 | 处理完整资源ID: hanvon.aebr.hanvondrive:id/userEt
2025-09-03 15:01:25 | INFO     | utils.test_data_loader:13 | 项目根目录: D:\clear6Trubo
2025-09-03 15:01:25 | INFO     | utils.test_data_loader:19 | 完整文件路径: D:\clear6Trubo\data\test_data\login_data_positive.json
2025-09-03 15:01:25 | INFO     | utils.test_data_loader:20 | 文件存在: True
2025-09-03 15:01:25 | INFO     | base.base_page:202 | 获取定位器：nut_login_page-username_field = hanvon.aebr.hanvondrive:id/userEt
2025-09-03 15:01:25 | INFO     | base.base_page:180 | 处理完整资源ID: hanvon.aebr.hanvondrive:id/userEt
2025-09-03 15:01:27 | INFO     | base.base_page:288 | 输入文本到 ('id', 'hanvon.aebr.hanvondrive:id/userEt')：'liuxuefeng@hanwang.com.cn'
2025-09-03 15:01:27 | INFO     | base.base_page:202 | 获取定位器：nut_login_page-password_field = hanvon.aebr.hanvondrive:id/passEt
2025-09-03 15:01:27 | INFO     | base.base_page:180 | 处理完整资源ID: hanvon.aebr.hanvondrive:id/passEt
2025-09-03 15:01:28 | INFO     | base.base_page:288 | 输入文本到 ('id', 'hanvon.aebr.hanvondrive:id/passEt')：'ani2k9vrmac7epjp'
2025-09-03 15:01:28 | INFO     | base.base_page:202 | 获取定位器：nut_login_page-sure_button = hanvon.aebr.hanvondrive:id/janSure
2025-09-03 15:01:28 | INFO     | base.base_page:180 | 处理完整资源ID: hanvon.aebr.hanvondrive:id/janSure
2025-09-03 15:01:29 | INFO     | base.base_page:275 | 点击元素：('id', 'hanvon.aebr.hanvondrive:id/janSure')
2025-09-03 15:01:32 | INFO     | pages.nut_cloud_page.nut_login_page:92 | 成功绑定账号
2025-09-03 15:01:32 | INFO     | base.base_page:53 | 自动生成配置路径: data/locators/home_page.yaml
2025-09-03 15:01:32 | INFO     | base.base_page:69 | 已加载配置文件: D:\clear6Trubo\data\locators\home_page.yaml (for HomePage)
2025-09-03 15:01:32 | INFO     | base.base_page:53 | 自动生成配置路径: data/locators/home_page.yaml
2025-09-03 15:01:32 | INFO     | base.base_page:107 | 初始化页面: HomePage | 平台: android
2025-09-03 15:01:32 | INFO     | pages.nut_cloud_page.home_page:20 | 进入主页
2025-09-03 15:01:32 | INFO     | base.base_page:202 | 获取定位器：home-bind_cloud = hanvon.aebr.hanvondrive:id/tv_drive_type
2025-09-03 15:01:32 | INFO     | base.base_page:180 | 处理完整资源ID: hanvon.aebr.hanvondrive:id/tv_drive_type
2025-09-03 15:01:32 | INFO     | base.base_page:202 | 获取定位器：home-bind_cloud_window = hanvon.aebr.hanvondrive:id/dialog_title
2025-09-03 15:01:32 | INFO     | base.base_page:180 | 处理完整资源ID: hanvon.aebr.hanvondrive:id/dialog_title
2025-09-03 15:01:32 | INFO     | base.base_page:202 | 获取定位器：home-iv_nextpage = hanvon.aebr.hanvondrive:id/iv_nextpage
2025-09-03 15:01:32 | INFO     | base.base_page:180 | 处理完整资源ID: hanvon.aebr.hanvondrive:id/iv_nextpage
2025-09-03 15:01:32 | INFO     | base.base_page:202 | 获取定位器：home-iv_prepage = hanvon.aebr.hanvondrive:id/iv_prepage
2025-09-03 15:01:32 | INFO     | base.base_page:180 | 处理完整资源ID: hanvon.aebr.hanvondrive:id/iv_prepage
2025-09-03 15:01:32 | INFO     | base.base_page:202 | 获取定位器：home-more_view_window = hanvon.aebr.hanvondrive:id/tv_display
2025-09-03 15:01:32 | INFO     | base.base_page:180 | 处理完整资源ID: hanvon.aebr.hanvondrive:id/tv_display
2025-09-03 15:01:32 | INFO     | base.base_page:202 | 获取定位器：home-nut_cloud = hanvon.aebr.hanvondrive:id/drive_type
2025-09-03 15:01:32 | INFO     | base.base_page:180 | 处理完整资源ID: hanvon.aebr.hanvondrive:id/drive_type
2025-09-03 15:01:32 | INFO     | base.base_page:202 | 获取定位器：home-nut_file_id = xpath://*[@resource-id='hanvon.aebr.hanvondrive:id/fileGridTv']
2025-09-03 15:01:32 | INFO     | base.base_page:202 | 获取定位器：home-return_button = hanvon.aebr.hanvondrive:id/bt_back
2025-09-03 15:01:32 | INFO     | base.base_page:180 | 处理完整资源ID: hanvon.aebr.hanvondrive:id/bt_back
2025-09-03 15:01:32 | INFO     | base.base_page:202 | 获取定位器：home-view_more = hanvon.aebr.hanvondrive:id/bt_binddrive_set
2025-09-03 15:01:32 | INFO     | base.base_page:180 | 处理完整资源ID: hanvon.aebr.hanvondrive:id/bt_binddrive_set
2025-09-03 15:01:32 | INFO     | base.base_page:53 | 自动生成配置路径: data/locators/home_page.yaml
2025-09-03 15:01:32 | INFO     | base.base_page:53 | 自动生成配置路径: data/locators/home_page.yaml
2025-09-03 15:01:32 | INFO     | base.base_page:107 | 初始化页面: HomePage | 平台: android
2025-09-03 15:01:32 | INFO     | pages.nut_cloud_page.home_page:20 | 进入主页
2025-09-03 15:01:32 | INFO     | base.base_page:202 | 获取定位器：home-bind_cloud = hanvon.aebr.hanvondrive:id/tv_drive_type
2025-09-03 15:01:32 | INFO     | base.base_page:180 | 处理完整资源ID: hanvon.aebr.hanvondrive:id/tv_drive_type
2025-09-03 15:01:32 | INFO     | base.base_page:202 | 获取定位器：home-bind_cloud_window = hanvon.aebr.hanvondrive:id/dialog_title
2025-09-03 15:01:32 | INFO     | base.base_page:180 | 处理完整资源ID: hanvon.aebr.hanvondrive:id/dialog_title
2025-09-03 15:01:32 | INFO     | base.base_page:202 | 获取定位器：home-iv_nextpage = hanvon.aebr.hanvondrive:id/iv_nextpage
2025-09-03 15:01:32 | INFO     | base.base_page:180 | 处理完整资源ID: hanvon.aebr.hanvondrive:id/iv_nextpage
2025-09-03 15:01:32 | INFO     | base.base_page:202 | 获取定位器：home-iv_prepage = hanvon.aebr.hanvondrive:id/iv_prepage
2025-09-03 15:01:32 | INFO     | base.base_page:180 | 处理完整资源ID: hanvon.aebr.hanvondrive:id/iv_prepage
2025-09-03 15:01:32 | INFO     | base.base_page:202 | 获取定位器：home-more_view_window = hanvon.aebr.hanvondrive:id/tv_display
2025-09-03 15:01:32 | INFO     | base.base_page:180 | 处理完整资源ID: hanvon.aebr.hanvondrive:id/tv_display
2025-09-03 15:01:32 | INFO     | base.base_page:202 | 获取定位器：home-nut_cloud = hanvon.aebr.hanvondrive:id/drive_type
2025-09-03 15:01:32 | INFO     | base.base_page:180 | 处理完整资源ID: hanvon.aebr.hanvondrive:id/drive_type
2025-09-03 15:01:32 | INFO     | base.base_page:202 | 获取定位器：home-nut_file_id = xpath://*[@resource-id='hanvon.aebr.hanvondrive:id/fileGridTv']
2025-09-03 15:01:32 | INFO     | base.base_page:202 | 获取定位器：home-return_button = hanvon.aebr.hanvondrive:id/bt_back
2025-09-03 15:01:32 | INFO     | base.base_page:180 | 处理完整资源ID: hanvon.aebr.hanvondrive:id/bt_back
2025-09-03 15:01:32 | INFO     | base.base_page:202 | 获取定位器：home-view_more = hanvon.aebr.hanvondrive:id/bt_binddrive_set
2025-09-03 15:01:32 | INFO     | base.base_page:180 | 处理完整资源ID: hanvon.aebr.hanvondrive:id/bt_binddrive_set
2025-09-03 15:01:32 | INFO     | conftest:219 | 开始屏幕录制: D:\clear6Trubo\reports\videos\VIDEO_test_click_sure_button_20250903_150132.mp4
2025-09-03 15:01:32 | INFO     | base.base_page:53 | 自动生成配置路径: data/locators/details_page.yaml
2025-09-03 15:01:32 | INFO     | base.base_page:69 | 已加载配置文件: D:\clear6Trubo\data\locators\details_page.yaml (for DetailsPage)
2025-09-03 15:01:32 | INFO     | base.base_page:53 | 自动生成配置路径: data/locators/details_page.yaml
2025-09-03 15:01:32 | INFO     | base.base_page:107 | 初始化页面: DetailsPage | 平台: android
2025-09-03 15:01:32 | INFO     | pages.nut_cloud_page.details_page:17 | 进入主页
2025-09-03 15:01:32 | INFO     | base.base_page:202 | 获取定位器：details-account_button = hanvon.aebr.hanvondrive:id/tv_accout_detail
2025-09-03 15:01:32 | INFO     | base.base_page:180 | 处理完整资源ID: hanvon.aebr.hanvondrive:id/tv_accout_detail
2025-09-03 15:01:32 | INFO     | base.base_page:202 | 获取定位器：details-account_unbind = hanvon.aebr.hanvondrive:id/unbindTv
2025-09-03 15:01:32 | INFO     | base.base_page:180 | 处理完整资源ID: hanvon.aebr.hanvondrive:id/unbindTv
2025-09-03 15:01:32 | INFO     | base.base_page:202 | 获取定位器：details-close_button = hanvon.aebr.hanvondrive:id/dialog_close
2025-09-03 15:01:32 | INFO     | base.base_page:180 | 处理完整资源ID: hanvon.aebr.hanvondrive:id/dialog_close
2025-09-03 15:01:32 | INFO     | base.base_page:202 | 获取定位器：details-nut_cloud = hanvon.aebr.hanvondrive:id/drive_type
2025-09-03 15:01:32 | INFO     | base.base_page:180 | 处理完整资源ID: hanvon.aebr.hanvondrive:id/drive_type
2025-09-03 15:01:32 | INFO     | base.base_page:202 | 获取定位器：details-rename_button = hanvon.aebr.hanvondrive:id/tv_rename_drive
2025-09-03 15:01:32 | INFO     | base.base_page:180 | 处理完整资源ID: hanvon.aebr.hanvondrive:id/tv_rename_drive
2025-09-03 15:01:32 | INFO     | base.base_page:202 | 获取定位器：details-rename_window = hanvon.aebr.hanvondrive:id/dialog_title
2025-09-03 15:01:32 | INFO     | base.base_page:180 | 处理完整资源ID: hanvon.aebr.hanvondrive:id/dialog_title
2025-09-03 15:01:32 | INFO     | base.base_page:53 | 自动生成配置路径: data/locators/details_page.yaml
2025-09-03 15:01:32 | INFO     | base.base_page:53 | 自动生成配置路径: data/locators/details_page.yaml
2025-09-03 15:01:32 | INFO     | base.base_page:107 | 初始化页面: DetailsPage | 平台: android
2025-09-03 15:01:32 | INFO     | pages.nut_cloud_page.details_page:17 | 进入主页
2025-09-03 15:01:32 | INFO     | base.base_page:202 | 获取定位器：details-account_button = hanvon.aebr.hanvondrive:id/tv_accout_detail
2025-09-03 15:01:32 | INFO     | base.base_page:180 | 处理完整资源ID: hanvon.aebr.hanvondrive:id/tv_accout_detail
2025-09-03 15:01:32 | INFO     | base.base_page:202 | 获取定位器：details-account_unbind = hanvon.aebr.hanvondrive:id/unbindTv
2025-09-03 15:01:32 | INFO     | base.base_page:180 | 处理完整资源ID: hanvon.aebr.hanvondrive:id/unbindTv
2025-09-03 15:01:32 | INFO     | base.base_page:202 | 获取定位器：details-close_button = hanvon.aebr.hanvondrive:id/dialog_close
2025-09-03 15:01:32 | INFO     | base.base_page:180 | 处理完整资源ID: hanvon.aebr.hanvondrive:id/dialog_close
2025-09-03 15:01:32 | INFO     | base.base_page:202 | 获取定位器：details-nut_cloud = hanvon.aebr.hanvondrive:id/drive_type
2025-09-03 15:01:32 | INFO     | base.base_page:180 | 处理完整资源ID: hanvon.aebr.hanvondrive:id/drive_type
2025-09-03 15:01:32 | INFO     | base.base_page:202 | 获取定位器：details-rename_button = hanvon.aebr.hanvondrive:id/tv_rename_drive
2025-09-03 15:01:32 | INFO     | base.base_page:180 | 处理完整资源ID: hanvon.aebr.hanvondrive:id/tv_rename_drive
2025-09-03 15:01:32 | INFO     | base.base_page:202 | 获取定位器：details-rename_window = hanvon.aebr.hanvondrive:id/dialog_title
2025-09-03 15:01:32 | INFO     | base.base_page:180 | 处理完整资源ID: hanvon.aebr.hanvondrive:id/dialog_title
2025-09-03 15:01:32 | INFO     | base.base_page:202 | 获取定位器：home-nut_cloud = hanvon.aebr.hanvondrive:id/drive_type
2025-09-03 15:01:32 | INFO     | base.base_page:180 | 处理完整资源ID: hanvon.aebr.hanvondrive:id/drive_type
2025-09-03 15:01:35 | INFO     | base.base_page:465 | 成功长按元素: ('id', 'hanvon.aebr.hanvondrive:id/drive_type') (2.0秒)
2025-09-03 15:01:35 | INFO     | base.base_page:202 | 获取定位器：details-rename_button = hanvon.aebr.hanvondrive:id/tv_rename_drive
2025-09-03 15:01:35 | INFO     | base.base_page:180 | 处理完整资源ID: hanvon.aebr.hanvondrive:id/tv_rename_drive
2025-09-03 15:01:36 | INFO     | base.base_page:275 | 点击元素：('id', 'hanvon.aebr.hanvondrive:id/tv_rename_drive')
2025-09-03 15:01:36 | INFO     | base.base_page:202 | 获取定位器：details-rename_window = hanvon.aebr.hanvondrive:id/dialog_title
2025-09-03 15:01:36 | INFO     | base.base_page:180 | 处理完整资源ID: hanvon.aebr.hanvondrive:id/dialog_title
2025-09-03 15:01:36 | INFO     | base.base_page:368 | 元素已找到：<appium.webdriver.webelement.WebElement (session="1ae2014a-94c6-4122-820e-e3509234996d", element="1b1a8e90-fb94-4bbe-8ef2-b7c55efd7be5")>
2025-09-03 15:01:36 | INFO     | pages.nut_cloud_page.details_page:119 | 已返回到账户信息页
2025-09-03 15:01:36 | INFO     | base.base_page:53 | 自动生成配置路径: data/locators/account_rename_page.yaml
2025-09-03 15:01:36 | INFO     | base.base_page:69 | 已加载配置文件: D:\clear6Trubo\data\locators\account_rename_page.yaml (for AccountRenamePage)
2025-09-03 15:01:36 | INFO     | base.base_page:53 | 自动生成配置路径: data/locators/account_rename_page.yaml
2025-09-03 15:01:36 | INFO     | base.base_page:107 | 初始化页面: AccountRenamePage | 平台: android
2025-09-03 15:01:36 | INFO     | pages.nut_cloud_page.account_rename_page:15 | 进入主页
2025-09-03 15:01:36 | INFO     | base.base_page:202 | 获取定位器：account_rename-account_input = hanvon.aebr.hanvondrive:id/foldername_edittext
2025-09-03 15:01:36 | INFO     | base.base_page:180 | 处理完整资源ID: hanvon.aebr.hanvondrive:id/foldername_edittext
2025-09-03 15:01:36 | INFO     | base.base_page:202 | 获取定位器：account_rename-bind_cloud = hanvon.aebr.hanvondrive:id/tv_drive_type
2025-09-03 15:01:36 | INFO     | base.base_page:180 | 处理完整资源ID: hanvon.aebr.hanvondrive:id/tv_drive_type
2025-09-03 15:01:36 | INFO     | base.base_page:202 | 获取定位器：account_rename-cancel_button = hanvon.aebr.hanvondrive:id/dialog_cancel
2025-09-03 15:01:36 | INFO     | base.base_page:180 | 处理完整资源ID: hanvon.aebr.hanvondrive:id/dialog_cancel
2025-09-03 15:01:36 | INFO     | base.base_page:202 | 获取定位器：account_rename-delete_name = hanvon.aebr.hanvondrive:id/deleteTv
2025-09-03 15:01:36 | INFO     | base.base_page:180 | 处理完整资源ID: hanvon.aebr.hanvondrive:id/deleteTv
2025-09-03 15:01:36 | INFO     | base.base_page:202 | 获取定位器：account_rename-sure_button = hanvon.aebr.hanvondrive:id/dialog_sure
2025-09-03 15:01:36 | INFO     | base.base_page:180 | 处理完整资源ID: hanvon.aebr.hanvondrive:id/dialog_sure
2025-09-03 15:01:36 | INFO     | base.base_page:202 | 获取定位器：account_rename-tv_account = hanvon.aebr.hanvondrive:id/tv_accout
2025-09-03 15:01:36 | INFO     | base.base_page:180 | 处理完整资源ID: hanvon.aebr.hanvondrive:id/tv_accout
2025-09-03 15:01:36 | INFO     | base.base_page:202 | 获取定位器：account_rename-sure_button = hanvon.aebr.hanvondrive:id/dialog_sure
2025-09-03 15:01:36 | INFO     | base.base_page:180 | 处理完整资源ID: hanvon.aebr.hanvondrive:id/dialog_sure
2025-09-03 15:01:37 | INFO     | base.base_page:275 | 点击元素：('id', 'hanvon.aebr.hanvondrive:id/dialog_sure')
2025-09-03 15:01:37 | INFO     | base.base_page:202 | 获取定位器：account_rename-tv_account = hanvon.aebr.hanvondrive:id/tv_accout
2025-09-03 15:01:37 | INFO     | base.base_page:180 | 处理完整资源ID: hanvon.aebr.hanvondrive:id/tv_accout
2025-09-03 15:01:38 | INFO     | conftest:294 | 测试失败截图已保存: FAIL_CALL_testcase_nut_cloud_positive_account_rename_test_account_rename_positive_py_TestAccountRenamePositive_20250903_150137.png
2025-09-03 15:01:39 | INFO     | conftest:233 | 停止屏幕录制: D:\clear6Trubo\reports\videos\VIDEO_test_click_sure_button_20250903_150132.mp4
2025-09-03 15:01:39 | INFO     | conftest:239 | 屏幕录制已保存: D:\clear6Trubo\reports\videos\VIDEO_test_click_sure_button_20250903_150132.mp4
2025-09-03 15:01:40 | INFO     | conftest:346 | 已将录屏附加到Allure报告: VIDEO_test_click_sure_button_20250903_150132.mp4
2025-09-03 15:01:40 | INFO     | conftest:381 | ==================================================
2025-09-03 15:01:40 | INFO     | conftest:382 | 测试会话结束状态: 1
2025-09-03 15:01:40 | INFO     | conftest:383 | ==================================================
2025-09-03 15:07:43 | INFO     | conftest:162 | 已删除旧文件: FAIL_CALL_testcase_nut_cloud_positive_test_account_information_py_TestAccountInformationScenarios_test_click_u_20250828_154102.png
2025-09-03 15:07:43 | INFO     | conftest:162 | 已删除旧文件: VIDEO_test_input_account_name__u7279_u6b8a_u5b57_u7b26_u_20250903_140606.mp4
2025-09-03 15:07:43 | INFO     | utils.test_data_loader:13 | 项目根目录: D:\clear6Trubo
2025-09-03 15:07:43 | INFO     | utils.test_data_loader:19 | 完整文件路径: D:\clear6Trubo\data\test_data\positive_rename.json
2025-09-03 15:07:43 | INFO     | utils.test_data_loader:20 | 文件存在: True
2025-09-03 15:07:43 | INFO     | conftest:413 | ✅ 成功删除数据库文件: /storage/emulated/0/hwsys/database/clouds.db
2025-09-03 15:07:53 | INFO     | base.base_page:53 | 自动生成配置路径: data/locators/home_clouds_page.yaml
2025-09-03 15:07:53 | INFO     | base.base_page:69 | 已加载配置文件: D:\clear6Trubo\data\locators\home_clouds_page.yaml (for HomeCloudsPage)
2025-09-03 15:07:53 | INFO     | base.base_page:53 | 自动生成配置路径: data/locators/home_clouds_page.yaml
2025-09-03 15:07:53 | INFO     | base.base_page:107 | 初始化页面: HomeCloudsPage | 平台: android
2025-09-03 15:07:53 | INFO     | base.base_page:202 | 获取定位器：home-aliyun_home_id = com.Hanovn.HanovnBrowser:id/content_frame
2025-09-03 15:07:53 | INFO     | base.base_page:180 | 处理完整资源ID: com.Hanovn.HanovnBrowser:id/content_frame
2025-09-03 15:07:53 | INFO     | base.base_page:202 | 获取定位器：home-baidu_home_cloud_id = hanvon.aebr.hanvondrive:id/tv_drive
2025-09-03 15:07:53 | INFO     | base.base_page:180 | 处理完整资源ID: hanvon.aebr.hanvondrive:id/tv_drive
2025-09-03 15:07:53 | INFO     | base.base_page:202 | 获取定位器：home-nut_webdav_home_cloud_id = hanvon.aebr.hanvondrive:id/bt_back
2025-09-03 15:07:53 | INFO     | base.base_page:180 | 处理完整资源ID: hanvon.aebr.hanvondrive:id/bt_back
2025-09-03 15:07:53 | INFO     | base.base_page:202 | 获取定位器：home-onedrive_home_id = android:id/content
2025-09-03 15:07:53 | INFO     | base.base_page:180 | 处理完整资源ID: android:id/content
2025-09-03 15:07:53 | INFO     | base.base_page:202 | 获取定位器：home-public_resource_id = hanvon.aebr.hanvondrive:id/detailFileLayout
2025-09-03 15:07:53 | INFO     | base.base_page:180 | 处理完整资源ID: hanvon.aebr.hanvondrive:id/detailFileLayout
2025-09-03 15:07:53 | INFO     | base.base_page:53 | 自动生成配置路径: data/locators/home_clouds_page.yaml
2025-09-03 15:07:53 | INFO     | base.base_page:53 | 自动生成配置路径: data/locators/home_clouds_page.yaml
2025-09-03 15:07:53 | INFO     | base.base_page:107 | 初始化页面: HomeCloudsPage | 平台: android
2025-09-03 15:07:53 | INFO     | base.base_page:202 | 获取定位器：home-aliyun_home_id = com.Hanovn.HanovnBrowser:id/content_frame
2025-09-03 15:07:53 | INFO     | base.base_page:180 | 处理完整资源ID: com.Hanovn.HanovnBrowser:id/content_frame
2025-09-03 15:07:53 | INFO     | base.base_page:202 | 获取定位器：home-baidu_home_cloud_id = hanvon.aebr.hanvondrive:id/tv_drive
2025-09-03 15:07:53 | INFO     | base.base_page:180 | 处理完整资源ID: hanvon.aebr.hanvondrive:id/tv_drive
2025-09-03 15:07:53 | INFO     | base.base_page:202 | 获取定位器：home-nut_webdav_home_cloud_id = hanvon.aebr.hanvondrive:id/bt_back
2025-09-03 15:07:53 | INFO     | base.base_page:180 | 处理完整资源ID: hanvon.aebr.hanvondrive:id/bt_back
2025-09-03 15:07:53 | INFO     | base.base_page:202 | 获取定位器：home-onedrive_home_id = android:id/content
2025-09-03 15:07:53 | INFO     | base.base_page:180 | 处理完整资源ID: android:id/content
2025-09-03 15:07:53 | INFO     | base.base_page:202 | 获取定位器：home-public_resource_id = hanvon.aebr.hanvondrive:id/detailFileLayout
2025-09-03 15:07:53 | INFO     | base.base_page:180 | 处理完整资源ID: hanvon.aebr.hanvondrive:id/detailFileLayout
2025-09-03 15:07:53 | INFO     | base.base_page:202 | 获取定位器：home-public_resource_id = hanvon.aebr.hanvondrive:id/detailFileLayout
2025-09-03 15:07:53 | INFO     | base.base_page:180 | 处理完整资源ID: hanvon.aebr.hanvondrive:id/detailFileLayout
2025-09-03 15:07:55 | INFO     | base.base_page:342 | 点击元素：('id', 'hanvon.aebr.hanvondrive:id/detailFileLayout') [索引： 1]
2025-09-03 15:07:55 | INFO     | base.base_page:53 | 自动生成配置路径: data/locators/nut_login_page.yaml
2025-09-03 15:07:55 | INFO     | base.base_page:69 | 已加载配置文件: D:\clear6Trubo\data\locators\nut_login_page.yaml (for NutLoginPage)
2025-09-03 15:07:55 | INFO     | base.base_page:53 | 自动生成配置路径: data/locators/nut_login_page.yaml
2025-09-03 15:07:55 | INFO     | base.base_page:107 | 初始化页面: NutLoginPage | 平台: android
2025-09-03 15:07:55 | INFO     | base.base_page:202 | 获取定位器：nut_login_page-cancel_button = hanvon.aebr.hanvondrive:id/janCancel
2025-09-03 15:07:55 | INFO     | base.base_page:180 | 处理完整资源ID: hanvon.aebr.hanvondrive:id/janCancel
2025-09-03 15:07:55 | INFO     | base.base_page:202 | 获取定位器：nut_login_page-home_bind = hanvon.aebr.hanvondrive:id/drive_gridview
2025-09-03 15:07:55 | INFO     | base.base_page:180 | 处理完整资源ID: hanvon.aebr.hanvondrive:id/drive_gridview
2025-09-03 15:07:55 | INFO     | base.base_page:202 | 获取定位器：nut_login_page-item_name = hanvon.aebr.hanvondrive:id/itemNameTv
2025-09-03 15:07:55 | INFO     | base.base_page:180 | 处理完整资源ID: hanvon.aebr.hanvondrive:id/itemNameTv
2025-09-03 15:07:55 | INFO     | base.base_page:202 | 获取定位器：nut_login_page-password_field = hanvon.aebr.hanvondrive:id/passEt
2025-09-03 15:07:55 | INFO     | base.base_page:180 | 处理完整资源ID: hanvon.aebr.hanvondrive:id/passEt
2025-09-03 15:07:55 | INFO     | base.base_page:202 | 获取定位器：nut_login_page-return_button = hanvon.aebr.hanvondrive:id/bt_back
2025-09-03 15:07:55 | INFO     | base.base_page:180 | 处理完整资源ID: hanvon.aebr.hanvondrive:id/bt_back
2025-09-03 15:07:55 | INFO     | base.base_page:202 | 获取定位器：nut_login_page-show_password = hanvon.aebr.hanvondrive:id/showPass
2025-09-03 15:07:55 | INFO     | base.base_page:180 | 处理完整资源ID: hanvon.aebr.hanvondrive:id/showPass
2025-09-03 15:07:55 | INFO     | base.base_page:202 | 获取定位器：nut_login_page-sure_button = hanvon.aebr.hanvondrive:id/janSure
2025-09-03 15:07:55 | INFO     | base.base_page:180 | 处理完整资源ID: hanvon.aebr.hanvondrive:id/janSure
2025-09-03 15:07:55 | INFO     | base.base_page:202 | 获取定位器：nut_login_page-username_field = hanvon.aebr.hanvondrive:id/userEt
2025-09-03 15:07:55 | INFO     | base.base_page:180 | 处理完整资源ID: hanvon.aebr.hanvondrive:id/userEt
2025-09-03 15:07:55 | INFO     | utils.test_data_loader:13 | 项目根目录: D:\clear6Trubo
2025-09-03 15:07:55 | INFO     | utils.test_data_loader:19 | 完整文件路径: D:\clear6Trubo\data\test_data\login_data_positive.json
2025-09-03 15:07:55 | INFO     | utils.test_data_loader:20 | 文件存在: True
2025-09-03 15:07:55 | INFO     | base.base_page:202 | 获取定位器：nut_login_page-username_field = hanvon.aebr.hanvondrive:id/userEt
2025-09-03 15:07:55 | INFO     | base.base_page:180 | 处理完整资源ID: hanvon.aebr.hanvondrive:id/userEt
2025-09-03 15:07:56 | INFO     | base.base_page:288 | 输入文本到 ('id', 'hanvon.aebr.hanvondrive:id/userEt')：'liuxuefeng@hanwang.com.cn'
2025-09-03 15:07:56 | INFO     | base.base_page:202 | 获取定位器：nut_login_page-password_field = hanvon.aebr.hanvondrive:id/passEt
2025-09-03 15:07:56 | INFO     | base.base_page:180 | 处理完整资源ID: hanvon.aebr.hanvondrive:id/passEt
2025-09-03 15:07:58 | INFO     | base.base_page:288 | 输入文本到 ('id', 'hanvon.aebr.hanvondrive:id/passEt')：'ani2k9vrmac7epjp'
2025-09-03 15:07:58 | INFO     | base.base_page:202 | 获取定位器：nut_login_page-sure_button = hanvon.aebr.hanvondrive:id/janSure
2025-09-03 15:07:58 | INFO     | base.base_page:180 | 处理完整资源ID: hanvon.aebr.hanvondrive:id/janSure
2025-09-03 15:07:59 | INFO     | base.base_page:275 | 点击元素：('id', 'hanvon.aebr.hanvondrive:id/janSure')
2025-09-03 15:08:01 | INFO     | pages.nut_cloud_page.nut_login_page:92 | 成功绑定账号
2025-09-03 15:08:01 | INFO     | base.base_page:53 | 自动生成配置路径: data/locators/home_page.yaml
2025-09-03 15:08:01 | INFO     | base.base_page:69 | 已加载配置文件: D:\clear6Trubo\data\locators\home_page.yaml (for HomePage)
2025-09-03 15:08:01 | INFO     | base.base_page:53 | 自动生成配置路径: data/locators/home_page.yaml
2025-09-03 15:08:01 | INFO     | base.base_page:107 | 初始化页面: HomePage | 平台: android
2025-09-03 15:08:01 | INFO     | pages.nut_cloud_page.home_page:20 | 进入主页
2025-09-03 15:08:01 | INFO     | base.base_page:202 | 获取定位器：home-bind_cloud = hanvon.aebr.hanvondrive:id/tv_drive_type
2025-09-03 15:08:01 | INFO     | base.base_page:180 | 处理完整资源ID: hanvon.aebr.hanvondrive:id/tv_drive_type
2025-09-03 15:08:01 | INFO     | base.base_page:202 | 获取定位器：home-bind_cloud_window = hanvon.aebr.hanvondrive:id/dialog_title
2025-09-03 15:08:01 | INFO     | base.base_page:180 | 处理完整资源ID: hanvon.aebr.hanvondrive:id/dialog_title
2025-09-03 15:08:01 | INFO     | base.base_page:202 | 获取定位器：home-iv_nextpage = hanvon.aebr.hanvondrive:id/iv_nextpage
2025-09-03 15:08:01 | INFO     | base.base_page:180 | 处理完整资源ID: hanvon.aebr.hanvondrive:id/iv_nextpage
2025-09-03 15:08:01 | INFO     | base.base_page:202 | 获取定位器：home-iv_prepage = hanvon.aebr.hanvondrive:id/iv_prepage
2025-09-03 15:08:01 | INFO     | base.base_page:180 | 处理完整资源ID: hanvon.aebr.hanvondrive:id/iv_prepage
2025-09-03 15:08:01 | INFO     | base.base_page:202 | 获取定位器：home-more_view_window = hanvon.aebr.hanvondrive:id/tv_display
2025-09-03 15:08:01 | INFO     | base.base_page:180 | 处理完整资源ID: hanvon.aebr.hanvondrive:id/tv_display
2025-09-03 15:08:01 | INFO     | base.base_page:202 | 获取定位器：home-nut_cloud = hanvon.aebr.hanvondrive:id/drive_type
2025-09-03 15:08:01 | INFO     | base.base_page:180 | 处理完整资源ID: hanvon.aebr.hanvondrive:id/drive_type
2025-09-03 15:08:01 | INFO     | base.base_page:202 | 获取定位器：home-nut_file_id = xpath://*[@resource-id='hanvon.aebr.hanvondrive:id/fileGridTv']
2025-09-03 15:08:01 | INFO     | base.base_page:202 | 获取定位器：home-return_button = hanvon.aebr.hanvondrive:id/bt_back
2025-09-03 15:08:01 | INFO     | base.base_page:180 | 处理完整资源ID: hanvon.aebr.hanvondrive:id/bt_back
2025-09-03 15:08:01 | INFO     | base.base_page:202 | 获取定位器：home-view_more = hanvon.aebr.hanvondrive:id/bt_binddrive_set
2025-09-03 15:08:01 | INFO     | base.base_page:180 | 处理完整资源ID: hanvon.aebr.hanvondrive:id/bt_binddrive_set
2025-09-03 15:08:01 | INFO     | base.base_page:53 | 自动生成配置路径: data/locators/home_page.yaml
2025-09-03 15:08:01 | INFO     | base.base_page:53 | 自动生成配置路径: data/locators/home_page.yaml
2025-09-03 15:08:01 | INFO     | base.base_page:107 | 初始化页面: HomePage | 平台: android
2025-09-03 15:08:01 | INFO     | pages.nut_cloud_page.home_page:20 | 进入主页
2025-09-03 15:08:01 | INFO     | base.base_page:202 | 获取定位器：home-bind_cloud = hanvon.aebr.hanvondrive:id/tv_drive_type
2025-09-03 15:08:01 | INFO     | base.base_page:180 | 处理完整资源ID: hanvon.aebr.hanvondrive:id/tv_drive_type
2025-09-03 15:08:01 | INFO     | base.base_page:202 | 获取定位器：home-bind_cloud_window = hanvon.aebr.hanvondrive:id/dialog_title
2025-09-03 15:08:01 | INFO     | base.base_page:180 | 处理完整资源ID: hanvon.aebr.hanvondrive:id/dialog_title
2025-09-03 15:08:01 | INFO     | base.base_page:202 | 获取定位器：home-iv_nextpage = hanvon.aebr.hanvondrive:id/iv_nextpage
2025-09-03 15:08:01 | INFO     | base.base_page:180 | 处理完整资源ID: hanvon.aebr.hanvondrive:id/iv_nextpage
2025-09-03 15:08:01 | INFO     | base.base_page:202 | 获取定位器：home-iv_prepage = hanvon.aebr.hanvondrive:id/iv_prepage
2025-09-03 15:08:01 | INFO     | base.base_page:180 | 处理完整资源ID: hanvon.aebr.hanvondrive:id/iv_prepage
2025-09-03 15:08:01 | INFO     | base.base_page:202 | 获取定位器：home-more_view_window = hanvon.aebr.hanvondrive:id/tv_display
2025-09-03 15:08:01 | INFO     | base.base_page:180 | 处理完整资源ID: hanvon.aebr.hanvondrive:id/tv_display
2025-09-03 15:08:01 | INFO     | base.base_page:202 | 获取定位器：home-nut_cloud = hanvon.aebr.hanvondrive:id/drive_type
2025-09-03 15:08:01 | INFO     | base.base_page:180 | 处理完整资源ID: hanvon.aebr.hanvondrive:id/drive_type
2025-09-03 15:08:01 | INFO     | base.base_page:202 | 获取定位器：home-nut_file_id = xpath://*[@resource-id='hanvon.aebr.hanvondrive:id/fileGridTv']
2025-09-03 15:08:01 | INFO     | base.base_page:202 | 获取定位器：home-return_button = hanvon.aebr.hanvondrive:id/bt_back
2025-09-03 15:08:01 | INFO     | base.base_page:180 | 处理完整资源ID: hanvon.aebr.hanvondrive:id/bt_back
2025-09-03 15:08:01 | INFO     | base.base_page:202 | 获取定位器：home-view_more = hanvon.aebr.hanvondrive:id/bt_binddrive_set
2025-09-03 15:08:01 | INFO     | base.base_page:180 | 处理完整资源ID: hanvon.aebr.hanvondrive:id/bt_binddrive_set
2025-09-03 15:08:02 | INFO     | conftest:219 | 开始屏幕录制: D:\clear6Trubo\reports\videos\VIDEO_test_click_sure_button_20250903_150801.mp4
2025-09-03 15:08:02 | INFO     | base.base_page:53 | 自动生成配置路径: data/locators/details_page.yaml
2025-09-03 15:08:02 | INFO     | base.base_page:69 | 已加载配置文件: D:\clear6Trubo\data\locators\details_page.yaml (for DetailsPage)
2025-09-03 15:08:02 | INFO     | base.base_page:53 | 自动生成配置路径: data/locators/details_page.yaml
2025-09-03 15:08:02 | INFO     | base.base_page:107 | 初始化页面: DetailsPage | 平台: android
2025-09-03 15:08:02 | INFO     | pages.nut_cloud_page.details_page:17 | 进入主页
2025-09-03 15:08:02 | INFO     | base.base_page:202 | 获取定位器：details-account_button = hanvon.aebr.hanvondrive:id/tv_accout_detail
2025-09-03 15:08:02 | INFO     | base.base_page:180 | 处理完整资源ID: hanvon.aebr.hanvondrive:id/tv_accout_detail
2025-09-03 15:08:02 | INFO     | base.base_page:202 | 获取定位器：details-account_unbind = hanvon.aebr.hanvondrive:id/unbindTv
2025-09-03 15:08:02 | INFO     | base.base_page:180 | 处理完整资源ID: hanvon.aebr.hanvondrive:id/unbindTv
2025-09-03 15:08:02 | INFO     | base.base_page:202 | 获取定位器：details-close_button = hanvon.aebr.hanvondrive:id/dialog_close
2025-09-03 15:08:02 | INFO     | base.base_page:180 | 处理完整资源ID: hanvon.aebr.hanvondrive:id/dialog_close
2025-09-03 15:08:02 | INFO     | base.base_page:202 | 获取定位器：details-nut_cloud = hanvon.aebr.hanvondrive:id/drive_type
2025-09-03 15:08:02 | INFO     | base.base_page:180 | 处理完整资源ID: hanvon.aebr.hanvondrive:id/drive_type
2025-09-03 15:08:02 | INFO     | base.base_page:202 | 获取定位器：details-rename_button = hanvon.aebr.hanvondrive:id/tv_rename_drive
2025-09-03 15:08:02 | INFO     | base.base_page:180 | 处理完整资源ID: hanvon.aebr.hanvondrive:id/tv_rename_drive
2025-09-03 15:08:02 | INFO     | base.base_page:202 | 获取定位器：details-rename_window = hanvon.aebr.hanvondrive:id/dialog_title
2025-09-03 15:08:02 | INFO     | base.base_page:180 | 处理完整资源ID: hanvon.aebr.hanvondrive:id/dialog_title
2025-09-03 15:08:02 | INFO     | base.base_page:53 | 自动生成配置路径: data/locators/details_page.yaml
2025-09-03 15:08:02 | INFO     | base.base_page:53 | 自动生成配置路径: data/locators/details_page.yaml
2025-09-03 15:08:02 | INFO     | base.base_page:107 | 初始化页面: DetailsPage | 平台: android
2025-09-03 15:08:02 | INFO     | pages.nut_cloud_page.details_page:17 | 进入主页
2025-09-03 15:08:02 | INFO     | base.base_page:202 | 获取定位器：details-account_button = hanvon.aebr.hanvondrive:id/tv_accout_detail
2025-09-03 15:08:02 | INFO     | base.base_page:180 | 处理完整资源ID: hanvon.aebr.hanvondrive:id/tv_accout_detail
2025-09-03 15:08:02 | INFO     | base.base_page:202 | 获取定位器：details-account_unbind = hanvon.aebr.hanvondrive:id/unbindTv
2025-09-03 15:08:02 | INFO     | base.base_page:180 | 处理完整资源ID: hanvon.aebr.hanvondrive:id/unbindTv
2025-09-03 15:08:02 | INFO     | base.base_page:202 | 获取定位器：details-close_button = hanvon.aebr.hanvondrive:id/dialog_close
2025-09-03 15:08:02 | INFO     | base.base_page:180 | 处理完整资源ID: hanvon.aebr.hanvondrive:id/dialog_close
2025-09-03 15:08:02 | INFO     | base.base_page:202 | 获取定位器：details-nut_cloud = hanvon.aebr.hanvondrive:id/drive_type
2025-09-03 15:08:02 | INFO     | base.base_page:180 | 处理完整资源ID: hanvon.aebr.hanvondrive:id/drive_type
2025-09-03 15:08:02 | INFO     | base.base_page:202 | 获取定位器：details-rename_button = hanvon.aebr.hanvondrive:id/tv_rename_drive
2025-09-03 15:08:02 | INFO     | base.base_page:180 | 处理完整资源ID: hanvon.aebr.hanvondrive:id/tv_rename_drive
2025-09-03 15:08:02 | INFO     | base.base_page:202 | 获取定位器：details-rename_window = hanvon.aebr.hanvondrive:id/dialog_title
2025-09-03 15:08:02 | INFO     | base.base_page:180 | 处理完整资源ID: hanvon.aebr.hanvondrive:id/dialog_title
2025-09-03 15:08:02 | INFO     | base.base_page:202 | 获取定位器：home-nut_cloud = hanvon.aebr.hanvondrive:id/drive_type
2025-09-03 15:08:02 | INFO     | base.base_page:180 | 处理完整资源ID: hanvon.aebr.hanvondrive:id/drive_type
2025-09-03 15:08:04 | INFO     | base.base_page:465 | 成功长按元素: ('id', 'hanvon.aebr.hanvondrive:id/drive_type') (2.0秒)
2025-09-03 15:08:04 | INFO     | base.base_page:202 | 获取定位器：details-rename_button = hanvon.aebr.hanvondrive:id/tv_rename_drive
2025-09-03 15:08:04 | INFO     | base.base_page:180 | 处理完整资源ID: hanvon.aebr.hanvondrive:id/tv_rename_drive
2025-09-03 15:08:05 | INFO     | base.base_page:275 | 点击元素：('id', 'hanvon.aebr.hanvondrive:id/tv_rename_drive')
2025-09-03 15:08:05 | INFO     | base.base_page:202 | 获取定位器：details-rename_window = hanvon.aebr.hanvondrive:id/dialog_title
2025-09-03 15:08:05 | INFO     | base.base_page:180 | 处理完整资源ID: hanvon.aebr.hanvondrive:id/dialog_title
2025-09-03 15:08:06 | INFO     | base.base_page:368 | 元素已找到：<appium.webdriver.webelement.WebElement (session="f56ed316-2ad9-450f-9e25-c6b0803c0ba8", element="9259ad0d-35ca-45b5-ad30-2a71980f674b")>
2025-09-03 15:08:06 | INFO     | pages.nut_cloud_page.details_page:119 | 已返回到账户信息页
2025-09-03 15:08:06 | INFO     | base.base_page:53 | 自动生成配置路径: data/locators/account_rename_page.yaml
2025-09-03 15:08:06 | INFO     | base.base_page:69 | 已加载配置文件: D:\clear6Trubo\data\locators\account_rename_page.yaml (for AccountRenamePage)
2025-09-03 15:08:06 | INFO     | base.base_page:53 | 自动生成配置路径: data/locators/account_rename_page.yaml
2025-09-03 15:08:06 | INFO     | base.base_page:107 | 初始化页面: AccountRenamePage | 平台: android
2025-09-03 15:08:06 | INFO     | pages.nut_cloud_page.account_rename_page:15 | 进入主页
2025-09-03 15:08:06 | INFO     | base.base_page:202 | 获取定位器：account_rename-account_input = hanvon.aebr.hanvondrive:id/foldername_edittext
2025-09-03 15:08:06 | INFO     | base.base_page:180 | 处理完整资源ID: hanvon.aebr.hanvondrive:id/foldername_edittext
2025-09-03 15:08:06 | INFO     | base.base_page:202 | 获取定位器：account_rename-bind_cloud = hanvon.aebr.hanvondrive:id/tv_drive_type
2025-09-03 15:08:06 | INFO     | base.base_page:180 | 处理完整资源ID: hanvon.aebr.hanvondrive:id/tv_drive_type
2025-09-03 15:08:06 | INFO     | base.base_page:202 | 获取定位器：account_rename-cancel_button = hanvon.aebr.hanvondrive:id/dialog_cancel
2025-09-03 15:08:06 | INFO     | base.base_page:180 | 处理完整资源ID: hanvon.aebr.hanvondrive:id/dialog_cancel
2025-09-03 15:08:06 | INFO     | base.base_page:202 | 获取定位器：account_rename-delete_name = hanvon.aebr.hanvondrive:id/deleteTv
2025-09-03 15:08:06 | INFO     | base.base_page:180 | 处理完整资源ID: hanvon.aebr.hanvondrive:id/deleteTv
2025-09-03 15:08:06 | INFO     | base.base_page:202 | 获取定位器：account_rename-sure_button = hanvon.aebr.hanvondrive:id/dialog_sure
2025-09-03 15:08:06 | INFO     | base.base_page:180 | 处理完整资源ID: hanvon.aebr.hanvondrive:id/dialog_sure
2025-09-03 15:08:06 | INFO     | base.base_page:202 | 获取定位器：account_rename-tv_account = hanvon.aebr.hanvondrive:id/tv_accout
2025-09-03 15:08:06 | INFO     | base.base_page:180 | 处理完整资源ID: hanvon.aebr.hanvondrive:id/tv_accout
2025-09-03 15:08:06 | INFO     | base.base_page:202 | 获取定位器：account_rename-sure_button = hanvon.aebr.hanvondrive:id/dialog_sure
2025-09-03 15:08:06 | INFO     | base.base_page:180 | 处理完整资源ID: hanvon.aebr.hanvondrive:id/dialog_sure
2025-09-03 15:08:06 | INFO     | base.base_page:275 | 点击元素：('id', 'hanvon.aebr.hanvondrive:id/dialog_sure')
2025-09-03 15:08:06 | INFO     | base.base_page:202 | 获取定位器：account_rename-tv_account = hanvon.aebr.hanvondrive:id/tv_accout
2025-09-03 15:08:06 | INFO     | base.base_page:180 | 处理完整资源ID: hanvon.aebr.hanvondrive:id/tv_accout
2025-09-03 15:08:07 | INFO     | base.base_page:202 | 获取定位器：account_rename-account_input = hanvon.aebr.hanvondrive:id/foldername_edittext
2025-09-03 15:08:07 | INFO     | base.base_page:180 | 处理完整资源ID: hanvon.aebr.hanvondrive:id/foldername_edittext
2025-09-03 15:08:17 | ERROR    | base.base_page:240 | 元素定位超时 (10s): id='hanvon.aebr.hanvondrive:id/foldername_edittext'
2025-09-03 15:08:17 | ERROR    | base.base_page:561 | 获取属性失败: text | 定位器: ('id', 'hanvon.aebr.hanvondrive:id/foldername_edittext') | 错误: 'NoneType' object has no attribute 'get_attribute'
2025-09-03 15:08:17 | INFO     | base.base_page:435 | 截图已保存: D:\clear6Trubo\testcase\nut_cloud\positive\account_rename\screenshots\get_attribute_failed_text_20250903_150817.png
2025-09-03 15:08:17 | ERROR    | pages.nut_cloud_page.account_rename_page:120 | 导航到账户信息页面失败: 获取属性失败: text | 定位器: ('id', 'hanvon.aebr.hanvondrive:id/foldername_edittext') | 错误: 'NoneType' object has no attribute 'get_attribute'
2025-09-03 15:08:18 | INFO     | conftest:294 | 测试失败截图已保存: FAIL_CALL_testcase_nut_cloud_positive_account_rename_test_account_rename_positive_py_TestAccountRenamePositive_20250903_150817.png
2025-09-03 15:08:19 | INFO     | conftest:233 | 停止屏幕录制: D:\clear6Trubo\reports\videos\VIDEO_test_click_sure_button_20250903_150801.mp4
2025-09-03 15:08:19 | INFO     | conftest:239 | 屏幕录制已保存: D:\clear6Trubo\reports\videos\VIDEO_test_click_sure_button_20250903_150801.mp4
2025-09-03 15:08:20 | INFO     | conftest:346 | 已将录屏附加到Allure报告: VIDEO_test_click_sure_button_20250903_150801.mp4
2025-09-03 15:08:20 | INFO     | conftest:381 | ==================================================
2025-09-03 15:08:20 | INFO     | conftest:382 | 测试会话结束状态: 1
2025-09-03 15:08:20 | INFO     | conftest:383 | ==================================================
2025-09-03 15:12:48 | INFO     | conftest:162 | 已删除旧文件: FAIL_CALL_testcase_nut_cloud_positive_test_account_information_py_TestAccountInformationScenarios_test_click_e_20250828_163246.png
2025-09-03 15:12:48 | INFO     | conftest:162 | 已删除旧文件: VIDEO_test_input_account_name__u8d85_u957f_u540d_u79f0_u_20250903_140650.mp4
2025-09-03 15:12:48 | INFO     | utils.test_data_loader:13 | 项目根目录: D:\clear6Trubo
2025-09-03 15:12:48 | INFO     | utils.test_data_loader:19 | 完整文件路径: D:\clear6Trubo\data\test_data\positive_rename.json
2025-09-03 15:12:48 | INFO     | utils.test_data_loader:20 | 文件存在: True
2025-09-03 15:12:48 | INFO     | conftest:413 | ✅ 成功删除数据库文件: /storage/emulated/0/hwsys/database/clouds.db
2025-09-03 15:12:58 | INFO     | base.base_page:53 | 自动生成配置路径: data/locators/home_clouds_page.yaml
2025-09-03 15:12:58 | INFO     | base.base_page:69 | 已加载配置文件: D:\clear6Trubo\data\locators\home_clouds_page.yaml (for HomeCloudsPage)
2025-09-03 15:12:58 | INFO     | base.base_page:53 | 自动生成配置路径: data/locators/home_clouds_page.yaml
2025-09-03 15:12:58 | INFO     | base.base_page:107 | 初始化页面: HomeCloudsPage | 平台: android
2025-09-03 15:12:58 | INFO     | base.base_page:202 | 获取定位器：home-aliyun_home_id = com.Hanovn.HanovnBrowser:id/content_frame
2025-09-03 15:12:58 | INFO     | base.base_page:180 | 处理完整资源ID: com.Hanovn.HanovnBrowser:id/content_frame
2025-09-03 15:12:58 | INFO     | base.base_page:202 | 获取定位器：home-baidu_home_cloud_id = hanvon.aebr.hanvondrive:id/tv_drive
2025-09-03 15:12:58 | INFO     | base.base_page:180 | 处理完整资源ID: hanvon.aebr.hanvondrive:id/tv_drive
2025-09-03 15:12:58 | INFO     | base.base_page:202 | 获取定位器：home-nut_webdav_home_cloud_id = hanvon.aebr.hanvondrive:id/bt_back
2025-09-03 15:12:58 | INFO     | base.base_page:180 | 处理完整资源ID: hanvon.aebr.hanvondrive:id/bt_back
2025-09-03 15:12:58 | INFO     | base.base_page:202 | 获取定位器：home-onedrive_home_id = android:id/content
2025-09-03 15:12:58 | INFO     | base.base_page:180 | 处理完整资源ID: android:id/content
2025-09-03 15:12:58 | INFO     | base.base_page:202 | 获取定位器：home-public_resource_id = hanvon.aebr.hanvondrive:id/detailFileLayout
2025-09-03 15:12:58 | INFO     | base.base_page:180 | 处理完整资源ID: hanvon.aebr.hanvondrive:id/detailFileLayout
2025-09-03 15:12:58 | INFO     | base.base_page:53 | 自动生成配置路径: data/locators/home_clouds_page.yaml
2025-09-03 15:12:58 | INFO     | base.base_page:53 | 自动生成配置路径: data/locators/home_clouds_page.yaml
2025-09-03 15:12:58 | INFO     | base.base_page:107 | 初始化页面: HomeCloudsPage | 平台: android
2025-09-03 15:12:58 | INFO     | base.base_page:202 | 获取定位器：home-aliyun_home_id = com.Hanovn.HanovnBrowser:id/content_frame
2025-09-03 15:12:58 | INFO     | base.base_page:180 | 处理完整资源ID: com.Hanovn.HanovnBrowser:id/content_frame
2025-09-03 15:12:58 | INFO     | base.base_page:202 | 获取定位器：home-baidu_home_cloud_id = hanvon.aebr.hanvondrive:id/tv_drive
2025-09-03 15:12:58 | INFO     | base.base_page:180 | 处理完整资源ID: hanvon.aebr.hanvondrive:id/tv_drive
2025-09-03 15:12:58 | INFO     | base.base_page:202 | 获取定位器：home-nut_webdav_home_cloud_id = hanvon.aebr.hanvondrive:id/bt_back
2025-09-03 15:12:58 | INFO     | base.base_page:180 | 处理完整资源ID: hanvon.aebr.hanvondrive:id/bt_back
2025-09-03 15:12:58 | INFO     | base.base_page:202 | 获取定位器：home-onedrive_home_id = android:id/content
2025-09-03 15:12:58 | INFO     | base.base_page:180 | 处理完整资源ID: android:id/content
2025-09-03 15:12:58 | INFO     | base.base_page:202 | 获取定位器：home-public_resource_id = hanvon.aebr.hanvondrive:id/detailFileLayout
2025-09-03 15:12:58 | INFO     | base.base_page:180 | 处理完整资源ID: hanvon.aebr.hanvondrive:id/detailFileLayout
2025-09-03 15:12:58 | INFO     | base.base_page:202 | 获取定位器：home-public_resource_id = hanvon.aebr.hanvondrive:id/detailFileLayout
2025-09-03 15:12:58 | INFO     | base.base_page:180 | 处理完整资源ID: hanvon.aebr.hanvondrive:id/detailFileLayout
2025-09-03 15:13:00 | INFO     | base.base_page:342 | 点击元素：('id', 'hanvon.aebr.hanvondrive:id/detailFileLayout') [索引： 1]
2025-09-03 15:13:00 | INFO     | base.base_page:53 | 自动生成配置路径: data/locators/nut_login_page.yaml
2025-09-03 15:13:00 | INFO     | base.base_page:69 | 已加载配置文件: D:\clear6Trubo\data\locators\nut_login_page.yaml (for NutLoginPage)
2025-09-03 15:13:00 | INFO     | base.base_page:53 | 自动生成配置路径: data/locators/nut_login_page.yaml
2025-09-03 15:13:00 | INFO     | base.base_page:107 | 初始化页面: NutLoginPage | 平台: android
2025-09-03 15:13:00 | INFO     | base.base_page:202 | 获取定位器：nut_login_page-cancel_button = hanvon.aebr.hanvondrive:id/janCancel
2025-09-03 15:13:00 | INFO     | base.base_page:180 | 处理完整资源ID: hanvon.aebr.hanvondrive:id/janCancel
2025-09-03 15:13:00 | INFO     | base.base_page:202 | 获取定位器：nut_login_page-home_bind = hanvon.aebr.hanvondrive:id/drive_gridview
2025-09-03 15:13:00 | INFO     | base.base_page:180 | 处理完整资源ID: hanvon.aebr.hanvondrive:id/drive_gridview
2025-09-03 15:13:00 | INFO     | base.base_page:202 | 获取定位器：nut_login_page-item_name = hanvon.aebr.hanvondrive:id/itemNameTv
2025-09-03 15:13:00 | INFO     | base.base_page:180 | 处理完整资源ID: hanvon.aebr.hanvondrive:id/itemNameTv
2025-09-03 15:13:00 | INFO     | base.base_page:202 | 获取定位器：nut_login_page-password_field = hanvon.aebr.hanvondrive:id/passEt
2025-09-03 15:13:00 | INFO     | base.base_page:180 | 处理完整资源ID: hanvon.aebr.hanvondrive:id/passEt
2025-09-03 15:13:00 | INFO     | base.base_page:202 | 获取定位器：nut_login_page-return_button = hanvon.aebr.hanvondrive:id/bt_back
2025-09-03 15:13:00 | INFO     | base.base_page:180 | 处理完整资源ID: hanvon.aebr.hanvondrive:id/bt_back
2025-09-03 15:13:00 | INFO     | base.base_page:202 | 获取定位器：nut_login_page-show_password = hanvon.aebr.hanvondrive:id/showPass
2025-09-03 15:13:00 | INFO     | base.base_page:180 | 处理完整资源ID: hanvon.aebr.hanvondrive:id/showPass
2025-09-03 15:13:00 | INFO     | base.base_page:202 | 获取定位器：nut_login_page-sure_button = hanvon.aebr.hanvondrive:id/janSure
2025-09-03 15:13:00 | INFO     | base.base_page:180 | 处理完整资源ID: hanvon.aebr.hanvondrive:id/janSure
2025-09-03 15:13:00 | INFO     | base.base_page:202 | 获取定位器：nut_login_page-username_field = hanvon.aebr.hanvondrive:id/userEt
2025-09-03 15:13:00 | INFO     | base.base_page:180 | 处理完整资源ID: hanvon.aebr.hanvondrive:id/userEt
2025-09-03 15:13:00 | INFO     | utils.test_data_loader:13 | 项目根目录: D:\clear6Trubo
2025-09-03 15:13:00 | INFO     | utils.test_data_loader:19 | 完整文件路径: D:\clear6Trubo\data\test_data\login_data_positive.json
2025-09-03 15:13:00 | INFO     | utils.test_data_loader:20 | 文件存在: True
2025-09-03 15:13:00 | INFO     | base.base_page:202 | 获取定位器：nut_login_page-username_field = hanvon.aebr.hanvondrive:id/userEt
2025-09-03 15:13:00 | INFO     | base.base_page:180 | 处理完整资源ID: hanvon.aebr.hanvondrive:id/userEt
2025-09-03 15:13:02 | INFO     | base.base_page:288 | 输入文本到 ('id', 'hanvon.aebr.hanvondrive:id/userEt')：'liuxuefeng@hanwang.com.cn'
2025-09-03 15:13:02 | INFO     | base.base_page:202 | 获取定位器：nut_login_page-password_field = hanvon.aebr.hanvondrive:id/passEt
2025-09-03 15:13:02 | INFO     | base.base_page:180 | 处理完整资源ID: hanvon.aebr.hanvondrive:id/passEt
2025-09-03 15:13:04 | INFO     | base.base_page:288 | 输入文本到 ('id', 'hanvon.aebr.hanvondrive:id/passEt')：'ani2k9vrmac7epjp'
2025-09-03 15:13:04 | INFO     | base.base_page:202 | 获取定位器：nut_login_page-sure_button = hanvon.aebr.hanvondrive:id/janSure
2025-09-03 15:13:04 | INFO     | base.base_page:180 | 处理完整资源ID: hanvon.aebr.hanvondrive:id/janSure
2025-09-03 15:13:04 | INFO     | base.base_page:275 | 点击元素：('id', 'hanvon.aebr.hanvondrive:id/janSure')
2025-09-03 15:13:06 | INFO     | pages.nut_cloud_page.nut_login_page:92 | 成功绑定账号
2025-09-03 15:13:06 | INFO     | base.base_page:53 | 自动生成配置路径: data/locators/home_page.yaml
2025-09-03 15:13:06 | INFO     | base.base_page:69 | 已加载配置文件: D:\clear6Trubo\data\locators\home_page.yaml (for HomePage)
2025-09-03 15:13:06 | INFO     | base.base_page:53 | 自动生成配置路径: data/locators/home_page.yaml
2025-09-03 15:13:06 | INFO     | base.base_page:107 | 初始化页面: HomePage | 平台: android
2025-09-03 15:13:06 | INFO     | pages.nut_cloud_page.home_page:20 | 进入主页
2025-09-03 15:13:06 | INFO     | base.base_page:202 | 获取定位器：home-bind_cloud = hanvon.aebr.hanvondrive:id/tv_drive_type
2025-09-03 15:13:06 | INFO     | base.base_page:180 | 处理完整资源ID: hanvon.aebr.hanvondrive:id/tv_drive_type
2025-09-03 15:13:06 | INFO     | base.base_page:202 | 获取定位器：home-bind_cloud_window = hanvon.aebr.hanvondrive:id/dialog_title
2025-09-03 15:13:06 | INFO     | base.base_page:180 | 处理完整资源ID: hanvon.aebr.hanvondrive:id/dialog_title
2025-09-03 15:13:06 | INFO     | base.base_page:202 | 获取定位器：home-iv_nextpage = hanvon.aebr.hanvondrive:id/iv_nextpage
2025-09-03 15:13:06 | INFO     | base.base_page:180 | 处理完整资源ID: hanvon.aebr.hanvondrive:id/iv_nextpage
2025-09-03 15:13:06 | INFO     | base.base_page:202 | 获取定位器：home-iv_prepage = hanvon.aebr.hanvondrive:id/iv_prepage
2025-09-03 15:13:06 | INFO     | base.base_page:180 | 处理完整资源ID: hanvon.aebr.hanvondrive:id/iv_prepage
2025-09-03 15:13:06 | INFO     | base.base_page:202 | 获取定位器：home-more_view_window = hanvon.aebr.hanvondrive:id/tv_display
2025-09-03 15:13:06 | INFO     | base.base_page:180 | 处理完整资源ID: hanvon.aebr.hanvondrive:id/tv_display
2025-09-03 15:13:06 | INFO     | base.base_page:202 | 获取定位器：home-nut_cloud = hanvon.aebr.hanvondrive:id/drive_type
2025-09-03 15:13:06 | INFO     | base.base_page:180 | 处理完整资源ID: hanvon.aebr.hanvondrive:id/drive_type
2025-09-03 15:13:06 | INFO     | base.base_page:202 | 获取定位器：home-nut_file_id = xpath://*[@resource-id='hanvon.aebr.hanvondrive:id/fileGridTv']
2025-09-03 15:13:06 | INFO     | base.base_page:202 | 获取定位器：home-return_button = hanvon.aebr.hanvondrive:id/bt_back
2025-09-03 15:13:06 | INFO     | base.base_page:180 | 处理完整资源ID: hanvon.aebr.hanvondrive:id/bt_back
2025-09-03 15:13:06 | INFO     | base.base_page:202 | 获取定位器：home-view_more = hanvon.aebr.hanvondrive:id/bt_binddrive_set
2025-09-03 15:13:06 | INFO     | base.base_page:180 | 处理完整资源ID: hanvon.aebr.hanvondrive:id/bt_binddrive_set
2025-09-03 15:13:06 | INFO     | base.base_page:53 | 自动生成配置路径: data/locators/home_page.yaml
2025-09-03 15:13:06 | INFO     | base.base_page:53 | 自动生成配置路径: data/locators/home_page.yaml
2025-09-03 15:13:06 | INFO     | base.base_page:107 | 初始化页面: HomePage | 平台: android
2025-09-03 15:13:06 | INFO     | pages.nut_cloud_page.home_page:20 | 进入主页
2025-09-03 15:13:06 | INFO     | base.base_page:202 | 获取定位器：home-bind_cloud = hanvon.aebr.hanvondrive:id/tv_drive_type
2025-09-03 15:13:06 | INFO     | base.base_page:180 | 处理完整资源ID: hanvon.aebr.hanvondrive:id/tv_drive_type
2025-09-03 15:13:06 | INFO     | base.base_page:202 | 获取定位器：home-bind_cloud_window = hanvon.aebr.hanvondrive:id/dialog_title
2025-09-03 15:13:06 | INFO     | base.base_page:180 | 处理完整资源ID: hanvon.aebr.hanvondrive:id/dialog_title
2025-09-03 15:13:06 | INFO     | base.base_page:202 | 获取定位器：home-iv_nextpage = hanvon.aebr.hanvondrive:id/iv_nextpage
2025-09-03 15:13:06 | INFO     | base.base_page:180 | 处理完整资源ID: hanvon.aebr.hanvondrive:id/iv_nextpage
2025-09-03 15:13:06 | INFO     | base.base_page:202 | 获取定位器：home-iv_prepage = hanvon.aebr.hanvondrive:id/iv_prepage
2025-09-03 15:13:06 | INFO     | base.base_page:180 | 处理完整资源ID: hanvon.aebr.hanvondrive:id/iv_prepage
2025-09-03 15:13:06 | INFO     | base.base_page:202 | 获取定位器：home-more_view_window = hanvon.aebr.hanvondrive:id/tv_display
2025-09-03 15:13:06 | INFO     | base.base_page:180 | 处理完整资源ID: hanvon.aebr.hanvondrive:id/tv_display
2025-09-03 15:13:06 | INFO     | base.base_page:202 | 获取定位器：home-nut_cloud = hanvon.aebr.hanvondrive:id/drive_type
2025-09-03 15:13:06 | INFO     | base.base_page:180 | 处理完整资源ID: hanvon.aebr.hanvondrive:id/drive_type
2025-09-03 15:13:06 | INFO     | base.base_page:202 | 获取定位器：home-nut_file_id = xpath://*[@resource-id='hanvon.aebr.hanvondrive:id/fileGridTv']
2025-09-03 15:13:06 | INFO     | base.base_page:202 | 获取定位器：home-return_button = hanvon.aebr.hanvondrive:id/bt_back
2025-09-03 15:13:06 | INFO     | base.base_page:180 | 处理完整资源ID: hanvon.aebr.hanvondrive:id/bt_back
2025-09-03 15:13:06 | INFO     | base.base_page:202 | 获取定位器：home-view_more = hanvon.aebr.hanvondrive:id/bt_binddrive_set
2025-09-03 15:13:06 | INFO     | base.base_page:180 | 处理完整资源ID: hanvon.aebr.hanvondrive:id/bt_binddrive_set
2025-09-03 15:13:07 | INFO     | conftest:219 | 开始屏幕录制: D:\clear6Trubo\reports\videos\VIDEO_test_click_sure_button_20250903_151306.mp4
2025-09-03 15:13:07 | INFO     | base.base_page:53 | 自动生成配置路径: data/locators/details_page.yaml
2025-09-03 15:13:07 | INFO     | base.base_page:69 | 已加载配置文件: D:\clear6Trubo\data\locators\details_page.yaml (for DetailsPage)
2025-09-03 15:13:07 | INFO     | base.base_page:53 | 自动生成配置路径: data/locators/details_page.yaml
2025-09-03 15:13:07 | INFO     | base.base_page:107 | 初始化页面: DetailsPage | 平台: android
2025-09-03 15:13:07 | INFO     | pages.nut_cloud_page.details_page:17 | 进入主页
2025-09-03 15:13:07 | INFO     | base.base_page:202 | 获取定位器：details-account_button = hanvon.aebr.hanvondrive:id/tv_accout_detail
2025-09-03 15:13:07 | INFO     | base.base_page:180 | 处理完整资源ID: hanvon.aebr.hanvondrive:id/tv_accout_detail
2025-09-03 15:13:07 | INFO     | base.base_page:202 | 获取定位器：details-account_unbind = hanvon.aebr.hanvondrive:id/unbindTv
2025-09-03 15:13:07 | INFO     | base.base_page:180 | 处理完整资源ID: hanvon.aebr.hanvondrive:id/unbindTv
2025-09-03 15:13:07 | INFO     | base.base_page:202 | 获取定位器：details-close_button = hanvon.aebr.hanvondrive:id/dialog_close
2025-09-03 15:13:07 | INFO     | base.base_page:180 | 处理完整资源ID: hanvon.aebr.hanvondrive:id/dialog_close
2025-09-03 15:13:07 | INFO     | base.base_page:202 | 获取定位器：details-nut_cloud = hanvon.aebr.hanvondrive:id/drive_type
2025-09-03 15:13:07 | INFO     | base.base_page:180 | 处理完整资源ID: hanvon.aebr.hanvondrive:id/drive_type
2025-09-03 15:13:07 | INFO     | base.base_page:202 | 获取定位器：details-rename_button = hanvon.aebr.hanvondrive:id/tv_rename_drive
2025-09-03 15:13:07 | INFO     | base.base_page:180 | 处理完整资源ID: hanvon.aebr.hanvondrive:id/tv_rename_drive
2025-09-03 15:13:07 | INFO     | base.base_page:202 | 获取定位器：details-rename_window = hanvon.aebr.hanvondrive:id/dialog_title
2025-09-03 15:13:07 | INFO     | base.base_page:180 | 处理完整资源ID: hanvon.aebr.hanvondrive:id/dialog_title
2025-09-03 15:13:07 | INFO     | base.base_page:53 | 自动生成配置路径: data/locators/details_page.yaml
2025-09-03 15:13:07 | INFO     | base.base_page:53 | 自动生成配置路径: data/locators/details_page.yaml
2025-09-03 15:13:07 | INFO     | base.base_page:107 | 初始化页面: DetailsPage | 平台: android
2025-09-03 15:13:07 | INFO     | pages.nut_cloud_page.details_page:17 | 进入主页
2025-09-03 15:13:07 | INFO     | base.base_page:202 | 获取定位器：details-account_button = hanvon.aebr.hanvondrive:id/tv_accout_detail
2025-09-03 15:13:07 | INFO     | base.base_page:180 | 处理完整资源ID: hanvon.aebr.hanvondrive:id/tv_accout_detail
2025-09-03 15:13:07 | INFO     | base.base_page:202 | 获取定位器：details-account_unbind = hanvon.aebr.hanvondrive:id/unbindTv
2025-09-03 15:13:07 | INFO     | base.base_page:180 | 处理完整资源ID: hanvon.aebr.hanvondrive:id/unbindTv
2025-09-03 15:13:07 | INFO     | base.base_page:202 | 获取定位器：details-close_button = hanvon.aebr.hanvondrive:id/dialog_close
2025-09-03 15:13:07 | INFO     | base.base_page:180 | 处理完整资源ID: hanvon.aebr.hanvondrive:id/dialog_close
2025-09-03 15:13:07 | INFO     | base.base_page:202 | 获取定位器：details-nut_cloud = hanvon.aebr.hanvondrive:id/drive_type
2025-09-03 15:13:07 | INFO     | base.base_page:180 | 处理完整资源ID: hanvon.aebr.hanvondrive:id/drive_type
2025-09-03 15:13:07 | INFO     | base.base_page:202 | 获取定位器：details-rename_button = hanvon.aebr.hanvondrive:id/tv_rename_drive
2025-09-03 15:13:07 | INFO     | base.base_page:180 | 处理完整资源ID: hanvon.aebr.hanvondrive:id/tv_rename_drive
2025-09-03 15:13:07 | INFO     | base.base_page:202 | 获取定位器：details-rename_window = hanvon.aebr.hanvondrive:id/dialog_title
2025-09-03 15:13:07 | INFO     | base.base_page:180 | 处理完整资源ID: hanvon.aebr.hanvondrive:id/dialog_title
2025-09-03 15:13:07 | INFO     | base.base_page:202 | 获取定位器：home-nut_cloud = hanvon.aebr.hanvondrive:id/drive_type
2025-09-03 15:13:07 | INFO     | base.base_page:180 | 处理完整资源ID: hanvon.aebr.hanvondrive:id/drive_type
2025-09-03 15:13:10 | INFO     | base.base_page:465 | 成功长按元素: ('id', 'hanvon.aebr.hanvondrive:id/drive_type') (2.0秒)
2025-09-03 15:13:10 | INFO     | base.base_page:202 | 获取定位器：details-rename_button = hanvon.aebr.hanvondrive:id/tv_rename_drive
2025-09-03 15:13:10 | INFO     | base.base_page:180 | 处理完整资源ID: hanvon.aebr.hanvondrive:id/tv_rename_drive
2025-09-03 15:13:11 | INFO     | base.base_page:275 | 点击元素：('id', 'hanvon.aebr.hanvondrive:id/tv_rename_drive')
2025-09-03 15:13:11 | INFO     | base.base_page:202 | 获取定位器：details-rename_window = hanvon.aebr.hanvondrive:id/dialog_title
2025-09-03 15:13:11 | INFO     | base.base_page:180 | 处理完整资源ID: hanvon.aebr.hanvondrive:id/dialog_title
2025-09-03 15:13:11 | INFO     | base.base_page:368 | 元素已找到：<appium.webdriver.webelement.WebElement (session="b882e24d-f39a-43d5-a6e3-04a8261c463b", element="655c45fc-1a8f-47af-9af5-96330ab0e23f")>
2025-09-03 15:13:11 | INFO     | pages.nut_cloud_page.details_page:119 | 已返回到账户信息页
2025-09-03 15:13:11 | INFO     | base.base_page:53 | 自动生成配置路径: data/locators/account_rename_page.yaml
2025-09-03 15:13:11 | INFO     | base.base_page:69 | 已加载配置文件: D:\clear6Trubo\data\locators\account_rename_page.yaml (for AccountRenamePage)
2025-09-03 15:13:11 | INFO     | base.base_page:53 | 自动生成配置路径: data/locators/account_rename_page.yaml
2025-09-03 15:13:11 | INFO     | base.base_page:107 | 初始化页面: AccountRenamePage | 平台: android
2025-09-03 15:13:11 | INFO     | pages.nut_cloud_page.account_rename_page:15 | 进入主页
2025-09-03 15:13:11 | INFO     | base.base_page:202 | 获取定位器：account_rename-account_input = hanvon.aebr.hanvondrive:id/foldername_edittext
2025-09-03 15:13:11 | INFO     | base.base_page:180 | 处理完整资源ID: hanvon.aebr.hanvondrive:id/foldername_edittext
2025-09-03 15:13:11 | INFO     | base.base_page:202 | 获取定位器：account_rename-bind_cloud = hanvon.aebr.hanvondrive:id/tv_drive_type
2025-09-03 15:13:11 | INFO     | base.base_page:180 | 处理完整资源ID: hanvon.aebr.hanvondrive:id/tv_drive_type
2025-09-03 15:13:11 | INFO     | base.base_page:202 | 获取定位器：account_rename-cancel_button = hanvon.aebr.hanvondrive:id/dialog_cancel
2025-09-03 15:13:11 | INFO     | base.base_page:180 | 处理完整资源ID: hanvon.aebr.hanvondrive:id/dialog_cancel
2025-09-03 15:13:11 | INFO     | base.base_page:202 | 获取定位器：account_rename-delete_name = hanvon.aebr.hanvondrive:id/deleteTv
2025-09-03 15:13:11 | INFO     | base.base_page:180 | 处理完整资源ID: hanvon.aebr.hanvondrive:id/deleteTv
2025-09-03 15:13:11 | INFO     | base.base_page:202 | 获取定位器：account_rename-sure_button = hanvon.aebr.hanvondrive:id/dialog_sure
2025-09-03 15:13:11 | INFO     | base.base_page:180 | 处理完整资源ID: hanvon.aebr.hanvondrive:id/dialog_sure
2025-09-03 15:13:11 | INFO     | base.base_page:202 | 获取定位器：account_rename-tv_account = hanvon.aebr.hanvondrive:id/tv_accout
2025-09-03 15:13:11 | INFO     | base.base_page:180 | 处理完整资源ID: hanvon.aebr.hanvondrive:id/tv_accout
2025-09-03 15:13:11 | INFO     | base.base_page:202 | 获取定位器：account_rename-account_input = hanvon.aebr.hanvondrive:id/foldername_edittext
2025-09-03 15:13:11 | INFO     | base.base_page:180 | 处理完整资源ID: hanvon.aebr.hanvondrive:id/foldername_edittext
2025-09-03 15:13:11 | INFO     | base.base_page:202 | 获取定位器：account_rename-sure_button = hanvon.aebr.hanvondrive:id/dialog_sure
2025-09-03 15:13:11 | INFO     | base.base_page:180 | 处理完整资源ID: hanvon.aebr.hanvondrive:id/dialog_sure
2025-09-03 15:13:11 | INFO     | base.base_page:275 | 点击元素：('id', 'hanvon.aebr.hanvondrive:id/dialog_sure')
2025-09-03 15:13:11 | INFO     | base.base_page:202 | 获取定位器：account_rename-tv_account = hanvon.aebr.hanvondrive:id/tv_accout
2025-09-03 15:13:11 | INFO     | base.base_page:180 | 处理完整资源ID: hanvon.aebr.hanvondrive:id/tv_accout
2025-09-03 15:13:13 | INFO     | conftest:294 | 测试失败截图已保存: FAIL_CALL_testcase_nut_cloud_positive_account_rename_test_account_rename_positive_py_TestAccountRenamePositive_20250903_151312.png
2025-09-03 15:13:14 | INFO     | conftest:233 | 停止屏幕录制: D:\clear6Trubo\reports\videos\VIDEO_test_click_sure_button_20250903_151306.mp4
2025-09-03 15:13:14 | INFO     | conftest:239 | 屏幕录制已保存: D:\clear6Trubo\reports\videos\VIDEO_test_click_sure_button_20250903_151306.mp4
2025-09-03 15:13:15 | INFO     | conftest:346 | 已将录屏附加到Allure报告: VIDEO_test_click_sure_button_20250903_151306.mp4
2025-09-03 15:13:15 | INFO     | conftest:381 | ==================================================
2025-09-03 15:13:15 | INFO     | conftest:382 | 测试会话结束状态: 1
2025-09-03 15:13:15 | INFO     | conftest:383 | ==================================================
2025-09-03 15:17:14 | INFO     | conftest:162 | 已删除旧文件: FAIL_CALL_testcase_nut_cloud_positive_test_account_information_py_TestAccountInformationScenarios_test_click_u_20250828_163333.png
2025-09-03 15:17:14 | INFO     | conftest:162 | 已删除旧文件: VIDEO_test_input_account_name__u57fa_u7840_u91cd_u547d_u_20250903_140936.mp4
2025-09-03 15:17:14 | INFO     | utils.test_data_loader:13 | 项目根目录: D:\clear6Trubo
2025-09-03 15:17:14 | INFO     | utils.test_data_loader:19 | 完整文件路径: D:\clear6Trubo\data\test_data\positive_rename.json
2025-09-03 15:17:14 | INFO     | utils.test_data_loader:20 | 文件存在: True
2025-09-03 15:17:15 | INFO     | conftest:413 | ✅ 成功删除数据库文件: /storage/emulated/0/hwsys/database/clouds.db
2025-09-03 15:17:25 | INFO     | base.base_page:53 | 自动生成配置路径: data/locators/home_clouds_page.yaml
2025-09-03 15:17:25 | INFO     | base.base_page:69 | 已加载配置文件: D:\clear6Trubo\data\locators\home_clouds_page.yaml (for HomeCloudsPage)
2025-09-03 15:17:25 | INFO     | base.base_page:53 | 自动生成配置路径: data/locators/home_clouds_page.yaml
2025-09-03 15:17:25 | INFO     | base.base_page:107 | 初始化页面: HomeCloudsPage | 平台: android
2025-09-03 15:17:25 | INFO     | base.base_page:202 | 获取定位器：home-aliyun_home_id = com.Hanovn.HanovnBrowser:id/content_frame
2025-09-03 15:17:25 | INFO     | base.base_page:180 | 处理完整资源ID: com.Hanovn.HanovnBrowser:id/content_frame
2025-09-03 15:17:25 | INFO     | base.base_page:202 | 获取定位器：home-baidu_home_cloud_id = hanvon.aebr.hanvondrive:id/tv_drive
2025-09-03 15:17:25 | INFO     | base.base_page:180 | 处理完整资源ID: hanvon.aebr.hanvondrive:id/tv_drive
2025-09-03 15:17:25 | INFO     | base.base_page:202 | 获取定位器：home-nut_webdav_home_cloud_id = hanvon.aebr.hanvondrive:id/bt_back
2025-09-03 15:17:25 | INFO     | base.base_page:180 | 处理完整资源ID: hanvon.aebr.hanvondrive:id/bt_back
2025-09-03 15:17:25 | INFO     | base.base_page:202 | 获取定位器：home-onedrive_home_id = android:id/content
2025-09-03 15:17:25 | INFO     | base.base_page:180 | 处理完整资源ID: android:id/content
2025-09-03 15:17:25 | INFO     | base.base_page:202 | 获取定位器：home-public_resource_id = hanvon.aebr.hanvondrive:id/detailFileLayout
2025-09-03 15:17:25 | INFO     | base.base_page:180 | 处理完整资源ID: hanvon.aebr.hanvondrive:id/detailFileLayout
2025-09-03 15:17:25 | INFO     | base.base_page:53 | 自动生成配置路径: data/locators/home_clouds_page.yaml
2025-09-03 15:17:25 | INFO     | base.base_page:53 | 自动生成配置路径: data/locators/home_clouds_page.yaml
2025-09-03 15:17:25 | INFO     | base.base_page:107 | 初始化页面: HomeCloudsPage | 平台: android
2025-09-03 15:17:25 | INFO     | base.base_page:202 | 获取定位器：home-aliyun_home_id = com.Hanovn.HanovnBrowser:id/content_frame
2025-09-03 15:17:25 | INFO     | base.base_page:180 | 处理完整资源ID: com.Hanovn.HanovnBrowser:id/content_frame
2025-09-03 15:17:25 | INFO     | base.base_page:202 | 获取定位器：home-baidu_home_cloud_id = hanvon.aebr.hanvondrive:id/tv_drive
2025-09-03 15:17:25 | INFO     | base.base_page:180 | 处理完整资源ID: hanvon.aebr.hanvondrive:id/tv_drive
2025-09-03 15:17:25 | INFO     | base.base_page:202 | 获取定位器：home-nut_webdav_home_cloud_id = hanvon.aebr.hanvondrive:id/bt_back
2025-09-03 15:17:25 | INFO     | base.base_page:180 | 处理完整资源ID: hanvon.aebr.hanvondrive:id/bt_back
2025-09-03 15:17:25 | INFO     | base.base_page:202 | 获取定位器：home-onedrive_home_id = android:id/content
2025-09-03 15:17:25 | INFO     | base.base_page:180 | 处理完整资源ID: android:id/content
2025-09-03 15:17:25 | INFO     | base.base_page:202 | 获取定位器：home-public_resource_id = hanvon.aebr.hanvondrive:id/detailFileLayout
2025-09-03 15:17:25 | INFO     | base.base_page:180 | 处理完整资源ID: hanvon.aebr.hanvondrive:id/detailFileLayout
2025-09-03 15:17:25 | INFO     | base.base_page:202 | 获取定位器：home-public_resource_id = hanvon.aebr.hanvondrive:id/detailFileLayout
2025-09-03 15:17:25 | INFO     | base.base_page:180 | 处理完整资源ID: hanvon.aebr.hanvondrive:id/detailFileLayout
2025-09-03 15:17:27 | INFO     | base.base_page:342 | 点击元素：('id', 'hanvon.aebr.hanvondrive:id/detailFileLayout') [索引： 1]
2025-09-03 15:17:27 | INFO     | base.base_page:53 | 自动生成配置路径: data/locators/nut_login_page.yaml
2025-09-03 15:17:27 | INFO     | base.base_page:69 | 已加载配置文件: D:\clear6Trubo\data\locators\nut_login_page.yaml (for NutLoginPage)
2025-09-03 15:17:27 | INFO     | base.base_page:53 | 自动生成配置路径: data/locators/nut_login_page.yaml
2025-09-03 15:17:27 | INFO     | base.base_page:107 | 初始化页面: NutLoginPage | 平台: android
2025-09-03 15:17:27 | INFO     | base.base_page:202 | 获取定位器：nut_login_page-cancel_button = hanvon.aebr.hanvondrive:id/janCancel
2025-09-03 15:17:27 | INFO     | base.base_page:180 | 处理完整资源ID: hanvon.aebr.hanvondrive:id/janCancel
2025-09-03 15:17:27 | INFO     | base.base_page:202 | 获取定位器：nut_login_page-home_bind = hanvon.aebr.hanvondrive:id/drive_gridview
2025-09-03 15:17:27 | INFO     | base.base_page:180 | 处理完整资源ID: hanvon.aebr.hanvondrive:id/drive_gridview
2025-09-03 15:17:27 | INFO     | base.base_page:202 | 获取定位器：nut_login_page-item_name = hanvon.aebr.hanvondrive:id/itemNameTv
2025-09-03 15:17:27 | INFO     | base.base_page:180 | 处理完整资源ID: hanvon.aebr.hanvondrive:id/itemNameTv
2025-09-03 15:17:27 | INFO     | base.base_page:202 | 获取定位器：nut_login_page-password_field = hanvon.aebr.hanvondrive:id/passEt
2025-09-03 15:17:27 | INFO     | base.base_page:180 | 处理完整资源ID: hanvon.aebr.hanvondrive:id/passEt
2025-09-03 15:17:27 | INFO     | base.base_page:202 | 获取定位器：nut_login_page-return_button = hanvon.aebr.hanvondrive:id/bt_back
2025-09-03 15:17:27 | INFO     | base.base_page:180 | 处理完整资源ID: hanvon.aebr.hanvondrive:id/bt_back
2025-09-03 15:17:27 | INFO     | base.base_page:202 | 获取定位器：nut_login_page-show_password = hanvon.aebr.hanvondrive:id/showPass
2025-09-03 15:17:27 | INFO     | base.base_page:180 | 处理完整资源ID: hanvon.aebr.hanvondrive:id/showPass
2025-09-03 15:17:27 | INFO     | base.base_page:202 | 获取定位器：nut_login_page-sure_button = hanvon.aebr.hanvondrive:id/janSure
2025-09-03 15:17:27 | INFO     | base.base_page:180 | 处理完整资源ID: hanvon.aebr.hanvondrive:id/janSure
2025-09-03 15:17:27 | INFO     | base.base_page:202 | 获取定位器：nut_login_page-username_field = hanvon.aebr.hanvondrive:id/userEt
2025-09-03 15:17:27 | INFO     | base.base_page:180 | 处理完整资源ID: hanvon.aebr.hanvondrive:id/userEt
2025-09-03 15:17:27 | INFO     | utils.test_data_loader:13 | 项目根目录: D:\clear6Trubo
2025-09-03 15:17:27 | INFO     | utils.test_data_loader:19 | 完整文件路径: D:\clear6Trubo\data\test_data\login_data_positive.json
2025-09-03 15:17:27 | INFO     | utils.test_data_loader:20 | 文件存在: True
2025-09-03 15:17:27 | INFO     | base.base_page:202 | 获取定位器：nut_login_page-username_field = hanvon.aebr.hanvondrive:id/userEt
2025-09-03 15:17:27 | INFO     | base.base_page:180 | 处理完整资源ID: hanvon.aebr.hanvondrive:id/userEt
2025-09-03 15:17:28 | INFO     | base.base_page:288 | 输入文本到 ('id', 'hanvon.aebr.hanvondrive:id/userEt')：'liuxuefeng@hanwang.com.cn'
2025-09-03 15:17:28 | INFO     | base.base_page:202 | 获取定位器：nut_login_page-password_field = hanvon.aebr.hanvondrive:id/passEt
2025-09-03 15:17:28 | INFO     | base.base_page:180 | 处理完整资源ID: hanvon.aebr.hanvondrive:id/passEt
2025-09-03 15:17:29 | INFO     | base.base_page:288 | 输入文本到 ('id', 'hanvon.aebr.hanvondrive:id/passEt')：'ani2k9vrmac7epjp'
2025-09-03 15:17:29 | INFO     | base.base_page:202 | 获取定位器：nut_login_page-sure_button = hanvon.aebr.hanvondrive:id/janSure
2025-09-03 15:17:29 | INFO     | base.base_page:180 | 处理完整资源ID: hanvon.aebr.hanvondrive:id/janSure
2025-09-03 15:17:31 | INFO     | base.base_page:275 | 点击元素：('id', 'hanvon.aebr.hanvondrive:id/janSure')
2025-09-03 15:17:34 | INFO     | pages.nut_cloud_page.nut_login_page:92 | 成功绑定账号
2025-09-03 15:17:34 | INFO     | base.base_page:53 | 自动生成配置路径: data/locators/home_page.yaml
2025-09-03 15:17:34 | INFO     | base.base_page:69 | 已加载配置文件: D:\clear6Trubo\data\locators\home_page.yaml (for HomePage)
2025-09-03 15:17:34 | INFO     | base.base_page:53 | 自动生成配置路径: data/locators/home_page.yaml
2025-09-03 15:17:34 | INFO     | base.base_page:107 | 初始化页面: HomePage | 平台: android
2025-09-03 15:17:34 | INFO     | pages.nut_cloud_page.home_page:20 | 进入主页
2025-09-03 15:17:34 | INFO     | base.base_page:202 | 获取定位器：home-bind_cloud = hanvon.aebr.hanvondrive:id/tv_drive_type
2025-09-03 15:17:34 | INFO     | base.base_page:180 | 处理完整资源ID: hanvon.aebr.hanvondrive:id/tv_drive_type
2025-09-03 15:17:34 | INFO     | base.base_page:202 | 获取定位器：home-bind_cloud_window = hanvon.aebr.hanvondrive:id/dialog_title
2025-09-03 15:17:34 | INFO     | base.base_page:180 | 处理完整资源ID: hanvon.aebr.hanvondrive:id/dialog_title
2025-09-03 15:17:34 | INFO     | base.base_page:202 | 获取定位器：home-iv_nextpage = hanvon.aebr.hanvondrive:id/iv_nextpage
2025-09-03 15:17:34 | INFO     | base.base_page:180 | 处理完整资源ID: hanvon.aebr.hanvondrive:id/iv_nextpage
2025-09-03 15:17:34 | INFO     | base.base_page:202 | 获取定位器：home-iv_prepage = hanvon.aebr.hanvondrive:id/iv_prepage
2025-09-03 15:17:34 | INFO     | base.base_page:180 | 处理完整资源ID: hanvon.aebr.hanvondrive:id/iv_prepage
2025-09-03 15:17:34 | INFO     | base.base_page:202 | 获取定位器：home-more_view_window = hanvon.aebr.hanvondrive:id/tv_display
2025-09-03 15:17:34 | INFO     | base.base_page:180 | 处理完整资源ID: hanvon.aebr.hanvondrive:id/tv_display
2025-09-03 15:17:34 | INFO     | base.base_page:202 | 获取定位器：home-nut_cloud = hanvon.aebr.hanvondrive:id/drive_type
2025-09-03 15:17:34 | INFO     | base.base_page:180 | 处理完整资源ID: hanvon.aebr.hanvondrive:id/drive_type
2025-09-03 15:17:34 | INFO     | base.base_page:202 | 获取定位器：home-nut_file_id = xpath://*[@resource-id='hanvon.aebr.hanvondrive:id/fileGridTv']
2025-09-03 15:17:34 | INFO     | base.base_page:202 | 获取定位器：home-return_button = hanvon.aebr.hanvondrive:id/bt_back
2025-09-03 15:17:34 | INFO     | base.base_page:180 | 处理完整资源ID: hanvon.aebr.hanvondrive:id/bt_back
2025-09-03 15:17:34 | INFO     | base.base_page:202 | 获取定位器：home-view_more = hanvon.aebr.hanvondrive:id/bt_binddrive_set
2025-09-03 15:17:34 | INFO     | base.base_page:180 | 处理完整资源ID: hanvon.aebr.hanvondrive:id/bt_binddrive_set
2025-09-03 15:17:34 | INFO     | base.base_page:53 | 自动生成配置路径: data/locators/home_page.yaml
2025-09-03 15:17:34 | INFO     | base.base_page:53 | 自动生成配置路径: data/locators/home_page.yaml
2025-09-03 15:17:34 | INFO     | base.base_page:107 | 初始化页面: HomePage | 平台: android
2025-09-03 15:17:34 | INFO     | pages.nut_cloud_page.home_page:20 | 进入主页
2025-09-03 15:17:34 | INFO     | base.base_page:202 | 获取定位器：home-bind_cloud = hanvon.aebr.hanvondrive:id/tv_drive_type
2025-09-03 15:17:34 | INFO     | base.base_page:180 | 处理完整资源ID: hanvon.aebr.hanvondrive:id/tv_drive_type
2025-09-03 15:17:34 | INFO     | base.base_page:202 | 获取定位器：home-bind_cloud_window = hanvon.aebr.hanvondrive:id/dialog_title
2025-09-03 15:17:34 | INFO     | base.base_page:180 | 处理完整资源ID: hanvon.aebr.hanvondrive:id/dialog_title
2025-09-03 15:17:34 | INFO     | base.base_page:202 | 获取定位器：home-iv_nextpage = hanvon.aebr.hanvondrive:id/iv_nextpage
2025-09-03 15:17:34 | INFO     | base.base_page:180 | 处理完整资源ID: hanvon.aebr.hanvondrive:id/iv_nextpage
2025-09-03 15:17:34 | INFO     | base.base_page:202 | 获取定位器：home-iv_prepage = hanvon.aebr.hanvondrive:id/iv_prepage
2025-09-03 15:17:34 | INFO     | base.base_page:180 | 处理完整资源ID: hanvon.aebr.hanvondrive:id/iv_prepage
2025-09-03 15:17:34 | INFO     | base.base_page:202 | 获取定位器：home-more_view_window = hanvon.aebr.hanvondrive:id/tv_display
2025-09-03 15:17:34 | INFO     | base.base_page:180 | 处理完整资源ID: hanvon.aebr.hanvondrive:id/tv_display
2025-09-03 15:17:34 | INFO     | base.base_page:202 | 获取定位器：home-nut_cloud = hanvon.aebr.hanvondrive:id/drive_type
2025-09-03 15:17:34 | INFO     | base.base_page:180 | 处理完整资源ID: hanvon.aebr.hanvondrive:id/drive_type
2025-09-03 15:17:34 | INFO     | base.base_page:202 | 获取定位器：home-nut_file_id = xpath://*[@resource-id='hanvon.aebr.hanvondrive:id/fileGridTv']
2025-09-03 15:17:34 | INFO     | base.base_page:202 | 获取定位器：home-return_button = hanvon.aebr.hanvondrive:id/bt_back
2025-09-03 15:17:34 | INFO     | base.base_page:180 | 处理完整资源ID: hanvon.aebr.hanvondrive:id/bt_back
2025-09-03 15:17:34 | INFO     | base.base_page:202 | 获取定位器：home-view_more = hanvon.aebr.hanvondrive:id/bt_binddrive_set
2025-09-03 15:17:34 | INFO     | base.base_page:180 | 处理完整资源ID: hanvon.aebr.hanvondrive:id/bt_binddrive_set
2025-09-03 15:17:34 | INFO     | conftest:219 | 开始屏幕录制: D:\clear6Trubo\reports\videos\VIDEO_test_input_account_name_sure__u57fa_u7840_u91cd_u5_20250903_151734.mp4
2025-09-03 15:17:34 | INFO     | base.base_page:53 | 自动生成配置路径: data/locators/details_page.yaml
2025-09-03 15:17:34 | INFO     | base.base_page:69 | 已加载配置文件: D:\clear6Trubo\data\locators\details_page.yaml (for DetailsPage)
2025-09-03 15:17:34 | INFO     | base.base_page:53 | 自动生成配置路径: data/locators/details_page.yaml
2025-09-03 15:17:34 | INFO     | base.base_page:107 | 初始化页面: DetailsPage | 平台: android
2025-09-03 15:17:34 | INFO     | pages.nut_cloud_page.details_page:17 | 进入主页
2025-09-03 15:17:34 | INFO     | base.base_page:202 | 获取定位器：details-account_button = hanvon.aebr.hanvondrive:id/tv_accout_detail
2025-09-03 15:17:34 | INFO     | base.base_page:180 | 处理完整资源ID: hanvon.aebr.hanvondrive:id/tv_accout_detail
2025-09-03 15:17:34 | INFO     | base.base_page:202 | 获取定位器：details-account_unbind = hanvon.aebr.hanvondrive:id/unbindTv
2025-09-03 15:17:34 | INFO     | base.base_page:180 | 处理完整资源ID: hanvon.aebr.hanvondrive:id/unbindTv
2025-09-03 15:17:34 | INFO     | base.base_page:202 | 获取定位器：details-close_button = hanvon.aebr.hanvondrive:id/dialog_close
2025-09-03 15:17:34 | INFO     | base.base_page:180 | 处理完整资源ID: hanvon.aebr.hanvondrive:id/dialog_close
2025-09-03 15:17:34 | INFO     | base.base_page:202 | 获取定位器：details-nut_cloud = hanvon.aebr.hanvondrive:id/drive_type
2025-09-03 15:17:34 | INFO     | base.base_page:180 | 处理完整资源ID: hanvon.aebr.hanvondrive:id/drive_type
2025-09-03 15:17:34 | INFO     | base.base_page:202 | 获取定位器：details-rename_button = hanvon.aebr.hanvondrive:id/tv_rename_drive
2025-09-03 15:17:34 | INFO     | base.base_page:180 | 处理完整资源ID: hanvon.aebr.hanvondrive:id/tv_rename_drive
2025-09-03 15:17:34 | INFO     | base.base_page:202 | 获取定位器：details-rename_window = hanvon.aebr.hanvondrive:id/dialog_title
2025-09-03 15:17:34 | INFO     | base.base_page:180 | 处理完整资源ID: hanvon.aebr.hanvondrive:id/dialog_title
2025-09-03 15:17:34 | INFO     | base.base_page:53 | 自动生成配置路径: data/locators/details_page.yaml
2025-09-03 15:17:34 | INFO     | base.base_page:53 | 自动生成配置路径: data/locators/details_page.yaml
2025-09-03 15:17:34 | INFO     | base.base_page:107 | 初始化页面: DetailsPage | 平台: android
2025-09-03 15:17:34 | INFO     | pages.nut_cloud_page.details_page:17 | 进入主页
2025-09-03 15:17:34 | INFO     | base.base_page:202 | 获取定位器：details-account_button = hanvon.aebr.hanvondrive:id/tv_accout_detail
2025-09-03 15:17:34 | INFO     | base.base_page:180 | 处理完整资源ID: hanvon.aebr.hanvondrive:id/tv_accout_detail
2025-09-03 15:17:34 | INFO     | base.base_page:202 | 获取定位器：details-account_unbind = hanvon.aebr.hanvondrive:id/unbindTv
2025-09-03 15:17:34 | INFO     | base.base_page:180 | 处理完整资源ID: hanvon.aebr.hanvondrive:id/unbindTv
2025-09-03 15:17:34 | INFO     | base.base_page:202 | 获取定位器：details-close_button = hanvon.aebr.hanvondrive:id/dialog_close
2025-09-03 15:17:34 | INFO     | base.base_page:180 | 处理完整资源ID: hanvon.aebr.hanvondrive:id/dialog_close
2025-09-03 15:17:34 | INFO     | base.base_page:202 | 获取定位器：details-nut_cloud = hanvon.aebr.hanvondrive:id/drive_type
2025-09-03 15:17:34 | INFO     | base.base_page:180 | 处理完整资源ID: hanvon.aebr.hanvondrive:id/drive_type
2025-09-03 15:17:34 | INFO     | base.base_page:202 | 获取定位器：details-rename_button = hanvon.aebr.hanvondrive:id/tv_rename_drive
2025-09-03 15:17:34 | INFO     | base.base_page:180 | 处理完整资源ID: hanvon.aebr.hanvondrive:id/tv_rename_drive
2025-09-03 15:17:34 | INFO     | base.base_page:202 | 获取定位器：details-rename_window = hanvon.aebr.hanvondrive:id/dialog_title
2025-09-03 15:17:34 | INFO     | base.base_page:180 | 处理完整资源ID: hanvon.aebr.hanvondrive:id/dialog_title
2025-09-03 15:17:34 | INFO     | base.base_page:202 | 获取定位器：home-nut_cloud = hanvon.aebr.hanvondrive:id/drive_type
2025-09-03 15:17:34 | INFO     | base.base_page:180 | 处理完整资源ID: hanvon.aebr.hanvondrive:id/drive_type
2025-09-03 15:17:37 | INFO     | base.base_page:465 | 成功长按元素: ('id', 'hanvon.aebr.hanvondrive:id/drive_type') (2.0秒)
2025-09-03 15:17:37 | INFO     | base.base_page:202 | 获取定位器：details-rename_button = hanvon.aebr.hanvondrive:id/tv_rename_drive
2025-09-03 15:17:37 | INFO     | base.base_page:180 | 处理完整资源ID: hanvon.aebr.hanvondrive:id/tv_rename_drive
2025-09-03 15:17:38 | INFO     | base.base_page:275 | 点击元素：('id', 'hanvon.aebr.hanvondrive:id/tv_rename_drive')
2025-09-03 15:17:38 | INFO     | base.base_page:202 | 获取定位器：details-rename_window = hanvon.aebr.hanvondrive:id/dialog_title
2025-09-03 15:17:38 | INFO     | base.base_page:180 | 处理完整资源ID: hanvon.aebr.hanvondrive:id/dialog_title
2025-09-03 15:17:38 | INFO     | base.base_page:368 | 元素已找到：<appium.webdriver.webelement.WebElement (session="642ccf78-d409-4bae-bc4e-b361ad7c68b4", element="6b428430-6b6a-4546-8a88-7829972cb57e")>
2025-09-03 15:17:38 | INFO     | pages.nut_cloud_page.details_page:119 | 已返回到账户信息页
2025-09-03 15:17:38 | INFO     | base.base_page:53 | 自动生成配置路径: data/locators/account_rename_page.yaml
2025-09-03 15:17:38 | INFO     | base.base_page:69 | 已加载配置文件: D:\clear6Trubo\data\locators\account_rename_page.yaml (for AccountRenamePage)
2025-09-03 15:17:38 | INFO     | base.base_page:53 | 自动生成配置路径: data/locators/account_rename_page.yaml
2025-09-03 15:17:38 | INFO     | base.base_page:107 | 初始化页面: AccountRenamePage | 平台: android
2025-09-03 15:17:38 | INFO     | pages.nut_cloud_page.account_rename_page:15 | 进入主页
2025-09-03 15:17:38 | INFO     | base.base_page:202 | 获取定位器：account_rename-account_input = hanvon.aebr.hanvondrive:id/foldername_edittext
2025-09-03 15:17:38 | INFO     | base.base_page:180 | 处理完整资源ID: hanvon.aebr.hanvondrive:id/foldername_edittext
2025-09-03 15:17:38 | INFO     | base.base_page:202 | 获取定位器：account_rename-bind_cloud = hanvon.aebr.hanvondrive:id/tv_drive_type
2025-09-03 15:17:38 | INFO     | base.base_page:180 | 处理完整资源ID: hanvon.aebr.hanvondrive:id/tv_drive_type
2025-09-03 15:17:38 | INFO     | base.base_page:202 | 获取定位器：account_rename-cancel_button = hanvon.aebr.hanvondrive:id/dialog_cancel
2025-09-03 15:17:38 | INFO     | base.base_page:180 | 处理完整资源ID: hanvon.aebr.hanvondrive:id/dialog_cancel
2025-09-03 15:17:38 | INFO     | base.base_page:202 | 获取定位器：account_rename-delete_name = hanvon.aebr.hanvondrive:id/deleteTv
2025-09-03 15:17:38 | INFO     | base.base_page:180 | 处理完整资源ID: hanvon.aebr.hanvondrive:id/deleteTv
2025-09-03 15:17:38 | INFO     | base.base_page:202 | 获取定位器：account_rename-sure_button = hanvon.aebr.hanvondrive:id/dialog_sure
2025-09-03 15:17:38 | INFO     | base.base_page:180 | 处理完整资源ID: hanvon.aebr.hanvondrive:id/dialog_sure
2025-09-03 15:17:38 | INFO     | base.base_page:202 | 获取定位器：account_rename-tv_account = hanvon.aebr.hanvondrive:id/tv_accout
2025-09-03 15:17:38 | INFO     | base.base_page:180 | 处理完整资源ID: hanvon.aebr.hanvondrive:id/tv_accout
2025-09-03 15:17:38 | INFO     | base.base_page:202 | 获取定位器：account_rename-account_input = hanvon.aebr.hanvondrive:id/foldername_edittext
2025-09-03 15:17:38 | INFO     | base.base_page:180 | 处理完整资源ID: hanvon.aebr.hanvondrive:id/foldername_edittext
2025-09-03 15:17:39 | INFO     | base.base_page:288 | 输入文本到 ('id', 'hanvon.aebr.hanvondrive:id/foldername_edittext')：'NewAccountName'
2025-09-03 15:17:39 | INFO     | pages.nut_cloud_page.account_rename_page:44 | 账户名称输入值为：NewAccountName
2025-09-03 15:17:39 | INFO     | base.base_page:202 | 获取定位器：account_rename-account_input = hanvon.aebr.hanvondrive:id/foldername_edittext
2025-09-03 15:17:39 | INFO     | base.base_page:180 | 处理完整资源ID: hanvon.aebr.hanvondrive:id/foldername_edittext
2025-09-03 15:17:40 | INFO     | base.base_page:202 | 获取定位器：account_rename-account_input = hanvon.aebr.hanvondrive:id/foldername_edittext
2025-09-03 15:17:40 | INFO     | base.base_page:180 | 处理完整资源ID: hanvon.aebr.hanvondrive:id/foldername_edittext
2025-09-03 15:17:40 | INFO     | base.base_page:202 | 获取定位器：account_rename-sure_button = hanvon.aebr.hanvondrive:id/dialog_sure
2025-09-03 15:17:40 | INFO     | base.base_page:180 | 处理完整资源ID: hanvon.aebr.hanvondrive:id/dialog_sure
2025-09-03 15:17:40 | INFO     | base.base_page:275 | 点击元素：('id', 'hanvon.aebr.hanvondrive:id/dialog_sure')
2025-09-03 15:17:40 | INFO     | base.base_page:202 | 获取定位器：account_rename-tv_account = hanvon.aebr.hanvondrive:id/tv_accout
2025-09-03 15:17:40 | INFO     | base.base_page:180 | 处理完整资源ID: hanvon.aebr.hanvondrive:id/tv_accout
2025-09-03 15:17:41 | INFO     | base.base_page:498 | ✅ Toast 验证成功 | 预期: '重命名成功' | 实际: '重命名成功'
2025-09-03 15:17:42 | INFO     | conftest:233 | 停止屏幕录制: D:\clear6Trubo\reports\videos\VIDEO_test_input_account_name_sure__u57fa_u7840_u91cd_u5_20250903_151734.mp4
2025-09-03 15:17:42 | INFO     | conftest:239 | 屏幕录制已保存: D:\clear6Trubo\reports\videos\VIDEO_test_input_account_name_sure__u57fa_u7840_u91cd_u5_20250903_151734.mp4
2025-09-03 15:17:42 | INFO     | conftest:346 | 已将录屏附加到Allure报告: VIDEO_test_input_account_name_sure__u57fa_u7840_u91cd_u5_20250903_151734.mp4
2025-09-03 15:17:43 | INFO     | conftest:219 | 开始屏幕录制: D:\clear6Trubo\reports\videos\VIDEO_test_input_account_name_sure__u4e2d_u6587_u540d_u7_20250903_151742.mp4
2025-09-03 15:17:43 | INFO     | base.base_page:53 | 自动生成配置路径: data/locators/details_page.yaml
2025-09-03 15:17:43 | INFO     | base.base_page:53 | 自动生成配置路径: data/locators/details_page.yaml
2025-09-03 15:17:43 | INFO     | base.base_page:107 | 初始化页面: DetailsPage | 平台: android
2025-09-03 15:17:43 | INFO     | pages.nut_cloud_page.details_page:17 | 进入主页
2025-09-03 15:17:43 | INFO     | base.base_page:202 | 获取定位器：details-account_button = hanvon.aebr.hanvondrive:id/tv_accout_detail
2025-09-03 15:17:43 | INFO     | base.base_page:180 | 处理完整资源ID: hanvon.aebr.hanvondrive:id/tv_accout_detail
2025-09-03 15:17:43 | INFO     | base.base_page:202 | 获取定位器：details-account_unbind = hanvon.aebr.hanvondrive:id/unbindTv
2025-09-03 15:17:43 | INFO     | base.base_page:180 | 处理完整资源ID: hanvon.aebr.hanvondrive:id/unbindTv
2025-09-03 15:17:43 | INFO     | base.base_page:202 | 获取定位器：details-close_button = hanvon.aebr.hanvondrive:id/dialog_close
2025-09-03 15:17:43 | INFO     | base.base_page:180 | 处理完整资源ID: hanvon.aebr.hanvondrive:id/dialog_close
2025-09-03 15:17:43 | INFO     | base.base_page:202 | 获取定位器：details-nut_cloud = hanvon.aebr.hanvondrive:id/drive_type
2025-09-03 15:17:43 | INFO     | base.base_page:180 | 处理完整资源ID: hanvon.aebr.hanvondrive:id/drive_type
2025-09-03 15:17:43 | INFO     | base.base_page:202 | 获取定位器：details-rename_button = hanvon.aebr.hanvondrive:id/tv_rename_drive
2025-09-03 15:17:43 | INFO     | base.base_page:180 | 处理完整资源ID: hanvon.aebr.hanvondrive:id/tv_rename_drive
2025-09-03 15:17:43 | INFO     | base.base_page:202 | 获取定位器：details-rename_window = hanvon.aebr.hanvondrive:id/dialog_title
2025-09-03 15:17:43 | INFO     | base.base_page:180 | 处理完整资源ID: hanvon.aebr.hanvondrive:id/dialog_title
2025-09-03 15:17:43 | INFO     | base.base_page:53 | 自动生成配置路径: data/locators/details_page.yaml
2025-09-03 15:17:43 | INFO     | base.base_page:53 | 自动生成配置路径: data/locators/details_page.yaml
2025-09-03 15:17:43 | INFO     | base.base_page:107 | 初始化页面: DetailsPage | 平台: android
2025-09-03 15:17:43 | INFO     | pages.nut_cloud_page.details_page:17 | 进入主页
2025-09-03 15:17:43 | INFO     | base.base_page:202 | 获取定位器：details-account_button = hanvon.aebr.hanvondrive:id/tv_accout_detail
2025-09-03 15:17:43 | INFO     | base.base_page:180 | 处理完整资源ID: hanvon.aebr.hanvondrive:id/tv_accout_detail
2025-09-03 15:17:43 | INFO     | base.base_page:202 | 获取定位器：details-account_unbind = hanvon.aebr.hanvondrive:id/unbindTv
2025-09-03 15:17:43 | INFO     | base.base_page:180 | 处理完整资源ID: hanvon.aebr.hanvondrive:id/unbindTv
2025-09-03 15:17:43 | INFO     | base.base_page:202 | 获取定位器：details-close_button = hanvon.aebr.hanvondrive:id/dialog_close
2025-09-03 15:17:43 | INFO     | base.base_page:180 | 处理完整资源ID: hanvon.aebr.hanvondrive:id/dialog_close
2025-09-03 15:17:43 | INFO     | base.base_page:202 | 获取定位器：details-nut_cloud = hanvon.aebr.hanvondrive:id/drive_type
2025-09-03 15:17:43 | INFO     | base.base_page:180 | 处理完整资源ID: hanvon.aebr.hanvondrive:id/drive_type
2025-09-03 15:17:43 | INFO     | base.base_page:202 | 获取定位器：details-rename_button = hanvon.aebr.hanvondrive:id/tv_rename_drive
2025-09-03 15:17:43 | INFO     | base.base_page:180 | 处理完整资源ID: hanvon.aebr.hanvondrive:id/tv_rename_drive
2025-09-03 15:17:43 | INFO     | base.base_page:202 | 获取定位器：details-rename_window = hanvon.aebr.hanvondrive:id/dialog_title
2025-09-03 15:17:43 | INFO     | base.base_page:180 | 处理完整资源ID: hanvon.aebr.hanvondrive:id/dialog_title
2025-09-03 15:17:43 | INFO     | base.base_page:202 | 获取定位器：home-nut_cloud = hanvon.aebr.hanvondrive:id/drive_type
2025-09-03 15:17:43 | INFO     | base.base_page:180 | 处理完整资源ID: hanvon.aebr.hanvondrive:id/drive_type
2025-09-03 15:17:45 | INFO     | base.base_page:465 | 成功长按元素: ('id', 'hanvon.aebr.hanvondrive:id/drive_type') (2.0秒)
2025-09-03 15:17:45 | INFO     | base.base_page:202 | 获取定位器：details-rename_button = hanvon.aebr.hanvondrive:id/tv_rename_drive
2025-09-03 15:17:45 | INFO     | base.base_page:180 | 处理完整资源ID: hanvon.aebr.hanvondrive:id/tv_rename_drive
2025-09-03 15:17:47 | INFO     | base.base_page:275 | 点击元素：('id', 'hanvon.aebr.hanvondrive:id/tv_rename_drive')
2025-09-03 15:17:47 | INFO     | base.base_page:202 | 获取定位器：details-rename_window = hanvon.aebr.hanvondrive:id/dialog_title
2025-09-03 15:17:47 | INFO     | base.base_page:180 | 处理完整资源ID: hanvon.aebr.hanvondrive:id/dialog_title
2025-09-03 15:17:47 | INFO     | base.base_page:368 | 元素已找到：<appium.webdriver.webelement.WebElement (session="642ccf78-d409-4bae-bc4e-b361ad7c68b4", element="e7469a63-7240-4755-9509-2895666012f6")>
2025-09-03 15:17:47 | INFO     | pages.nut_cloud_page.details_page:119 | 已返回到账户信息页
2025-09-03 15:17:47 | INFO     | base.base_page:53 | 自动生成配置路径: data/locators/account_rename_page.yaml
2025-09-03 15:17:47 | INFO     | base.base_page:53 | 自动生成配置路径: data/locators/account_rename_page.yaml
2025-09-03 15:17:47 | INFO     | base.base_page:107 | 初始化页面: AccountRenamePage | 平台: android
2025-09-03 15:17:47 | INFO     | pages.nut_cloud_page.account_rename_page:15 | 进入主页
2025-09-03 15:17:47 | INFO     | base.base_page:202 | 获取定位器：account_rename-account_input = hanvon.aebr.hanvondrive:id/foldername_edittext
2025-09-03 15:17:47 | INFO     | base.base_page:180 | 处理完整资源ID: hanvon.aebr.hanvondrive:id/foldername_edittext
2025-09-03 15:17:47 | INFO     | base.base_page:202 | 获取定位器：account_rename-bind_cloud = hanvon.aebr.hanvondrive:id/tv_drive_type
2025-09-03 15:17:47 | INFO     | base.base_page:180 | 处理完整资源ID: hanvon.aebr.hanvondrive:id/tv_drive_type
2025-09-03 15:17:47 | INFO     | base.base_page:202 | 获取定位器：account_rename-cancel_button = hanvon.aebr.hanvondrive:id/dialog_cancel
2025-09-03 15:17:47 | INFO     | base.base_page:180 | 处理完整资源ID: hanvon.aebr.hanvondrive:id/dialog_cancel
2025-09-03 15:17:47 | INFO     | base.base_page:202 | 获取定位器：account_rename-delete_name = hanvon.aebr.hanvondrive:id/deleteTv
2025-09-03 15:17:47 | INFO     | base.base_page:180 | 处理完整资源ID: hanvon.aebr.hanvondrive:id/deleteTv
2025-09-03 15:17:47 | INFO     | base.base_page:202 | 获取定位器：account_rename-sure_button = hanvon.aebr.hanvondrive:id/dialog_sure
2025-09-03 15:17:47 | INFO     | base.base_page:180 | 处理完整资源ID: hanvon.aebr.hanvondrive:id/dialog_sure
2025-09-03 15:17:47 | INFO     | base.base_page:202 | 获取定位器：account_rename-tv_account = hanvon.aebr.hanvondrive:id/tv_accout
2025-09-03 15:17:47 | INFO     | base.base_page:180 | 处理完整资源ID: hanvon.aebr.hanvondrive:id/tv_accout
2025-09-03 15:17:47 | INFO     | base.base_page:202 | 获取定位器：account_rename-account_input = hanvon.aebr.hanvondrive:id/foldername_edittext
2025-09-03 15:17:47 | INFO     | base.base_page:180 | 处理完整资源ID: hanvon.aebr.hanvondrive:id/foldername_edittext
2025-09-03 15:17:48 | INFO     | base.base_page:288 | 输入文本到 ('id', 'hanvon.aebr.hanvondrive:id/foldername_edittext')：'汉王科技账户'
2025-09-03 15:17:48 | INFO     | pages.nut_cloud_page.account_rename_page:44 | 账户名称输入值为：汉王科技账户
2025-09-03 15:17:48 | INFO     | base.base_page:202 | 获取定位器：account_rename-account_input = hanvon.aebr.hanvondrive:id/foldername_edittext
2025-09-03 15:17:48 | INFO     | base.base_page:180 | 处理完整资源ID: hanvon.aebr.hanvondrive:id/foldername_edittext
2025-09-03 15:17:49 | INFO     | base.base_page:202 | 获取定位器：account_rename-account_input = hanvon.aebr.hanvondrive:id/foldername_edittext
2025-09-03 15:17:49 | INFO     | base.base_page:180 | 处理完整资源ID: hanvon.aebr.hanvondrive:id/foldername_edittext
2025-09-03 15:17:49 | INFO     | base.base_page:202 | 获取定位器：account_rename-sure_button = hanvon.aebr.hanvondrive:id/dialog_sure
2025-09-03 15:17:49 | INFO     | base.base_page:180 | 处理完整资源ID: hanvon.aebr.hanvondrive:id/dialog_sure
2025-09-03 15:17:49 | INFO     | base.base_page:275 | 点击元素：('id', 'hanvon.aebr.hanvondrive:id/dialog_sure')
2025-09-03 15:17:49 | INFO     | base.base_page:202 | 获取定位器：account_rename-tv_account = hanvon.aebr.hanvondrive:id/tv_accout
2025-09-03 15:17:49 | INFO     | base.base_page:180 | 处理完整资源ID: hanvon.aebr.hanvondrive:id/tv_accout
2025-09-03 15:17:50 | INFO     | base.base_page:498 | ✅ Toast 验证成功 | 预期: '重命名成功' | 实际: '重命名成功'
2025-09-03 15:17:51 | INFO     | conftest:233 | 停止屏幕录制: D:\clear6Trubo\reports\videos\VIDEO_test_input_account_name_sure__u4e2d_u6587_u540d_u7_20250903_151742.mp4
2025-09-03 15:17:51 | INFO     | conftest:239 | 屏幕录制已保存: D:\clear6Trubo\reports\videos\VIDEO_test_input_account_name_sure__u4e2d_u6587_u540d_u7_20250903_151742.mp4
2025-09-03 15:17:51 | INFO     | conftest:346 | 已将录屏附加到Allure报告: VIDEO_test_input_account_name_sure__u4e2d_u6587_u540d_u7_20250903_151742.mp4
2025-09-03 15:17:52 | INFO     | conftest:219 | 开始屏幕录制: D:\clear6Trubo\reports\videos\VIDEO_test_input_account_name_sure__u7279_u6b8a_u5b57_u7_20250903_151751.mp4
2025-09-03 15:17:52 | INFO     | base.base_page:53 | 自动生成配置路径: data/locators/details_page.yaml
2025-09-03 15:17:52 | INFO     | base.base_page:53 | 自动生成配置路径: data/locators/details_page.yaml
2025-09-03 15:17:52 | INFO     | base.base_page:107 | 初始化页面: DetailsPage | 平台: android
2025-09-03 15:17:52 | INFO     | pages.nut_cloud_page.details_page:17 | 进入主页
2025-09-03 15:17:52 | INFO     | base.base_page:202 | 获取定位器：details-account_button = hanvon.aebr.hanvondrive:id/tv_accout_detail
2025-09-03 15:17:52 | INFO     | base.base_page:180 | 处理完整资源ID: hanvon.aebr.hanvondrive:id/tv_accout_detail
2025-09-03 15:17:52 | INFO     | base.base_page:202 | 获取定位器：details-account_unbind = hanvon.aebr.hanvondrive:id/unbindTv
2025-09-03 15:17:52 | INFO     | base.base_page:180 | 处理完整资源ID: hanvon.aebr.hanvondrive:id/unbindTv
2025-09-03 15:17:52 | INFO     | base.base_page:202 | 获取定位器：details-close_button = hanvon.aebr.hanvondrive:id/dialog_close
2025-09-03 15:17:52 | INFO     | base.base_page:180 | 处理完整资源ID: hanvon.aebr.hanvondrive:id/dialog_close
2025-09-03 15:17:52 | INFO     | base.base_page:202 | 获取定位器：details-nut_cloud = hanvon.aebr.hanvondrive:id/drive_type
2025-09-03 15:17:52 | INFO     | base.base_page:180 | 处理完整资源ID: hanvon.aebr.hanvondrive:id/drive_type
2025-09-03 15:17:52 | INFO     | base.base_page:202 | 获取定位器：details-rename_button = hanvon.aebr.hanvondrive:id/tv_rename_drive
2025-09-03 15:17:52 | INFO     | base.base_page:180 | 处理完整资源ID: hanvon.aebr.hanvondrive:id/tv_rename_drive
2025-09-03 15:17:52 | INFO     | base.base_page:202 | 获取定位器：details-rename_window = hanvon.aebr.hanvondrive:id/dialog_title
2025-09-03 15:17:52 | INFO     | base.base_page:180 | 处理完整资源ID: hanvon.aebr.hanvondrive:id/dialog_title
2025-09-03 15:17:52 | INFO     | base.base_page:53 | 自动生成配置路径: data/locators/details_page.yaml
2025-09-03 15:17:52 | INFO     | base.base_page:53 | 自动生成配置路径: data/locators/details_page.yaml
2025-09-03 15:17:52 | INFO     | base.base_page:107 | 初始化页面: DetailsPage | 平台: android
2025-09-03 15:17:52 | INFO     | pages.nut_cloud_page.details_page:17 | 进入主页
2025-09-03 15:17:52 | INFO     | base.base_page:202 | 获取定位器：details-account_button = hanvon.aebr.hanvondrive:id/tv_accout_detail
2025-09-03 15:17:52 | INFO     | base.base_page:180 | 处理完整资源ID: hanvon.aebr.hanvondrive:id/tv_accout_detail
2025-09-03 15:17:52 | INFO     | base.base_page:202 | 获取定位器：details-account_unbind = hanvon.aebr.hanvondrive:id/unbindTv
2025-09-03 15:17:52 | INFO     | base.base_page:180 | 处理完整资源ID: hanvon.aebr.hanvondrive:id/unbindTv
2025-09-03 15:17:52 | INFO     | base.base_page:202 | 获取定位器：details-close_button = hanvon.aebr.hanvondrive:id/dialog_close
2025-09-03 15:17:52 | INFO     | base.base_page:180 | 处理完整资源ID: hanvon.aebr.hanvondrive:id/dialog_close
2025-09-03 15:17:52 | INFO     | base.base_page:202 | 获取定位器：details-nut_cloud = hanvon.aebr.hanvondrive:id/drive_type
2025-09-03 15:17:52 | INFO     | base.base_page:180 | 处理完整资源ID: hanvon.aebr.hanvondrive:id/drive_type
2025-09-03 15:17:52 | INFO     | base.base_page:202 | 获取定位器：details-rename_button = hanvon.aebr.hanvondrive:id/tv_rename_drive
2025-09-03 15:17:52 | INFO     | base.base_page:180 | 处理完整资源ID: hanvon.aebr.hanvondrive:id/tv_rename_drive
2025-09-03 15:17:52 | INFO     | base.base_page:202 | 获取定位器：details-rename_window = hanvon.aebr.hanvondrive:id/dialog_title
2025-09-03 15:17:52 | INFO     | base.base_page:180 | 处理完整资源ID: hanvon.aebr.hanvondrive:id/dialog_title
2025-09-03 15:17:52 | INFO     | base.base_page:202 | 获取定位器：home-nut_cloud = hanvon.aebr.hanvondrive:id/drive_type
2025-09-03 15:17:52 | INFO     | base.base_page:180 | 处理完整资源ID: hanvon.aebr.hanvondrive:id/drive_type
2025-09-03 15:17:54 | INFO     | base.base_page:465 | 成功长按元素: ('id', 'hanvon.aebr.hanvondrive:id/drive_type') (2.0秒)
2025-09-03 15:17:54 | INFO     | base.base_page:202 | 获取定位器：details-rename_button = hanvon.aebr.hanvondrive:id/tv_rename_drive
2025-09-03 15:17:54 | INFO     | base.base_page:180 | 处理完整资源ID: hanvon.aebr.hanvondrive:id/tv_rename_drive
2025-09-03 15:17:56 | INFO     | base.base_page:275 | 点击元素：('id', 'hanvon.aebr.hanvondrive:id/tv_rename_drive')
2025-09-03 15:17:56 | INFO     | base.base_page:202 | 获取定位器：details-rename_window = hanvon.aebr.hanvondrive:id/dialog_title
2025-09-03 15:17:56 | INFO     | base.base_page:180 | 处理完整资源ID: hanvon.aebr.hanvondrive:id/dialog_title
2025-09-03 15:17:56 | INFO     | base.base_page:368 | 元素已找到：<appium.webdriver.webelement.WebElement (session="642ccf78-d409-4bae-bc4e-b361ad7c68b4", element="6d1d52e0-f020-4548-8565-b346cf9d3b40")>
2025-09-03 15:17:56 | INFO     | pages.nut_cloud_page.details_page:119 | 已返回到账户信息页
2025-09-03 15:17:56 | INFO     | base.base_page:53 | 自动生成配置路径: data/locators/account_rename_page.yaml
2025-09-03 15:17:56 | INFO     | base.base_page:53 | 自动生成配置路径: data/locators/account_rename_page.yaml
2025-09-03 15:17:56 | INFO     | base.base_page:107 | 初始化页面: AccountRenamePage | 平台: android
2025-09-03 15:17:56 | INFO     | pages.nut_cloud_page.account_rename_page:15 | 进入主页
2025-09-03 15:17:56 | INFO     | base.base_page:202 | 获取定位器：account_rename-account_input = hanvon.aebr.hanvondrive:id/foldername_edittext
2025-09-03 15:17:56 | INFO     | base.base_page:180 | 处理完整资源ID: hanvon.aebr.hanvondrive:id/foldername_edittext
2025-09-03 15:17:56 | INFO     | base.base_page:202 | 获取定位器：account_rename-bind_cloud = hanvon.aebr.hanvondrive:id/tv_drive_type
2025-09-03 15:17:56 | INFO     | base.base_page:180 | 处理完整资源ID: hanvon.aebr.hanvondrive:id/tv_drive_type
2025-09-03 15:17:56 | INFO     | base.base_page:202 | 获取定位器：account_rename-cancel_button = hanvon.aebr.hanvondrive:id/dialog_cancel
2025-09-03 15:17:56 | INFO     | base.base_page:180 | 处理完整资源ID: hanvon.aebr.hanvondrive:id/dialog_cancel
2025-09-03 15:17:56 | INFO     | base.base_page:202 | 获取定位器：account_rename-delete_name = hanvon.aebr.hanvondrive:id/deleteTv
2025-09-03 15:17:56 | INFO     | base.base_page:180 | 处理完整资源ID: hanvon.aebr.hanvondrive:id/deleteTv
2025-09-03 15:17:56 | INFO     | base.base_page:202 | 获取定位器：account_rename-sure_button = hanvon.aebr.hanvondrive:id/dialog_sure
2025-09-03 15:17:56 | INFO     | base.base_page:180 | 处理完整资源ID: hanvon.aebr.hanvondrive:id/dialog_sure
2025-09-03 15:17:56 | INFO     | base.base_page:202 | 获取定位器：account_rename-tv_account = hanvon.aebr.hanvondrive:id/tv_accout
2025-09-03 15:17:56 | INFO     | base.base_page:180 | 处理完整资源ID: hanvon.aebr.hanvondrive:id/tv_accout
2025-09-03 15:17:56 | INFO     | base.base_page:202 | 获取定位器：account_rename-account_input = hanvon.aebr.hanvondrive:id/foldername_edittext
2025-09-03 15:17:56 | INFO     | base.base_page:180 | 处理完整资源ID: hanvon.aebr.hanvondrive:id/foldername_edittext
2025-09-03 15:17:57 | INFO     | base.base_page:288 | 输入文本到 ('id', 'hanvon.aebr.hanvondrive:id/foldername_edittext')：'Account_123!@#.+-~！@#￥%……&*（）——+？“：|'
2025-09-03 15:17:57 | INFO     | pages.nut_cloud_page.account_rename_page:44 | 账户名称输入值为：Account_123!@#.+-~！@#￥%……&*（）——+？“：|
2025-09-03 15:17:57 | INFO     | base.base_page:202 | 获取定位器：account_rename-account_input = hanvon.aebr.hanvondrive:id/foldername_edittext
2025-09-03 15:17:57 | INFO     | base.base_page:180 | 处理完整资源ID: hanvon.aebr.hanvondrive:id/foldername_edittext
2025-09-03 15:17:58 | INFO     | base.base_page:202 | 获取定位器：account_rename-account_input = hanvon.aebr.hanvondrive:id/foldername_edittext
2025-09-03 15:17:58 | INFO     | base.base_page:180 | 处理完整资源ID: hanvon.aebr.hanvondrive:id/foldername_edittext
2025-09-03 15:17:58 | INFO     | base.base_page:202 | 获取定位器：account_rename-sure_button = hanvon.aebr.hanvondrive:id/dialog_sure
2025-09-03 15:17:58 | INFO     | base.base_page:180 | 处理完整资源ID: hanvon.aebr.hanvondrive:id/dialog_sure
2025-09-03 15:17:58 | INFO     | base.base_page:275 | 点击元素：('id', 'hanvon.aebr.hanvondrive:id/dialog_sure')
2025-09-03 15:17:58 | INFO     | base.base_page:202 | 获取定位器：account_rename-tv_account = hanvon.aebr.hanvondrive:id/tv_accout
2025-09-03 15:17:58 | INFO     | base.base_page:180 | 处理完整资源ID: hanvon.aebr.hanvondrive:id/tv_accout
2025-09-03 15:17:59 | INFO     | base.base_page:498 | ✅ Toast 验证成功 | 预期: '重命名成功' | 实际: '重命名成功'
2025-09-03 15:18:00 | INFO     | conftest:233 | 停止屏幕录制: D:\clear6Trubo\reports\videos\VIDEO_test_input_account_name_sure__u7279_u6b8a_u5b57_u7_20250903_151751.mp4
2025-09-03 15:18:00 | INFO     | conftest:239 | 屏幕录制已保存: D:\clear6Trubo\reports\videos\VIDEO_test_input_account_name_sure__u7279_u6b8a_u5b57_u7_20250903_151751.mp4
2025-09-03 15:18:00 | INFO     | conftest:346 | 已将录屏附加到Allure报告: VIDEO_test_input_account_name_sure__u7279_u6b8a_u5b57_u7_20250903_151751.mp4
2025-09-03 15:18:01 | INFO     | conftest:219 | 开始屏幕录制: D:\clear6Trubo\reports\videos\VIDEO_test_input_account_name_sure__u8d85_u957f_u540d_u7_20250903_151800.mp4
2025-09-03 15:18:01 | INFO     | base.base_page:53 | 自动生成配置路径: data/locators/details_page.yaml
2025-09-03 15:18:01 | INFO     | base.base_page:53 | 自动生成配置路径: data/locators/details_page.yaml
2025-09-03 15:18:01 | INFO     | base.base_page:107 | 初始化页面: DetailsPage | 平台: android
2025-09-03 15:18:01 | INFO     | pages.nut_cloud_page.details_page:17 | 进入主页
2025-09-03 15:18:01 | INFO     | base.base_page:202 | 获取定位器：details-account_button = hanvon.aebr.hanvondrive:id/tv_accout_detail
2025-09-03 15:18:01 | INFO     | base.base_page:180 | 处理完整资源ID: hanvon.aebr.hanvondrive:id/tv_accout_detail
2025-09-03 15:18:01 | INFO     | base.base_page:202 | 获取定位器：details-account_unbind = hanvon.aebr.hanvondrive:id/unbindTv
2025-09-03 15:18:01 | INFO     | base.base_page:180 | 处理完整资源ID: hanvon.aebr.hanvondrive:id/unbindTv
2025-09-03 15:18:01 | INFO     | base.base_page:202 | 获取定位器：details-close_button = hanvon.aebr.hanvondrive:id/dialog_close
2025-09-03 15:18:01 | INFO     | base.base_page:180 | 处理完整资源ID: hanvon.aebr.hanvondrive:id/dialog_close
2025-09-03 15:18:01 | INFO     | base.base_page:202 | 获取定位器：details-nut_cloud = hanvon.aebr.hanvondrive:id/drive_type
2025-09-03 15:18:01 | INFO     | base.base_page:180 | 处理完整资源ID: hanvon.aebr.hanvondrive:id/drive_type
2025-09-03 15:18:01 | INFO     | base.base_page:202 | 获取定位器：details-rename_button = hanvon.aebr.hanvondrive:id/tv_rename_drive
2025-09-03 15:18:01 | INFO     | base.base_page:180 | 处理完整资源ID: hanvon.aebr.hanvondrive:id/tv_rename_drive
2025-09-03 15:18:01 | INFO     | base.base_page:202 | 获取定位器：details-rename_window = hanvon.aebr.hanvondrive:id/dialog_title
2025-09-03 15:18:01 | INFO     | base.base_page:180 | 处理完整资源ID: hanvon.aebr.hanvondrive:id/dialog_title
2025-09-03 15:18:01 | INFO     | base.base_page:53 | 自动生成配置路径: data/locators/details_page.yaml
2025-09-03 15:18:01 | INFO     | base.base_page:53 | 自动生成配置路径: data/locators/details_page.yaml
2025-09-03 15:18:01 | INFO     | base.base_page:107 | 初始化页面: DetailsPage | 平台: android
2025-09-03 15:18:01 | INFO     | pages.nut_cloud_page.details_page:17 | 进入主页
2025-09-03 15:18:01 | INFO     | base.base_page:202 | 获取定位器：details-account_button = hanvon.aebr.hanvondrive:id/tv_accout_detail
2025-09-03 15:18:01 | INFO     | base.base_page:180 | 处理完整资源ID: hanvon.aebr.hanvondrive:id/tv_accout_detail
2025-09-03 15:18:01 | INFO     | base.base_page:202 | 获取定位器：details-account_unbind = hanvon.aebr.hanvondrive:id/unbindTv
2025-09-03 15:18:01 | INFO     | base.base_page:180 | 处理完整资源ID: hanvon.aebr.hanvondrive:id/unbindTv
2025-09-03 15:18:01 | INFO     | base.base_page:202 | 获取定位器：details-close_button = hanvon.aebr.hanvondrive:id/dialog_close
2025-09-03 15:18:01 | INFO     | base.base_page:180 | 处理完整资源ID: hanvon.aebr.hanvondrive:id/dialog_close
2025-09-03 15:18:01 | INFO     | base.base_page:202 | 获取定位器：details-nut_cloud = hanvon.aebr.hanvondrive:id/drive_type
2025-09-03 15:18:01 | INFO     | base.base_page:180 | 处理完整资源ID: hanvon.aebr.hanvondrive:id/drive_type
2025-09-03 15:18:01 | INFO     | base.base_page:202 | 获取定位器：details-rename_button = hanvon.aebr.hanvondrive:id/tv_rename_drive
2025-09-03 15:18:01 | INFO     | base.base_page:180 | 处理完整资源ID: hanvon.aebr.hanvondrive:id/tv_rename_drive
2025-09-03 15:18:01 | INFO     | base.base_page:202 | 获取定位器：details-rename_window = hanvon.aebr.hanvondrive:id/dialog_title
2025-09-03 15:18:01 | INFO     | base.base_page:180 | 处理完整资源ID: hanvon.aebr.hanvondrive:id/dialog_title
2025-09-03 15:18:01 | INFO     | base.base_page:202 | 获取定位器：home-nut_cloud = hanvon.aebr.hanvondrive:id/drive_type
2025-09-03 15:18:01 | INFO     | base.base_page:180 | 处理完整资源ID: hanvon.aebr.hanvondrive:id/drive_type
2025-09-03 15:18:03 | INFO     | base.base_page:465 | 成功长按元素: ('id', 'hanvon.aebr.hanvondrive:id/drive_type') (2.0秒)
2025-09-03 15:18:03 | INFO     | base.base_page:202 | 获取定位器：details-rename_button = hanvon.aebr.hanvondrive:id/tv_rename_drive
2025-09-03 15:18:03 | INFO     | base.base_page:180 | 处理完整资源ID: hanvon.aebr.hanvondrive:id/tv_rename_drive
2025-09-03 15:18:04 | INFO     | base.base_page:275 | 点击元素：('id', 'hanvon.aebr.hanvondrive:id/tv_rename_drive')
2025-09-03 15:18:04 | INFO     | base.base_page:202 | 获取定位器：details-rename_window = hanvon.aebr.hanvondrive:id/dialog_title
2025-09-03 15:18:04 | INFO     | base.base_page:180 | 处理完整资源ID: hanvon.aebr.hanvondrive:id/dialog_title
2025-09-03 15:18:05 | INFO     | base.base_page:368 | 元素已找到：<appium.webdriver.webelement.WebElement (session="642ccf78-d409-4bae-bc4e-b361ad7c68b4", element="a38afe71-a81d-4439-aacb-03a8866afe0f")>
2025-09-03 15:18:05 | INFO     | pages.nut_cloud_page.details_page:119 | 已返回到账户信息页
2025-09-03 15:18:05 | INFO     | base.base_page:53 | 自动生成配置路径: data/locators/account_rename_page.yaml
2025-09-03 15:18:05 | INFO     | base.base_page:53 | 自动生成配置路径: data/locators/account_rename_page.yaml
2025-09-03 15:18:05 | INFO     | base.base_page:107 | 初始化页面: AccountRenamePage | 平台: android
2025-09-03 15:18:05 | INFO     | pages.nut_cloud_page.account_rename_page:15 | 进入主页
2025-09-03 15:18:05 | INFO     | base.base_page:202 | 获取定位器：account_rename-account_input = hanvon.aebr.hanvondrive:id/foldername_edittext
2025-09-03 15:18:05 | INFO     | base.base_page:180 | 处理完整资源ID: hanvon.aebr.hanvondrive:id/foldername_edittext
2025-09-03 15:18:05 | INFO     | base.base_page:202 | 获取定位器：account_rename-bind_cloud = hanvon.aebr.hanvondrive:id/tv_drive_type
2025-09-03 15:18:05 | INFO     | base.base_page:180 | 处理完整资源ID: hanvon.aebr.hanvondrive:id/tv_drive_type
2025-09-03 15:18:05 | INFO     | base.base_page:202 | 获取定位器：account_rename-cancel_button = hanvon.aebr.hanvondrive:id/dialog_cancel
2025-09-03 15:18:05 | INFO     | base.base_page:180 | 处理完整资源ID: hanvon.aebr.hanvondrive:id/dialog_cancel
2025-09-03 15:18:05 | INFO     | base.base_page:202 | 获取定位器：account_rename-delete_name = hanvon.aebr.hanvondrive:id/deleteTv
2025-09-03 15:18:05 | INFO     | base.base_page:180 | 处理完整资源ID: hanvon.aebr.hanvondrive:id/deleteTv
2025-09-03 15:18:05 | INFO     | base.base_page:202 | 获取定位器：account_rename-sure_button = hanvon.aebr.hanvondrive:id/dialog_sure
2025-09-03 15:18:05 | INFO     | base.base_page:180 | 处理完整资源ID: hanvon.aebr.hanvondrive:id/dialog_sure
2025-09-03 15:18:05 | INFO     | base.base_page:202 | 获取定位器：account_rename-tv_account = hanvon.aebr.hanvondrive:id/tv_accout
2025-09-03 15:18:05 | INFO     | base.base_page:180 | 处理完整资源ID: hanvon.aebr.hanvondrive:id/tv_accout
2025-09-03 15:18:05 | INFO     | base.base_page:202 | 获取定位器：account_rename-account_input = hanvon.aebr.hanvondrive:id/foldername_edittext
2025-09-03 15:18:05 | INFO     | base.base_page:180 | 处理完整资源ID: hanvon.aebr.hanvondrive:id/foldername_edittext
2025-09-03 15:18:06 | INFO     | base.base_page:288 | 输入文本到 ('id', 'hanvon.aebr.hanvondrive:id/foldername_edittext')：'VeryLongAccountNameWithMoreThanFiftyCharactersForTestingVeryLongAccountNameWithMoreThanFiftyCharactersForTesting'
2025-09-03 15:18:06 | INFO     | pages.nut_cloud_page.account_rename_page:44 | 账户名称输入值为：VeryLongAccountNameWithMoreThanFiftyCharactersForTestingVeryLongAccountNameWithMoreThanFiftyCharactersForTesting
2025-09-03 15:18:06 | INFO     | base.base_page:202 | 获取定位器：account_rename-account_input = hanvon.aebr.hanvondrive:id/foldername_edittext
2025-09-03 15:18:06 | INFO     | base.base_page:180 | 处理完整资源ID: hanvon.aebr.hanvondrive:id/foldername_edittext
2025-09-03 15:18:07 | INFO     | base.base_page:202 | 获取定位器：account_rename-account_input = hanvon.aebr.hanvondrive:id/foldername_edittext
2025-09-03 15:18:07 | INFO     | base.base_page:180 | 处理完整资源ID: hanvon.aebr.hanvondrive:id/foldername_edittext
2025-09-03 15:18:07 | INFO     | base.base_page:202 | 获取定位器：account_rename-sure_button = hanvon.aebr.hanvondrive:id/dialog_sure
2025-09-03 15:18:07 | INFO     | base.base_page:180 | 处理完整资源ID: hanvon.aebr.hanvondrive:id/dialog_sure
2025-09-03 15:18:07 | INFO     | base.base_page:275 | 点击元素：('id', 'hanvon.aebr.hanvondrive:id/dialog_sure')
2025-09-03 15:18:07 | INFO     | base.base_page:202 | 获取定位器：account_rename-tv_account = hanvon.aebr.hanvondrive:id/tv_accout
2025-09-03 15:18:07 | INFO     | base.base_page:180 | 处理完整资源ID: hanvon.aebr.hanvondrive:id/tv_accout
2025-09-03 15:18:08 | INFO     | base.base_page:498 | ✅ Toast 验证成功 | 预期: '重命名成功' | 实际: '重命名成功'
2025-09-03 15:18:09 | INFO     | conftest:233 | 停止屏幕录制: D:\clear6Trubo\reports\videos\VIDEO_test_input_account_name_sure__u8d85_u957f_u540d_u7_20250903_151800.mp4
2025-09-03 15:18:09 | INFO     | conftest:239 | 屏幕录制已保存: D:\clear6Trubo\reports\videos\VIDEO_test_input_account_name_sure__u8d85_u957f_u540d_u7_20250903_151800.mp4
2025-09-03 15:18:10 | INFO     | conftest:346 | 已将录屏附加到Allure报告: VIDEO_test_input_account_name_sure__u8d85_u957f_u540d_u7_20250903_151800.mp4
2025-09-03 15:18:10 | INFO     | conftest:381 | ==================================================
2025-09-03 15:18:10 | INFO     | conftest:382 | 测试会话结束状态: 0
2025-09-03 15:18:10 | INFO     | conftest:383 | ==================================================
2025-09-03 15:29:32 | INFO     | conftest:162 | 已删除旧文件: VIDEO_test_input_account_name__u57fa_u7840_u91cd_u547d_u_20250903_141355.mp4
2025-09-03 15:29:32 | INFO     | conftest:162 | 已删除旧文件: VIDEO_test_input_account_name__u8d85_u957f_u540d_u79f0_u_20250903_141004.mp4
2025-09-03 15:29:32 | INFO     | conftest:162 | 已删除旧文件: VIDEO_test_input_account_name__u7279_u6b8a_u5b57_u7b26_u_20250903_140955.mp4
2025-09-03 15:29:32 | INFO     | conftest:162 | 已删除旧文件: VIDEO_test_input_account_name__u4e2d_u6587_u540d_u79f0_u_20250903_140945.mp4
2025-09-03 15:29:32 | INFO     | utils.test_data_loader:13 | 项目根目录: D:\clear6Trubo
2025-09-03 15:29:32 | INFO     | utils.test_data_loader:19 | 完整文件路径: D:\clear6Trubo\data\test_data\positive_rename.json
2025-09-03 15:29:32 | INFO     | utils.test_data_loader:20 | 文件存在: True
2025-09-03 15:29:32 | INFO     | conftest:413 | ✅ 成功删除数据库文件: /storage/emulated/0/hwsys/database/clouds.db
2025-09-03 15:29:43 | INFO     | utils.test_data_loader:13 | 项目根目录: D:\clear6Trubo
2025-09-03 15:29:43 | INFO     | utils.test_data_loader:19 | 完整文件路径: D:\clear6Trubo\data\test_data\positive_rename.json
2025-09-03 15:29:43 | INFO     | utils.test_data_loader:20 | 文件存在: True
2025-09-03 15:29:44 | INFO     | conftest:419 | ℹ️ 数据库文件不存在，无需删除: /storage/emulated/0/hwsys/database/clouds.db
2025-09-03 15:30:24 | WARNING  | conftest:335 | 未找到可用的driver实例，无法为失败测试截图: testcase/nut_cloud/positive/account_rename/test_account_rename_positive.py::TestAccountRenamePositive::test_input_account_name[\u57fa\u7840\u91cd\u547d\u540d\u6d41\u7a0b]
2025-09-03 15:30:24 | WARNING  | conftest:335 | 未找到可用的driver实例，无法为失败测试截图: testcase/nut_cloud/positive/account_rename/test_account_rename_positive.py::TestAccountRenamePositive::test_input_account_name[\u4e2d\u6587\u540d\u79f0\u91cd\u547d\u540d]
2025-09-03 15:30:24 | WARNING  | conftest:335 | 未找到可用的driver实例，无法为失败测试截图: testcase/nut_cloud/positive/account_rename/test_account_rename_positive.py::TestAccountRenamePositive::test_input_account_name[\u7279\u6b8a\u5b57\u7b26\u540d\u79f0\u91cd\u547d\u540d]
2025-09-03 15:30:24 | WARNING  | conftest:335 | 未找到可用的driver实例，无法为失败测试截图: testcase/nut_cloud/positive/account_rename/test_account_rename_positive.py::TestAccountRenamePositive::test_input_account_name[\u8d85\u957f\u540d\u79f0\u91cd\u547d\u540d]
2025-09-03 15:30:24 | INFO     | conftest:381 | ==================================================
2025-09-03 15:30:24 | INFO     | conftest:382 | 测试会话结束状态: 1
2025-09-03 15:30:24 | INFO     | conftest:383 | ==================================================
2025-09-03 15:30:31 | INFO     | utils.test_data_loader:13 | 项目根目录: D:\clear6Trubo
2025-09-03 15:30:31 | INFO     | utils.test_data_loader:19 | 完整文件路径: D:\clear6Trubo\data\test_data\positive_rename.json
2025-09-03 15:30:31 | INFO     | utils.test_data_loader:20 | 文件存在: True
2025-09-03 15:30:31 | INFO     | conftest:419 | ℹ️ 数据库文件不存在，无需删除: /storage/emulated/0/hwsys/database/clouds.db
2025-09-03 15:30:31 | WARNING  | conftest:422 | ⚠️ 文件检查异常: error: no devices/emulators found
2025-09-03 15:30:43 | INFO     | base.base_page:53 | 自动生成配置路径: data/locators/home_clouds_page.yaml
2025-09-03 15:30:43 | INFO     | base.base_page:69 | 已加载配置文件: D:\clear6Trubo\data\locators\home_clouds_page.yaml (for HomeCloudsPage)
2025-09-03 15:30:43 | INFO     | base.base_page:53 | 自动生成配置路径: data/locators/home_clouds_page.yaml
2025-09-03 15:30:43 | INFO     | base.base_page:107 | 初始化页面: HomeCloudsPage | 平台: android
2025-09-03 15:30:43 | INFO     | base.base_page:202 | 获取定位器：home-aliyun_home_id = com.Hanovn.HanovnBrowser:id/content_frame
2025-09-03 15:30:43 | INFO     | base.base_page:180 | 处理完整资源ID: com.Hanovn.HanovnBrowser:id/content_frame
2025-09-03 15:30:43 | INFO     | base.base_page:202 | 获取定位器：home-baidu_home_cloud_id = hanvon.aebr.hanvondrive:id/tv_drive
2025-09-03 15:30:43 | INFO     | base.base_page:180 | 处理完整资源ID: hanvon.aebr.hanvondrive:id/tv_drive
2025-09-03 15:30:43 | INFO     | base.base_page:202 | 获取定位器：home-nut_webdav_home_cloud_id = hanvon.aebr.hanvondrive:id/bt_back
2025-09-03 15:30:43 | INFO     | base.base_page:180 | 处理完整资源ID: hanvon.aebr.hanvondrive:id/bt_back
2025-09-03 15:30:43 | INFO     | base.base_page:202 | 获取定位器：home-onedrive_home_id = android:id/content
2025-09-03 15:30:43 | INFO     | base.base_page:180 | 处理完整资源ID: android:id/content
2025-09-03 15:30:43 | INFO     | base.base_page:202 | 获取定位器：home-public_resource_id = hanvon.aebr.hanvondrive:id/detailFileLayout
2025-09-03 15:30:43 | INFO     | base.base_page:180 | 处理完整资源ID: hanvon.aebr.hanvondrive:id/detailFileLayout
2025-09-03 15:30:43 | INFO     | base.base_page:53 | 自动生成配置路径: data/locators/home_clouds_page.yaml
2025-09-03 15:30:43 | INFO     | base.base_page:53 | 自动生成配置路径: data/locators/home_clouds_page.yaml
2025-09-03 15:30:43 | INFO     | base.base_page:107 | 初始化页面: HomeCloudsPage | 平台: android
2025-09-03 15:30:43 | INFO     | base.base_page:202 | 获取定位器：home-aliyun_home_id = com.Hanovn.HanovnBrowser:id/content_frame
2025-09-03 15:30:43 | INFO     | base.base_page:180 | 处理完整资源ID: com.Hanovn.HanovnBrowser:id/content_frame
2025-09-03 15:30:43 | INFO     | base.base_page:202 | 获取定位器：home-baidu_home_cloud_id = hanvon.aebr.hanvondrive:id/tv_drive
2025-09-03 15:30:43 | INFO     | base.base_page:180 | 处理完整资源ID: hanvon.aebr.hanvondrive:id/tv_drive
2025-09-03 15:30:43 | INFO     | base.base_page:202 | 获取定位器：home-nut_webdav_home_cloud_id = hanvon.aebr.hanvondrive:id/bt_back
2025-09-03 15:30:43 | INFO     | base.base_page:180 | 处理完整资源ID: hanvon.aebr.hanvondrive:id/bt_back
2025-09-03 15:30:43 | INFO     | base.base_page:202 | 获取定位器：home-onedrive_home_id = android:id/content
2025-09-03 15:30:43 | INFO     | base.base_page:180 | 处理完整资源ID: android:id/content
2025-09-03 15:30:43 | INFO     | base.base_page:202 | 获取定位器：home-public_resource_id = hanvon.aebr.hanvondrive:id/detailFileLayout
2025-09-03 15:30:43 | INFO     | base.base_page:180 | 处理完整资源ID: hanvon.aebr.hanvondrive:id/detailFileLayout
2025-09-03 15:30:43 | INFO     | base.base_page:202 | 获取定位器：home-public_resource_id = hanvon.aebr.hanvondrive:id/detailFileLayout
2025-09-03 15:30:43 | INFO     | base.base_page:180 | 处理完整资源ID: hanvon.aebr.hanvondrive:id/detailFileLayout
2025-09-03 15:30:45 | INFO     | base.base_page:342 | 点击元素：('id', 'hanvon.aebr.hanvondrive:id/detailFileLayout') [索引： 1]
2025-09-03 15:30:45 | INFO     | base.base_page:53 | 自动生成配置路径: data/locators/nut_login_page.yaml
2025-09-03 15:30:45 | INFO     | base.base_page:69 | 已加载配置文件: D:\clear6Trubo\data\locators\nut_login_page.yaml (for NutLoginPage)
2025-09-03 15:30:45 | INFO     | base.base_page:53 | 自动生成配置路径: data/locators/nut_login_page.yaml
2025-09-03 15:30:45 | INFO     | base.base_page:107 | 初始化页面: NutLoginPage | 平台: android
2025-09-03 15:30:45 | INFO     | base.base_page:202 | 获取定位器：nut_login_page-cancel_button = hanvon.aebr.hanvondrive:id/janCancel
2025-09-03 15:30:45 | INFO     | base.base_page:180 | 处理完整资源ID: hanvon.aebr.hanvondrive:id/janCancel
2025-09-03 15:30:45 | INFO     | base.base_page:202 | 获取定位器：nut_login_page-home_bind = hanvon.aebr.hanvondrive:id/drive_gridview
2025-09-03 15:30:45 | INFO     | base.base_page:180 | 处理完整资源ID: hanvon.aebr.hanvondrive:id/drive_gridview
2025-09-03 15:30:45 | INFO     | base.base_page:202 | 获取定位器：nut_login_page-item_name = hanvon.aebr.hanvondrive:id/itemNameTv
2025-09-03 15:30:45 | INFO     | base.base_page:180 | 处理完整资源ID: hanvon.aebr.hanvondrive:id/itemNameTv
2025-09-03 15:30:45 | INFO     | base.base_page:202 | 获取定位器：nut_login_page-password_field = hanvon.aebr.hanvondrive:id/passEt
2025-09-03 15:30:45 | INFO     | base.base_page:180 | 处理完整资源ID: hanvon.aebr.hanvondrive:id/passEt
2025-09-03 15:30:45 | INFO     | base.base_page:202 | 获取定位器：nut_login_page-return_button = hanvon.aebr.hanvondrive:id/bt_back
2025-09-03 15:30:45 | INFO     | base.base_page:180 | 处理完整资源ID: hanvon.aebr.hanvondrive:id/bt_back
2025-09-03 15:30:45 | INFO     | base.base_page:202 | 获取定位器：nut_login_page-show_password = hanvon.aebr.hanvondrive:id/showPass
2025-09-03 15:30:45 | INFO     | base.base_page:180 | 处理完整资源ID: hanvon.aebr.hanvondrive:id/showPass
2025-09-03 15:30:45 | INFO     | base.base_page:202 | 获取定位器：nut_login_page-sure_button = hanvon.aebr.hanvondrive:id/janSure
2025-09-03 15:30:45 | INFO     | base.base_page:180 | 处理完整资源ID: hanvon.aebr.hanvondrive:id/janSure
2025-09-03 15:30:45 | INFO     | base.base_page:202 | 获取定位器：nut_login_page-username_field = hanvon.aebr.hanvondrive:id/userEt
2025-09-03 15:30:45 | INFO     | base.base_page:180 | 处理完整资源ID: hanvon.aebr.hanvondrive:id/userEt
2025-09-03 15:30:45 | INFO     | utils.test_data_loader:13 | 项目根目录: D:\clear6Trubo
2025-09-03 15:30:45 | INFO     | utils.test_data_loader:19 | 完整文件路径: D:\clear6Trubo\data\test_data\login_data_positive.json
2025-09-03 15:30:45 | INFO     | utils.test_data_loader:20 | 文件存在: True
2025-09-03 15:30:45 | INFO     | base.base_page:202 | 获取定位器：nut_login_page-username_field = hanvon.aebr.hanvondrive:id/userEt
2025-09-03 15:30:45 | INFO     | base.base_page:180 | 处理完整资源ID: hanvon.aebr.hanvondrive:id/userEt
2025-09-03 15:30:46 | INFO     | base.base_page:288 | 输入文本到 ('id', 'hanvon.aebr.hanvondrive:id/userEt')：'liuxuefeng@hanwang.com.cn'
2025-09-03 15:30:46 | INFO     | base.base_page:202 | 获取定位器：nut_login_page-password_field = hanvon.aebr.hanvondrive:id/passEt
2025-09-03 15:30:46 | INFO     | base.base_page:180 | 处理完整资源ID: hanvon.aebr.hanvondrive:id/passEt
2025-09-03 15:30:47 | INFO     | base.base_page:288 | 输入文本到 ('id', 'hanvon.aebr.hanvondrive:id/passEt')：'ani2k9vrmac7epjp'
2025-09-03 15:30:47 | INFO     | base.base_page:202 | 获取定位器：nut_login_page-sure_button = hanvon.aebr.hanvondrive:id/janSure
2025-09-03 15:30:47 | INFO     | base.base_page:180 | 处理完整资源ID: hanvon.aebr.hanvondrive:id/janSure
2025-09-03 15:30:49 | INFO     | base.base_page:275 | 点击元素：('id', 'hanvon.aebr.hanvondrive:id/janSure')
2025-09-03 15:30:50 | INFO     | pages.nut_cloud_page.nut_login_page:92 | 成功绑定账号
2025-09-03 15:30:50 | INFO     | base.base_page:53 | 自动生成配置路径: data/locators/home_page.yaml
2025-09-03 15:30:50 | INFO     | base.base_page:69 | 已加载配置文件: D:\clear6Trubo\data\locators\home_page.yaml (for HomePage)
2025-09-03 15:30:50 | INFO     | base.base_page:53 | 自动生成配置路径: data/locators/home_page.yaml
2025-09-03 15:30:50 | INFO     | base.base_page:107 | 初始化页面: HomePage | 平台: android
2025-09-03 15:30:50 | INFO     | pages.nut_cloud_page.home_page:20 | 进入主页
2025-09-03 15:30:50 | INFO     | base.base_page:202 | 获取定位器：home-bind_cloud = hanvon.aebr.hanvondrive:id/tv_drive_type
2025-09-03 15:30:50 | INFO     | base.base_page:180 | 处理完整资源ID: hanvon.aebr.hanvondrive:id/tv_drive_type
2025-09-03 15:30:50 | INFO     | base.base_page:202 | 获取定位器：home-bind_cloud_window = hanvon.aebr.hanvondrive:id/dialog_title
2025-09-03 15:30:50 | INFO     | base.base_page:180 | 处理完整资源ID: hanvon.aebr.hanvondrive:id/dialog_title
2025-09-03 15:30:50 | INFO     | base.base_page:202 | 获取定位器：home-iv_nextpage = hanvon.aebr.hanvondrive:id/iv_nextpage
2025-09-03 15:30:50 | INFO     | base.base_page:180 | 处理完整资源ID: hanvon.aebr.hanvondrive:id/iv_nextpage
2025-09-03 15:30:50 | INFO     | base.base_page:202 | 获取定位器：home-iv_prepage = hanvon.aebr.hanvondrive:id/iv_prepage
2025-09-03 15:30:50 | INFO     | base.base_page:180 | 处理完整资源ID: hanvon.aebr.hanvondrive:id/iv_prepage
2025-09-03 15:30:50 | INFO     | base.base_page:202 | 获取定位器：home-more_view_window = hanvon.aebr.hanvondrive:id/tv_display
2025-09-03 15:30:50 | INFO     | base.base_page:180 | 处理完整资源ID: hanvon.aebr.hanvondrive:id/tv_display
2025-09-03 15:30:50 | INFO     | base.base_page:202 | 获取定位器：home-nut_cloud = hanvon.aebr.hanvondrive:id/drive_type
2025-09-03 15:30:50 | INFO     | base.base_page:180 | 处理完整资源ID: hanvon.aebr.hanvondrive:id/drive_type
2025-09-03 15:30:50 | INFO     | base.base_page:202 | 获取定位器：home-nut_file_id = xpath://*[@resource-id='hanvon.aebr.hanvondrive:id/fileGridTv']
2025-09-03 15:30:50 | INFO     | base.base_page:202 | 获取定位器：home-return_button = hanvon.aebr.hanvondrive:id/bt_back
2025-09-03 15:30:50 | INFO     | base.base_page:180 | 处理完整资源ID: hanvon.aebr.hanvondrive:id/bt_back
2025-09-03 15:30:50 | INFO     | base.base_page:202 | 获取定位器：home-view_more = hanvon.aebr.hanvondrive:id/bt_binddrive_set
2025-09-03 15:30:50 | INFO     | base.base_page:180 | 处理完整资源ID: hanvon.aebr.hanvondrive:id/bt_binddrive_set
2025-09-03 15:30:50 | INFO     | base.base_page:53 | 自动生成配置路径: data/locators/home_page.yaml
2025-09-03 15:30:50 | INFO     | base.base_page:53 | 自动生成配置路径: data/locators/home_page.yaml
2025-09-03 15:30:50 | INFO     | base.base_page:107 | 初始化页面: HomePage | 平台: android
2025-09-03 15:30:50 | INFO     | pages.nut_cloud_page.home_page:20 | 进入主页
2025-09-03 15:30:50 | INFO     | base.base_page:202 | 获取定位器：home-bind_cloud = hanvon.aebr.hanvondrive:id/tv_drive_type
2025-09-03 15:30:50 | INFO     | base.base_page:180 | 处理完整资源ID: hanvon.aebr.hanvondrive:id/tv_drive_type
2025-09-03 15:30:50 | INFO     | base.base_page:202 | 获取定位器：home-bind_cloud_window = hanvon.aebr.hanvondrive:id/dialog_title
2025-09-03 15:30:50 | INFO     | base.base_page:180 | 处理完整资源ID: hanvon.aebr.hanvondrive:id/dialog_title
2025-09-03 15:30:50 | INFO     | base.base_page:202 | 获取定位器：home-iv_nextpage = hanvon.aebr.hanvondrive:id/iv_nextpage
2025-09-03 15:30:50 | INFO     | base.base_page:180 | 处理完整资源ID: hanvon.aebr.hanvondrive:id/iv_nextpage
2025-09-03 15:30:50 | INFO     | base.base_page:202 | 获取定位器：home-iv_prepage = hanvon.aebr.hanvondrive:id/iv_prepage
2025-09-03 15:30:50 | INFO     | base.base_page:180 | 处理完整资源ID: hanvon.aebr.hanvondrive:id/iv_prepage
2025-09-03 15:30:50 | INFO     | base.base_page:202 | 获取定位器：home-more_view_window = hanvon.aebr.hanvondrive:id/tv_display
2025-09-03 15:30:50 | INFO     | base.base_page:180 | 处理完整资源ID: hanvon.aebr.hanvondrive:id/tv_display
2025-09-03 15:30:50 | INFO     | base.base_page:202 | 获取定位器：home-nut_cloud = hanvon.aebr.hanvondrive:id/drive_type
2025-09-03 15:30:50 | INFO     | base.base_page:180 | 处理完整资源ID: hanvon.aebr.hanvondrive:id/drive_type
2025-09-03 15:30:50 | INFO     | base.base_page:202 | 获取定位器：home-nut_file_id = xpath://*[@resource-id='hanvon.aebr.hanvondrive:id/fileGridTv']
2025-09-03 15:30:50 | INFO     | base.base_page:202 | 获取定位器：home-return_button = hanvon.aebr.hanvondrive:id/bt_back
2025-09-03 15:30:50 | INFO     | base.base_page:180 | 处理完整资源ID: hanvon.aebr.hanvondrive:id/bt_back
2025-09-03 15:30:50 | INFO     | base.base_page:202 | 获取定位器：home-view_more = hanvon.aebr.hanvondrive:id/bt_binddrive_set
2025-09-03 15:30:50 | INFO     | base.base_page:180 | 处理完整资源ID: hanvon.aebr.hanvondrive:id/bt_binddrive_set
2025-09-03 15:30:51 | INFO     | conftest:219 | 开始屏幕录制: D:\clear6Trubo\reports\videos\VIDEO_test_input_account_name__u57fa_u7840_u91cd_u547d_u_20250903_153050.mp4
2025-09-03 15:30:51 | INFO     | base.base_page:53 | 自动生成配置路径: data/locators/details_page.yaml
2025-09-03 15:30:51 | INFO     | base.base_page:69 | 已加载配置文件: D:\clear6Trubo\data\locators\details_page.yaml (for DetailsPage)
2025-09-03 15:30:51 | INFO     | base.base_page:53 | 自动生成配置路径: data/locators/details_page.yaml
2025-09-03 15:30:51 | INFO     | base.base_page:107 | 初始化页面: DetailsPage | 平台: android
2025-09-03 15:30:51 | INFO     | pages.nut_cloud_page.details_page:17 | 进入主页
2025-09-03 15:30:51 | INFO     | base.base_page:202 | 获取定位器：details-account_button = hanvon.aebr.hanvondrive:id/tv_accout_detail
2025-09-03 15:30:51 | INFO     | base.base_page:180 | 处理完整资源ID: hanvon.aebr.hanvondrive:id/tv_accout_detail
2025-09-03 15:30:51 | INFO     | base.base_page:202 | 获取定位器：details-account_unbind = hanvon.aebr.hanvondrive:id/unbindTv
2025-09-03 15:30:51 | INFO     | base.base_page:180 | 处理完整资源ID: hanvon.aebr.hanvondrive:id/unbindTv
2025-09-03 15:30:51 | INFO     | base.base_page:202 | 获取定位器：details-close_button = hanvon.aebr.hanvondrive:id/dialog_close
2025-09-03 15:30:51 | INFO     | base.base_page:180 | 处理完整资源ID: hanvon.aebr.hanvondrive:id/dialog_close
2025-09-03 15:30:51 | INFO     | base.base_page:202 | 获取定位器：details-nut_cloud = hanvon.aebr.hanvondrive:id/drive_type
2025-09-03 15:30:51 | INFO     | base.base_page:180 | 处理完整资源ID: hanvon.aebr.hanvondrive:id/drive_type
2025-09-03 15:30:51 | INFO     | base.base_page:202 | 获取定位器：details-rename_button = hanvon.aebr.hanvondrive:id/tv_rename_drive
2025-09-03 15:30:51 | INFO     | base.base_page:180 | 处理完整资源ID: hanvon.aebr.hanvondrive:id/tv_rename_drive
2025-09-03 15:30:51 | INFO     | base.base_page:202 | 获取定位器：details-rename_window = hanvon.aebr.hanvondrive:id/dialog_title
2025-09-03 15:30:51 | INFO     | base.base_page:180 | 处理完整资源ID: hanvon.aebr.hanvondrive:id/dialog_title
2025-09-03 15:30:51 | INFO     | base.base_page:53 | 自动生成配置路径: data/locators/details_page.yaml
2025-09-03 15:30:51 | INFO     | base.base_page:53 | 自动生成配置路径: data/locators/details_page.yaml
2025-09-03 15:30:51 | INFO     | base.base_page:107 | 初始化页面: DetailsPage | 平台: android
2025-09-03 15:30:51 | INFO     | pages.nut_cloud_page.details_page:17 | 进入主页
2025-09-03 15:30:51 | INFO     | base.base_page:202 | 获取定位器：details-account_button = hanvon.aebr.hanvondrive:id/tv_accout_detail
2025-09-03 15:30:51 | INFO     | base.base_page:180 | 处理完整资源ID: hanvon.aebr.hanvondrive:id/tv_accout_detail
2025-09-03 15:30:51 | INFO     | base.base_page:202 | 获取定位器：details-account_unbind = hanvon.aebr.hanvondrive:id/unbindTv
2025-09-03 15:30:51 | INFO     | base.base_page:180 | 处理完整资源ID: hanvon.aebr.hanvondrive:id/unbindTv
2025-09-03 15:30:51 | INFO     | base.base_page:202 | 获取定位器：details-close_button = hanvon.aebr.hanvondrive:id/dialog_close
2025-09-03 15:30:51 | INFO     | base.base_page:180 | 处理完整资源ID: hanvon.aebr.hanvondrive:id/dialog_close
2025-09-03 15:30:51 | INFO     | base.base_page:202 | 获取定位器：details-nut_cloud = hanvon.aebr.hanvondrive:id/drive_type
2025-09-03 15:30:51 | INFO     | base.base_page:180 | 处理完整资源ID: hanvon.aebr.hanvondrive:id/drive_type
2025-09-03 15:30:51 | INFO     | base.base_page:202 | 获取定位器：details-rename_button = hanvon.aebr.hanvondrive:id/tv_rename_drive
2025-09-03 15:30:51 | INFO     | base.base_page:180 | 处理完整资源ID: hanvon.aebr.hanvondrive:id/tv_rename_drive
2025-09-03 15:30:51 | INFO     | base.base_page:202 | 获取定位器：details-rename_window = hanvon.aebr.hanvondrive:id/dialog_title
2025-09-03 15:30:51 | INFO     | base.base_page:180 | 处理完整资源ID: hanvon.aebr.hanvondrive:id/dialog_title
2025-09-03 15:30:51 | INFO     | base.base_page:202 | 获取定位器：home-nut_cloud = hanvon.aebr.hanvondrive:id/drive_type
2025-09-03 15:30:51 | INFO     | base.base_page:180 | 处理完整资源ID: hanvon.aebr.hanvondrive:id/drive_type
2025-09-03 15:30:53 | INFO     | base.base_page:465 | 成功长按元素: ('id', 'hanvon.aebr.hanvondrive:id/drive_type') (2.0秒)
2025-09-03 15:30:53 | INFO     | base.base_page:202 | 获取定位器：details-rename_button = hanvon.aebr.hanvondrive:id/tv_rename_drive
2025-09-03 15:30:53 | INFO     | base.base_page:180 | 处理完整资源ID: hanvon.aebr.hanvondrive:id/tv_rename_drive
2025-09-03 15:30:55 | INFO     | base.base_page:275 | 点击元素：('id', 'hanvon.aebr.hanvondrive:id/tv_rename_drive')
2025-09-03 15:30:55 | INFO     | base.base_page:202 | 获取定位器：details-rename_window = hanvon.aebr.hanvondrive:id/dialog_title
2025-09-03 15:30:55 | INFO     | base.base_page:180 | 处理完整资源ID: hanvon.aebr.hanvondrive:id/dialog_title
2025-09-03 15:30:55 | INFO     | base.base_page:368 | 元素已找到：<appium.webdriver.webelement.WebElement (session="df808715-254d-4b2e-ab89-966e51ff4048", element="646d84cd-def0-4f12-a3b1-545fa260f951")>
2025-09-03 15:30:55 | INFO     | pages.nut_cloud_page.details_page:119 | 已返回到账户信息页
2025-09-03 15:30:55 | INFO     | base.base_page:53 | 自动生成配置路径: data/locators/account_rename_page.yaml
2025-09-03 15:30:55 | INFO     | base.base_page:69 | 已加载配置文件: D:\clear6Trubo\data\locators\account_rename_page.yaml (for AccountRenamePage)
2025-09-03 15:30:55 | INFO     | base.base_page:53 | 自动生成配置路径: data/locators/account_rename_page.yaml
2025-09-03 15:30:55 | INFO     | base.base_page:107 | 初始化页面: AccountRenamePage | 平台: android
2025-09-03 15:30:55 | INFO     | pages.nut_cloud_page.account_rename_page:15 | 进入主页
2025-09-03 15:30:55 | INFO     | base.base_page:202 | 获取定位器：account_rename-account_input = hanvon.aebr.hanvondrive:id/foldername_edittext
2025-09-03 15:30:55 | INFO     | base.base_page:180 | 处理完整资源ID: hanvon.aebr.hanvondrive:id/foldername_edittext
2025-09-03 15:30:55 | INFO     | base.base_page:202 | 获取定位器：account_rename-bind_cloud = hanvon.aebr.hanvondrive:id/tv_drive_type
2025-09-03 15:30:55 | INFO     | base.base_page:180 | 处理完整资源ID: hanvon.aebr.hanvondrive:id/tv_drive_type
2025-09-03 15:30:55 | INFO     | base.base_page:202 | 获取定位器：account_rename-cancel_button = hanvon.aebr.hanvondrive:id/dialog_cancel
2025-09-03 15:30:55 | INFO     | base.base_page:180 | 处理完整资源ID: hanvon.aebr.hanvondrive:id/dialog_cancel
2025-09-03 15:30:55 | INFO     | base.base_page:202 | 获取定位器：account_rename-delete_name = hanvon.aebr.hanvondrive:id/deleteTv
2025-09-03 15:30:55 | INFO     | base.base_page:180 | 处理完整资源ID: hanvon.aebr.hanvondrive:id/deleteTv
2025-09-03 15:30:55 | INFO     | base.base_page:202 | 获取定位器：account_rename-sure_button = hanvon.aebr.hanvondrive:id/dialog_sure
2025-09-03 15:30:55 | INFO     | base.base_page:180 | 处理完整资源ID: hanvon.aebr.hanvondrive:id/dialog_sure
2025-09-03 15:30:55 | INFO     | base.base_page:202 | 获取定位器：account_rename-tv_account = hanvon.aebr.hanvondrive:id/tv_accout
2025-09-03 15:30:55 | INFO     | base.base_page:180 | 处理完整资源ID: hanvon.aebr.hanvondrive:id/tv_accout
2025-09-03 15:30:55 | INFO     | base.base_page:202 | 获取定位器：account_rename-account_input = hanvon.aebr.hanvondrive:id/foldername_edittext
2025-09-03 15:30:55 | INFO     | base.base_page:180 | 处理完整资源ID: hanvon.aebr.hanvondrive:id/foldername_edittext
2025-09-03 15:30:56 | INFO     | base.base_page:288 | 输入文本到 ('id', 'hanvon.aebr.hanvondrive:id/foldername_edittext')：'NewAccountName'
2025-09-03 15:30:56 | INFO     | pages.nut_cloud_page.account_rename_page:44 | 账户名称输入值为：NewAccountName
2025-09-03 15:30:56 | INFO     | base.base_page:202 | 获取定位器：account_rename-account_input = hanvon.aebr.hanvondrive:id/foldername_edittext
2025-09-03 15:30:56 | INFO     | base.base_page:180 | 处理完整资源ID: hanvon.aebr.hanvondrive:id/foldername_edittext
2025-09-03 15:30:57 | INFO     | base.base_page:202 | 获取定位器：account_rename-delete_name = hanvon.aebr.hanvondrive:id/deleteTv
2025-09-03 15:30:57 | INFO     | base.base_page:180 | 处理完整资源ID: hanvon.aebr.hanvondrive:id/deleteTv
2025-09-03 15:30:58 | INFO     | base.base_page:275 | 点击元素：('id', 'hanvon.aebr.hanvondrive:id/deleteTv')
2025-09-03 15:30:58 | INFO     | base.base_page:202 | 获取定位器：account_rename-account_input = hanvon.aebr.hanvondrive:id/foldername_edittext
2025-09-03 15:30:58 | INFO     | base.base_page:180 | 处理完整资源ID: hanvon.aebr.hanvondrive:id/foldername_edittext
2025-09-03 15:30:58 | INFO     | base.base_page:202 | 获取定位器：account_rename-sure_button = hanvon.aebr.hanvondrive:id/dialog_sure
2025-09-03 15:30:58 | INFO     | base.base_page:180 | 处理完整资源ID: hanvon.aebr.hanvondrive:id/dialog_sure
2025-09-03 15:30:59 | INFO     | base.base_page:275 | 点击元素：('id', 'hanvon.aebr.hanvondrive:id/dialog_sure')
2025-09-03 15:30:59 | INFO     | base.base_page:498 | ✅ Toast 验证成功 | 预期: '请输入名称，名称不能为空' | 实际: '请输入名称，名称不能为空'
2025-09-03 15:30:59 | INFO     | base.base_page:137 | ✅ 使用ADB点击返回键
2025-09-03 15:31:00 | INFO     | base.base_page:137 | ✅ 使用ADB点击返回键
2025-09-03 15:31:02 | INFO     | conftest:233 | 停止屏幕录制: D:\clear6Trubo\reports\videos\VIDEO_test_input_account_name__u57fa_u7840_u91cd_u547d_u_20250903_153050.mp4
2025-09-03 15:31:02 | INFO     | conftest:239 | 屏幕录制已保存: D:\clear6Trubo\reports\videos\VIDEO_test_input_account_name__u57fa_u7840_u91cd_u547d_u_20250903_153050.mp4
2025-09-03 15:31:02 | INFO     | conftest:346 | 已将录屏附加到Allure报告: VIDEO_test_input_account_name__u57fa_u7840_u91cd_u547d_u_20250903_153050.mp4
2025-09-03 15:31:03 | INFO     | conftest:219 | 开始屏幕录制: D:\clear6Trubo\reports\videos\VIDEO_test_input_account_name__u4e2d_u6587_u540d_u79f0_u_20250903_153102.mp4
2025-09-03 15:31:03 | INFO     | base.base_page:53 | 自动生成配置路径: data/locators/details_page.yaml
2025-09-03 15:31:03 | INFO     | base.base_page:53 | 自动生成配置路径: data/locators/details_page.yaml
2025-09-03 15:31:03 | INFO     | base.base_page:107 | 初始化页面: DetailsPage | 平台: android
2025-09-03 15:31:03 | INFO     | pages.nut_cloud_page.details_page:17 | 进入主页
2025-09-03 15:31:03 | INFO     | base.base_page:202 | 获取定位器：details-account_button = hanvon.aebr.hanvondrive:id/tv_accout_detail
2025-09-03 15:31:03 | INFO     | base.base_page:180 | 处理完整资源ID: hanvon.aebr.hanvondrive:id/tv_accout_detail
2025-09-03 15:31:03 | INFO     | base.base_page:202 | 获取定位器：details-account_unbind = hanvon.aebr.hanvondrive:id/unbindTv
2025-09-03 15:31:03 | INFO     | base.base_page:180 | 处理完整资源ID: hanvon.aebr.hanvondrive:id/unbindTv
2025-09-03 15:31:03 | INFO     | base.base_page:202 | 获取定位器：details-close_button = hanvon.aebr.hanvondrive:id/dialog_close
2025-09-03 15:31:03 | INFO     | base.base_page:180 | 处理完整资源ID: hanvon.aebr.hanvondrive:id/dialog_close
2025-09-03 15:31:03 | INFO     | base.base_page:202 | 获取定位器：details-nut_cloud = hanvon.aebr.hanvondrive:id/drive_type
2025-09-03 15:31:03 | INFO     | base.base_page:180 | 处理完整资源ID: hanvon.aebr.hanvondrive:id/drive_type
2025-09-03 15:31:03 | INFO     | base.base_page:202 | 获取定位器：details-rename_button = hanvon.aebr.hanvondrive:id/tv_rename_drive
2025-09-03 15:31:03 | INFO     | base.base_page:180 | 处理完整资源ID: hanvon.aebr.hanvondrive:id/tv_rename_drive
2025-09-03 15:31:03 | INFO     | base.base_page:202 | 获取定位器：details-rename_window = hanvon.aebr.hanvondrive:id/dialog_title
2025-09-03 15:31:03 | INFO     | base.base_page:180 | 处理完整资源ID: hanvon.aebr.hanvondrive:id/dialog_title
2025-09-03 15:31:03 | INFO     | base.base_page:53 | 自动生成配置路径: data/locators/details_page.yaml
2025-09-03 15:31:03 | INFO     | base.base_page:53 | 自动生成配置路径: data/locators/details_page.yaml
2025-09-03 15:31:03 | INFO     | base.base_page:107 | 初始化页面: DetailsPage | 平台: android
2025-09-03 15:31:03 | INFO     | pages.nut_cloud_page.details_page:17 | 进入主页
2025-09-03 15:31:03 | INFO     | base.base_page:202 | 获取定位器：details-account_button = hanvon.aebr.hanvondrive:id/tv_accout_detail
2025-09-03 15:31:03 | INFO     | base.base_page:180 | 处理完整资源ID: hanvon.aebr.hanvondrive:id/tv_accout_detail
2025-09-03 15:31:03 | INFO     | base.base_page:202 | 获取定位器：details-account_unbind = hanvon.aebr.hanvondrive:id/unbindTv
2025-09-03 15:31:03 | INFO     | base.base_page:180 | 处理完整资源ID: hanvon.aebr.hanvondrive:id/unbindTv
2025-09-03 15:31:03 | INFO     | base.base_page:202 | 获取定位器：details-close_button = hanvon.aebr.hanvondrive:id/dialog_close
2025-09-03 15:31:03 | INFO     | base.base_page:180 | 处理完整资源ID: hanvon.aebr.hanvondrive:id/dialog_close
2025-09-03 15:31:03 | INFO     | base.base_page:202 | 获取定位器：details-nut_cloud = hanvon.aebr.hanvondrive:id/drive_type
2025-09-03 15:31:03 | INFO     | base.base_page:180 | 处理完整资源ID: hanvon.aebr.hanvondrive:id/drive_type
2025-09-03 15:31:03 | INFO     | base.base_page:202 | 获取定位器：details-rename_button = hanvon.aebr.hanvondrive:id/tv_rename_drive
2025-09-03 15:31:03 | INFO     | base.base_page:180 | 处理完整资源ID: hanvon.aebr.hanvondrive:id/tv_rename_drive
2025-09-03 15:31:03 | INFO     | base.base_page:202 | 获取定位器：details-rename_window = hanvon.aebr.hanvondrive:id/dialog_title
2025-09-03 15:31:03 | INFO     | base.base_page:180 | 处理完整资源ID: hanvon.aebr.hanvondrive:id/dialog_title
2025-09-03 15:31:03 | INFO     | base.base_page:202 | 获取定位器：home-nut_cloud = hanvon.aebr.hanvondrive:id/drive_type
2025-09-03 15:31:03 | INFO     | base.base_page:180 | 处理完整资源ID: hanvon.aebr.hanvondrive:id/drive_type
2025-09-03 15:31:06 | INFO     | base.base_page:465 | 成功长按元素: ('id', 'hanvon.aebr.hanvondrive:id/drive_type') (2.0秒)
2025-09-03 15:31:06 | INFO     | base.base_page:202 | 获取定位器：details-rename_button = hanvon.aebr.hanvondrive:id/tv_rename_drive
2025-09-03 15:31:06 | INFO     | base.base_page:180 | 处理完整资源ID: hanvon.aebr.hanvondrive:id/tv_rename_drive
2025-09-03 15:31:07 | INFO     | base.base_page:275 | 点击元素：('id', 'hanvon.aebr.hanvondrive:id/tv_rename_drive')
2025-09-03 15:31:07 | INFO     | base.base_page:202 | 获取定位器：details-rename_window = hanvon.aebr.hanvondrive:id/dialog_title
2025-09-03 15:31:07 | INFO     | base.base_page:180 | 处理完整资源ID: hanvon.aebr.hanvondrive:id/dialog_title
2025-09-03 15:31:08 | INFO     | base.base_page:368 | 元素已找到：<appium.webdriver.webelement.WebElement (session="df808715-254d-4b2e-ab89-966e51ff4048", element="2447a4ae-cd53-4eab-8f2f-f6f167e76574")>
2025-09-03 15:31:08 | INFO     | pages.nut_cloud_page.details_page:119 | 已返回到账户信息页
2025-09-03 15:31:08 | INFO     | base.base_page:53 | 自动生成配置路径: data/locators/account_rename_page.yaml
2025-09-03 15:31:08 | INFO     | base.base_page:53 | 自动生成配置路径: data/locators/account_rename_page.yaml
2025-09-03 15:31:08 | INFO     | base.base_page:107 | 初始化页面: AccountRenamePage | 平台: android
2025-09-03 15:31:08 | INFO     | pages.nut_cloud_page.account_rename_page:15 | 进入主页
2025-09-03 15:31:08 | INFO     | base.base_page:202 | 获取定位器：account_rename-account_input = hanvon.aebr.hanvondrive:id/foldername_edittext
2025-09-03 15:31:08 | INFO     | base.base_page:180 | 处理完整资源ID: hanvon.aebr.hanvondrive:id/foldername_edittext
2025-09-03 15:31:08 | INFO     | base.base_page:202 | 获取定位器：account_rename-bind_cloud = hanvon.aebr.hanvondrive:id/tv_drive_type
2025-09-03 15:31:08 | INFO     | base.base_page:180 | 处理完整资源ID: hanvon.aebr.hanvondrive:id/tv_drive_type
2025-09-03 15:31:08 | INFO     | base.base_page:202 | 获取定位器：account_rename-cancel_button = hanvon.aebr.hanvondrive:id/dialog_cancel
2025-09-03 15:31:08 | INFO     | base.base_page:180 | 处理完整资源ID: hanvon.aebr.hanvondrive:id/dialog_cancel
2025-09-03 15:31:08 | INFO     | base.base_page:202 | 获取定位器：account_rename-delete_name = hanvon.aebr.hanvondrive:id/deleteTv
2025-09-03 15:31:08 | INFO     | base.base_page:180 | 处理完整资源ID: hanvon.aebr.hanvondrive:id/deleteTv
2025-09-03 15:31:08 | INFO     | base.base_page:202 | 获取定位器：account_rename-sure_button = hanvon.aebr.hanvondrive:id/dialog_sure
2025-09-03 15:31:08 | INFO     | base.base_page:180 | 处理完整资源ID: hanvon.aebr.hanvondrive:id/dialog_sure
2025-09-03 15:31:08 | INFO     | base.base_page:202 | 获取定位器：account_rename-tv_account = hanvon.aebr.hanvondrive:id/tv_accout
2025-09-03 15:31:08 | INFO     | base.base_page:180 | 处理完整资源ID: hanvon.aebr.hanvondrive:id/tv_accout
2025-09-03 15:31:08 | INFO     | base.base_page:202 | 获取定位器：account_rename-account_input = hanvon.aebr.hanvondrive:id/foldername_edittext
2025-09-03 15:31:08 | INFO     | base.base_page:180 | 处理完整资源ID: hanvon.aebr.hanvondrive:id/foldername_edittext
2025-09-03 15:31:09 | INFO     | base.base_page:288 | 输入文本到 ('id', 'hanvon.aebr.hanvondrive:id/foldername_edittext')：'汉王科技账户'
2025-09-03 15:31:09 | INFO     | pages.nut_cloud_page.account_rename_page:44 | 账户名称输入值为：汉王科技账户
2025-09-03 15:31:09 | INFO     | base.base_page:202 | 获取定位器：account_rename-account_input = hanvon.aebr.hanvondrive:id/foldername_edittext
2025-09-03 15:31:09 | INFO     | base.base_page:180 | 处理完整资源ID: hanvon.aebr.hanvondrive:id/foldername_edittext
2025-09-03 15:31:10 | INFO     | base.base_page:202 | 获取定位器：account_rename-delete_name = hanvon.aebr.hanvondrive:id/deleteTv
2025-09-03 15:31:10 | INFO     | base.base_page:180 | 处理完整资源ID: hanvon.aebr.hanvondrive:id/deleteTv
2025-09-03 15:31:10 | INFO     | base.base_page:275 | 点击元素：('id', 'hanvon.aebr.hanvondrive:id/deleteTv')
2025-09-03 15:31:10 | INFO     | base.base_page:202 | 获取定位器：account_rename-account_input = hanvon.aebr.hanvondrive:id/foldername_edittext
2025-09-03 15:31:10 | INFO     | base.base_page:180 | 处理完整资源ID: hanvon.aebr.hanvondrive:id/foldername_edittext
2025-09-03 15:31:10 | INFO     | base.base_page:202 | 获取定位器：account_rename-sure_button = hanvon.aebr.hanvondrive:id/dialog_sure
2025-09-03 15:31:10 | INFO     | base.base_page:180 | 处理完整资源ID: hanvon.aebr.hanvondrive:id/dialog_sure
2025-09-03 15:31:11 | INFO     | base.base_page:275 | 点击元素：('id', 'hanvon.aebr.hanvondrive:id/dialog_sure')
2025-09-03 15:31:11 | INFO     | base.base_page:498 | ✅ Toast 验证成功 | 预期: '请输入名称，名称不能为空' | 实际: '请输入名称，名称不能为空'
2025-09-03 15:31:12 | INFO     | base.base_page:137 | ✅ 使用ADB点击返回键
2025-09-03 15:31:13 | INFO     | base.base_page:137 | ✅ 使用ADB点击返回键
2025-09-03 15:31:15 | INFO     | conftest:233 | 停止屏幕录制: D:\clear6Trubo\reports\videos\VIDEO_test_input_account_name__u4e2d_u6587_u540d_u79f0_u_20250903_153102.mp4
2025-09-03 15:31:15 | INFO     | conftest:239 | 屏幕录制已保存: D:\clear6Trubo\reports\videos\VIDEO_test_input_account_name__u4e2d_u6587_u540d_u79f0_u_20250903_153102.mp4
2025-09-03 15:31:15 | INFO     | conftest:346 | 已将录屏附加到Allure报告: VIDEO_test_input_account_name__u4e2d_u6587_u540d_u79f0_u_20250903_153102.mp4
2025-09-03 15:31:16 | INFO     | conftest:219 | 开始屏幕录制: D:\clear6Trubo\reports\videos\VIDEO_test_input_account_name__u7279_u6b8a_u5b57_u7b26_u_20250903_153115.mp4
2025-09-03 15:31:16 | INFO     | base.base_page:53 | 自动生成配置路径: data/locators/details_page.yaml
2025-09-03 15:31:16 | INFO     | base.base_page:53 | 自动生成配置路径: data/locators/details_page.yaml
2025-09-03 15:31:16 | INFO     | base.base_page:107 | 初始化页面: DetailsPage | 平台: android
2025-09-03 15:31:16 | INFO     | pages.nut_cloud_page.details_page:17 | 进入主页
2025-09-03 15:31:16 | INFO     | base.base_page:202 | 获取定位器：details-account_button = hanvon.aebr.hanvondrive:id/tv_accout_detail
2025-09-03 15:31:16 | INFO     | base.base_page:180 | 处理完整资源ID: hanvon.aebr.hanvondrive:id/tv_accout_detail
2025-09-03 15:31:16 | INFO     | base.base_page:202 | 获取定位器：details-account_unbind = hanvon.aebr.hanvondrive:id/unbindTv
2025-09-03 15:31:16 | INFO     | base.base_page:180 | 处理完整资源ID: hanvon.aebr.hanvondrive:id/unbindTv
2025-09-03 15:31:16 | INFO     | base.base_page:202 | 获取定位器：details-close_button = hanvon.aebr.hanvondrive:id/dialog_close
2025-09-03 15:31:16 | INFO     | base.base_page:180 | 处理完整资源ID: hanvon.aebr.hanvondrive:id/dialog_close
2025-09-03 15:31:16 | INFO     | base.base_page:202 | 获取定位器：details-nut_cloud = hanvon.aebr.hanvondrive:id/drive_type
2025-09-03 15:31:16 | INFO     | base.base_page:180 | 处理完整资源ID: hanvon.aebr.hanvondrive:id/drive_type
2025-09-03 15:31:16 | INFO     | base.base_page:202 | 获取定位器：details-rename_button = hanvon.aebr.hanvondrive:id/tv_rename_drive
2025-09-03 15:31:16 | INFO     | base.base_page:180 | 处理完整资源ID: hanvon.aebr.hanvondrive:id/tv_rename_drive
2025-09-03 15:31:16 | INFO     | base.base_page:202 | 获取定位器：details-rename_window = hanvon.aebr.hanvondrive:id/dialog_title
2025-09-03 15:31:16 | INFO     | base.base_page:180 | 处理完整资源ID: hanvon.aebr.hanvondrive:id/dialog_title
2025-09-03 15:31:16 | INFO     | base.base_page:53 | 自动生成配置路径: data/locators/details_page.yaml
2025-09-03 15:31:16 | INFO     | base.base_page:53 | 自动生成配置路径: data/locators/details_page.yaml
2025-09-03 15:31:16 | INFO     | base.base_page:107 | 初始化页面: DetailsPage | 平台: android
2025-09-03 15:31:16 | INFO     | pages.nut_cloud_page.details_page:17 | 进入主页
2025-09-03 15:31:16 | INFO     | base.base_page:202 | 获取定位器：details-account_button = hanvon.aebr.hanvondrive:id/tv_accout_detail
2025-09-03 15:31:16 | INFO     | base.base_page:180 | 处理完整资源ID: hanvon.aebr.hanvondrive:id/tv_accout_detail
2025-09-03 15:31:16 | INFO     | base.base_page:202 | 获取定位器：details-account_unbind = hanvon.aebr.hanvondrive:id/unbindTv
2025-09-03 15:31:16 | INFO     | base.base_page:180 | 处理完整资源ID: hanvon.aebr.hanvondrive:id/unbindTv
2025-09-03 15:31:16 | INFO     | base.base_page:202 | 获取定位器：details-close_button = hanvon.aebr.hanvondrive:id/dialog_close
2025-09-03 15:31:16 | INFO     | base.base_page:180 | 处理完整资源ID: hanvon.aebr.hanvondrive:id/dialog_close
2025-09-03 15:31:16 | INFO     | base.base_page:202 | 获取定位器：details-nut_cloud = hanvon.aebr.hanvondrive:id/drive_type
2025-09-03 15:31:16 | INFO     | base.base_page:180 | 处理完整资源ID: hanvon.aebr.hanvondrive:id/drive_type
2025-09-03 15:31:16 | INFO     | base.base_page:202 | 获取定位器：details-rename_button = hanvon.aebr.hanvondrive:id/tv_rename_drive
2025-09-03 15:31:16 | INFO     | base.base_page:180 | 处理完整资源ID: hanvon.aebr.hanvondrive:id/tv_rename_drive
2025-09-03 15:31:16 | INFO     | base.base_page:202 | 获取定位器：details-rename_window = hanvon.aebr.hanvondrive:id/dialog_title
2025-09-03 15:31:16 | INFO     | base.base_page:180 | 处理完整资源ID: hanvon.aebr.hanvondrive:id/dialog_title
2025-09-03 15:31:16 | INFO     | base.base_page:202 | 获取定位器：home-nut_cloud = hanvon.aebr.hanvondrive:id/drive_type
2025-09-03 15:31:16 | INFO     | base.base_page:180 | 处理完整资源ID: hanvon.aebr.hanvondrive:id/drive_type
2025-09-03 15:31:18 | INFO     | base.base_page:465 | 成功长按元素: ('id', 'hanvon.aebr.hanvondrive:id/drive_type') (2.0秒)
2025-09-03 15:31:18 | INFO     | base.base_page:202 | 获取定位器：details-rename_button = hanvon.aebr.hanvondrive:id/tv_rename_drive
2025-09-03 15:31:18 | INFO     | base.base_page:180 | 处理完整资源ID: hanvon.aebr.hanvondrive:id/tv_rename_drive
2025-09-03 15:31:19 | INFO     | base.base_page:275 | 点击元素：('id', 'hanvon.aebr.hanvondrive:id/tv_rename_drive')
2025-09-03 15:31:19 | INFO     | base.base_page:202 | 获取定位器：details-rename_window = hanvon.aebr.hanvondrive:id/dialog_title
2025-09-03 15:31:19 | INFO     | base.base_page:180 | 处理完整资源ID: hanvon.aebr.hanvondrive:id/dialog_title
2025-09-03 15:31:20 | INFO     | base.base_page:368 | 元素已找到：<appium.webdriver.webelement.WebElement (session="df808715-254d-4b2e-ab89-966e51ff4048", element="5812561b-3485-4a16-a01d-cf6ed97da045")>
2025-09-03 15:31:20 | INFO     | pages.nut_cloud_page.details_page:119 | 已返回到账户信息页
2025-09-03 15:31:20 | INFO     | base.base_page:53 | 自动生成配置路径: data/locators/account_rename_page.yaml
2025-09-03 15:31:20 | INFO     | base.base_page:53 | 自动生成配置路径: data/locators/account_rename_page.yaml
2025-09-03 15:31:20 | INFO     | base.base_page:107 | 初始化页面: AccountRenamePage | 平台: android
2025-09-03 15:31:20 | INFO     | pages.nut_cloud_page.account_rename_page:15 | 进入主页
2025-09-03 15:31:20 | INFO     | base.base_page:202 | 获取定位器：account_rename-account_input = hanvon.aebr.hanvondrive:id/foldername_edittext
2025-09-03 15:31:20 | INFO     | base.base_page:180 | 处理完整资源ID: hanvon.aebr.hanvondrive:id/foldername_edittext
2025-09-03 15:31:20 | INFO     | base.base_page:202 | 获取定位器：account_rename-bind_cloud = hanvon.aebr.hanvondrive:id/tv_drive_type
2025-09-03 15:31:20 | INFO     | base.base_page:180 | 处理完整资源ID: hanvon.aebr.hanvondrive:id/tv_drive_type
2025-09-03 15:31:20 | INFO     | base.base_page:202 | 获取定位器：account_rename-cancel_button = hanvon.aebr.hanvondrive:id/dialog_cancel
2025-09-03 15:31:20 | INFO     | base.base_page:180 | 处理完整资源ID: hanvon.aebr.hanvondrive:id/dialog_cancel
2025-09-03 15:31:20 | INFO     | base.base_page:202 | 获取定位器：account_rename-delete_name = hanvon.aebr.hanvondrive:id/deleteTv
2025-09-03 15:31:20 | INFO     | base.base_page:180 | 处理完整资源ID: hanvon.aebr.hanvondrive:id/deleteTv
2025-09-03 15:31:20 | INFO     | base.base_page:202 | 获取定位器：account_rename-sure_button = hanvon.aebr.hanvondrive:id/dialog_sure
2025-09-03 15:31:20 | INFO     | base.base_page:180 | 处理完整资源ID: hanvon.aebr.hanvondrive:id/dialog_sure
2025-09-03 15:31:20 | INFO     | base.base_page:202 | 获取定位器：account_rename-tv_account = hanvon.aebr.hanvondrive:id/tv_accout
2025-09-03 15:31:20 | INFO     | base.base_page:180 | 处理完整资源ID: hanvon.aebr.hanvondrive:id/tv_accout
2025-09-03 15:31:20 | INFO     | base.base_page:202 | 获取定位器：account_rename-account_input = hanvon.aebr.hanvondrive:id/foldername_edittext
2025-09-03 15:31:20 | INFO     | base.base_page:180 | 处理完整资源ID: hanvon.aebr.hanvondrive:id/foldername_edittext
2025-09-03 15:31:21 | INFO     | base.base_page:288 | 输入文本到 ('id', 'hanvon.aebr.hanvondrive:id/foldername_edittext')：'Account_123!@#.+-~！@#￥%……&*（）——+？“：|'
2025-09-03 15:31:21 | INFO     | pages.nut_cloud_page.account_rename_page:44 | 账户名称输入值为：Account_123!@#.+-~！@#￥%……&*（）——+？“：|
2025-09-03 15:31:21 | INFO     | base.base_page:202 | 获取定位器：account_rename-account_input = hanvon.aebr.hanvondrive:id/foldername_edittext
2025-09-03 15:31:21 | INFO     | base.base_page:180 | 处理完整资源ID: hanvon.aebr.hanvondrive:id/foldername_edittext
2025-09-03 15:31:22 | INFO     | base.base_page:202 | 获取定位器：account_rename-delete_name = hanvon.aebr.hanvondrive:id/deleteTv
2025-09-03 15:31:22 | INFO     | base.base_page:180 | 处理完整资源ID: hanvon.aebr.hanvondrive:id/deleteTv
2025-09-03 15:31:23 | INFO     | base.base_page:275 | 点击元素：('id', 'hanvon.aebr.hanvondrive:id/deleteTv')
2025-09-03 15:31:23 | INFO     | base.base_page:202 | 获取定位器：account_rename-account_input = hanvon.aebr.hanvondrive:id/foldername_edittext
2025-09-03 15:31:23 | INFO     | base.base_page:180 | 处理完整资源ID: hanvon.aebr.hanvondrive:id/foldername_edittext
2025-09-03 15:31:23 | INFO     | base.base_page:202 | 获取定位器：account_rename-sure_button = hanvon.aebr.hanvondrive:id/dialog_sure
2025-09-03 15:31:23 | INFO     | base.base_page:180 | 处理完整资源ID: hanvon.aebr.hanvondrive:id/dialog_sure
2025-09-03 15:31:24 | INFO     | base.base_page:275 | 点击元素：('id', 'hanvon.aebr.hanvondrive:id/dialog_sure')
2025-09-03 15:31:24 | INFO     | base.base_page:498 | ✅ Toast 验证成功 | 预期: '请输入名称，名称不能为空' | 实际: '请输入名称，名称不能为空'
2025-09-03 15:31:24 | INFO     | base.base_page:137 | ✅ 使用ADB点击返回键
2025-09-03 15:31:25 | INFO     | base.base_page:137 | ✅ 使用ADB点击返回键
2025-09-03 15:31:27 | INFO     | conftest:233 | 停止屏幕录制: D:\clear6Trubo\reports\videos\VIDEO_test_input_account_name__u7279_u6b8a_u5b57_u7b26_u_20250903_153115.mp4
2025-09-03 15:31:27 | INFO     | conftest:239 | 屏幕录制已保存: D:\clear6Trubo\reports\videos\VIDEO_test_input_account_name__u7279_u6b8a_u5b57_u7b26_u_20250903_153115.mp4
2025-09-03 15:31:28 | INFO     | conftest:346 | 已将录屏附加到Allure报告: VIDEO_test_input_account_name__u7279_u6b8a_u5b57_u7b26_u_20250903_153115.mp4
2025-09-03 15:31:28 | INFO     | conftest:219 | 开始屏幕录制: D:\clear6Trubo\reports\videos\VIDEO_test_input_account_name__u8d85_u957f_u540d_u79f0_u_20250903_153128.mp4
2025-09-03 15:31:28 | INFO     | base.base_page:53 | 自动生成配置路径: data/locators/details_page.yaml
2025-09-03 15:31:28 | INFO     | base.base_page:53 | 自动生成配置路径: data/locators/details_page.yaml
2025-09-03 15:31:28 | INFO     | base.base_page:107 | 初始化页面: DetailsPage | 平台: android
2025-09-03 15:31:28 | INFO     | pages.nut_cloud_page.details_page:17 | 进入主页
2025-09-03 15:31:28 | INFO     | base.base_page:202 | 获取定位器：details-account_button = hanvon.aebr.hanvondrive:id/tv_accout_detail
2025-09-03 15:31:28 | INFO     | base.base_page:180 | 处理完整资源ID: hanvon.aebr.hanvondrive:id/tv_accout_detail
2025-09-03 15:31:28 | INFO     | base.base_page:202 | 获取定位器：details-account_unbind = hanvon.aebr.hanvondrive:id/unbindTv
2025-09-03 15:31:28 | INFO     | base.base_page:180 | 处理完整资源ID: hanvon.aebr.hanvondrive:id/unbindTv
2025-09-03 15:31:28 | INFO     | base.base_page:202 | 获取定位器：details-close_button = hanvon.aebr.hanvondrive:id/dialog_close
2025-09-03 15:31:28 | INFO     | base.base_page:180 | 处理完整资源ID: hanvon.aebr.hanvondrive:id/dialog_close
2025-09-03 15:31:28 | INFO     | base.base_page:202 | 获取定位器：details-nut_cloud = hanvon.aebr.hanvondrive:id/drive_type
2025-09-03 15:31:28 | INFO     | base.base_page:180 | 处理完整资源ID: hanvon.aebr.hanvondrive:id/drive_type
2025-09-03 15:31:28 | INFO     | base.base_page:202 | 获取定位器：details-rename_button = hanvon.aebr.hanvondrive:id/tv_rename_drive
2025-09-03 15:31:28 | INFO     | base.base_page:180 | 处理完整资源ID: hanvon.aebr.hanvondrive:id/tv_rename_drive
2025-09-03 15:31:28 | INFO     | base.base_page:202 | 获取定位器：details-rename_window = hanvon.aebr.hanvondrive:id/dialog_title
2025-09-03 15:31:28 | INFO     | base.base_page:180 | 处理完整资源ID: hanvon.aebr.hanvondrive:id/dialog_title
2025-09-03 15:31:28 | INFO     | base.base_page:53 | 自动生成配置路径: data/locators/details_page.yaml
2025-09-03 15:31:28 | INFO     | base.base_page:53 | 自动生成配置路径: data/locators/details_page.yaml
2025-09-03 15:31:28 | INFO     | base.base_page:107 | 初始化页面: DetailsPage | 平台: android
2025-09-03 15:31:28 | INFO     | pages.nut_cloud_page.details_page:17 | 进入主页
2025-09-03 15:31:28 | INFO     | base.base_page:202 | 获取定位器：details-account_button = hanvon.aebr.hanvondrive:id/tv_accout_detail
2025-09-03 15:31:28 | INFO     | base.base_page:180 | 处理完整资源ID: hanvon.aebr.hanvondrive:id/tv_accout_detail
2025-09-03 15:31:28 | INFO     | base.base_page:202 | 获取定位器：details-account_unbind = hanvon.aebr.hanvondrive:id/unbindTv
2025-09-03 15:31:28 | INFO     | base.base_page:180 | 处理完整资源ID: hanvon.aebr.hanvondrive:id/unbindTv
2025-09-03 15:31:28 | INFO     | base.base_page:202 | 获取定位器：details-close_button = hanvon.aebr.hanvondrive:id/dialog_close
2025-09-03 15:31:28 | INFO     | base.base_page:180 | 处理完整资源ID: hanvon.aebr.hanvondrive:id/dialog_close
2025-09-03 15:31:28 | INFO     | base.base_page:202 | 获取定位器：details-nut_cloud = hanvon.aebr.hanvondrive:id/drive_type
2025-09-03 15:31:28 | INFO     | base.base_page:180 | 处理完整资源ID: hanvon.aebr.hanvondrive:id/drive_type
2025-09-03 15:31:28 | INFO     | base.base_page:202 | 获取定位器：details-rename_button = hanvon.aebr.hanvondrive:id/tv_rename_drive
2025-09-03 15:31:28 | INFO     | base.base_page:180 | 处理完整资源ID: hanvon.aebr.hanvondrive:id/tv_rename_drive
2025-09-03 15:31:28 | INFO     | base.base_page:202 | 获取定位器：details-rename_window = hanvon.aebr.hanvondrive:id/dialog_title
2025-09-03 15:31:28 | INFO     | base.base_page:180 | 处理完整资源ID: hanvon.aebr.hanvondrive:id/dialog_title
2025-09-03 15:31:28 | INFO     | base.base_page:202 | 获取定位器：home-nut_cloud = hanvon.aebr.hanvondrive:id/drive_type
2025-09-03 15:31:28 | INFO     | base.base_page:180 | 处理完整资源ID: hanvon.aebr.hanvondrive:id/drive_type
2025-09-03 15:31:31 | INFO     | base.base_page:465 | 成功长按元素: ('id', 'hanvon.aebr.hanvondrive:id/drive_type') (2.0秒)
2025-09-03 15:31:31 | INFO     | base.base_page:202 | 获取定位器：details-rename_button = hanvon.aebr.hanvondrive:id/tv_rename_drive
2025-09-03 15:31:31 | INFO     | base.base_page:180 | 处理完整资源ID: hanvon.aebr.hanvondrive:id/tv_rename_drive
2025-09-03 15:31:32 | INFO     | base.base_page:275 | 点击元素：('id', 'hanvon.aebr.hanvondrive:id/tv_rename_drive')
2025-09-03 15:31:32 | INFO     | base.base_page:202 | 获取定位器：details-rename_window = hanvon.aebr.hanvondrive:id/dialog_title
2025-09-03 15:31:32 | INFO     | base.base_page:180 | 处理完整资源ID: hanvon.aebr.hanvondrive:id/dialog_title
2025-09-03 15:31:32 | INFO     | base.base_page:368 | 元素已找到：<appium.webdriver.webelement.WebElement (session="df808715-254d-4b2e-ab89-966e51ff4048", element="a9eab508-378d-4089-898c-87ca10bc3a93")>
2025-09-03 15:31:32 | INFO     | pages.nut_cloud_page.details_page:119 | 已返回到账户信息页
2025-09-03 15:31:32 | INFO     | base.base_page:53 | 自动生成配置路径: data/locators/account_rename_page.yaml
2025-09-03 15:31:32 | INFO     | base.base_page:53 | 自动生成配置路径: data/locators/account_rename_page.yaml
2025-09-03 15:31:32 | INFO     | base.base_page:107 | 初始化页面: AccountRenamePage | 平台: android
2025-09-03 15:31:32 | INFO     | pages.nut_cloud_page.account_rename_page:15 | 进入主页
2025-09-03 15:31:32 | INFO     | base.base_page:202 | 获取定位器：account_rename-account_input = hanvon.aebr.hanvondrive:id/foldername_edittext
2025-09-03 15:31:32 | INFO     | base.base_page:180 | 处理完整资源ID: hanvon.aebr.hanvondrive:id/foldername_edittext
2025-09-03 15:31:32 | INFO     | base.base_page:202 | 获取定位器：account_rename-bind_cloud = hanvon.aebr.hanvondrive:id/tv_drive_type
2025-09-03 15:31:32 | INFO     | base.base_page:180 | 处理完整资源ID: hanvon.aebr.hanvondrive:id/tv_drive_type
2025-09-03 15:31:32 | INFO     | base.base_page:202 | 获取定位器：account_rename-cancel_button = hanvon.aebr.hanvondrive:id/dialog_cancel
2025-09-03 15:31:32 | INFO     | base.base_page:180 | 处理完整资源ID: hanvon.aebr.hanvondrive:id/dialog_cancel
2025-09-03 15:31:32 | INFO     | base.base_page:202 | 获取定位器：account_rename-delete_name = hanvon.aebr.hanvondrive:id/deleteTv
2025-09-03 15:31:32 | INFO     | base.base_page:180 | 处理完整资源ID: hanvon.aebr.hanvondrive:id/deleteTv
2025-09-03 15:31:32 | INFO     | base.base_page:202 | 获取定位器：account_rename-sure_button = hanvon.aebr.hanvondrive:id/dialog_sure
2025-09-03 15:31:32 | INFO     | base.base_page:180 | 处理完整资源ID: hanvon.aebr.hanvondrive:id/dialog_sure
2025-09-03 15:31:32 | INFO     | base.base_page:202 | 获取定位器：account_rename-tv_account = hanvon.aebr.hanvondrive:id/tv_accout
2025-09-03 15:31:32 | INFO     | base.base_page:180 | 处理完整资源ID: hanvon.aebr.hanvondrive:id/tv_accout
2025-09-03 15:31:32 | INFO     | base.base_page:202 | 获取定位器：account_rename-account_input = hanvon.aebr.hanvondrive:id/foldername_edittext
2025-09-03 15:31:32 | INFO     | base.base_page:180 | 处理完整资源ID: hanvon.aebr.hanvondrive:id/foldername_edittext
2025-09-03 15:31:33 | INFO     | base.base_page:288 | 输入文本到 ('id', 'hanvon.aebr.hanvondrive:id/foldername_edittext')：'VeryLongAccountNameWithMoreThanFiftyCharactersForTestingVeryLongAccountNameWithMoreThanFiftyCharactersForTesting'
2025-09-03 15:31:33 | INFO     | pages.nut_cloud_page.account_rename_page:44 | 账户名称输入值为：VeryLongAccountNameWithMoreThanFiftyCharactersForTestingVeryLongAccountNameWithMoreThanFiftyCharactersForTesting
2025-09-03 15:31:33 | INFO     | base.base_page:202 | 获取定位器：account_rename-account_input = hanvon.aebr.hanvondrive:id/foldername_edittext
2025-09-03 15:31:33 | INFO     | base.base_page:180 | 处理完整资源ID: hanvon.aebr.hanvondrive:id/foldername_edittext
2025-09-03 15:31:34 | INFO     | base.base_page:202 | 获取定位器：account_rename-delete_name = hanvon.aebr.hanvondrive:id/deleteTv
2025-09-03 15:31:34 | INFO     | base.base_page:180 | 处理完整资源ID: hanvon.aebr.hanvondrive:id/deleteTv
2025-09-03 15:31:35 | INFO     | base.base_page:275 | 点击元素：('id', 'hanvon.aebr.hanvondrive:id/deleteTv')
2025-09-03 15:31:35 | INFO     | base.base_page:202 | 获取定位器：account_rename-account_input = hanvon.aebr.hanvondrive:id/foldername_edittext
2025-09-03 15:31:35 | INFO     | base.base_page:180 | 处理完整资源ID: hanvon.aebr.hanvondrive:id/foldername_edittext
2025-09-03 15:31:35 | INFO     | base.base_page:202 | 获取定位器：account_rename-sure_button = hanvon.aebr.hanvondrive:id/dialog_sure
2025-09-03 15:31:35 | INFO     | base.base_page:180 | 处理完整资源ID: hanvon.aebr.hanvondrive:id/dialog_sure
2025-09-03 15:31:36 | INFO     | base.base_page:275 | 点击元素：('id', 'hanvon.aebr.hanvondrive:id/dialog_sure')
2025-09-03 15:31:36 | INFO     | base.base_page:498 | ✅ Toast 验证成功 | 预期: '请输入名称，名称不能为空' | 实际: '请输入名称，名称不能为空'
2025-09-03 15:31:36 | INFO     | base.base_page:137 | ✅ 使用ADB点击返回键
2025-09-03 15:31:37 | INFO     | base.base_page:137 | ✅ 使用ADB点击返回键
2025-09-03 15:31:39 | INFO     | conftest:233 | 停止屏幕录制: D:\clear6Trubo\reports\videos\VIDEO_test_input_account_name__u8d85_u957f_u540d_u79f0_u_20250903_153128.mp4
2025-09-03 15:31:39 | INFO     | conftest:239 | 屏幕录制已保存: D:\clear6Trubo\reports\videos\VIDEO_test_input_account_name__u8d85_u957f_u540d_u79f0_u_20250903_153128.mp4
2025-09-03 15:31:40 | INFO     | conftest:346 | 已将录屏附加到Allure报告: VIDEO_test_input_account_name__u8d85_u957f_u540d_u79f0_u_20250903_153128.mp4
2025-09-03 15:31:40 | INFO     | conftest:381 | ==================================================
2025-09-03 15:31:40 | INFO     | conftest:382 | 测试会话结束状态: 0
2025-09-03 15:31:40 | INFO     | conftest:383 | ==================================================
